000 (010.000.000) 2026-01-14 20:14:03 Job submitted from host: <10.87.28.129:9618?addrs=10.87.28.129-9618&alias=timmermans.esat.kuleuven.be&noUDP&sock=schedd_1428_1154>
...
001 (010.000.000) 2026-01-14 20:14:04 Job executing on host: <10.87.24.4:9618?addrs=10.87.24.4-9618&alias=aristoteles.esat.kuleuven.be&noUDP&sock=startd_2572_c1ad>
	SlotName: slot1_5@aristoteles.esat.kuleuven.be
	AvailableGPUs = { GPUs_GPU_29b43285 }
	CondorScratchDir = "/usr/data/condor/execute/dir_1033844/scratch"
	Cpus = 8
	Disk = 1048576
	GPUs = 1
	GPUs_GPU_29b43285 = [ Id = "GPU-29b43285"; ClockMhz = 1410.0; Capability = 8.0; CoresPerCU = 64; DeviceName = "NVIDIA A100-SXM4-80GB"; DeviceUuid = "29b43285-fbe3-48d9-3c76-70102400512c"; ECCEnabled = true; ComputeUnits = 108; NvidiaDriver = "580.105.08"; DriverVersion = 13.0; DevicePciBusId = "0000:CA:00.0"; GlobalMemoryMb = 81153; MaxSupportedVersion = 13000 ]
	Memory = 71680
...
006 (010.000.000) 2026-01-14 20:14:05 Image size of job updated: 2
	0  -  MemoryUsage of job (MB)
	0  -  ResidentSetSize of job (KB)
...
005 (010.000.000) 2026-01-14 20:14:05 Job terminated.
	(1) Normal termination (return value 0)
		Usr 0 00:00:00, Sys 0 00:00:00  -  Run Remote Usage
		Usr 0 00:00:00, Sys 0 00:00:00  -  Run Local Usage
		Usr 0 00:00:00, Sys 0 00:00:00  -  Total Remote Usage
		Usr 0 00:00:00, Sys 0 00:00:00  -  Total Local Usage
	0  -  Run Bytes Sent By Job
	0  -  Run Bytes Received By Job
	0  -  Total Bytes Sent By Job
	0  -  Total Bytes Received By Job
	Partitionable Resources :    Usage  Request Allocated Assigned
	   Cpus                 :        0        8         8 
	   Disk (KB)            :        2  1048576   1048576 
	   GPUs                 :        0        1         1 "GPU-29b43285"
	   GpusMemory (MB)      :      771                    
	   Memory (MB)          :        0    71680     71680 
	   TimeExecute (s)      :        1                    
	   TimeSlotBusy (s)     :        1                    
...
000 (010.000.000) 2026-01-17 07:21:16 Job submitted from host: <10.87.28.151:9618?addrs=10.87.28.151-9618&alias=brigand.esat.kuleuven.be&noUDP&sock=schedd_1447_19a1>
...
021 (010.000.000) 2026-01-17 07:21:18 Error from starter on slot1_1@kunzite.esat.kuleuven.be:
	Failed to create scratch dir
	Code 1024 Subcode 0
...
004 (010.000.000) 2026-01-17 07:21:18 Job was evicted. Code 1024 Subcode 0
	(0) CPU times
		Usr 0 00:00:00, Sys 0 00:00:00  -  Run Remote Usage
		Usr 0 00:00:00, Sys 0 00:00:00  -  Run Local Usage
	0  -  Run Bytes Sent By Job
	0  -  Run Bytes Received By Job
	Reason: Error from slot1_1@kunzite.esat.kuleuven.be: Failed to create scratch dir
	Partitionable Resources :    Usage  Request Allocated 
	   Cpus                 :                 8         8 
	   Disk (KB)            :        2  1048576   1048576 
	   GPUs                 :                 1         1 
	   Memory (MB)          :             20480     20480 
...
001 (010.000.000) 2026-01-17 07:21:27 Job executing on host: <10.87.24.51:9618?addrs=10.87.24.51-9618&alias=spchcl18.esat.kuleuven.be&noUDP&sock=startd_1663_4216>
	SlotName: slot1_1@spchcl18.esat.kuleuven.be
	AvailableGPUs = { GPUs_GPU_033cd40b }
	CondorScratchDir = "/volume1/condor/execute/dir_1073651/scratch"
	Cpus = 8
	Disk = 1048576
	GPUs = 1
	GPUs_GPU_033cd40b = [ Id = "GPU-033cd40b"; ClockMhz = 1683.0; Capability = 6.1; CoresPerCU = 128; DeviceName = "NVIDIA GeForce GTX 1070"; DeviceUuid = "033cd40b-9fee-8083-f118-6cc71a219b74"; ECCEnabled = false; ComputeUnits = 15; NvidiaDriver = "535.183.01"; DriverVersion = 12.2; DevicePciBusId = "0000:02:00.0"; GlobalMemoryMb = 8114; MaxSupportedVersion = 12020 ]
	Memory = 20480
...
006 (010.000.000) 2026-01-17 07:21:35 Image size of job updated: 316384
	309  -  MemoryUsage of job (MB)
	316384  -  ResidentSetSize of job (KB)
...
005 (010.000.000) 2026-01-17 07:21:36 Job terminated.
	(1) Normal termination (return value 0)
		Usr 0 00:00:07, Sys 0 00:00:01  -  Run Remote Usage
		Usr 0 00:00:00, Sys 0 00:00:00  -  Run Local Usage
		Usr 0 00:00:07, Sys 0 00:00:01  -  Total Remote Usage
		Usr 0 00:00:00, Sys 0 00:00:00  -  Total Local Usage
	0  -  Run Bytes Sent By Job
	0  -  Run Bytes Received By Job
	0  -  Total Bytes Sent By Job
	0  -  Total Bytes Received By Job
	Partitionable Resources :    Usage  Request Allocated Assigned
	   Cpus                 :        0        8         8 
	   Disk (KB)            :        2  1048576   1048576 
	   GPUs                 :        0        1         1 "GPU-033cd40b"
	   Memory (MB)          :      309    20480     20480 
	   TimeExecute (s)      :        9                    
	   TimeSlotBusy (s)     :        9                    
...
