000 (010.001.000) 2026-01-14 20:14:03 Job submitted from host: <10.87.28.129:9618?addrs=10.87.28.129-9618&alias=timmermans.esat.kuleuven.be&noUDP&sock=schedd_1428_1154>
...
001 (010.001.000) 2026-01-14 20:14:06 Job executing on host: <10.87.28.117:9618?addrs=10.87.28.117-9618&alias=stadius-nc-4.esat.kuleuven.be&noUDP&sock=startd_3356_83ed>
	SlotName: slot1_3@stadius-nc-4.esat.kuleuven.be
	AvailableGPUs = { GPUs_GPU_1236270c }
	CondorScratchDir = "/volume1/condor/execute/dir_2537518/scratch"
	Cpus = 8
	Disk = 1048576
	GPUs = 1
	GPUs_GPU_1236270c = [ Id = "GPU-1236270c"; ClockMhz = 1545.0; Capability = 7.5; CoresPerCU = 64; DeviceName = "NVIDIA GeForce RTX 2080 Ti"; DeviceUuid = "1236270c-ad23-648a-e65a-80b2ab2cf0c3"; ECCEnabled = false; ComputeUnits = 68; NvidiaDriver = "570.153.02"; DriverVersion = 12.8; DevicePciBusId = "0000:25:00.0"; GlobalMemoryMb = 10823; MaxSupportedVersion = 12080 ]
	Memory = 71680
...
006 (010.001.000) 2026-01-14 20:14:07 Image size of job updated: 84
	0  -  MemoryUsage of job (MB)
	0  -  ResidentSetSize of job (KB)
...
005 (010.001.000) 2026-01-14 20:14:08 Job terminated.
	(1) Normal termination (return value 0)
		Usr 0 00:00:00, Sys 0 00:00:00  -  Run Remote Usage
		Usr 0 00:00:00, Sys 0 00:00:00  -  Run Local Usage
		Usr 0 00:00:00, Sys 0 00:00:00  -  Total Remote Usage
		Usr 0 00:00:00, Sys 0 00:00:00  -  Total Local Usage
	0  -  Run Bytes Sent By Job
	0  -  Run Bytes Received By Job
	0  -  Total Bytes Sent By Job
	0  -  Total Bytes Received By Job
	Partitionable Resources :    Usage  Request Allocated Assigned
	   Cpus                 :        0        8         8 
	   Disk (KB)            :        2  1048576   1048576 
	   GPUs                 :                 1         1 "GPU-1236270c"
	   Memory (MB)          :        0    71680     71680 
	   TimeExecute (s)      :        1                    
	   TimeSlotBusy (s)     :        1                    
...
000 (010.001.000) 2026-01-17 07:21:16 Job submitted from host: <10.87.28.151:9618?addrs=10.87.28.151-9618&alias=brigand.esat.kuleuven.be&noUDP&sock=schedd_1447_19a1>
...
001 (010.001.000) 2026-01-17 07:21:19 Job executing on host: <10.87.24.46:9618?addrs=10.87.24.46-9618&alias=molder.esat.kuleuven.be&noUDP&sock=startd_1335_4706>
	SlotName: slot1_1@molder.esat.kuleuven.be
	AvailableGPUs = { GPUs_GPU_fd9ec5df }
	CondorScratchDir = "/volume1/condor/execute/dir_2843821/scratch"
	Cpus = 8
	Disk = 1048576
	GPUs = 1
	GPUs_GPU_fd9ec5df = [ Id = "GPU-fd9ec5df"; ClockMhz = 1807.0; Capability = 8.6; CoresPerCU = 128; DeviceName = "NVIDIA GeForce RTX 3060"; DeviceUuid = "fd9ec5df-3910-8a45-7600-335143d149cf"; ECCEnabled = false; ComputeUnits = 28; NvidiaDriver = "570.153.02"; DriverVersion = 12.8; DevicePciBusId = "0000:01:00.0"; GlobalMemoryMb = 11921; MaxSupportedVersion = 12080 ]
	Memory = 20480
...
006 (010.001.000) 2026-01-17 07:21:27 Image size of job updated: 822492
	804  -  MemoryUsage of job (MB)
	822492  -  ResidentSetSize of job (KB)
...
006 (010.001.000) 2026-01-17 07:26:27 Image size of job updated: 1010636
	987  -  MemoryUsage of job (MB)
	1010636  -  ResidentSetSize of job (KB)
...
006 (010.001.000) 2026-01-17 07:31:28 Image size of job updated: 1164132
	1137  -  MemoryUsage of job (MB)
	1164132  -  ResidentSetSize of job (KB)
...
006 (010.001.000) 2026-01-17 07:34:32 Image size of job updated: 1194804
	1167  -  MemoryUsage of job (MB)
	1194804  -  ResidentSetSize of job (KB)
...
004 (010.001.000) 2026-01-17 07:34:32 Job was evicted. Code 1023 Subcode 0
	(0) CPU times
		Usr 0 00:12:53, Sys 0 00:00:09  -  Run Remote Usage
		Usr 0 00:00:00, Sys 0 00:00:00  -  Run Local Usage
	0  -  Run Bytes Sent By Job
	0  -  Run Bytes Received By Job
	Reason: via condor_rm (by user kkontras)
	Partitionable Resources :    Usage  Request Allocated Assigned
	   Cpus                 :     0.99        8         8 
	   Disk (KB)            :     2     1048576   1048576 
	   GPUs                 :     0.27        1         1 "GPU-fd9ec5df"
	   GpusMemory (MB)      :   694                       
	   Memory (MB)          :  1167       20480     20480 
	   TimeExecute (s)      :   793                       
	   TimeSlotBusy (s)     :   793                       
...
009 (010.001.000) 2026-01-17 07:34:32 Job was aborted.
	via condor_rm (by user kkontras)
...
