000 (010.002.000) 2026-01-14 20:14:03 Job submitted from host: <10.87.28.129:9618?addrs=10.87.28.129-9618&alias=timmermans.esat.kuleuven.be&noUDP&sock=schedd_1428_1154>
...
001 (010.002.000) 2026-01-14 20:14:05 Job executing on host: <10.87.28.118:9618?addrs=10.87.28.118-9618&alias=stadius-nc-5.esat.kuleuven.be&noUDP&sock=startd_3360_424e>
	SlotName: slot1_1@stadius-nc-5.esat.kuleuven.be
	AvailableGPUs = { GPUs_GPU_b9c5c232 }
	CondorScratchDir = "/volume1/condor/execute/dir_3366069/scratch"
	Cpus = 8
	Disk = 1048576
	GPUs = 1
	GPUs_GPU_b9c5c232 = [ Id = "GPU-b9c5c232"; ClockMhz = 1545.0; Capability = 7.5; CoresPerCU = 64; DeviceName = "NVIDIA GeForce RTX 2080 Ti"; DeviceUuid = "b9c5c232-fa4f-fa60-fe41-a2b4f313930f"; ECCEnabled = false; ComputeUnits = 68; NvidiaDriver = "570.153.02"; DriverVersion = 12.8; DevicePciBusId = "0000:25:00.0"; GlobalMemoryMb = 10823; MaxSupportedVersion = 12080 ]
	Memory = 71680
...
006 (010.002.000) 2026-01-14 20:14:05 Image size of job updated: 80
	0  -  MemoryUsage of job (MB)
	0  -  ResidentSetSize of job (KB)
...
005 (010.002.000) 2026-01-14 20:14:05 Job terminated.
	(1) Normal termination (return value 0)
		Usr 0 00:00:00, Sys 0 00:00:00  -  Run Remote Usage
		Usr 0 00:00:00, Sys 0 00:00:00  -  Run Local Usage
		Usr 0 00:00:00, Sys 0 00:00:00  -  Total Remote Usage
		Usr 0 00:00:00, Sys 0 00:00:00  -  Total Local Usage
	0  -  Run Bytes Sent By Job
	0  -  Run Bytes Received By Job
	0  -  Total Bytes Sent By Job
	0  -  Total Bytes Received By Job
	Partitionable Resources :    Usage  Request Allocated Assigned
	   Cpus                 :                 8         8 
	   Disk (KB)            :        2  1048576   1048576 
	   GPUs                 :                 1         1 "GPU-b9c5c232"
	   Memory (MB)          :        0    71680     71680 
	   TimeExecute (s)      :        0                    
	   TimeSlotBusy (s)     :        0                    
...
000 (010.002.000) 2026-01-17 07:21:16 Job submitted from host: <10.87.28.151:9618?addrs=10.87.28.151-9618&alias=brigand.esat.kuleuven.be&noUDP&sock=schedd_1447_19a1>
...
001 (010.002.000) 2026-01-17 07:21:20 Job executing on host: <10.87.24.7:9618?addrs=10.87.24.7-9618&alias=goryu.esat.kuleuven.be&noUDP&sock=startd_1650_575b>
	SlotName: slot1_1@goryu.esat.kuleuven.be
	AvailableGPUs = { GPUs_GPU_e6108a4e }
	CondorScratchDir = "/usr/data/condor/execute/dir_84229/scratch"
	Cpus = 8
	Disk = 1048576
	GPUs = 1
	GPUs_GPU_e6108a4e = [ Id = "GPU-e6108a4e"; ClockMhz = 1582.0; Capability = 6.1; CoresPerCU = 128; DeviceName = "NVIDIA GeForce GTX 1080 Ti"; DeviceUuid = "e6108a4e-7e83-cde4-5d90-55bfe8cd7961"; ECCEnabled = false; ComputeUnits = 28; NvidiaDriver = "580.119.02"; DriverVersion = 13.0; DevicePciBusId = "0000:17:00.0"; GlobalMemoryMb = 11165; MaxSupportedVersion = 13000 ]
	Memory = 20480
...
006 (010.002.000) 2026-01-17 07:21:29 Image size of job updated: 419668
	410  -  MemoryUsage of job (MB)
	419668  -  ResidentSetSize of job (KB)
...
005 (010.002.000) 2026-01-17 07:21:29 Job terminated.
	(1) Normal termination (return value 0)
		Usr 0 00:00:06, Sys 0 00:00:00  -  Run Remote Usage
		Usr 0 00:00:00, Sys 0 00:00:00  -  Run Local Usage
		Usr 0 00:00:06, Sys 0 00:00:00  -  Total Remote Usage
		Usr 0 00:00:00, Sys 0 00:00:00  -  Total Local Usage
	0  -  Run Bytes Sent By Job
	0  -  Run Bytes Received By Job
	0  -  Total Bytes Sent By Job
	0  -  Total Bytes Received By Job
	Partitionable Resources :    Usage  Request Allocated Assigned
	   Cpus                 :        0        8         8 
	   Disk (KB)            :        2  1048576   1048576 
	   GPUs                 :                 1         1 "GPU-e6108a4e"
	   Memory (MB)          :      410    20480     20480 
	   TimeExecute (s)      :        9                    
	   TimeSlotBusy (s)     :        9                    
...
