000 (011.000.000) 2026-01-14 20:14:38 Job submitted from host: <10.87.28.129:9618?addrs=10.87.28.129-9618&alias=timmermans.esat.kuleuven.be&noUDP&sock=schedd_1428_1154>
...
001 (011.000.000) 2026-01-14 20:14:40 Job executing on host: <10.87.24.4:9618?addrs=10.87.24.4-9618&alias=aristoteles.esat.kuleuven.be&noUDP&sock=startd_2572_c1ad>
	SlotName: slot1_5@aristoteles.esat.kuleuven.be
	AvailableGPUs = { GPUs_GPU_29b43285 }
	CondorScratchDir = "/usr/data/condor/execute/dir_1034058/scratch"
	Cpus = 8
	Disk = 1048576
	GPUs = 1
	GPUs_GPU_29b43285 = [ Id = "GPU-29b43285"; ClockMhz = 1410.0; Capability = 8.0; CoresPerCU = 64; DeviceName = "NVIDIA A100-SXM4-80GB"; DeviceUuid = "29b43285-fbe3-48d9-3c76-70102400512c"; ECCEnabled = true; ComputeUnits = 108; NvidiaDriver = "580.105.08"; DriverVersion = 13.0; DevicePciBusId = "0000:CA:00.0"; GlobalMemoryMb = 81153; MaxSupportedVersion = 13000 ]
	Memory = 71680
...
006 (011.000.000) 2026-01-14 20:14:40 Image size of job updated: 2
	0  -  MemoryUsage of job (MB)
	0  -  ResidentSetSize of job (KB)
...
005 (011.000.000) 2026-01-14 20:14:40 Job terminated.
	(1) Normal termination (return value 0)
		Usr 0 00:00:00, Sys 0 00:00:00  -  Run Remote Usage
		Usr 0 00:00:00, Sys 0 00:00:00  -  Run Local Usage
		Usr 0 00:00:00, Sys 0 00:00:00  -  Total Remote Usage
		Usr 0 00:00:00, Sys 0 00:00:00  -  Total Local Usage
	0  -  Run Bytes Sent By Job
	0  -  Run Bytes Received By Job
	0  -  Total Bytes Sent By Job
	0  -  Total Bytes Received By Job
	Partitionable Resources :    Usage  Request Allocated Assigned
	   Cpus                 :                 8         8 
	   Disk (KB)            :        2  1048576   1048576 
	   GPUs                 :                 1         1 "GPU-29b43285"
	   Memory (MB)          :        0    71680     71680 
	   TimeExecute (s)      :        0                    
	   TimeSlotBusy (s)     :        0                    
...
000 (011.000.000) 2026-01-17 07:23:16 Job submitted from host: <10.87.28.151:9618?addrs=10.87.28.151-9618&alias=brigand.esat.kuleuven.be&noUDP&sock=schedd_1447_19a1>
...
021 (011.000.000) 2026-01-17 07:23:19 Error from starter on slot1_1@kunzite.esat.kuleuven.be:
	Failed to create scratch dir
	Code 1024 Subcode 0
...
004 (011.000.000) 2026-01-17 07:23:19 Job was evicted. Code 1024 Subcode 0
	(0) CPU times
		Usr 0 00:00:00, Sys 0 00:00:00  -  Run Remote Usage
		Usr 0 00:00:00, Sys 0 00:00:00  -  Run Local Usage
	0  -  Run Bytes Sent By Job
	0  -  Run Bytes Received By Job
	Reason: Error from slot1_1@kunzite.esat.kuleuven.be: Failed to create scratch dir
	Partitionable Resources :    Usage  Request Allocated 
	   Cpus                 :                 8         8 
	   Disk (KB)            :        2  1048576   1048576 
	   GPUs                 :                 1         1 
	   Memory (MB)          :             20480     20480 
...
001 (011.000.000) 2026-01-17 07:23:25 Job executing on host: <10.87.24.163:9618?addrs=10.87.24.163-9618&alias=beryl.esat.kuleuven.be&noUDP&sock=startd_1540_e3f0>
	SlotName: slot1_1@beryl.esat.kuleuven.be
	AvailableGPUs = { GPUs_GPU_54591b30 }
	CondorScratchDir = "/usr/data/condor/execute/dir_1211440/scratch"
	Cpus = 8
	Disk = 1048576
	GPUs = 1
	GPUs_GPU_54591b30 = [ Id = "GPU-54591b30"; ClockMhz = 1531.0; Capability = 6.1; CoresPerCU = 128; DeviceName = "NVIDIA TITAN X (Pascal)"; DeviceUuid = "54591b30-4653-07bf-bc2d-66e32287465f"; ECCEnabled = false; ComputeUnits = 28; NvidiaDriver = "580.119.02"; DriverVersion = 13.0; DevicePciBusId = "0000:01:00.0"; GlobalMemoryMb = 12183; MaxSupportedVersion = 13000 ]
	Memory = 20480
...
006 (011.000.000) 2026-01-17 07:23:31 Image size of job updated: 394604
	0  -  MemoryUsage of job (MB)
	0  -  ResidentSetSize of job (KB)
...
005 (011.000.000) 2026-01-17 07:23:31 Job terminated.
	(1) Normal termination (return value 0)
		Usr 0 00:00:05, Sys 0 00:00:00  -  Run Remote Usage
		Usr 0 00:00:00, Sys 0 00:00:00  -  Run Local Usage
		Usr 0 00:00:05, Sys 0 00:00:00  -  Total Remote Usage
		Usr 0 00:00:00, Sys 0 00:00:00  -  Total Local Usage
	0  -  Run Bytes Sent By Job
	0  -  Run Bytes Received By Job
	0  -  Total Bytes Sent By Job
	0  -  Total Bytes Received By Job
	Partitionable Resources :    Usage  Request Allocated Assigned
	   Cpus                 :        0        8         8 
	   Disk (KB)            :        2  1048576   1048576 
	   GPUs                 :        0        1         1 "GPU-54591b30"
	   Memory (MB)          :        0    20480     20480 
	   TimeExecute (s)      :        6                    
	   TimeSlotBusy (s)     :        6                    
...
