000 (011.004.000) 2026-01-14 20:14:38 Job submitted from host: <10.87.28.129:9618?addrs=10.87.28.129-9618&alias=timmermans.esat.kuleuven.be&noUDP&sock=schedd_1428_1154>
...
001 (011.004.000) 2026-01-14 20:14:45 Job executing on host: <10.87.28.117:9618?addrs=10.87.28.117-9618&alias=stadius-nc-4.esat.kuleuven.be&noUDP&sock=startd_3356_83ed>
	SlotName: slot1_4@stadius-nc-4.esat.kuleuven.be
	AvailableGPUs = { GPUs_GPU_8c3c8db2 }
	CondorScratchDir = "/volume1/condor/execute/dir_2537669/scratch"
	Cpus = 8
	Disk = 1048576
	GPUs = 1
	GPUs_GPU_8c3c8db2 = [ Id = "GPU-8c3c8db2"; ClockMhz = 1545.0; Capability = 7.5; CoresPerCU = 64; DeviceName = "NVIDIA GeForce RTX 2080 Ti"; DeviceUuid = "8c3c8db2-06a6-9e0e-a6ee-a948fb2f7f27"; ECCEnabled = false; ComputeUnits = 68; NvidiaDriver = "570.153.02"; DriverVersion = 12.8; DevicePciBusId = "0000:5B:00.0"; GlobalMemoryMb = 10823; MaxSupportedVersion = 12080 ]
	Memory = 71680
...
006 (011.004.000) 2026-01-14 20:14:45 Image size of job updated: 144
	0  -  MemoryUsage of job (MB)
	0  -  ResidentSetSize of job (KB)
...
005 (011.004.000) 2026-01-14 20:14:46 Job terminated.
	(1) Normal termination (return value 0)
		Usr 0 00:00:00, Sys 0 00:00:00  -  Run Remote Usage
		Usr 0 00:00:00, Sys 0 00:00:00  -  Run Local Usage
		Usr 0 00:00:00, Sys 0 00:00:00  -  Total Remote Usage
		Usr 0 00:00:00, Sys 0 00:00:00  -  Total Local Usage
	0  -  Run Bytes Sent By Job
	0  -  Run Bytes Received By Job
	0  -  Total Bytes Sent By Job
	0  -  Total Bytes Received By Job
	Partitionable Resources :    Usage  Request Allocated Assigned
	   Cpus                 :        0        8         8 
	   Disk (KB)            :        2  1048576   1048576 
	   GPUs                 :                 1         1 "GPU-8c3c8db2"
	   Memory (MB)          :        0    71680     71680 
	   TimeExecute (s)      :        1                    
	   TimeSlotBusy (s)     :        1                    
...
000 (011.004.000) 2026-01-17 07:23:16 Job submitted from host: <10.87.28.151:9618?addrs=10.87.28.151-9618&alias=brigand.esat.kuleuven.be&noUDP&sock=schedd_1447_19a1>
...
001 (011.004.000) 2026-01-17 07:23:22 Job executing on host: <10.87.24.112:9618?addrs=10.87.24.112-9618&alias=nickeline.esat.kuleuven.be&noUDP&sock=startd_1658_d41d>
	SlotName: slot1_1@nickeline.esat.kuleuven.be
	AvailableGPUs = { GPUs_GPU_e9055b3f }
	CondorScratchDir = "/usr/data/condor/execute/dir_46833/scratch"
	Cpus = 8
	Disk = 1048576
	GPUs = 1
	GPUs_GPU_e9055b3f = [ Id = "GPU-e9055b3f"; ClockMhz = 1545.0; Capability = 7.5; CoresPerCU = 64; DeviceName = "NVIDIA GeForce RTX 2080 Ti"; DeviceUuid = "e9055b3f-ca61-f9ca-ad0f-c0fbfaa43ac3"; ECCEnabled = false; ComputeUnits = 68; NvidiaDriver = "580.119.02"; DriverVersion = 13.0; DevicePciBusId = "0000:01:00.0"; GlobalMemoryMb = 10818; MaxSupportedVersion = 13000 ]
	Memory = 20480
...
006 (011.004.000) 2026-01-17 07:23:30 Image size of job updated: 806768
	788  -  MemoryUsage of job (MB)
	806768  -  ResidentSetSize of job (KB)
...
006 (011.004.000) 2026-01-17 07:28:30 Image size of job updated: 868340
	848  -  MemoryUsage of job (MB)
	868340  -  ResidentSetSize of job (KB)
...
006 (011.004.000) 2026-01-17 07:33:31 Image size of job updated: 870704
	851  -  MemoryUsage of job (MB)
	870704  -  ResidentSetSize of job (KB)
...
006 (011.004.000) 2026-01-17 07:34:32 Image size of job updated: 879068
	851  -  MemoryUsage of job (MB)
	870704  -  ResidentSetSize of job (KB)
...
004 (011.004.000) 2026-01-17 07:34:32 Job was evicted. Code 1023 Subcode 0
	(0) CPU times
		Usr 0 00:10:58, Sys 0 00:00:04  -  Run Remote Usage
		Usr 0 00:00:00, Sys 0 00:00:00  -  Run Local Usage
	0  -  Run Bytes Sent By Job
	0  -  Run Bytes Received By Job
	Reason: via condor_rm (by user kkontras)
	Partitionable Resources :    Usage  Request Allocated Assigned
	   Cpus                 :     0.99        8         8 
	   Disk (KB)            :     2     1048576   1048576 
	   GPUs                 :     0.13        1         1 "GPU-e9055b3f"
	   GpusMemory (MB)      :  1236                       
	   Memory (MB)          :   851       20480     20480 
	   TimeExecute (s)      :   670                       
	   TimeSlotBusy (s)     :   670                       
...
009 (011.004.000) 2026-01-17 07:34:32 Job was aborted.
	via condor_rm (by user kkontras)
...
