000 (011.005.000) 2026-01-14 20:14:38 Job submitted from host: <10.87.28.129:9618?addrs=10.87.28.129-9618&alias=timmermans.esat.kuleuven.be&noUDP&sock=schedd_1428_1154>
...
001 (011.005.000) 2026-01-14 20:14:44 Job executing on host: <10.87.28.118:9618?addrs=10.87.28.118-9618&alias=stadius-nc-5.esat.kuleuven.be&noUDP&sock=startd_3360_424e>
	SlotName: slot1_2@stadius-nc-5.esat.kuleuven.be
	AvailableGPUs = { GPUs_GPU_1ac4d924 }
	CondorScratchDir = "/volume1/condor/execute/dir_3366365/scratch"
	Cpus = 8
	Disk = 1048576
	GPUs = 1
	GPUs_GPU_1ac4d924 = [ Id = "GPU-1ac4d924"; ClockMhz = 1545.0; Capability = 7.5; CoresPerCU = 64; DeviceName = "NVIDIA GeForce RTX 2080 Ti"; DeviceUuid = "1ac4d924-e4b1-b88f-268d-a11d924627fd"; ECCEnabled = false; ComputeUnits = 68; NvidiaDriver = "570.153.02"; DriverVersion = 12.8; DevicePciBusId = "0000:5B:00.0"; GlobalMemoryMb = 10823; MaxSupportedVersion = 12080 ]
	Memory = 71680
...
006 (011.005.000) 2026-01-14 20:14:44 Image size of job updated: 208
	0  -  MemoryUsage of job (MB)
	0  -  ResidentSetSize of job (KB)
...
005 (011.005.000) 2026-01-14 20:14:44 Job terminated.
	(1) Normal termination (return value 0)
		Usr 0 00:00:00, Sys 0 00:00:00  -  Run Remote Usage
		Usr 0 00:00:00, Sys 0 00:00:00  -  Run Local Usage
		Usr 0 00:00:00, Sys 0 00:00:00  -  Total Remote Usage
		Usr 0 00:00:00, Sys 0 00:00:00  -  Total Local Usage
	0  -  Run Bytes Sent By Job
	0  -  Run Bytes Received By Job
	0  -  Total Bytes Sent By Job
	0  -  Total Bytes Received By Job
	Partitionable Resources :    Usage  Request Allocated Assigned
	   Cpus                 :                 8         8 
	   Disk (KB)            :        2  1048576   1048576 
	   GPUs                 :                 1         1 "GPU-1ac4d924"
	   Memory (MB)          :        0    71680     71680 
	   TimeExecute (s)      :        0                    
	   TimeSlotBusy (s)     :        0                    
...
000 (011.005.000) 2026-01-17 07:23:16 Job submitted from host: <10.87.28.151:9618?addrs=10.87.28.151-9618&alias=brigand.esat.kuleuven.be&noUDP&sock=schedd_1447_19a1>
...
001 (011.005.000) 2026-01-17 07:23:23 Job executing on host: <10.87.24.26:9618?addrs=10.87.24.26-9618&alias=topaz.esat.kuleuven.be&noUDP&sock=startd_1583_6282>
	SlotName: slot1_1@topaz.esat.kuleuven.be
	AvailableGPUs = { GPUs_GPU_08518bd6 }
	CondorScratchDir = "/usr/data/condor/execute/dir_1527994/scratch"
	Cpus = 8
	Disk = 1048576
	GPUs = 1
	GPUs_GPU_08518bd6 = [ Id = "GPU-08518bd6"; ClockMhz = 1455.0; Capability = 7.0; CoresPerCU = 64; DeviceName = "NVIDIA TITAN V"; DeviceUuid = "08518bd6-262a-d129-1cb1-87856879b83f"; ECCEnabled = false; ComputeUnits = 80; NvidiaDriver = "580.119.02"; DriverVersion = 13.0; DevicePciBusId = "0000:01:00.0"; GlobalMemoryMb = 12048; MaxSupportedVersion = 13000 ]
	Memory = 20480
...
006 (011.005.000) 2026-01-17 07:23:31 Image size of job updated: 394372
	386  -  MemoryUsage of job (MB)
	394372  -  ResidentSetSize of job (KB)
...
006 (011.005.000) 2026-01-17 07:28:31 Image size of job updated: 905656
	885  -  MemoryUsage of job (MB)
	905656  -  ResidentSetSize of job (KB)
...
006 (011.005.000) 2026-01-17 07:33:32 Image size of job updated: 905888
	885  -  MemoryUsage of job (MB)
	905888  -  ResidentSetSize of job (KB)
...
006 (011.005.000) 2026-01-17 07:34:32 Image size of job updated: 905892
	885  -  MemoryUsage of job (MB)
	905888  -  ResidentSetSize of job (KB)
...
004 (011.005.000) 2026-01-17 07:34:32 Job was evicted. Code 1023 Subcode 0
	(0) CPU times
		Usr 0 00:10:47, Sys 0 00:00:05  -  Run Remote Usage
		Usr 0 00:00:00, Sys 0 00:00:00  -  Run Local Usage
	0  -  Run Bytes Sent By Job
	0  -  Run Bytes Received By Job
	Reason: via condor_rm (by user kkontras)
	Partitionable Resources :    Usage  Request Allocated Assigned
	   Cpus                 :     0.99        8         8 
	   Disk (KB)            :     2     1048576   1048576 
	   GPUs                 :     0.13        1         1 "GPU-08518bd6"
	   GpusMemory (MB)      :   822                       
	   Memory (MB)          :   885       20480     20480 
	   TimeExecute (s)      :   669                       
	   TimeSlotBusy (s)     :   669                       
...
009 (011.005.000) 2026-01-17 07:34:32 Job was aborted.
	via condor_rm (by user kkontras)
...
