000 (012.001.000) 2026-01-14 20:15:31 Job submitted from host: <10.87.28.129:9618?addrs=10.87.28.129-9618&alias=timmermans.esat.kuleuven.be&noUDP&sock=schedd_1428_1154>
...
001 (012.001.000) 2026-01-14 20:15:36 Job executing on host: <10.87.28.117:9618?addrs=10.87.28.117-9618&alias=stadius-nc-4.esat.kuleuven.be&noUDP&sock=startd_3356_83ed>
	SlotName: slot1_3@stadius-nc-4.esat.kuleuven.be
	AvailableGPUs = { GPUs_GPU_1236270c }
	CondorScratchDir = "/volume1/condor/execute/dir_2537733/scratch"
	Cpus = 8
	Disk = 1048576
	GPUs = 1
	GPUs_GPU_1236270c = [ Id = "GPU-1236270c"; ClockMhz = 1545.0; Capability = 7.5; CoresPerCU = 64; DeviceName = "NVIDIA GeForce RTX 2080 Ti"; DeviceUuid = "1236270c-ad23-648a-e65a-80b2ab2cf0c3"; ECCEnabled = false; ComputeUnits = 68; NvidiaDriver = "570.153.02"; DriverVersion = 12.8; DevicePciBusId = "0000:25:00.0"; GlobalMemoryMb = 10823; MaxSupportedVersion = 12080 ]
	Memory = 71680
...
006 (012.001.000) 2026-01-14 20:15:46 Image size of job updated: 281748
	276  -  MemoryUsage of job (MB)
	281748  -  ResidentSetSize of job (KB)
...
006 (012.001.000) 2026-01-14 20:20:46 Image size of job updated: 2761720
	2421  -  MemoryUsage of job (MB)
	2479040  -  ResidentSetSize of job (KB)
...
006 (012.001.000) 2026-01-14 20:25:46 Image size of job updated: 3003272
	2933  -  MemoryUsage of job (MB)
	3003272  -  ResidentSetSize of job (KB)
...
006 (012.001.000) 2026-01-14 20:30:46 Image size of job updated: 3247036
	2933  -  MemoryUsage of job (MB)
	3003272  -  ResidentSetSize of job (KB)
...
006 (012.001.000) 2026-01-14 21:30:54 Image size of job updated: 3247036
	3033  -  MemoryUsage of job (MB)
	3105664  -  ResidentSetSize of job (KB)
...
006 (012.001.000) 2026-01-14 22:36:01 Image size of job updated: 3281000
	3205  -  MemoryUsage of job (MB)
	3281000  -  ResidentSetSize of job (KB)
...
006 (012.001.000) 2026-01-14 22:41:02 Image size of job updated: 3445260
	3205  -  MemoryUsage of job (MB)
	3281000  -  ResidentSetSize of job (KB)
...
006 (012.001.000) 2026-01-15 00:26:07 Image size of job updated: 3519100
	3205  -  MemoryUsage of job (MB)
	3281000  -  ResidentSetSize of job (KB)
...
006 (012.001.000) 2026-01-15 00:51:08 Image size of job updated: 3519100
	3214  -  MemoryUsage of job (MB)
	3290312  -  ResidentSetSize of job (KB)
...
006 (012.001.000) 2026-01-15 01:21:10 Image size of job updated: 3519100
	3246  -  MemoryUsage of job (MB)
	3323476  -  ResidentSetSize of job (KB)
...
005 (012.001.000) 2026-01-15 01:37:26 Job terminated.
	(1) Normal termination (return value 0)
		Usr 1 00:24:52, Sys 0 00:44:05  -  Run Remote Usage
		Usr 0 00:00:00, Sys 0 00:00:00  -  Run Local Usage
		Usr 1 00:24:52, Sys 0 00:44:05  -  Total Remote Usage
		Usr 0 00:00:00, Sys 0 00:00:00  -  Total Local Usage
	0  -  Run Bytes Sent By Job
	0  -  Run Bytes Received By Job
	0  -  Total Bytes Sent By Job
	0  -  Total Bytes Received By Job
	Partitionable Resources :    Usage  Request Allocated Assigned
	   Cpus                 :     4.82        8         8 
	   Disk (KB)            :     2     1048576   1048576 
	   GPUs                 :     0.15        1         1 "GPU-1236270c"
	   GpusMemory (MB)      :  8707                       
	   Memory (MB)          :  3246       71680     71680 
	   TimeExecute (s)      : 19310                       
	   TimeSlotBusy (s)     : 19310                       
...
000 (012.001.000) 2026-01-17 07:29:32 Job submitted from host: <10.87.28.151:9618?addrs=10.87.28.151-9618&alias=brigand.esat.kuleuven.be&noUDP&sock=schedd_1447_19a1>
...
001 (012.001.000) 2026-01-17 07:29:33 Job executing on host: <10.87.24.131:9618?addrs=10.87.24.131-9618&alias=iolite.esat.kuleuven.be&noUDP&sock=startd_1448_c939>
	SlotName: slot1_1@iolite.esat.kuleuven.be
	AvailableGPUs = { GPUs_GPU_80609ff0 }
	CondorScratchDir = "/usr/data/condor/execute/dir_1562893/scratch"
	Cpus = 8
	Disk = 1048576
	GPUs = 1
	GPUs_GPU_80609ff0 = [ Id = "GPU-80609ff0"; ClockMhz = 1545.0; Capability = 7.5; CoresPerCU = 64; DeviceName = "NVIDIA GeForce RTX 2080 Ti"; DeviceUuid = "80609ff0-d905-c2d8-7c85-30e2d01a3cb8"; ECCEnabled = false; ComputeUnits = 68; NvidiaDriver = "580.119.02"; DriverVersion = 13.0; DevicePciBusId = "0000:01:00.0"; GlobalMemoryMb = 10821; MaxSupportedVersion = 13000 ]
	Memory = 20480
...
006 (012.001.000) 2026-01-17 07:29:41 Image size of job updated: 36264
	36  -  MemoryUsage of job (MB)
	36264  -  ResidentSetSize of job (KB)
...
006 (012.001.000) 2026-01-17 07:34:32 Image size of job updated: 869072
	36  -  MemoryUsage of job (MB)
	36264  -  ResidentSetSize of job (KB)
...
004 (012.001.000) 2026-01-17 07:34:32 Job was evicted. Code 1023 Subcode 0
	(0) CPU times
		Usr 0 00:04:30, Sys 0 00:00:03  -  Run Remote Usage
		Usr 0 00:00:00, Sys 0 00:00:00  -  Run Local Usage
	0  -  Run Bytes Sent By Job
	0  -  Run Bytes Received By Job
	Reason: via condor_rm (by user kkontras)
	Partitionable Resources :    Usage  Request Allocated Assigned
	   Cpus                 :                 8         8 
	   Disk (KB)            :        2  1048576   1048576 
	   GPUs                 :                 1         1 "GPU-80609ff0"
	   Memory (MB)          :       36    20480     20480 
	   TimeExecute (s)      :      299                    
	   TimeSlotBusy (s)     :      299                    
...
009 (012.001.000) 2026-01-17 07:34:32 Job was aborted.
	via condor_rm (by user kkontras)
...
