000 (012.016.000) 2026-01-14 20:15:31 Job submitted from host: <10.87.28.129:9618?addrs=10.87.28.129-9618&alias=timmermans.esat.kuleuven.be&noUDP&sock=schedd_1428_1154>
...
001 (012.016.000) 2026-01-14 23:32:52 Job executing on host: <10.87.24.221:9618?addrs=10.87.24.221-9618&alias=pythagoras.esat.kuleuven.be&noUDP&sock=startd_6252_ee32>
	SlotName: slot1_3@pythagoras.esat.kuleuven.be
	AvailableGPUs = { GPUs_GPU_1e452605 }
	CondorScratchDir = "/usr/data/condor/execute/dir_199973/scratch"
	Cpus = 8
	Disk = 1048576
	GPUs = 1
	GPUs_GPU_1e452605 = [ Id = "GPU-1e452605"; ClockMhz = 2520.0; Capability = 8.9; CoresPerCU = 128; DeviceName = "NVIDIA L40S"; DeviceUuid = "1e452605-e0ba-2ab6-3ef7-9ad178fdb564"; ECCEnabled = true; ComputeUnits = 142; NvidiaDriver = "580.119.02"; DriverVersion = 13.0; DevicePciBusId = "0000:41:00.0"; GlobalMemoryMb = 45458; MaxSupportedVersion = 13000 ]
	Memory = 71680
...
006 (012.016.000) 2026-01-14 23:33:01 Image size of job updated: 526744
	515  -  MemoryUsage of job (MB)
	526744  -  ResidentSetSize of job (KB)
...
006 (012.016.000) 2026-01-14 23:38:02 Image size of job updated: 3078052
	2489  -  MemoryUsage of job (MB)
	2548712  -  ResidentSetSize of job (KB)
...
006 (012.016.000) 2026-01-14 23:43:02 Image size of job updated: 3078052
	2587  -  MemoryUsage of job (MB)
	2648680  -  ResidentSetSize of job (KB)
...
006 (012.016.000) 2026-01-14 23:48:02 Image size of job updated: 3081388
	2590  -  MemoryUsage of job (MB)
	2651660  -  ResidentSetSize of job (KB)
...
006 (012.016.000) 2026-01-14 23:53:03 Image size of job updated: 3190332
	2766  -  MemoryUsage of job (MB)
	2831964  -  ResidentSetSize of job (KB)
...
006 (012.016.000) 2026-01-15 00:03:04 Image size of job updated: 3271140
	2766  -  MemoryUsage of job (MB)
	2831964  -  ResidentSetSize of job (KB)
...
006 (012.016.000) 2026-01-15 00:18:06 Image size of job updated: 3271140
	3080  -  MemoryUsage of job (MB)
	3153400  -  ResidentSetSize of job (KB)
...
005 (012.016.000) 2026-01-15 00:27:42 Job terminated.
	(1) Normal termination (return value 0)
		Usr 0 04:30:36, Sys 0 00:13:27  -  Run Remote Usage
		Usr 0 00:00:00, Sys 0 00:00:00  -  Run Local Usage
		Usr 0 04:30:36, Sys 0 00:13:27  -  Total Remote Usage
		Usr 0 00:00:00, Sys 0 00:00:00  -  Total Local Usage
	0  -  Run Bytes Sent By Job
	0  -  Run Bytes Received By Job
	0  -  Total Bytes Sent By Job
	0  -  Total Bytes Received By Job
	Partitionable Resources :    Usage  Request Allocated Assigned
	   Cpus                 :     4.85        8         8 
	   Disk (KB)            :     2     1048576   1048576 
	   GPUs                 :     0.33        1         1 "GPU-1e452605"
	   GpusMemory (MB)      :  8021                       
	   Memory (MB)          :  3080       71680     71680 
	   TimeExecute (s)      :  3289                       
	   TimeSlotBusy (s)     :  3289                       
...
000 (012.016.000) 2026-01-17 07:29:32 Job submitted from host: <10.87.28.151:9618?addrs=10.87.28.151-9618&alias=brigand.esat.kuleuven.be&noUDP&sock=schedd_1447_19a1>
...
009 (012.016.000) 2026-01-17 07:34:32 Job was aborted.
	via condor_rm (by user kkontras)
...
