000 (012.012.000) 2026-01-14 20:15:31 Job submitted from host: <10.87.28.129:9618?addrs=10.87.28.129-9618&alias=timmermans.esat.kuleuven.be&noUDP&sock=schedd_1428_1154>
...
001 (012.012.000) 2026-01-14 22:05:15 Job executing on host: <10.87.28.118:9618?addrs=10.87.28.118-9618&alias=stadius-nc-5.esat.kuleuven.be&noUDP&sock=startd_3360_424e>
	SlotName: slot1_1@stadius-nc-5.esat.kuleuven.be
	AvailableGPUs = { GPUs_GPU_b9c5c232 }
	CondorScratchDir = "/volume1/condor/execute/dir_3371996/scratch"
	Cpus = 8
	Disk = 1048576
	GPUs = 1
	GPUs_GPU_b9c5c232 = [ Id = "GPU-b9c5c232"; ClockMhz = 1545.0; Capability = 7.5; CoresPerCU = 64; DeviceName = "NVIDIA GeForce RTX 2080 Ti"; DeviceUuid = "b9c5c232-fa4f-fa60-fe41-a2b4f313930f"; ECCEnabled = false; ComputeUnits = 68; NvidiaDriver = "570.153.02"; DriverVersion = 12.8; DevicePciBusId = "0000:25:00.0"; GlobalMemoryMb = 10823; MaxSupportedVersion = 12080 ]
	Memory = 71680
...
006 (012.012.000) 2026-01-14 22:05:24 Image size of job updated: 502728
	491  -  MemoryUsage of job (MB)
	502728  -  ResidentSetSize of job (KB)
...
006 (012.012.000) 2026-01-14 22:10:25 Image size of job updated: 3109008
	2753  -  MemoryUsage of job (MB)
	2818920  -  ResidentSetSize of job (KB)
...
006 (012.012.000) 2026-01-14 22:15:25 Image size of job updated: 3290076
	2753  -  MemoryUsage of job (MB)
	2818920  -  ResidentSetSize of job (KB)
...
006 (012.012.000) 2026-01-14 22:30:26 Image size of job updated: 3290076
	2754  -  MemoryUsage of job (MB)
	2819824  -  ResidentSetSize of job (KB)
...
006 (012.012.000) 2026-01-14 22:50:28 Image size of job updated: 3315320
	2754  -  MemoryUsage of job (MB)
	2819824  -  ResidentSetSize of job (KB)
...
006 (012.012.000) 2026-01-14 22:55:28 Image size of job updated: 3315320
	2845  -  MemoryUsage of job (MB)
	2912944  -  ResidentSetSize of job (KB)
...
005 (012.012.000) 2026-01-14 23:33:14 Job terminated.
	(1) Normal termination (return value 0)
		Usr 0 06:18:18, Sys 0 00:21:04  -  Run Remote Usage
		Usr 0 00:00:00, Sys 0 00:00:00  -  Run Local Usage
		Usr 0 06:18:18, Sys 0 00:21:04  -  Total Remote Usage
		Usr 0 00:00:00, Sys 0 00:00:00  -  Total Local Usage
	0  -  Run Bytes Sent By Job
	0  -  Run Bytes Received By Job
	0  -  Total Bytes Sent By Job
	0  -  Total Bytes Received By Job
	Partitionable Resources :    Usage  Request Allocated Assigned
	   Cpus                 :     4.12        8         8 
	   Disk (KB)            :     2     1048576   1048576 
	   GPUs                 :     0.42        1         1 "GPU-b9c5c232"
	   GpusMemory (MB)      :  7531                       
	   Memory (MB)          :  2845       71680     71680 
	   TimeExecute (s)      :  5279                       
	   TimeSlotBusy (s)     :  5279                       
...
000 (012.012.000) 2026-01-17 07:29:32 Job submitted from host: <10.87.28.151:9618?addrs=10.87.28.151-9618&alias=brigand.esat.kuleuven.be&noUDP&sock=schedd_1447_19a1>
...
009 (012.012.000) 2026-01-17 07:34:32 Job was aborted.
	via condor_rm (by user kkontras)
...
