000 (012.010.000) 2026-01-14 20:15:31 Job submitted from host: <10.87.28.129:9618?addrs=10.87.28.129-9618&alias=timmermans.esat.kuleuven.be&noUDP&sock=schedd_1428_1154>
...
001 (012.010.000) 2026-01-14 21:48:20 Job executing on host: <10.87.24.221:9618?addrs=10.87.24.221-9618&alias=pythagoras.esat.kuleuven.be&noUDP&sock=startd_6252_ee32>
	SlotName: slot1_3@pythagoras.esat.kuleuven.be
	AvailableGPUs = { GPUs_GPU_1e452605 }
	CondorScratchDir = "/usr/data/condor/execute/dir_178592/scratch"
	Cpus = 8
	Disk = 1048576
	GPUs = 1
	GPUs_GPU_1e452605 = [ Id = "GPU-1e452605"; ClockMhz = 2520.0; Capability = 8.9; CoresPerCU = 128; DeviceName = "NVIDIA L40S"; DeviceUuid = "1e452605-e0ba-2ab6-3ef7-9ad178fdb564"; ECCEnabled = true; ComputeUnits = 142; NvidiaDriver = "580.119.02"; DriverVersion = 13.0; DevicePciBusId = "0000:41:00.0"; GlobalMemoryMb = 45458; MaxSupportedVersion = 13000 ]
	Memory = 71680
...
006 (012.010.000) 2026-01-14 21:48:28 Image size of job updated: 484768
	474  -  MemoryUsage of job (MB)
	484768  -  ResidentSetSize of job (KB)
...
006 (012.010.000) 2026-01-14 21:53:28 Image size of job updated: 3087496
	2573  -  MemoryUsage of job (MB)
	2634572  -  ResidentSetSize of job (KB)
...
006 (012.010.000) 2026-01-14 22:03:30 Image size of job updated: 3087496
	2576  -  MemoryUsage of job (MB)
	2637160  -  ResidentSetSize of job (KB)
...
006 (012.010.000) 2026-01-14 22:08:30 Image size of job updated: 3087496
	2583  -  MemoryUsage of job (MB)
	2644016  -  ResidentSetSize of job (KB)
...
006 (012.010.000) 2026-01-14 22:13:31 Image size of job updated: 3087496
	2608  -  MemoryUsage of job (MB)
	2669772  -  ResidentSetSize of job (KB)
...
006 (012.010.000) 2026-01-14 22:18:31 Image size of job updated: 3227468
	2786  -  MemoryUsage of job (MB)
	2852148  -  ResidentSetSize of job (KB)
...
006 (012.010.000) 2026-01-14 22:40:36 Image size of job updated: 3234448
	2786  -  MemoryUsage of job (MB)
	2852148  -  ResidentSetSize of job (KB)
...
005 (012.010.000) 2026-01-14 22:40:36 Job terminated.
	(1) Normal termination (return value 0)
		Usr 0 04:12:01, Sys 0 00:12:52  -  Run Remote Usage
		Usr 0 00:00:00, Sys 0 00:00:00  -  Run Local Usage
		Usr 0 04:12:01, Sys 0 00:12:52  -  Total Remote Usage
		Usr 0 00:00:00, Sys 0 00:00:00  -  Total Local Usage
	0  -  Run Bytes Sent By Job
	0  -  Run Bytes Received By Job
	0  -  Total Bytes Sent By Job
	0  -  Total Bytes Received By Job
	Partitionable Resources :    Usage  Request Allocated Assigned
	   Cpus                 :     5.00        8         8 
	   Disk (KB)            :     2     1048576   1048576 
	   GPUs                 :     0.33        1         1 "GPU-1e452605"
	   GpusMemory (MB)      :  8021                       
	   Memory (MB)          :  2786       71680     71680 
	   TimeExecute (s)      :  3136                       
	   TimeSlotBusy (s)     :  3137                       
...
000 (012.010.000) 2026-01-17 07:29:32 Job submitted from host: <10.87.28.151:9618?addrs=10.87.28.151-9618&alias=brigand.esat.kuleuven.be&noUDP&sock=schedd_1447_19a1>
...
009 (012.010.000) 2026-01-17 07:34:32 Job was aborted.
	via condor_rm (by user kkontras)
...
