000 (012.013.000) 2026-01-14 20:15:31 Job submitted from host: <10.87.28.129:9618?addrs=10.87.28.129-9618&alias=timmermans.esat.kuleuven.be&noUDP&sock=schedd_1428_1154>
...
001 (012.013.000) 2026-01-14 22:40:53 Job executing on host: <10.87.24.221:9618?addrs=10.87.24.221-9618&alias=pythagoras.esat.kuleuven.be&noUDP&sock=startd_6252_ee32>
	SlotName: slot1_3@pythagoras.esat.kuleuven.be
	AvailableGPUs = { GPUs_GPU_1e452605 }
	CondorScratchDir = "/usr/data/condor/execute/dir_190961/scratch"
	Cpus = 8
	Disk = 1048576
	GPUs = 1
	GPUs_GPU_1e452605 = [ Id = "GPU-1e452605"; ClockMhz = 2520.0; Capability = 8.9; CoresPerCU = 128; DeviceName = "NVIDIA L40S"; DeviceUuid = "1e452605-e0ba-2ab6-3ef7-9ad178fdb564"; ECCEnabled = true; ComputeUnits = 142; NvidiaDriver = "580.119.02"; DriverVersion = 13.0; DevicePciBusId = "0000:41:00.0"; GlobalMemoryMb = 45458; MaxSupportedVersion = 13000 ]
	Memory = 71680
...
006 (012.013.000) 2026-01-14 22:41:01 Image size of job updated: 485356
	474  -  MemoryUsage of job (MB)
	485356  -  ResidentSetSize of job (KB)
...
006 (012.013.000) 2026-01-14 22:46:01 Image size of job updated: 3212220
	2419  -  MemoryUsage of job (MB)
	2476660  -  ResidentSetSize of job (KB)
...
006 (012.013.000) 2026-01-14 22:51:02 Image size of job updated: 3212220
	2473  -  MemoryUsage of job (MB)
	2531996  -  ResidentSetSize of job (KB)
...
006 (012.013.000) 2026-01-14 22:56:02 Image size of job updated: 3212220
	2987  -  MemoryUsage of job (MB)
	3058248  -  ResidentSetSize of job (KB)
...
006 (012.013.000) 2026-01-14 23:11:04 Image size of job updated: 3269624
	2987  -  MemoryUsage of job (MB)
	3058248  -  ResidentSetSize of job (KB)
...
006 (012.013.000) 2026-01-14 23:31:06 Image size of job updated: 3269624
	3053  -  MemoryUsage of job (MB)
	3126076  -  ResidentSetSize of job (KB)
...
005 (012.013.000) 2026-01-14 23:32:49 Job terminated.
	(1) Normal termination (return value 0)
		Usr 0 04:12:02, Sys 0 00:12:48  -  Run Remote Usage
		Usr 0 00:00:00, Sys 0 00:00:00  -  Run Local Usage
		Usr 0 04:12:02, Sys 0 00:12:48  -  Total Remote Usage
		Usr 0 00:00:00, Sys 0 00:00:00  -  Total Local Usage
	0  -  Run Bytes Sent By Job
	0  -  Run Bytes Received By Job
	0  -  Total Bytes Sent By Job
	0  -  Total Bytes Received By Job
	Partitionable Resources :    Usage  Request Allocated Assigned
	   Cpus                 :     4.85        8         8 
	   Disk (KB)            :     2     1048576   1048576 
	   GPUs                 :     0.33        1         1 "GPU-1e452605"
	   GpusMemory (MB)      :  8021                       
	   Memory (MB)          :  3053       71680     71680 
	   TimeExecute (s)      :  3116                       
	   TimeSlotBusy (s)     :  3116                       
...
000 (012.013.000) 2026-01-17 07:29:32 Job submitted from host: <10.87.28.151:9618?addrs=10.87.28.151-9618&alias=brigand.esat.kuleuven.be&noUDP&sock=schedd_1447_19a1>
...
009 (012.013.000) 2026-01-17 07:34:32 Job was aborted.
	via condor_rm (by user kkontras)
...
