000 (012.014.000) 2026-01-14 20:15:31 Job submitted from host: <10.87.28.129:9618?addrs=10.87.28.129-9618&alias=timmermans.esat.kuleuven.be&noUDP&sock=schedd_1428_1154>
...
001 (012.014.000) 2026-01-14 23:08:51 Job executing on host: <10.87.24.4:9618?addrs=10.87.24.4-9618&alias=aristoteles.esat.kuleuven.be&noUDP&sock=startd_2572_c1ad>
	SlotName: slot1_5@aristoteles.esat.kuleuven.be
	AvailableGPUs = { GPUs_GPU_29b43285 }
	CondorScratchDir = "/usr/data/condor/execute/dir_1059957/scratch"
	Cpus = 8
	Disk = 1048576
	GPUs = 1
	GPUs_GPU_29b43285 = [ Id = "GPU-29b43285"; ClockMhz = 1410.0; Capability = 8.0; CoresPerCU = 64; DeviceName = "NVIDIA A100-SXM4-80GB"; DeviceUuid = "29b43285-fbe3-48d9-3c76-70102400512c"; ECCEnabled = true; ComputeUnits = 108; NvidiaDriver = "580.105.08"; DriverVersion = 13.0; DevicePciBusId = "0000:CA:00.0"; GlobalMemoryMb = 81153; MaxSupportedVersion = 13000 ]
	Memory = 71680
...
006 (012.014.000) 2026-01-14 23:08:59 Image size of job updated: 449252
	439  -  MemoryUsage of job (MB)
	449252  -  ResidentSetSize of job (KB)
...
006 (012.014.000) 2026-01-14 23:13:59 Image size of job updated: 3188252
	2398  -  MemoryUsage of job (MB)
	2454764  -  ResidentSetSize of job (KB)
...
006 (012.014.000) 2026-01-14 23:19:00 Image size of job updated: 3188252
	2777  -  MemoryUsage of job (MB)
	2843424  -  ResidentSetSize of job (KB)
...
006 (012.014.000) 2026-01-14 23:39:02 Image size of job updated: 3188252
	3044  -  MemoryUsage of job (MB)
	3116196  -  ResidentSetSize of job (KB)
...
006 (012.014.000) 2026-01-15 00:04:06 Image size of job updated: 3188252
	3079  -  MemoryUsage of job (MB)
	3152660  -  ResidentSetSize of job (KB)
...
006 (012.014.000) 2026-01-15 00:14:06 Image size of job updated: 3252188
	3079  -  MemoryUsage of job (MB)
	3152660  -  ResidentSetSize of job (KB)
...
006 (012.014.000) 2026-01-15 00:19:07 Image size of job updated: 3252880
	3079  -  MemoryUsage of job (MB)
	3152660  -  ResidentSetSize of job (KB)
...
006 (012.014.000) 2026-01-15 00:24:07 Image size of job updated: 3253612
	3079  -  MemoryUsage of job (MB)
	3152660  -  ResidentSetSize of job (KB)
...
005 (012.014.000) 2026-01-15 00:30:16 Job terminated.
	(1) Normal termination (return value 0)
		Usr 0 06:15:11, Sys 0 00:21:15  -  Run Remote Usage
		Usr 0 00:00:00, Sys 0 00:00:00  -  Run Local Usage
		Usr 0 06:15:11, Sys 0 00:21:15  -  Total Remote Usage
		Usr 0 00:00:00, Sys 0 00:00:00  -  Total Local Usage
	0  -  Run Bytes Sent By Job
	0  -  Run Bytes Received By Job
	0  -  Total Bytes Sent By Job
	0  -  Total Bytes Received By Job
	Partitionable Resources :    Usage  Request Allocated Assigned
	   Cpus                 :     4.48        8         8 
	   Disk (KB)            :     2     1048576   1048576 
	   GPUs                 :     0.36        1         1 "GPU-29b43285"
	   GpusMemory (MB)      :  8177                       
	   Memory (MB)          :  3079       71680     71680 
	   TimeExecute (s)      :  4884                       
	   TimeSlotBusy (s)     :  4884                       
...
000 (012.014.000) 2026-01-17 07:29:32 Job submitted from host: <10.87.28.151:9618?addrs=10.87.28.151-9618&alias=brigand.esat.kuleuven.be&noUDP&sock=schedd_1447_19a1>
...
009 (012.014.000) 2026-01-17 07:34:32 Job was aborted.
	via condor_rm (by user kkontras)
...
