000 (012.002.000) 2026-01-14 20:15:31 Job submitted from host: <10.87.28.129:9618?addrs=10.87.28.129-9618&alias=timmermans.esat.kuleuven.be&noUDP&sock=schedd_1428_1154>
...
001 (012.002.000) 2026-01-14 20:15:33 Job executing on host: <10.87.28.118:9618?addrs=10.87.28.118-9618&alias=stadius-nc-5.esat.kuleuven.be&noUDP&sock=startd_3360_424e>
	SlotName: slot1_1@stadius-nc-5.esat.kuleuven.be
	AvailableGPUs = { GPUs_GPU_b9c5c232 }
	CondorScratchDir = "/volume1/condor/execute/dir_3366425/scratch"
	Cpus = 8
	Disk = 1048576
	GPUs = 1
	GPUs_GPU_b9c5c232 = [ Id = "GPU-b9c5c232"; ClockMhz = 1545.0; Capability = 7.5; CoresPerCU = 64; DeviceName = "NVIDIA GeForce RTX 2080 Ti"; DeviceUuid = "b9c5c232-fa4f-fa60-fe41-a2b4f313930f"; ECCEnabled = false; ComputeUnits = 68; NvidiaDriver = "570.153.02"; DriverVersion = 12.8; DevicePciBusId = "0000:25:00.0"; GlobalMemoryMb = 10823; MaxSupportedVersion = 12080 ]
	Memory = 71680
...
006 (012.002.000) 2026-01-14 20:15:42 Image size of job updated: 284200
	278  -  MemoryUsage of job (MB)
	284200  -  ResidentSetSize of job (KB)
...
006 (012.002.000) 2026-01-14 20:20:43 Image size of job updated: 3028008
	2626  -  MemoryUsage of job (MB)
	2688640  -  ResidentSetSize of job (KB)
...
006 (012.002.000) 2026-01-14 20:25:43 Image size of job updated: 3132140
	2856  -  MemoryUsage of job (MB)
	2923564  -  ResidentSetSize of job (KB)
...
006 (012.002.000) 2026-01-14 20:30:44 Image size of job updated: 3160268
	2856  -  MemoryUsage of job (MB)
	2923564  -  ResidentSetSize of job (KB)
...
006 (012.002.000) 2026-01-14 20:35:44 Image size of job updated: 3168040
	2856  -  MemoryUsage of job (MB)
	2923564  -  ResidentSetSize of job (KB)
...
006 (012.002.000) 2026-01-14 20:45:45 Image size of job updated: 3168040
	3050  -  MemoryUsage of job (MB)
	3122868  -  ResidentSetSize of job (KB)
...
006 (012.002.000) 2026-01-14 20:50:45 Image size of job updated: 3218584
	3050  -  MemoryUsage of job (MB)
	3122868  -  ResidentSetSize of job (KB)
...
006 (012.002.000) 2026-01-14 21:05:47 Image size of job updated: 3293108
	3050  -  MemoryUsage of job (MB)
	3122868  -  ResidentSetSize of job (KB)
...
006 (012.002.000) 2026-01-14 21:10:48 Image size of job updated: 3300648
	3050  -  MemoryUsage of job (MB)
	3122868  -  ResidentSetSize of job (KB)
...
006 (012.002.000) 2026-01-14 21:15:48 Image size of job updated: 3308692
	3050  -  MemoryUsage of job (MB)
	3122868  -  ResidentSetSize of job (KB)
...
006 (012.002.000) 2026-01-14 21:25:49 Image size of job updated: 3371344
	3293  -  MemoryUsage of job (MB)
	3371344  -  ResidentSetSize of job (KB)
...
006 (012.002.000) 2026-01-14 21:30:49 Image size of job updated: 3389128
	3293  -  MemoryUsage of job (MB)
	3371344  -  ResidentSetSize of job (KB)
...
006 (012.002.000) 2026-01-14 21:50:51 Image size of job updated: 3411000
	3293  -  MemoryUsage of job (MB)
	3371344  -  ResidentSetSize of job (KB)
...
005 (012.002.000) 2026-01-14 22:04:24 Job terminated.
	(1) Normal termination (return value 0)
		Usr 0 07:44:35, Sys 0 00:27:01  -  Run Remote Usage
		Usr 0 00:00:00, Sys 0 00:00:00  -  Run Local Usage
		Usr 0 07:44:35, Sys 0 00:27:01  -  Total Remote Usage
		Usr 0 00:00:00, Sys 0 00:00:00  -  Total Local Usage
	0  -  Run Bytes Sent By Job
	0  -  Run Bytes Received By Job
	0  -  Total Bytes Sent By Job
	0  -  Total Bytes Received By Job
	Partitionable Resources :    Usage  Request Allocated Assigned
	   Cpus                 :     5.58        8         8 
	   Disk (KB)            :     2     1048576   1048576 
	   GPUs                 :     0.41        1         1 "GPU-b9c5c232"
	   GpusMemory (MB)      :  7531                       
	   Memory (MB)          :  3293       71680     71680 
	   TimeExecute (s)      :  6531                       
	   TimeSlotBusy (s)     :  6531                       
...
000 (012.002.000) 2026-01-17 07:29:32 Job submitted from host: <10.87.28.151:9618?addrs=10.87.28.151-9618&alias=brigand.esat.kuleuven.be&noUDP&sock=schedd_1447_19a1>
...
001 (012.002.000) 2026-01-17 07:29:34 Job executing on host: <10.87.24.162:9618?addrs=10.87.24.162-9618&alias=citrine.esat.kuleuven.be&noUDP&sock=startd_1502_d356>
	SlotName: slot1_1@citrine.esat.kuleuven.be
	AvailableGPUs = { GPUs_GPU_a61293c7 }
	CondorScratchDir = "/usr/data/condor/execute/dir_1306392/scratch"
	Cpus = 8
	Disk = 1048576
	GPUs = 1
	GPUs_GPU_a61293c7 = [ Id = "GPU-a61293c7"; ClockMhz = 1545.0; Capability = 7.5; CoresPerCU = 64; DeviceName = "NVIDIA GeForce RTX 2080 Ti"; DeviceUuid = "a61293c7-2d11-0d82-97e0-da03d876fdfd"; ECCEnabled = false; ComputeUnits = 68; NvidiaDriver = "580.119.02"; DriverVersion = 13.0; DevicePciBusId = "0000:01:00.0"; GlobalMemoryMb = 10821; MaxSupportedVersion = 13000 ]
	Memory = 20480
...
006 (012.002.000) 2026-01-17 07:29:43 Image size of job updated: 40712
	40  -  MemoryUsage of job (MB)
	40712  -  ResidentSetSize of job (KB)
...
006 (012.002.000) 2026-01-17 07:34:32 Image size of job updated: 882332
	40  -  MemoryUsage of job (MB)
	40712  -  ResidentSetSize of job (KB)
...
004 (012.002.000) 2026-01-17 07:34:32 Job was evicted. Code 1023 Subcode 0
	(0) CPU times
		Usr 0 00:04:27, Sys 0 00:00:03  -  Run Remote Usage
		Usr 0 00:00:00, Sys 0 00:00:00  -  Run Local Usage
	0  -  Run Bytes Sent By Job
	0  -  Run Bytes Received By Job
	Reason: via condor_rm (by user kkontras)
	Partitionable Resources :    Usage  Request Allocated Assigned
	   Cpus                 :     0.39        8         8 
	   Disk (KB)            :     2     1048576   1048576 
	   GPUs                 :     0.00        1         1 "GPU-a61293c7"
	   GpusMemory (MB)      :   887                       
	   Memory (MB)          :    40       20480     20480 
	   TimeExecute (s)      :   298                       
	   TimeSlotBusy (s)     :   298                       
...
009 (012.002.000) 2026-01-17 07:34:32 Job was aborted.
	via condor_rm (by user kkontras)
...
