000 (012.003.000) 2026-01-14 20:15:31 Job submitted from host: <10.87.28.129:9618?addrs=10.87.28.129-9618&alias=timmermans.esat.kuleuven.be&noUDP&sock=schedd_1428_1154>
...
001 (012.003.000) 2026-01-14 20:15:35 Job executing on host: <10.87.24.221:9618?addrs=10.87.24.221-9618&alias=pythagoras.esat.kuleuven.be&noUDP&sock=startd_6252_ee32>
	SlotName: slot1_3@pythagoras.esat.kuleuven.be
	AvailableGPUs = { GPUs_GPU_1e452605 }
	CondorScratchDir = "/usr/data/condor/execute/dir_159540/scratch"
	Cpus = 8
	Disk = 1048576
	GPUs = 1
	GPUs_GPU_1e452605 = [ Id = "GPU-1e452605"; ClockMhz = 2520.0; Capability = 8.9; CoresPerCU = 128; DeviceName = "NVIDIA L40S"; DeviceUuid = "1e452605-e0ba-2ab6-3ef7-9ad178fdb564"; ECCEnabled = true; ComputeUnits = 142; NvidiaDriver = "580.119.02"; DriverVersion = 13.0; DevicePciBusId = "0000:41:00.0"; GlobalMemoryMb = 45458; MaxSupportedVersion = 13000 ]
	Memory = 71680
...
006 (012.003.000) 2026-01-14 20:15:43 Image size of job updated: 398224
	389  -  MemoryUsage of job (MB)
	398224  -  ResidentSetSize of job (KB)
...
006 (012.003.000) 2026-01-14 20:20:43 Image size of job updated: 3082052
	2562  -  MemoryUsage of job (MB)
	2623140  -  ResidentSetSize of job (KB)
...
006 (012.003.000) 2026-01-14 20:25:44 Image size of job updated: 3123976
	2990  -  MemoryUsage of job (MB)
	3061112  -  ResidentSetSize of job (KB)
...
006 (012.003.000) 2026-01-14 20:30:45 Image size of job updated: 3123976
	2994  -  MemoryUsage of job (MB)
	3065252  -  ResidentSetSize of job (KB)
...
006 (012.003.000) 2026-01-14 20:45:46 Image size of job updated: 3156100
	2994  -  MemoryUsage of job (MB)
	3065252  -  ResidentSetSize of job (KB)
...
006 (012.003.000) 2026-01-14 20:50:47 Image size of job updated: 3158120
	2994  -  MemoryUsage of job (MB)
	3065252  -  ResidentSetSize of job (KB)
...
005 (012.003.000) 2026-01-14 21:01:25 Job terminated.
	(1) Normal termination (return value 0)
		Usr 0 03:44:22, Sys 0 00:11:18  -  Run Remote Usage
		Usr 0 00:00:00, Sys 0 00:00:00  -  Run Local Usage
		Usr 0 03:44:22, Sys 0 00:11:18  -  Total Remote Usage
		Usr 0 00:00:00, Sys 0 00:00:00  -  Total Local Usage
	0  -  Run Bytes Sent By Job
	0  -  Run Bytes Received By Job
	0  -  Total Bytes Sent By Job
	0  -  Total Bytes Received By Job
	Partitionable Resources :    Usage  Request Allocated Assigned
	   Cpus                 :     4.78        8         8 
	   Disk (KB)            :     2     1048576   1048576 
	   GPUs                 :     0.32        1         1 "GPU-1e452605"
	   GpusMemory (MB)      :  8021                       
	   Memory (MB)          :  2994       71680     71680 
	   TimeExecute (s)      :  2750                       
	   TimeSlotBusy (s)     :  2751                       
...
000 (012.003.000) 2026-01-17 07:29:32 Job submitted from host: <10.87.28.151:9618?addrs=10.87.28.151-9618&alias=brigand.esat.kuleuven.be&noUDP&sock=schedd_1447_19a1>
...
021 (012.003.000) 2026-01-17 07:29:37 Error from starter on slot1_1@kunzite.esat.kuleuven.be:
	Failed to create scratch dir
	Code 1024 Subcode 0
...
004 (012.003.000) 2026-01-17 07:29:37 Job was evicted. Code 1024 Subcode 0
	(0) CPU times
		Usr 0 00:00:00, Sys 0 00:00:00  -  Run Remote Usage
		Usr 0 00:00:00, Sys 0 00:00:00  -  Run Local Usage
	0  -  Run Bytes Sent By Job
	0  -  Run Bytes Received By Job
	Reason: Error from slot1_1@kunzite.esat.kuleuven.be: Failed to create scratch dir
	Partitionable Resources :    Usage  Request Allocated 
	   Cpus                 :                 8         8 
	   Disk (KB)            :        2  1048576   1048576 
	   GPUs                 :                 1         1 
	   Memory (MB)          :             20480     20480 
...
021 (012.003.000) 2026-01-17 07:30:34 Error from starter on slot1_1@kunzite.esat.kuleuven.be:
	Failed to create scratch dir
	Code 1024 Subcode 0
...
004 (012.003.000) 2026-01-17 07:30:34 Job was evicted. Code 1024 Subcode 0
	(0) CPU times
		Usr 0 00:00:00, Sys 0 00:00:00  -  Run Remote Usage
		Usr 0 00:00:00, Sys 0 00:00:00  -  Run Local Usage
	0  -  Run Bytes Sent By Job
	0  -  Run Bytes Received By Job
	Reason: Error from slot1_1@kunzite.esat.kuleuven.be: Failed to create scratch dir
	Partitionable Resources :    Usage  Request Allocated 
	   Cpus                 :                 8         8 
	   Disk (KB)            :        2  1048576   1048576 
	   GPUs                 :                 1         1 
	   Memory (MB)          :             20480     20480 
...
021 (012.003.000) 2026-01-17 07:31:14 Error from starter on slot1_1@kunzite.esat.kuleuven.be:
	Failed to create scratch dir
	Code 1024 Subcode 0
...
004 (012.003.000) 2026-01-17 07:31:14 Job was evicted. Code 1024 Subcode 0
	(0) CPU times
		Usr 0 00:00:00, Sys 0 00:00:00  -  Run Remote Usage
		Usr 0 00:00:00, Sys 0 00:00:00  -  Run Local Usage
	0  -  Run Bytes Sent By Job
	0  -  Run Bytes Received By Job
	Reason: Error from slot1_1@kunzite.esat.kuleuven.be: Failed to create scratch dir
	Partitionable Resources :    Usage  Request Allocated 
	   Cpus                 :                 8         8 
	   Disk (KB)            :        2  1048576   1048576 
	   GPUs                 :                 1         1 
	   Memory (MB)          :             20480     20480 
...
021 (012.003.000) 2026-01-17 07:32:15 Error from starter on slot1_1@kunzite.esat.kuleuven.be:
	Failed to create scratch dir
	Code 1024 Subcode 0
...
004 (012.003.000) 2026-01-17 07:32:15 Job was evicted. Code 1024 Subcode 0
	(0) CPU times
		Usr 0 00:00:00, Sys 0 00:00:00  -  Run Remote Usage
		Usr 0 00:00:00, Sys 0 00:00:00  -  Run Local Usage
	0  -  Run Bytes Sent By Job
	0  -  Run Bytes Received By Job
	Reason: Error from slot1_1@kunzite.esat.kuleuven.be: Failed to create scratch dir
	Partitionable Resources :    Usage  Request Allocated 
	   Cpus                 :                 8         8 
	   Disk (KB)            :        2  1048576   1048576 
	   GPUs                 :                 1         1 
	   Memory (MB)          :             20480     20480 
...
021 (012.003.000) 2026-01-17 07:33:15 Error from starter on slot1_1@kunzite.esat.kuleuven.be:
	Failed to create scratch dir
	Code 1024 Subcode 0
...
004 (012.003.000) 2026-01-17 07:33:15 Job was evicted. Code 1024 Subcode 0
	(0) CPU times
		Usr 0 00:00:00, Sys 0 00:00:00  -  Run Remote Usage
		Usr 0 00:00:00, Sys 0 00:00:00  -  Run Local Usage
	0  -  Run Bytes Sent By Job
	0  -  Run Bytes Received By Job
	Reason: Error from slot1_1@kunzite.esat.kuleuven.be: Failed to create scratch dir
	Partitionable Resources :    Usage  Request Allocated 
	   Cpus                 :                 8         8 
	   Disk (KB)            :        2  1048576   1048576 
	   GPUs                 :                 1         1 
	   Memory (MB)          :             20480     20480 
...
021 (012.003.000) 2026-01-17 07:34:15 Error from starter on slot1_1@kunzite.esat.kuleuven.be:
	Failed to create scratch dir
	Code 1024 Subcode 0
...
004 (012.003.000) 2026-01-17 07:34:15 Job was evicted. Code 1024 Subcode 0
	(0) CPU times
		Usr 0 00:00:00, Sys 0 00:00:00  -  Run Remote Usage
		Usr 0 00:00:00, Sys 0 00:00:00  -  Run Local Usage
	0  -  Run Bytes Sent By Job
	0  -  Run Bytes Received By Job
	Reason: Error from slot1_1@kunzite.esat.kuleuven.be: Failed to create scratch dir
	Partitionable Resources :    Usage  Request Allocated 
	   Cpus                 :                 8         8 
	   Disk (KB)            :        2  1048576   1048576 
	   GPUs                 :                 1         1 
	   Memory (MB)          :             20480     20480 
...
009 (012.003.000) 2026-01-17 07:34:32 Job was aborted.
	via condor_rm (by user kkontras)
...
