000 (012.004.000) 2026-01-14 20:15:31 Job submitted from host: <10.87.28.129:9618?addrs=10.87.28.129-9618&alias=timmermans.esat.kuleuven.be&noUDP&sock=schedd_1428_1154>
...
001 (012.004.000) 2026-01-14 20:15:35 Job executing on host: <10.87.28.118:9618?addrs=10.87.28.118-9618&alias=stadius-nc-5.esat.kuleuven.be&noUDP&sock=startd_3360_424e>
	SlotName: slot1_2@stadius-nc-5.esat.kuleuven.be
	AvailableGPUs = { GPUs_GPU_1ac4d924 }
	CondorScratchDir = "/volume1/condor/execute/dir_3366449/scratch"
	Cpus = 8
	Disk = 1048576
	GPUs = 1
	GPUs_GPU_1ac4d924 = [ Id = "GPU-1ac4d924"; ClockMhz = 1545.0; Capability = 7.5; CoresPerCU = 64; DeviceName = "NVIDIA GeForce RTX 2080 Ti"; DeviceUuid = "1ac4d924-e4b1-b88f-268d-a11d924627fd"; ECCEnabled = false; ComputeUnits = 68; NvidiaDriver = "570.153.02"; DriverVersion = 12.8; DevicePciBusId = "0000:5B:00.0"; GlobalMemoryMb = 10823; MaxSupportedVersion = 12080 ]
	Memory = 71680
...
006 (012.004.000) 2026-01-14 20:15:43 Image size of job updated: 442748
	433  -  MemoryUsage of job (MB)
	442748  -  ResidentSetSize of job (KB)
...
006 (012.004.000) 2026-01-14 20:20:43 Image size of job updated: 3040632
	2534  -  MemoryUsage of job (MB)
	2593876  -  ResidentSetSize of job (KB)
...
006 (012.004.000) 2026-01-14 20:25:44 Image size of job updated: 3115144
	2822  -  MemoryUsage of job (MB)
	2889348  -  ResidentSetSize of job (KB)
...
006 (012.004.000) 2026-01-14 21:25:50 Image size of job updated: 3332452
	3098  -  MemoryUsage of job (MB)
	3171972  -  ResidentSetSize of job (KB)
...
005 (012.004.000) 2026-01-14 21:44:28 Job terminated.
	(1) Normal termination (return value 0)
		Usr 0 06:19:58, Sys 0 00:23:09  -  Run Remote Usage
		Usr 0 00:00:00, Sys 0 00:00:00  -  Run Local Usage
		Usr 0 06:19:58, Sys 0 00:23:09  -  Total Remote Usage
		Usr 0 00:00:00, Sys 0 00:00:00  -  Total Local Usage
	0  -  Run Bytes Sent By Job
	0  -  Run Bytes Received By Job
	0  -  Total Bytes Sent By Job
	0  -  Total Bytes Received By Job
	Partitionable Resources :    Usage  Request Allocated Assigned
	   Cpus                 :     5.88        8         8 
	   Disk (KB)            :     2     1048576   1048576 
	   GPUs                 :     0.42        1         1 "GPU-1ac4d924"
	   GpusMemory (MB)      :  7531                       
	   Memory (MB)          :  3098       71680     71680 
	   TimeExecute (s)      :  5333                       
	   TimeSlotBusy (s)     :  5333                       
...
000 (012.004.000) 2026-01-17 07:29:32 Job submitted from host: <10.87.28.151:9618?addrs=10.87.28.151-9618&alias=brigand.esat.kuleuven.be&noUDP&sock=schedd_1447_19a1>
...
001 (012.004.000) 2026-01-17 07:29:37 Job executing on host: <10.87.24.128:9618?addrs=10.87.24.128-9618&alias=garnet.esat.kuleuven.be&noUDP&sock=startd_1420_9492>
	SlotName: slot1_1@garnet.esat.kuleuven.be
	AvailableGPUs = { GPUs_GPU_6dce38a8 }
	CondorScratchDir = "/usr/data/condor/execute/dir_426681/scratch"
	Cpus = 8
	Disk = 1048576
	GPUs = 1
	GPUs_GPU_6dce38a8 = [ Id = "GPU-6dce38a8"; ClockMhz = 1531.0; Capability = 6.1; CoresPerCU = 128; DeviceName = "NVIDIA TITAN X (Pascal)"; DeviceUuid = "6dce38a8-28d1-1d5d-0359-471b625b459f"; ECCEnabled = false; ComputeUnits = 28; NvidiaDriver = "580.119.02"; DriverVersion = 13.0; DevicePciBusId = "0000:01:00.0"; GlobalMemoryMb = 12183; MaxSupportedVersion = 13000 ]
	Memory = 20480
...
006 (012.004.000) 2026-01-17 07:29:45 Image size of job updated: 35664
	35  -  MemoryUsage of job (MB)
	35664  -  ResidentSetSize of job (KB)
...
006 (012.004.000) 2026-01-17 07:30:12 Image size of job updated: 414220
	35  -  MemoryUsage of job (MB)
	35664  -  ResidentSetSize of job (KB)
...
005 (012.004.000) 2026-01-17 07:30:12 Job terminated.
	(1) Normal termination (return value 0)
		Usr 0 00:00:07, Sys 0 00:00:02  -  Run Remote Usage
		Usr 0 00:00:00, Sys 0 00:00:00  -  Run Local Usage
		Usr 0 00:00:07, Sys 0 00:00:02  -  Total Remote Usage
		Usr 0 00:00:00, Sys 0 00:00:00  -  Total Local Usage
	0  -  Run Bytes Sent By Job
	0  -  Run Bytes Received By Job
	0  -  Total Bytes Sent By Job
	0  -  Total Bytes Received By Job
	Partitionable Resources :    Usage  Request Allocated Assigned
	   Cpus                 :        0        8         8 
	   Disk (KB)            :        2  1048576   1048576 
	   GPUs                 :                 1         1 "GPU-6dce38a8"
	   Memory (MB)          :       35    20480     20480 
	   TimeExecute (s)      :       35                    
	   TimeSlotBusy (s)     :       35                    
...
