000 (012.007.000) 2026-01-14 20:15:31 Job submitted from host: <10.87.28.129:9618?addrs=10.87.28.129-9618&alias=timmermans.esat.kuleuven.be&noUDP&sock=schedd_1428_1154>
...
001 (012.007.000) 2026-01-14 21:02:27 Job executing on host: <10.87.24.221:9618?addrs=10.87.24.221-9618&alias=pythagoras.esat.kuleuven.be&noUDP&sock=startd_6252_ee32>
	SlotName: slot1_3@pythagoras.esat.kuleuven.be
	AvailableGPUs = { GPUs_GPU_1e452605 }
	CondorScratchDir = "/usr/data/condor/execute/dir_169545/scratch"
	Cpus = 8
	Disk = 1048576
	GPUs = 1
	GPUs_GPU_1e452605 = [ Id = "GPU-1e452605"; ClockMhz = 2520.0; Capability = 8.9; CoresPerCU = 128; DeviceName = "NVIDIA L40S"; DeviceUuid = "1e452605-e0ba-2ab6-3ef7-9ad178fdb564"; ECCEnabled = true; ComputeUnits = 142; NvidiaDriver = "580.119.02"; DriverVersion = 13.0; DevicePciBusId = "0000:41:00.0"; GlobalMemoryMb = 45458; MaxSupportedVersion = 13000 ]
	Memory = 71680
...
006 (012.007.000) 2026-01-14 21:02:36 Image size of job updated: 554708
	542  -  MemoryUsage of job (MB)
	554708  -  ResidentSetSize of job (KB)
...
006 (012.007.000) 2026-01-14 21:07:37 Image size of job updated: 3069116
	2506  -  MemoryUsage of job (MB)
	2565712  -  ResidentSetSize of job (KB)
...
006 (012.007.000) 2026-01-14 21:12:37 Image size of job updated: 3082372
	2581  -  MemoryUsage of job (MB)
	2642568  -  ResidentSetSize of job (KB)
...
006 (012.007.000) 2026-01-14 21:17:38 Image size of job updated: 3157924
	2581  -  MemoryUsage of job (MB)
	2642568  -  ResidentSetSize of job (KB)
...
006 (012.007.000) 2026-01-14 21:22:38 Image size of job updated: 3268600
	2788  -  MemoryUsage of job (MB)
	2854288  -  ResidentSetSize of job (KB)
...
006 (012.007.000) 2026-01-14 21:32:39 Image size of job updated: 3308064
	2788  -  MemoryUsage of job (MB)
	2854288  -  ResidentSetSize of job (KB)
...
006 (012.007.000) 2026-01-14 21:42:40 Image size of job updated: 3476800
	2881  -  MemoryUsage of job (MB)
	2949432  -  ResidentSetSize of job (KB)
...
005 (012.007.000) 2026-01-14 21:48:09 Job terminated.
	(1) Normal termination (return value 0)
		Usr 0 03:45:09, Sys 0 00:11:13  -  Run Remote Usage
		Usr 0 00:00:00, Sys 0 00:00:00  -  Run Local Usage
		Usr 0 03:45:09, Sys 0 00:11:13  -  Total Remote Usage
		Usr 0 00:00:00, Sys 0 00:00:00  -  Total Local Usage
	0  -  Run Bytes Sent By Job
	0  -  Run Bytes Received By Job
	0  -  Total Bytes Sent By Job
	0  -  Total Bytes Received By Job
	Partitionable Resources :    Usage  Request Allocated Assigned
	   Cpus                 :     5.79        8         8 
	   Disk (KB)            :     2     1048576   1048576 
	   GPUs                 :     0.33        1         1 "GPU-1e452605"
	   GpusMemory (MB)      :  8201                       
	   Memory (MB)          :  2881       71680     71680 
	   TimeExecute (s)      :  2742                       
	   TimeSlotBusy (s)     :  2742                       
...
000 (012.007.000) 2026-01-17 07:29:32 Job submitted from host: <10.87.28.151:9618?addrs=10.87.28.151-9618&alias=brigand.esat.kuleuven.be&noUDP&sock=schedd_1447_19a1>
...
001 (012.007.000) 2026-01-17 07:34:14 Job executing on host: <10.87.24.116:9618?addrs=10.87.24.116-9618&alias=opal.esat.kuleuven.be&noUDP&sock=startd_1618_6453>
	SlotName: slot1_1@opal.esat.kuleuven.be
	AvailableGPUs = { GPUs_GPU_1ffe17c3 }
	CondorScratchDir = "/usr/data/condor/execute/dir_46658/scratch"
	Cpus = 8
	Disk = 1048576
	GPUs = 1
	GPUs_GPU_1ffe17c3 = [ Id = "GPU-1ffe17c3"; ClockMhz = 1830.0; Capability = 7.5; CoresPerCU = 64; DeviceName = "NVIDIA GeForce RTX 2080 SUPER"; DeviceUuid = "1ffe17c3-ccfe-d885-43ab-eb217e5925a3"; ECCEnabled = false; ComputeUnits = 48; NvidiaDriver = "580.119.02"; DriverVersion = 13.0; DevicePciBusId = "0000:01:00.0"; GlobalMemoryMb = 7778; MaxSupportedVersion = 13000 ]
	Memory = 20480
...
006 (012.007.000) 2026-01-17 07:34:23 Image size of job updated: 368648
	361  -  MemoryUsage of job (MB)
	368648  -  ResidentSetSize of job (KB)
...
006 (012.007.000) 2026-01-17 07:34:32 Image size of job updated: 875556
	361  -  MemoryUsage of job (MB)
	368648  -  ResidentSetSize of job (KB)
...
004 (012.007.000) 2026-01-17 07:34:32 Job was evicted. Code 1023 Subcode 0
	(0) CPU times
		Usr 0 00:00:11, Sys 0 00:00:01  -  Run Remote Usage
		Usr 0 00:00:00, Sys 0 00:00:00  -  Run Local Usage
	0  -  Run Bytes Sent By Job
	0  -  Run Bytes Received By Job
	Reason: via condor_rm (by user kkontras)
	Partitionable Resources :    Usage  Request Allocated Assigned
	   Cpus                 :        0        8         8 
	   Disk (KB)            :        2  1048576   1048576 
	   GPUs                 :                 1         1 "GPU-1ffe17c3"
	   Memory (MB)          :      361    20480     20480 
	   TimeExecute (s)      :       18                    
	   TimeSlotBusy (s)     :       18                    
...
009 (012.007.000) 2026-01-17 07:34:32 Job was aborted.
	via condor_rm (by user kkontras)
...
