000 (012.008.000) 2026-01-14 20:15:31 Job submitted from host: <10.87.28.129:9618?addrs=10.87.28.129-9618&alias=timmermans.esat.kuleuven.be&noUDP&sock=schedd_1428_1154>
...
001 (012.008.000) 2026-01-14 21:45:19 Job executing on host: <10.87.28.118:9618?addrs=10.87.28.118-9618&alias=stadius-nc-5.esat.kuleuven.be&noUDP&sock=startd_3360_424e>
	SlotName: slot1_2@stadius-nc-5.esat.kuleuven.be
	AvailableGPUs = { GPUs_GPU_1ac4d924 }
	CondorScratchDir = "/volume1/condor/execute/dir_3370870/scratch"
	Cpus = 8
	Disk = 1048576
	GPUs = 1
	GPUs_GPU_1ac4d924 = [ Id = "GPU-1ac4d924"; ClockMhz = 1545.0; Capability = 7.5; CoresPerCU = 64; DeviceName = "NVIDIA GeForce RTX 2080 Ti"; DeviceUuid = "1ac4d924-e4b1-b88f-268d-a11d924627fd"; ECCEnabled = false; ComputeUnits = 68; NvidiaDriver = "570.153.02"; DriverVersion = 12.8; DevicePciBusId = "0000:5B:00.0"; GlobalMemoryMb = 10823; MaxSupportedVersion = 12080 ]
	Memory = 71680
...
006 (012.008.000) 2026-01-14 21:45:28 Image size of job updated: 512808
	501  -  MemoryUsage of job (MB)
	512808  -  ResidentSetSize of job (KB)
...
006 (012.008.000) 2026-01-14 21:46:13 Image size of job updated: 2588972
	502  -  MemoryUsage of job (MB)
	513076  -  ResidentSetSize of job (KB)
...
005 (012.008.000) 2026-01-14 21:46:13 Job terminated.
	(1) Normal termination (return value 0)
		Usr 0 00:03:04, Sys 0 00:00:11  -  Run Remote Usage
		Usr 0 00:00:00, Sys 0 00:00:00  -  Run Local Usage
		Usr 0 00:03:04, Sys 0 00:00:11  -  Total Remote Usage
		Usr 0 00:00:00, Sys 0 00:00:00  -  Total Local Usage
	0  -  Run Bytes Sent By Job
	0  -  Run Bytes Received By Job
	0  -  Total Bytes Sent By Job
	0  -  Total Bytes Received By Job
	Partitionable Resources :    Usage  Request Allocated Assigned
	   Cpus                 :        0        8         8 
	   Disk (KB)            :        2  1048576   1048576 
	   GPUs                 :                 1         1 "GPU-1ac4d924"
	   Memory (MB)          :      502    71680     71680 
	   TimeExecute (s)      :       54                    
	   TimeSlotBusy (s)     :       54                    
...
000 (012.008.000) 2026-01-17 07:29:32 Job submitted from host: <10.87.28.151:9618?addrs=10.87.28.151-9618&alias=brigand.esat.kuleuven.be&noUDP&sock=schedd_1447_19a1>
...
009 (012.008.000) 2026-01-17 07:34:32 Job was aborted.
	via condor_rm (by user kkontras)
...
