000 (013.000.000) 2026-01-17 07:34:35 Job submitted from host: <10.87.28.151:9618?addrs=10.87.28.151-9618&alias=brigand.esat.kuleuven.be&noUDP&sock=schedd_1447_19a1>
...
001 (013.000.000) 2026-01-17 07:34:40 Job executing on host: <10.87.24.128:9618?addrs=10.87.24.128-9618&alias=garnet.esat.kuleuven.be&noUDP&sock=startd_1420_9492>
	SlotName: slot1_1@garnet.esat.kuleuven.be
	AvailableGPUs = { GPUs_GPU_6dce38a8 }
	CondorScratchDir = "/usr/data/condor/execute/dir_426901/scratch"
	Cpus = 8
	Disk = 1048576
	GPUs = 1
	GPUs_GPU_6dce38a8 = [ Id = "GPU-6dce38a8"; ClockMhz = 1531.0; Capability = 6.1; CoresPerCU = 128; DeviceName = "NVIDIA TITAN X (Pascal)"; DeviceUuid = "6dce38a8-28d1-1d5d-0359-471b625b459f"; ECCEnabled = false; ComputeUnits = 28; NvidiaDriver = "580.119.02"; DriverVersion = 13.0; DevicePciBusId = "0000:01:00.0"; GlobalMemoryMb = 12183; MaxSupportedVersion = 13000 ]
	Memory = 20480
...
006 (013.000.000) 2026-01-17 07:34:46 Image size of job updated: 358728
	351  -  MemoryUsage of job (MB)
	358728  -  ResidentSetSize of job (KB)
...
005 (013.000.000) 2026-01-17 07:34:47 Job terminated.
	(1) Normal termination (return value 0)
		Usr 0 00:00:05, Sys 0 00:00:00  -  Run Remote Usage
		Usr 0 00:00:00, Sys 0 00:00:00  -  Run Local Usage
		Usr 0 00:00:05, Sys 0 00:00:00  -  Total Remote Usage
		Usr 0 00:00:00, Sys 0 00:00:00  -  Total Local Usage
	0  -  Run Bytes Sent By Job
	0  -  Run Bytes Received By Job
	0  -  Total Bytes Sent By Job
	0  -  Total Bytes Received By Job
	Partitionable Resources :    Usage  Request Allocated Assigned
	   Cpus                 :        0        8         8 
	   Disk (KB)            :        2  1048576   1048576 
	   GPUs                 :                 1         1 "GPU-6dce38a8"
	   Memory (MB)          :      351    20480     20480 
	   TimeExecute (s)      :        6                    
	   TimeSlotBusy (s)     :        6                    
...
000 (013.000.000) 2026-01-17 20:58:56 Job submitted from host: <10.87.28.129:9618?addrs=10.87.28.129-9618&alias=timmermans.esat.kuleuven.be&noUDP&sock=schedd_1428_1154>
...
001 (013.000.000) 2026-01-17 20:59:04 Job executing on host: <10.87.24.132:9618?addrs=10.87.24.132-9618&alias=malachite.esat.kuleuven.be&noUDP&sock=startd_1410_b8a0>
	SlotName: slot1_1@malachite.esat.kuleuven.be
	AvailableGPUs = { GPUs_GPU_205c4b29 }
	CondorScratchDir = "/usr/data/condor/execute/dir_2256448/scratch"
	Cpus = 8
	Disk = 1048576
	GPUs = 1
	GPUs_GPU_205c4b29 = [ Id = "GPU-205c4b29"; ClockMhz = 1545.0; Capability = 7.5; CoresPerCU = 64; DeviceName = "NVIDIA GeForce RTX 2080 Ti"; DeviceUuid = "205c4b29-1b9b-5934-19f8-85bc71b9fd86"; ECCEnabled = false; ComputeUnits = 68; NvidiaDriver = "580.119.02"; DriverVersion = 13.0; DevicePciBusId = "0000:01:00.0"; GlobalMemoryMb = 10821; MaxSupportedVersion = 13000 ]
	Memory = 20480
...
006 (013.000.000) 2026-01-17 20:59:12 Image size of job updated: 32648
	32  -  MemoryUsage of job (MB)
	32648  -  ResidentSetSize of job (KB)
...
006 (013.000.000) 2026-01-17 21:04:12 Image size of job updated: 899248
	878  -  MemoryUsage of job (MB)
	899012  -  ResidentSetSize of job (KB)
...
006 (013.000.000) 2026-01-17 21:09:13 Image size of job updated: 899876
	879  -  MemoryUsage of job (MB)
	899876  -  ResidentSetSize of job (KB)
...
006 (013.000.000) 2026-01-17 21:14:14 Image size of job updated: 899920
	879  -  MemoryUsage of job (MB)
	899876  -  ResidentSetSize of job (KB)
...
006 (013.000.000) 2026-01-17 21:19:14 Image size of job updated: 900184
	880  -  MemoryUsage of job (MB)
	900184  -  ResidentSetSize of job (KB)
...
006 (013.000.000) 2026-01-17 21:24:15 Image size of job updated: 900500
	880  -  MemoryUsage of job (MB)
	900500  -  ResidentSetSize of job (KB)
...
006 (013.000.000) 2026-01-17 21:29:16 Image size of job updated: 900788
	880  -  MemoryUsage of job (MB)
	900788  -  ResidentSetSize of job (KB)
...
006 (013.000.000) 2026-01-17 21:34:16 Image size of job updated: 901100
	880  -  MemoryUsage of job (MB)
	901100  -  ResidentSetSize of job (KB)
...
006 (013.000.000) 2026-01-17 21:39:17 Image size of job updated: 901356
	881  -  MemoryUsage of job (MB)
	901356  -  ResidentSetSize of job (KB)
...
006 (013.000.000) 2026-01-17 21:44:18 Image size of job updated: 901964
	881  -  MemoryUsage of job (MB)
	901748  -  ResidentSetSize of job (KB)
...
006 (013.000.000) 2026-01-17 21:49:18 Image size of job updated: 902056
	881  -  MemoryUsage of job (MB)
	902056  -  ResidentSetSize of job (KB)
...
006 (013.000.000) 2026-01-17 21:54:19 Image size of job updated: 910116
	889  -  MemoryUsage of job (MB)
	910116  -  ResidentSetSize of job (KB)
...
006 (013.000.000) 2026-01-17 21:59:20 Image size of job updated: 910360
	890  -  MemoryUsage of job (MB)
	910360  -  ResidentSetSize of job (KB)
...
006 (013.000.000) 2026-01-17 22:04:20 Image size of job updated: 911096
	890  -  MemoryUsage of job (MB)
	910424  -  ResidentSetSize of job (KB)
...
006 (013.000.000) 2026-01-17 22:09:21 Image size of job updated: 911096
	890  -  MemoryUsage of job (MB)
	910580  -  ResidentSetSize of job (KB)
...
006 (013.000.000) 2026-01-17 22:14:22 Image size of job updated: 911096
	890  -  MemoryUsage of job (MB)
	910896  -  ResidentSetSize of job (KB)
...
006 (013.000.000) 2026-01-17 22:44:24 Image size of job updated: 914220
	893  -  MemoryUsage of job (MB)
	914220  -  ResidentSetSize of job (KB)
...
006 (013.000.000) 2026-01-17 22:49:24 Image size of job updated: 914240
	893  -  MemoryUsage of job (MB)
	914240  -  ResidentSetSize of job (KB)
...
006 (013.000.000) 2026-01-17 22:54:24 Image size of job updated: 914248
	893  -  MemoryUsage of job (MB)
	914248  -  ResidentSetSize of job (KB)
...
006 (013.000.000) 2026-01-17 22:59:25 Image size of job updated: 914416
	893  -  MemoryUsage of job (MB)
	914416  -  ResidentSetSize of job (KB)
...
006 (013.000.000) 2026-01-17 23:04:25 Image size of job updated: 914424
	893  -  MemoryUsage of job (MB)
	914416  -  ResidentSetSize of job (KB)
...
006 (013.000.000) 2026-01-18 02:44:46 Image size of job updated: 932380
	893  -  MemoryUsage of job (MB)
	914416  -  ResidentSetSize of job (KB)
...
006 (013.000.000) 2026-01-18 06:30:09 Image size of job updated: 932380
	894  -  MemoryUsage of job (MB)
	914492  -  ResidentSetSize of job (KB)
...
006 (013.000.000) 2026-01-18 06:35:09 Image size of job updated: 932380
	894  -  MemoryUsage of job (MB)
	914496  -  ResidentSetSize of job (KB)
...
006 (013.000.000) 2026-01-18 06:40:10 Image size of job updated: 932380
	894  -  MemoryUsage of job (MB)
	914500  -  ResidentSetSize of job (KB)
...
006 (013.000.000) 2026-01-18 06:45:11 Image size of job updated: 932380
	894  -  MemoryUsage of job (MB)
	914504  -  ResidentSetSize of job (KB)
...
006 (013.000.000) 2026-01-18 06:50:11 Image size of job updated: 932380
	894  -  MemoryUsage of job (MB)
	914512  -  ResidentSetSize of job (KB)
...
006 (013.000.000) 2026-01-18 06:55:12 Image size of job updated: 932380
	894  -  MemoryUsage of job (MB)
	914516  -  ResidentSetSize of job (KB)
...
006 (013.000.000) 2026-01-18 07:00:13 Image size of job updated: 932380
	894  -  MemoryUsage of job (MB)
	914520  -  ResidentSetSize of job (KB)
...
006 (013.000.000) 2026-01-18 07:05:13 Image size of job updated: 932380
	894  -  MemoryUsage of job (MB)
	914524  -  ResidentSetSize of job (KB)
...
006 (013.000.000) 2026-01-18 07:10:14 Image size of job updated: 932380
	894  -  MemoryUsage of job (MB)
	914528  -  ResidentSetSize of job (KB)
...
006 (013.000.000) 2026-01-18 07:15:15 Image size of job updated: 932380
	894  -  MemoryUsage of job (MB)
	914532  -  ResidentSetSize of job (KB)
...
006 (013.000.000) 2026-01-18 07:20:15 Image size of job updated: 932380
	894  -  MemoryUsage of job (MB)
	914536  -  ResidentSetSize of job (KB)
...
004 (013.000.000) 2026-01-18 09:20:04 Job was evicted. Code 1005 Subcode 0
	(0) CPU times
		Usr 0 12:08:00, Sys 0 00:06:10  -  Run Remote Usage
		Usr 0 00:00:00, Sys 0 00:00:00  -  Run Local Usage
	0  -  Run Bytes Sent By Job
	0  -  Run Bytes Received By Job
	Reason: Unspecified job interruption
	Partitionable Resources :    Usage  Request Allocated Assigned
	   Cpus                 :     0.99        8         8 
	   Disk (KB)            :     2     1048576   1048576 
	   GPUs                 :     0.24        1         1 "GPU-205c4b29"
	   GpusMemory (MB)      :   960                       
	   Memory (MB)          :   894       20480     20480 
	   TimeExecute (s)      : 44459                       
	   TimeSlotBusy (s)     : 44460                       
...
021 (013.000.000) 2026-01-18 09:21:04 Error from starter on slot1_1@kunzite.esat.kuleuven.be:
	Failed to create scratch dir
	Code 1024 Subcode 0
...
004 (013.000.000) 2026-01-18 09:21:04 Job was evicted. Code 1024 Subcode 0
	(0) CPU times
		Usr 0 00:00:00, Sys 0 00:00:00  -  Run Remote Usage
		Usr 0 00:00:00, Sys 0 00:00:00  -  Run Local Usage
	0  -  Run Bytes Sent By Job
	0  -  Run Bytes Received By Job
	Reason: Error from slot1_1@kunzite.esat.kuleuven.be: Failed to create scratch dir
	Partitionable Resources :    Usage  Request Allocated Assigned
	   Cpus                 :     0.99        8         8 
	   Disk (KB)            :     2     1048576   1048576 
	   GPUs                 :     0.24        1         1 "GPU-205c4b29"
	   GpusMemory (MB)      :   960                       
	   Memory (MB)          :   977       20480     20480 
	   TimeExecute (s)      : 44459                       
	   TimeSlotBusy (s)     : 44460                       
...
001 (013.000.000) 2026-01-18 09:21:43 Job executing on host: <10.87.24.127:9618?addrs=10.87.24.127-9618&alias=fluorite.esat.kuleuven.be&noUDP&sock=startd_1437_3daf>
	SlotName: slot1_1@fluorite.esat.kuleuven.be
	AvailableGPUs = { GPUs_GPU_8c10781f }
	CondorScratchDir = "/usr/data/condor/execute/dir_1272718/scratch"
	Cpus = 8
	Disk = 1048576
	GPUs = 1
	GPUs_GPU_8c10781f = [ Id = "GPU-8c10781f"; ClockMhz = 1531.0; Capability = 6.1; CoresPerCU = 128; DeviceName = "NVIDIA TITAN X (Pascal)"; DeviceUuid = "8c10781f-2e64-8918-ad0e-ea524e3c98c9"; ECCEnabled = false; ComputeUnits = 28; NvidiaDriver = "580.119.02"; DriverVersion = 13.0; DevicePciBusId = "0000:01:00.0"; GlobalMemoryMb = 12183; MaxSupportedVersion = 13000 ]
	Memory = 20480
...
005 (013.000.000) 2026-01-18 09:21:49 Job terminated.
	(1) Normal termination (return value 0)
		Usr 0 00:00:05, Sys 0 00:00:00  -  Run Remote Usage
		Usr 0 00:00:00, Sys 0 00:00:00  -  Run Local Usage
		Usr 0 12:08:05, Sys 0 00:06:10  -  Total Remote Usage
		Usr 0 00:00:00, Sys 0 00:00:00  -  Total Local Usage
	0  -  Run Bytes Sent By Job
	0  -  Run Bytes Received By Job
	0  -  Total Bytes Sent By Job
	0  -  Total Bytes Received By Job
	Partitionable Resources :    Usage  Request Allocated Assigned
	   Cpus                 :        0        8         8 
	   Disk (KB)            :        2  1048576   1048576 
	   GPUs                 :        0        1         1 "GPU-8c10781f"
	   Memory (MB)          :      977    20480     20480 
	   TimeExecute (s)      :        6                    
	   TimeSlotBusy (s)     :        6                    
...
