Starting Job
/esat/smcdata/users/kkontras/Image_Dataset/no_backup/git/Synergy/mydatasets/Xor/Xor_PID3Main_MaskSynIB_Search.py
/esat/smcdata/users/kkontras/Image_Dataset/no_backup/envs/synergy_new/bin/python
Python 3.10.19
/esat/smcdata/users/kkontras/Image_Dataset/no_backup/git/Synergy
We have 1 GPU
/esat/smcdata/users/kkontras/Image_Dataset/no_backup/git/Synergy/mydatasets/Xor/Xor_PID3Main_MaskSynIB_Search.py

Executing command: python /esat/smcdata/users/kkontras/Image_Dataset/no_backup/git/Synergy/mydatasets/Xor/Xor_PID3Main_MaskSynIB_Search.py
[LOAD] path=pid_synthetic_tuning/synib_mlearned_valsynacc_nlrwddr.jsonl
[LOAD] abs_path=/esat/smcdata/users/kkontras/Image_Dataset/no_backup/git/Synergy/pid_synthetic_tuning/synib_mlearned_valsynacc_nlrwddr.jsonl
[LOAD] size_bytes=45627 mtime=1768722470.7553422
[LOAD] head_preview(400)={"key":"(0.35, 0.0, 0.3, 0.35)","ts":1768688501.1026497,"host":"molder.esat.kuleuven.be","pid":2862289,"value":{"timestamp":1768688501.1026497,"probs":{"pu1":0.35,"pu2":0.0,"pred":0.3,"psyn":0.35,"pnone":0.0},"seeds":[0,1,2],"lr_vals":[0.0003],"wd_vals":[1e-05],"dropout_vals":[0.0],"cfg0":{"n_train":2000,"n_test":4000,"dim0":32,"dim1":32,"frac_unique":0.2,"frac_red":0.2,"frac_syn":0.2,"random_bloc
[LOAD] tail_preview(400)=1630462408065794,"val_syn_acc":1.0,"test_syn_acc":0.9794558578567463,"val_n":4.0},{"seed":2,"lr":0.0003,"wd":1e-05,"dropout":0.0,"val_acc":1.0,"test_acc":0.99,"val_loss":0.650560405254364,"val_syn_acc":1.0,"test_syn_acc":0.9879725085910653,"val_n":4.0}],"summary":{"main_tuned":{"acc_fusion_mean":0.98825,"acc_fusion_syn_mean":0.98104028269195,"best_lr":0.0003,"best_wd":1e-05,"best_dropout":0.0}}}}\n
[LOAD] first_nonempty_prefix={"key":"(0.35, 0.0, 0.3, 0.35)","ts":1768688501.1026497,"host":"molder.esat.kuleuven.be","pid":2862289,"value":{"timestamp":1768688501.1026497,"probs":{"pu1":0.35,"pu2":0.0,"pred":0.3,"psyn":0.35,"pno
[LOAD] mode=jsonl (line-by-line json.loads)
[LOAD] counters: read_lines kept unique_keys skipped_empty skipped_decode skipped_json skipped_key skipped_shape
[LOAD] done: read_lines=23 kept=23 unique_keys=22 skipped_empty=0 skipped_decode=0 skipped_json=0 skipped_key=0 skipped_shape=0
[LOAD] example_keys=['(0.35, 0.0, 0.3, 0.35)', '(0.25, 0.0, 0.75, 0.0)', '(0.35, 0.0, 0.15, 0.5)', '(0.95, 0.0, 0.05, 0.0)', '(0.8, 0.0, 0.15, 0.05)']
==============================================================================================================
[DEFAULT CONFIG]
  dims: dim0=32 dim1=32
  blocks0: unique=6 red=6 syn=6 noise=14 | random_pos=False
  blocks1: unique=6 red=6 syn=6 noise=14 | random_pos=False
  SNR: unique_strength=3 red_strength=3 syn_strength=3 noise_std=1
  train: n_train=2000 n_test=4000 batch=64 epochs=30 lr=3.0e-04
  loss: lambda_uni=1 lambda_kl=10 lambda_shortcut_inv=0
  probs: u1=0.3, u2=0.3, red=0.3, syn=0.1
==============================================================================================================
[RUN] sweep non-overlap source probs (u1/u2/red/syn)
[LOG] append/dedupe json: pid_synthetic_tuning/synib_mlearned_valsynacc_nlrwddr.jsonl
pu1 pu2 pred psyn | MainTot SynIBTot | Main(u1,u2,red,syn) | SynIB(u1,u2,red,syn) | det | status
---------------------------------------------------------------------------------------------------
Job finished
