000 (013.019.000) 2026-01-17 07:34:35 Job submitted from host: <10.87.28.151:9618?addrs=10.87.28.151-9618&alias=brigand.esat.kuleuven.be&noUDP&sock=schedd_1447_19a1>
...
001 (013.019.000) 2026-01-17 07:35:14 Job executing on host: <10.87.24.7:9618?addrs=10.87.24.7-9618&alias=goryu.esat.kuleuven.be&noUDP&sock=startd_1650_575b>
	SlotName: slot1_2@goryu.esat.kuleuven.be
	AvailableGPUs = { GPUs_GPU_3df9d18c }
	CondorScratchDir = "/usr/data/condor/execute/dir_85183/scratch"
	Cpus = 8
	Disk = 1048576
	GPUs = 1
	GPUs_GPU_3df9d18c = [ Id = "GPU-3df9d18c"; ClockMhz = 1582.0; Capability = 6.1; CoresPerCU = 128; DeviceName = "NVIDIA GeForce GTX 1080 Ti"; DeviceUuid = "3df9d18c-d25d-825d-b929-0026335359b3"; ECCEnabled = false; ComputeUnits = 28; NvidiaDriver = "580.119.02"; DriverVersion = 13.0; DevicePciBusId = "0000:65:00.0"; GlobalMemoryMb = 11165; MaxSupportedVersion = 13000 ]
	Memory = 20480
...
006 (013.019.000) 2026-01-17 07:35:21 Image size of job updated: 389128
	0  -  MemoryUsage of job (MB)
	0  -  ResidentSetSize of job (KB)
...
005 (013.019.000) 2026-01-17 07:35:21 Job terminated.
	(1) Normal termination (return value 0)
		Usr 0 00:00:05, Sys 0 00:00:00  -  Run Remote Usage
		Usr 0 00:00:00, Sys 0 00:00:00  -  Run Local Usage
		Usr 0 00:00:05, Sys 0 00:00:00  -  Total Remote Usage
		Usr 0 00:00:00, Sys 0 00:00:00  -  Total Local Usage
	0  -  Run Bytes Sent By Job
	0  -  Run Bytes Received By Job
	0  -  Total Bytes Sent By Job
	0  -  Total Bytes Received By Job
	Partitionable Resources :    Usage  Request Allocated Assigned
	   Cpus                 :        0        8         8 
	   Disk (KB)            :        2  1048576   1048576 
	   GPUs                 :        0        1         1 "GPU-3df9d18c"
	   Memory (MB)          :        0    20480     20480 
	   TimeExecute (s)      :        7                    
	   TimeSlotBusy (s)     :        7                    
...
000 (013.019.000) 2026-01-17 20:58:56 Job submitted from host: <10.87.28.129:9618?addrs=10.87.28.129-9618&alias=timmermans.esat.kuleuven.be&noUDP&sock=schedd_1428_1154>
...
001 (013.019.000) 2026-01-17 21:15:48 Job executing on host: <10.87.24.202:9618?addrs=10.87.24.202-9618&alias=jonen.esat.kuleuven.be&noUDP&sock=startd_1716_9c9b>
	SlotName: slot1_2@jonen.esat.kuleuven.be
	AvailableGPUs = { GPUs_GPU_1b85598f }
	CondorScratchDir = "/usr/data/condor/execute/dir_1790577/scratch"
	Cpus = 8
	Disk = 1048576
	GPUs = 1
	GPUs_GPU_1b85598f = [ Id = "GPU-1b85598f"; ClockMhz = 1582.0; Capability = 6.1; CoresPerCU = 128; DeviceName = "NVIDIA GeForce GTX 1080 Ti"; DeviceUuid = "1b85598f-69e1-ba6f-278f-1b78a8a42bcd"; ECCEnabled = false; ComputeUnits = 28; NvidiaDriver = "580.119.02"; DriverVersion = 13.0; DevicePciBusId = "0000:65:00.0"; GlobalMemoryMb = 11165; MaxSupportedVersion = 13000 ]
	Memory = 20480
...
006 (013.019.000) 2026-01-17 21:15:56 Image size of job updated: 38864
	38  -  MemoryUsage of job (MB)
	38864  -  ResidentSetSize of job (KB)
...
006 (013.019.000) 2026-01-17 21:16:25 Image size of job updated: 312100
	38  -  MemoryUsage of job (MB)
	38864  -  ResidentSetSize of job (KB)
...
005 (013.019.000) 2026-01-17 21:16:25 Job terminated.
	(1) Normal termination (return value 0)
		Usr 0 00:00:04, Sys 0 00:00:01  -  Run Remote Usage
		Usr 0 00:00:00, Sys 0 00:00:00  -  Run Local Usage
		Usr 0 00:00:04, Sys 0 00:00:01  -  Total Remote Usage
		Usr 0 00:00:00, Sys 0 00:00:00  -  Total Local Usage
	0  -  Run Bytes Sent By Job
	0  -  Run Bytes Received By Job
	0  -  Total Bytes Sent By Job
	0  -  Total Bytes Received By Job
	Partitionable Resources :    Usage  Request Allocated Assigned
	   Cpus                 :        0        8         8 
	   Disk (KB)            :        2  1048576   1048576 
	   GPUs                 :        0        1         1 "GPU-1b85598f"
	   GpusMemory (MB)      :      103                    
	   Memory (MB)          :       38    20480     20480 
	   TimeExecute (s)      :       37                    
	   TimeSlotBusy (s)     :       37                    
...
