000 (013.017.000) 2026-01-17 07:34:35 Job submitted from host: <10.87.28.151:9618?addrs=10.87.28.151-9618&alias=brigand.esat.kuleuven.be&noUDP&sock=schedd_1447_19a1>
...
001 (013.017.000) 2026-01-17 07:35:13 Job executing on host: <10.87.24.155:9618?addrs=10.87.24.155-9618+[--1]-9618&alias=wunjo.esat.kuleuven.be&noUDP&sock=startd_1858_030e>
	SlotName: slot1_1@wunjo.esat.kuleuven.be
	AvailableGPUs = { GPUs_GPU_38ac18aa }
	CondorScratchDir = "/usr/data/condor/execute/dir_553540/scratch"
	Cpus = 8
	Disk = 1048576
	GPUs = 1
	GPUs_GPU_38ac18aa = [ Id = "GPU-38ac18aa"; ClockMhz = 1830.0; Capability = 8.6; CoresPerCU = 128; DeviceName = "NVIDIA GeForce RTX 3080"; DeviceUuid = "38ac18aa-ac37-19ec-83cc-711bae5cce9f"; ECCEnabled = false; ComputeUnits = 68; NvidiaDriver = "580.119.02"; DriverVersion = 13.0; DevicePciBusId = "0000:41:00.0"; GlobalMemoryMb = 9871; MaxSupportedVersion = 13000 ]
	Memory = 20480
...
006 (013.017.000) 2026-01-17 07:35:21 Image size of job updated: 391180
	383  -  MemoryUsage of job (MB)
	391180  -  ResidentSetSize of job (KB)
...
006 (013.017.000) 2026-01-17 07:40:21 Image size of job updated: 936780
	904  -  MemoryUsage of job (MB)
	924784  -  ResidentSetSize of job (KB)
...
006 (013.017.000) 2026-01-17 07:50:23 Image size of job updated: 947344
	904  -  MemoryUsage of job (MB)
	925124  -  ResidentSetSize of job (KB)
...
006 (013.017.000) 2026-01-17 07:55:23 Image size of job updated: 947344
	904  -  MemoryUsage of job (MB)
	925428  -  ResidentSetSize of job (KB)
...
006 (013.017.000) 2026-01-17 08:05:25 Image size of job updated: 947344
	904  -  MemoryUsage of job (MB)
	925476  -  ResidentSetSize of job (KB)
...
006 (013.017.000) 2026-01-17 08:10:25 Image size of job updated: 948612
	904  -  MemoryUsage of job (MB)
	925476  -  ResidentSetSize of job (KB)
...
005 (013.017.000) 2026-01-17 08:15:45 Job terminated.
	(1) Normal termination (return value 0)
		Usr 0 00:40:02, Sys 0 00:00:15  -  Run Remote Usage
		Usr 0 00:00:00, Sys 0 00:00:00  -  Run Local Usage
		Usr 0 00:40:02, Sys 0 00:00:15  -  Total Remote Usage
		Usr 0 00:00:00, Sys 0 00:00:00  -  Total Local Usage
	0  -  Run Bytes Sent By Job
	0  -  Run Bytes Received By Job
	0  -  Total Bytes Sent By Job
	0  -  Total Bytes Received By Job
	Partitionable Resources :    Usage  Request Allocated Assigned
	   Cpus                 :     1.00        8         8 
	   Disk (KB)            :     2     1048576   1048576 
	   GPUs                 :     0.26        1         1 "GPU-38ac18aa"
	   GpusMemory (MB)      :  1557                       
	   Memory (MB)          :   904       20480     20480 
	   TimeExecute (s)      :  2432                       
	   TimeSlotBusy (s)     :  2440                       
...
000 (013.017.000) 2026-01-17 20:58:56 Job submitted from host: <10.87.28.129:9618?addrs=10.87.28.129-9618&alias=timmermans.esat.kuleuven.be&noUDP&sock=schedd_1428_1154>
...
001 (013.017.000) 2026-01-17 21:15:47 Job executing on host: <10.87.24.6:9618?addrs=10.87.24.6-9618&alias=fuji.esat.kuleuven.be&noUDP&sock=startd_1737_0418>
	SlotName: slot1_1@fuji.esat.kuleuven.be
	AvailableGPUs = { GPUs_GPU_6db7f948 }
	CondorScratchDir = "/usr/data/condor/execute/dir_126378/scratch"
	Cpus = 8
	Disk = 1048576
	GPUs = 1
	GPUs_GPU_6db7f948 = [ Id = "GPU-6db7f948"; ClockMhz = 1582.0; Capability = 6.1; CoresPerCU = 128; DeviceName = "NVIDIA GeForce GTX 1080 Ti"; DeviceUuid = "6db7f948-1c71-b2c5-8177-7abcfd2db729"; ECCEnabled = false; ComputeUnits = 28; NvidiaDriver = "580.119.02"; DriverVersion = 13.0; DevicePciBusId = "0000:17:00.0"; GlobalMemoryMb = 11165; MaxSupportedVersion = 13000 ]
	Memory = 20480
...
006 (013.017.000) 2026-01-17 21:15:55 Image size of job updated: 132548
	130  -  MemoryUsage of job (MB)
	132548  -  ResidentSetSize of job (KB)
...
006 (013.017.000) 2026-01-17 21:16:12 Image size of job updated: 309548
	130  -  MemoryUsage of job (MB)
	132548  -  ResidentSetSize of job (KB)
...
005 (013.017.000) 2026-01-17 21:16:12 Job terminated.
	(1) Normal termination (return value 0)
		Usr 0 00:00:04, Sys 0 00:00:01  -  Run Remote Usage
		Usr 0 00:00:00, Sys 0 00:00:00  -  Run Local Usage
		Usr 0 00:00:04, Sys 0 00:00:01  -  Total Remote Usage
		Usr 0 00:00:00, Sys 0 00:00:00  -  Total Local Usage
	0  -  Run Bytes Sent By Job
	0  -  Run Bytes Received By Job
	0  -  Total Bytes Sent By Job
	0  -  Total Bytes Received By Job
	Partitionable Resources :    Usage  Request Allocated Assigned
	   Cpus                 :     0           8         8 
	   Disk (KB)            :     2     1048576   1048576 
	   GPUs                 :     0.00        1         1 "GPU-6db7f948"
	   GpusMemory (MB)      :   393                       
	   Memory (MB)          :   130       20480     20480 
	   TimeExecute (s)      :    25                       
	   TimeSlotBusy (s)     :    26                       
...
