000 (013.014.000) 2026-01-17 07:34:35 Job submitted from host: <10.87.28.151:9618?addrs=10.87.28.151-9618&alias=brigand.esat.kuleuven.be&noUDP&sock=schedd_1447_19a1>
...
001 (013.014.000) 2026-01-17 07:35:07 Job executing on host: <10.87.24.51:9618?addrs=10.87.24.51-9618&alias=spchcl18.esat.kuleuven.be&noUDP&sock=startd_1663_4216>
	SlotName: slot1_1@spchcl18.esat.kuleuven.be
	AvailableGPUs = { GPUs_GPU_033cd40b }
	CondorScratchDir = "/volume1/condor/execute/dir_1074469/scratch"
	Cpus = 8
	Disk = 1048576
	GPUs = 1
	GPUs_GPU_033cd40b = [ Id = "GPU-033cd40b"; ClockMhz = 1683.0; Capability = 6.1; CoresPerCU = 128; DeviceName = "NVIDIA GeForce GTX 1070"; DeviceUuid = "033cd40b-9fee-8083-f118-6cc71a219b74"; ECCEnabled = false; ComputeUnits = 15; NvidiaDriver = "535.183.01"; DriverVersion = 12.2; DevicePciBusId = "0000:02:00.0"; GlobalMemoryMb = 8114; MaxSupportedVersion = 12020 ]
	Memory = 20480
...
006 (013.014.000) 2026-01-17 07:35:15 Image size of job updated: 36396
	36  -  MemoryUsage of job (MB)
	36396  -  ResidentSetSize of job (KB)
...
006 (013.014.000) 2026-01-17 07:35:36 Image size of job updated: 311724
	36  -  MemoryUsage of job (MB)
	36524  -  ResidentSetSize of job (KB)
...
005 (013.014.000) 2026-01-17 07:35:36 Job terminated.
	(1) Normal termination (return value 0)
		Usr 0 00:00:07, Sys 0 00:00:01  -  Run Remote Usage
		Usr 0 00:00:00, Sys 0 00:00:00  -  Run Local Usage
		Usr 0 00:00:07, Sys 0 00:00:01  -  Total Remote Usage
		Usr 0 00:00:00, Sys 0 00:00:00  -  Total Local Usage
	0  -  Run Bytes Sent By Job
	0  -  Run Bytes Received By Job
	0  -  Total Bytes Sent By Job
	0  -  Total Bytes Received By Job
	Partitionable Resources :    Usage  Request Allocated Assigned
	   Cpus                 :        0        8         8 
	   Disk (KB)            :        2  1048576   1048576 
	   GPUs                 :                 1         1 "GPU-033cd40b"
	   Memory (MB)          :       36    20480     20480 
	   TimeExecute (s)      :       29                    
	   TimeSlotBusy (s)     :       30                    
...
000 (013.014.000) 2026-01-17 20:58:56 Job submitted from host: <10.87.28.129:9618?addrs=10.87.28.129-9618&alias=timmermans.esat.kuleuven.be&noUDP&sock=schedd_1428_1154>
...
001 (013.014.000) 2026-01-17 21:15:44 Job executing on host: <10.87.24.7:9618?addrs=10.87.24.7-9618&alias=goryu.esat.kuleuven.be&noUDP&sock=startd_1650_575b>
	SlotName: slot1_1@goryu.esat.kuleuven.be
	AvailableGPUs = { GPUs_GPU_e6108a4e }
	CondorScratchDir = "/usr/data/condor/execute/dir_116137/scratch"
	Cpus = 8
	Disk = 1048576
	GPUs = 1
	GPUs_GPU_e6108a4e = [ Id = "GPU-e6108a4e"; ClockMhz = 1582.0; Capability = 6.1; CoresPerCU = 128; DeviceName = "NVIDIA GeForce GTX 1080 Ti"; DeviceUuid = "e6108a4e-7e83-cde4-5d90-55bfe8cd7961"; ECCEnabled = false; ComputeUnits = 28; NvidiaDriver = "580.119.02"; DriverVersion = 13.0; DevicePciBusId = "0000:17:00.0"; GlobalMemoryMb = 11165; MaxSupportedVersion = 13000 ]
	Memory = 20480
...
006 (013.014.000) 2026-01-17 21:15:53 Image size of job updated: 184792
	181  -  MemoryUsage of job (MB)
	184792  -  ResidentSetSize of job (KB)
...
006 (013.014.000) 2026-01-17 21:16:09 Image size of job updated: 309576
	181  -  MemoryUsage of job (MB)
	184792  -  ResidentSetSize of job (KB)
...
005 (013.014.000) 2026-01-17 21:16:09 Job terminated.
	(1) Normal termination (return value 0)
		Usr 0 00:00:03, Sys 0 00:00:01  -  Run Remote Usage
		Usr 0 00:00:00, Sys 0 00:00:00  -  Run Local Usage
		Usr 0 00:00:03, Sys 0 00:00:01  -  Total Remote Usage
		Usr 0 00:00:00, Sys 0 00:00:00  -  Total Local Usage
	0  -  Run Bytes Sent By Job
	0  -  Run Bytes Received By Job
	0  -  Total Bytes Sent By Job
	0  -  Total Bytes Received By Job
	Partitionable Resources :    Usage  Request Allocated Assigned
	   Cpus                 :        0        8         8 
	   Disk (KB)            :        2  1048576   1048576 
	   GPUs                 :                 1         1 "GPU-e6108a4e"
	   Memory (MB)          :      181    20480     20480 
	   TimeExecute (s)      :       25                    
	   TimeSlotBusy (s)     :       25                    
...
