000 (013.011.000) 2026-01-17 07:34:35 Job submitted from host: <10.87.28.151:9618?addrs=10.87.28.151-9618&alias=brigand.esat.kuleuven.be&noUDP&sock=schedd_1447_19a1>
...
001 (013.011.000) 2026-01-17 07:34:59 Job executing on host: <10.87.24.128:9618?addrs=10.87.24.128-9618&alias=garnet.esat.kuleuven.be&noUDP&sock=startd_1420_9492>
	SlotName: slot1_1@garnet.esat.kuleuven.be
	AvailableGPUs = { GPUs_GPU_6dce38a8 }
	CondorScratchDir = "/usr/data/condor/execute/dir_427003/scratch"
	Cpus = 8
	Disk = 1048576
	GPUs = 1
	GPUs_GPU_6dce38a8 = [ Id = "GPU-6dce38a8"; ClockMhz = 1531.0; Capability = 6.1; CoresPerCU = 128; DeviceName = "NVIDIA TITAN X (Pascal)"; DeviceUuid = "6dce38a8-28d1-1d5d-0359-471b625b459f"; ECCEnabled = false; ComputeUnits = 28; NvidiaDriver = "580.119.02"; DriverVersion = 13.0; DevicePciBusId = "0000:01:00.0"; GlobalMemoryMb = 12183; MaxSupportedVersion = 13000 ]
	Memory = 20480
...
006 (013.011.000) 2026-01-17 07:35:05 Image size of job updated: 327324
	0  -  MemoryUsage of job (MB)
	0  -  ResidentSetSize of job (KB)
...
005 (013.011.000) 2026-01-17 07:35:05 Job terminated.
	(1) Normal termination (return value 0)
		Usr 0 00:00:05, Sys 0 00:00:00  -  Run Remote Usage
		Usr 0 00:00:00, Sys 0 00:00:00  -  Run Local Usage
		Usr 0 00:00:05, Sys 0 00:00:00  -  Total Remote Usage
		Usr 0 00:00:00, Sys 0 00:00:00  -  Total Local Usage
	0  -  Run Bytes Sent By Job
	0  -  Run Bytes Received By Job
	0  -  Total Bytes Sent By Job
	0  -  Total Bytes Received By Job
	Partitionable Resources :    Usage  Request Allocated Assigned
	   Cpus                 :        0        8         8 
	   Disk (KB)            :        2  1048576   1048576 
	   GPUs                 :        0        1         1 "GPU-6dce38a8"
	   Memory (MB)          :        0    20480     20480 
	   TimeExecute (s)      :        6                    
	   TimeSlotBusy (s)     :        6                    
...
000 (013.011.000) 2026-01-17 20:58:56 Job submitted from host: <10.87.28.129:9618?addrs=10.87.28.129-9618&alias=timmermans.esat.kuleuven.be&noUDP&sock=schedd_1428_1154>
...
001 (013.011.000) 2026-01-17 21:14:48 Job executing on host: <10.87.24.30:9618?addrs=10.87.24.30-9618&alias=hoo.esat.kuleuven.be&noUDP&sock=startd_1679_3b9a>
	SlotName: slot1_1@hoo.esat.kuleuven.be
	AvailableGPUs = { GPUs_GPU_d2a33811 }
	CondorScratchDir = "/usr/data/condor/execute/dir_2388110/scratch"
	Cpus = 8
	Disk = 1048576
	GPUs = 1
	GPUs_GPU_d2a33811 = [ Id = "GPU-d2a33811"; ClockMhz = 2655.0; Capability = 8.9; CoresPerCU = 128; DeviceName = "NVIDIA GeForce RTX 4070 Ti SUPER"; DeviceUuid = "d2a33811-19af-7b18-0dbc-8a49767988ab"; ECCEnabled = false; ComputeUnits = 66; NvidiaDriver = "580.119.02"; DriverVersion = 13.0; DevicePciBusId = "0000:17:00.0"; GlobalMemoryMb = 15943; MaxSupportedVersion = 13000 ]
	Memory = 20480
...
006 (013.011.000) 2026-01-17 21:14:56 Image size of job updated: 249764
	244  -  MemoryUsage of job (MB)
	249764  -  ResidentSetSize of job (KB)
...
006 (013.011.000) 2026-01-17 21:19:56 Image size of job updated: 957508
	935  -  MemoryUsage of job (MB)
	957188  -  ResidentSetSize of job (KB)
...
006 (013.011.000) 2026-01-17 21:24:57 Image size of job updated: 957564
	936  -  MemoryUsage of job (MB)
	957564  -  ResidentSetSize of job (KB)
...
006 (013.011.000) 2026-01-17 21:29:58 Image size of job updated: 957832
	936  -  MemoryUsage of job (MB)
	957832  -  ResidentSetSize of job (KB)
...
006 (013.011.000) 2026-01-17 21:34:58 Image size of job updated: 958108
	936  -  MemoryUsage of job (MB)
	958108  -  ResidentSetSize of job (KB)
...
006 (013.011.000) 2026-01-17 21:39:59 Image size of job updated: 958480
	937  -  MemoryUsage of job (MB)
	958480  -  ResidentSetSize of job (KB)
...
006 (013.011.000) 2026-01-17 21:44:59 Image size of job updated: 958688
	937  -  MemoryUsage of job (MB)
	958688  -  ResidentSetSize of job (KB)
...
006 (013.011.000) 2026-01-17 21:49:59 Image size of job updated: 958896
	937  -  MemoryUsage of job (MB)
	958896  -  ResidentSetSize of job (KB)
...
006 (013.011.000) 2026-01-17 21:55:00 Image size of job updated: 959124
	937  -  MemoryUsage of job (MB)
	959124  -  ResidentSetSize of job (KB)
...
006 (013.011.000) 2026-01-17 22:00:00 Image size of job updated: 959456
	937  -  MemoryUsage of job (MB)
	959456  -  ResidentSetSize of job (KB)
...
006 (013.011.000) 2026-01-17 22:05:01 Image size of job updated: 959648
	938  -  MemoryUsage of job (MB)
	959648  -  ResidentSetSize of job (KB)
...
006 (013.011.000) 2026-01-17 22:10:02 Image size of job updated: 959872
	938  -  MemoryUsage of job (MB)
	959872  -  ResidentSetSize of job (KB)
...
006 (013.011.000) 2026-01-17 22:15:02 Image size of job updated: 960140
	938  -  MemoryUsage of job (MB)
	960140  -  ResidentSetSize of job (KB)
...
006 (013.011.000) 2026-01-17 22:20:03 Image size of job updated: 960316
	938  -  MemoryUsage of job (MB)
	960316  -  ResidentSetSize of job (KB)
...
006 (013.011.000) 2026-01-17 22:25:03 Image size of job updated: 960548
	939  -  MemoryUsage of job (MB)
	960548  -  ResidentSetSize of job (KB)
...
006 (013.011.000) 2026-01-17 22:30:03 Image size of job updated: 960712
	939  -  MemoryUsage of job (MB)
	960712  -  ResidentSetSize of job (KB)
...
006 (013.011.000) 2026-01-17 22:35:04 Image size of job updated: 960896
	939  -  MemoryUsage of job (MB)
	960896  -  ResidentSetSize of job (KB)
...
006 (013.011.000) 2026-01-17 22:40:04 Image size of job updated: 967984
	946  -  MemoryUsage of job (MB)
	967984  -  ResidentSetSize of job (KB)
...
006 (013.011.000) 2026-01-17 22:45:04 Image size of job updated: 968036
	946  -  MemoryUsage of job (MB)
	967984  -  ResidentSetSize of job (KB)
...
006 (013.011.000) 2026-01-17 23:05:07 Image size of job updated: 976692
	946  -  MemoryUsage of job (MB)
	967984  -  ResidentSetSize of job (KB)
...
006 (013.011.000) 2026-01-18 00:05:12 Image size of job updated: 976692
	949  -  MemoryUsage of job (MB)
	971668  -  ResidentSetSize of job (KB)
...
006 (013.011.000) 2026-01-18 02:50:29 Image size of job updated: 976692
	950  -  MemoryUsage of job (MB)
	972360  -  ResidentSetSize of job (KB)
...
006 (013.011.000) 2026-01-18 02:55:29 Image size of job updated: 976692
	950  -  MemoryUsage of job (MB)
	972440  -  ResidentSetSize of job (KB)
...
006 (013.011.000) 2026-01-18 03:00:30 Image size of job updated: 976692
	950  -  MemoryUsage of job (MB)
	972444  -  ResidentSetSize of job (KB)
...
006 (013.011.000) 2026-01-18 04:10:38 Image size of job updated: 976692
	951  -  MemoryUsage of job (MB)
	973524  -  ResidentSetSize of job (KB)
...
006 (013.011.000) 2026-01-18 04:15:38 Image size of job updated: 976692
	951  -  MemoryUsage of job (MB)
	973528  -  ResidentSetSize of job (KB)
...
006 (013.011.000) 2026-01-18 04:20:38 Image size of job updated: 976692
	951  -  MemoryUsage of job (MB)
	973532  -  ResidentSetSize of job (KB)
...
006 (013.011.000) 2026-01-18 04:25:39 Image size of job updated: 976692
	951  -  MemoryUsage of job (MB)
	973536  -  ResidentSetSize of job (KB)
...
006 (013.011.000) 2026-01-18 06:40:53 Image size of job updated: 991044
	951  -  MemoryUsage of job (MB)
	973536  -  ResidentSetSize of job (KB)
...
006 (013.011.000) 2026-01-18 08:16:02 Image size of job updated: 991044
	952  -  MemoryUsage of job (MB)
	973924  -  ResidentSetSize of job (KB)
...
006 (013.011.000) 2026-01-18 08:21:02 Image size of job updated: 991044
	952  -  MemoryUsage of job (MB)
	973928  -  ResidentSetSize of job (KB)
...
006 (013.011.000) 2026-01-18 08:31:03 Image size of job updated: 991044
	952  -  MemoryUsage of job (MB)
	973932  -  ResidentSetSize of job (KB)
...
006 (013.011.000) 2026-01-18 08:36:03 Image size of job updated: 991044
	952  -  MemoryUsage of job (MB)
	973936  -  ResidentSetSize of job (KB)
...
006 (013.011.000) 2026-01-18 08:41:04 Image size of job updated: 991044
	952  -  MemoryUsage of job (MB)
	973940  -  ResidentSetSize of job (KB)
...
006 (013.011.000) 2026-01-18 08:46:04 Image size of job updated: 991044
	952  -  MemoryUsage of job (MB)
	973944  -  ResidentSetSize of job (KB)
...
006 (013.011.000) 2026-01-18 08:51:05 Image size of job updated: 991044
	952  -  MemoryUsage of job (MB)
	973948  -  ResidentSetSize of job (KB)
...
006 (013.011.000) 2026-01-18 08:56:06 Image size of job updated: 991044
	952  -  MemoryUsage of job (MB)
	973952  -  ResidentSetSize of job (KB)
...
006 (013.011.000) 2026-01-18 12:31:27 Image size of job updated: 991044
	952  -  MemoryUsage of job (MB)
	973964  -  ResidentSetSize of job (KB)
...
006 (013.011.000) 2026-01-18 12:41:28 Image size of job updated: 991044
	952  -  MemoryUsage of job (MB)
	974136  -  ResidentSetSize of job (KB)
...
006 (013.011.000) 2026-01-18 12:56:29 Image size of job updated: 991044
	952  -  MemoryUsage of job (MB)
	974144  -  ResidentSetSize of job (KB)
...
006 (013.011.000) 2026-01-18 13:01:29 Image size of job updated: 991044
	952  -  MemoryUsage of job (MB)
	974148  -  ResidentSetSize of job (KB)
...
006 (013.011.000) 2026-01-18 20:42:16 Image size of job updated: 991044
	952  -  MemoryUsage of job (MB)
	974236  -  ResidentSetSize of job (KB)
...
006 (013.011.000) 2026-01-19 00:52:40 Image size of job updated: 991044
	965  -  MemoryUsage of job (MB)
	987752  -  ResidentSetSize of job (KB)
...
009 (013.011.000) 2026-01-19 01:01:41 Job was aborted.
	The system macro SYSTEM_PERIODIC_REMOVE expression '(JobStatus == 5 && CurrentTime - EnteredCurrentStatus > 3600 * 24 * 30) || (JobStatus == 4 && CurrentTime - EnteredCurrentStatus > 3600 * 24 * 30) || (JobStatus == 1 && CurrentTime - EnteredCurrentStatus > 3600 * 24 * 90) || (JobStatus == 2 && (ProportionalSetSizeKb > (1024 * My.RequestMemory))) || (JobStatus == 2 && ((RemoteWallClockTime - CumulativeSuspensionTime) > My.RequestWalltime))' evaluated to TRUE
...
