000 (013.018.000) 2026-01-17 07:34:35 Job submitted from host: <10.87.28.151:9618?addrs=10.87.28.151-9618&alias=brigand.esat.kuleuven.be&noUDP&sock=schedd_1447_19a1>
...
001 (013.018.000) 2026-01-17 07:35:07 Job executing on host: <10.87.24.108:9618?addrs=10.87.24.108-9618&alias=daisen.esat.kuleuven.be&noUDP&sock=startd_1725_c8f5>
	SlotName: slot1_2@daisen.esat.kuleuven.be
	AvailableGPUs = { GPUs_GPU_4f19e31b }
	CondorScratchDir = "/usr/data/condor/execute/dir_94185/scratch"
	Cpus = 8
	Disk = 1048576
	GPUs = 1
	GPUs_GPU_4f19e31b = [ Id = "GPU-4f19e31b"; ClockMhz = 1582.0; Capability = 6.1; CoresPerCU = 128; DeviceName = "NVIDIA GeForce GTX 1080 Ti"; DeviceUuid = "4f19e31b-4e02-164b-5105-2a5e45c7395a"; ECCEnabled = false; ComputeUnits = 28; NvidiaDriver = "580.119.02"; DriverVersion = 13.0; DevicePciBusId = "0000:65:00.0"; GlobalMemoryMb = 11165; MaxSupportedVersion = 13000 ]
	Memory = 20480
...
006 (013.018.000) 2026-01-17 07:35:15 Image size of job updated: 221536
	217  -  MemoryUsage of job (MB)
	221536  -  ResidentSetSize of job (KB)
...
006 (013.018.000) 2026-01-17 07:35:36 Image size of job updated: 414564
	217  -  MemoryUsage of job (MB)
	221536  -  ResidentSetSize of job (KB)
...
005 (013.018.000) 2026-01-17 07:35:36 Job terminated.
	(1) Normal termination (return value 0)
		Usr 0 00:00:06, Sys 0 00:00:01  -  Run Remote Usage
		Usr 0 00:00:00, Sys 0 00:00:00  -  Run Local Usage
		Usr 0 00:00:06, Sys 0 00:00:01  -  Total Remote Usage
		Usr 0 00:00:00, Sys 0 00:00:00  -  Total Local Usage
	0  -  Run Bytes Sent By Job
	0  -  Run Bytes Received By Job
	0  -  Total Bytes Sent By Job
	0  -  Total Bytes Received By Job
	Partitionable Resources :    Usage  Request Allocated Assigned
	   Cpus                 :        0        8         8 
	   Disk (KB)            :        2  1048576   1048576 
	   GPUs                 :                 1         1 "GPU-4f19e31b"
	   Memory (MB)          :      217    20480     20480 
	   TimeExecute (s)      :       29                    
	   TimeSlotBusy (s)     :       29                    
...
000 (013.018.000) 2026-01-17 20:58:56 Job submitted from host: <10.87.28.129:9618?addrs=10.87.28.129-9618&alias=timmermans.esat.kuleuven.be&noUDP&sock=schedd_1428_1154>
...
001 (013.018.000) 2026-01-17 21:15:47 Job executing on host: <10.87.24.7:9618?addrs=10.87.24.7-9618&alias=goryu.esat.kuleuven.be&noUDP&sock=startd_1650_575b>
	SlotName: slot1_2@goryu.esat.kuleuven.be
	AvailableGPUs = { GPUs_GPU_3df9d18c }
	CondorScratchDir = "/usr/data/condor/execute/dir_116191/scratch"
	Cpus = 8
	Disk = 1048576
	GPUs = 1
	GPUs_GPU_3df9d18c = [ Id = "GPU-3df9d18c"; ClockMhz = 1582.0; Capability = 6.1; CoresPerCU = 128; DeviceName = "NVIDIA GeForce GTX 1080 Ti"; DeviceUuid = "3df9d18c-d25d-825d-b929-0026335359b3"; ECCEnabled = false; ComputeUnits = 28; NvidiaDriver = "580.119.02"; DriverVersion = 13.0; DevicePciBusId = "0000:65:00.0"; GlobalMemoryMb = 11165; MaxSupportedVersion = 13000 ]
	Memory = 20480
...
006 (013.018.000) 2026-01-17 21:15:55 Image size of job updated: 229972
	225  -  MemoryUsage of job (MB)
	229972  -  ResidentSetSize of job (KB)
...
006 (013.018.000) 2026-01-17 21:16:09 Image size of job updated: 309592
	225  -  MemoryUsage of job (MB)
	229972  -  ResidentSetSize of job (KB)
...
005 (013.018.000) 2026-01-17 21:16:09 Job terminated.
	(1) Normal termination (return value 0)
		Usr 0 00:00:04, Sys 0 00:00:01  -  Run Remote Usage
		Usr 0 00:00:00, Sys 0 00:00:00  -  Run Local Usage
		Usr 0 00:00:04, Sys 0 00:00:01  -  Total Remote Usage
		Usr 0 00:00:00, Sys 0 00:00:00  -  Total Local Usage
	0  -  Run Bytes Sent By Job
	0  -  Run Bytes Received By Job
	0  -  Total Bytes Sent By Job
	0  -  Total Bytes Received By Job
	Partitionable Resources :    Usage  Request Allocated Assigned
	   Cpus                 :        0        8         8 
	   Disk (KB)            :        2  1048576   1048576 
	   GPUs                 :                 1         1 "GPU-3df9d18c"
	   Memory (MB)          :      225    20480     20480 
	   TimeExecute (s)      :       22                    
	   TimeSlotBusy (s)     :       22                    
...
