000 (013.023.000) 2026-01-17 07:34:35 Job submitted from host: <10.87.28.151:9618?addrs=10.87.28.151-9618&alias=brigand.esat.kuleuven.be&noUDP&sock=schedd_1447_19a1>
...
001 (013.023.000) 2026-01-17 07:35:30 Job executing on host: <10.87.24.6:9618?addrs=10.87.24.6-9618&alias=fuji.esat.kuleuven.be&noUDP&sock=startd_1737_0418>
	SlotName: slot1_2@fuji.esat.kuleuven.be
	AvailableGPUs = { GPUs_GPU_de138008 }
	CondorScratchDir = "/usr/data/condor/execute/dir_91422/scratch"
	Cpus = 8
	Disk = 1048576
	GPUs = 1
	GPUs_GPU_de138008 = [ Id = "GPU-de138008"; ClockMhz = 1582.0; Capability = 6.1; CoresPerCU = 128; DeviceName = "NVIDIA GeForce GTX 1080 Ti"; DeviceUuid = "de138008-80f1-c20e-3f35-8450e22013a1"; ECCEnabled = false; ComputeUnits = 28; NvidiaDriver = "580.119.02"; DriverVersion = 13.0; DevicePciBusId = "0000:65:00.0"; GlobalMemoryMb = 11165; MaxSupportedVersion = 13000 ]
	Memory = 20480
...
006 (013.023.000) 2026-01-17 07:35:36 Image size of job updated: 391176
	0  -  MemoryUsage of job (MB)
	0  -  ResidentSetSize of job (KB)
...
005 (013.023.000) 2026-01-17 07:35:36 Job terminated.
	(1) Normal termination (return value 0)
		Usr 0 00:00:05, Sys 0 00:00:00  -  Run Remote Usage
		Usr 0 00:00:00, Sys 0 00:00:00  -  Run Local Usage
		Usr 0 00:00:05, Sys 0 00:00:00  -  Total Remote Usage
		Usr 0 00:00:00, Sys 0 00:00:00  -  Total Local Usage
	0  -  Run Bytes Sent By Job
	0  -  Run Bytes Received By Job
	0  -  Total Bytes Sent By Job
	0  -  Total Bytes Received By Job
	Partitionable Resources :    Usage  Request Allocated Assigned
	   Cpus                 :        0        8         8 
	   Disk (KB)            :        2  1048576   1048576 
	   GPUs                 :        0        1         1 "GPU-de138008"
	   Memory (MB)          :        0    20480     20480 
	   TimeExecute (s)      :        6                    
	   TimeSlotBusy (s)     :        6                    
...
000 (013.023.000) 2026-01-17 20:58:56 Job submitted from host: <10.87.28.129:9618?addrs=10.87.28.129-9618&alias=timmermans.esat.kuleuven.be&noUDP&sock=schedd_1428_1154>
...
001 (013.023.000) 2026-01-17 21:15:50 Job executing on host: <10.87.24.126:9618?addrs=10.87.24.126-9618&alias=emerald.esat.kuleuven.be&noUDP&sock=startd_1492_f764>
	SlotName: slot1_1@emerald.esat.kuleuven.be
	AvailableGPUs = { GPUs_GPU_31e2eece }
	CondorScratchDir = "/usr/data/condor/execute/dir_1877805/scratch"
	Cpus = 8
	Disk = 1048576
	GPUs = 1
	GPUs_GPU_31e2eece = [ Id = "GPU-31e2eece"; ClockMhz = 1545.0; Capability = 7.5; CoresPerCU = 64; DeviceName = "NVIDIA GeForce RTX 2080 Ti"; DeviceUuid = "31e2eece-d5ec-116c-9438-b729831cecbf"; ECCEnabled = false; ComputeUnits = 68; NvidiaDriver = "580.119.02"; DriverVersion = 13.0; DevicePciBusId = "0000:01:00.0"; GlobalMemoryMb = 10821; MaxSupportedVersion = 13000 ]
	Memory = 20480
...
006 (013.023.000) 2026-01-17 21:15:54 Image size of job updated: 2
	0  -  MemoryUsage of job (MB)
	0  -  ResidentSetSize of job (KB)
...
005 (013.023.000) 2026-01-17 21:15:54 Job terminated.
	(1) Normal termination (return value 0)
		Usr 0 00:00:02, Sys 0 00:00:00  -  Run Remote Usage
		Usr 0 00:00:00, Sys 0 00:00:00  -  Run Local Usage
		Usr 0 00:00:02, Sys 0 00:00:00  -  Total Remote Usage
		Usr 0 00:00:00, Sys 0 00:00:00  -  Total Local Usage
	0  -  Run Bytes Sent By Job
	0  -  Run Bytes Received By Job
	0  -  Total Bytes Sent By Job
	0  -  Total Bytes Received By Job
	Partitionable Resources :    Usage  Request Allocated Assigned
	   Cpus                 :        0        8         8 
	   Disk (KB)            :        2  1048576   1048576 
	   GPUs                 :        0        1         1 "GPU-31e2eece"
	   Memory (MB)          :        0    20480     20480 
	   TimeExecute (s)      :        4                    
	   TimeSlotBusy (s)     :        4                    
...
