000 (013.004.000) 2026-01-17 07:34:35 Job submitted from host: <10.87.28.151:9618?addrs=10.87.28.151-9618&alias=brigand.esat.kuleuven.be&noUDP&sock=schedd_1447_19a1>
...
001 (013.004.000) 2026-01-17 07:34:44 Job executing on host: <10.87.24.202:9618?addrs=10.87.24.202-9618&alias=jonen.esat.kuleuven.be&noUDP&sock=startd_1716_9c9b>
	SlotName: slot1_1@jonen.esat.kuleuven.be
	AvailableGPUs = { GPUs_GPU_f4bfe55c }
	CondorScratchDir = "/usr/data/condor/execute/dir_1760225/scratch"
	Cpus = 8
	Disk = 1048576
	GPUs = 1
	GPUs_GPU_f4bfe55c = [ Id = "GPU-f4bfe55c"; ClockMhz = 1582.0; Capability = 6.1; CoresPerCU = 128; DeviceName = "NVIDIA GeForce GTX 1080 Ti"; DeviceUuid = "f4bfe55c-b016-df0f-5060-2bb781a178b3"; ECCEnabled = false; ComputeUnits = 28; NvidiaDriver = "580.119.02"; DriverVersion = 13.0; DevicePciBusId = "0000:17:00.0"; GlobalMemoryMb = 11165; MaxSupportedVersion = 13000 ]
	Memory = 20480
...
006 (013.004.000) 2026-01-17 07:34:52 Image size of job updated: 28072
	28  -  MemoryUsage of job (MB)
	28072  -  ResidentSetSize of job (KB)
...
006 (013.004.000) 2026-01-17 07:35:31 Image size of job updated: 414540
	28  -  MemoryUsage of job (MB)
	28072  -  ResidentSetSize of job (KB)
...
005 (013.004.000) 2026-01-17 07:35:31 Job terminated.
	(1) Normal termination (return value 0)
		Usr 0 00:00:08, Sys 0 00:00:01  -  Run Remote Usage
		Usr 0 00:00:00, Sys 0 00:00:00  -  Run Local Usage
		Usr 0 00:00:08, Sys 0 00:00:01  -  Total Remote Usage
		Usr 0 00:00:00, Sys 0 00:00:00  -  Total Local Usage
	0  -  Run Bytes Sent By Job
	0  -  Run Bytes Received By Job
	0  -  Total Bytes Sent By Job
	0  -  Total Bytes Received By Job
	Partitionable Resources :    Usage  Request Allocated Assigned
	   Cpus                 :        0        8         8 
	   Disk (KB)            :        2  1048576   1048576 
	   GPUs                 :                 1         1 "GPU-f4bfe55c"
	   Memory (MB)          :       28    20480     20480 
	   TimeExecute (s)      :       47                    
	   TimeSlotBusy (s)     :       48                    
...
000 (013.004.000) 2026-01-17 20:58:56 Job submitted from host: <10.87.28.129:9618?addrs=10.87.28.129-9618&alias=timmermans.esat.kuleuven.be&noUDP&sock=schedd_1428_1154>
...
001 (013.004.000) 2026-01-17 21:14:44 Job executing on host: <10.87.24.163:9618?addrs=10.87.24.163-9618&alias=beryl.esat.kuleuven.be&noUDP&sock=startd_1540_e3f0>
	SlotName: slot1_1@beryl.esat.kuleuven.be
	AvailableGPUs = { GPUs_GPU_54591b30 }
	CondorScratchDir = "/usr/data/condor/execute/dir_1234254/scratch"
	Cpus = 8
	Disk = 1048576
	GPUs = 1
	GPUs_GPU_54591b30 = [ Id = "GPU-54591b30"; ClockMhz = 1531.0; Capability = 6.1; CoresPerCU = 128; DeviceName = "NVIDIA TITAN X (Pascal)"; DeviceUuid = "54591b30-4653-07bf-bc2d-66e32287465f"; ECCEnabled = false; ComputeUnits = 28; NvidiaDriver = "580.119.02"; DriverVersion = 13.0; DevicePciBusId = "0000:01:00.0"; GlobalMemoryMb = 12183; MaxSupportedVersion = 13000 ]
	Memory = 20480
...
006 (013.004.000) 2026-01-17 21:14:53 Image size of job updated: 51268
	51  -  MemoryUsage of job (MB)
	51268  -  ResidentSetSize of job (KB)
...
006 (013.004.000) 2026-01-17 21:15:17 Image size of job updated: 417212
	51  -  MemoryUsage of job (MB)
	51268  -  ResidentSetSize of job (KB)
...
005 (013.004.000) 2026-01-17 21:15:17 Job terminated.
	(1) Normal termination (return value 0)
		Usr 0 00:00:06, Sys 0 00:00:01  -  Run Remote Usage
		Usr 0 00:00:00, Sys 0 00:00:00  -  Run Local Usage
		Usr 0 00:00:06, Sys 0 00:00:01  -  Total Remote Usage
		Usr 0 00:00:00, Sys 0 00:00:00  -  Total Local Usage
	0  -  Run Bytes Sent By Job
	0  -  Run Bytes Received By Job
	0  -  Total Bytes Sent By Job
	0  -  Total Bytes Received By Job
	Partitionable Resources :    Usage  Request Allocated Assigned
	   Cpus                 :        0        8         8 
	   Disk (KB)            :        2  1048576   1048576 
	   GPUs                 :                 1         1 "GPU-54591b30"
	   Memory (MB)          :       51    20480     20480 
	   TimeExecute (s)      :       33                    
	   TimeSlotBusy (s)     :       33                    
...
