000 (013.007.000) 2026-01-17 07:34:35 Job submitted from host: <10.87.28.151:9618?addrs=10.87.28.151-9618&alias=brigand.esat.kuleuven.be&noUDP&sock=schedd_1447_19a1>
...
001 (013.007.000) 2026-01-17 07:34:46 Job executing on host: <10.87.24.202:9618?addrs=10.87.24.202-9618&alias=jonen.esat.kuleuven.be&noUDP&sock=startd_1716_9c9b>
	SlotName: slot1_2@jonen.esat.kuleuven.be
	AvailableGPUs = { GPUs_GPU_1b85598f }
	CondorScratchDir = "/usr/data/condor/execute/dir_1760279/scratch"
	Cpus = 8
	Disk = 1048576
	GPUs = 1
	GPUs_GPU_1b85598f = [ Id = "GPU-1b85598f"; ClockMhz = 1582.0; Capability = 6.1; CoresPerCU = 128; DeviceName = "NVIDIA GeForce GTX 1080 Ti"; DeviceUuid = "1b85598f-69e1-ba6f-278f-1b78a8a42bcd"; ECCEnabled = false; ComputeUnits = 28; NvidiaDriver = "580.119.02"; DriverVersion = 13.0; DevicePciBusId = "0000:65:00.0"; GlobalMemoryMb = 11165; MaxSupportedVersion = 13000 ]
	Memory = 20480
...
006 (013.007.000) 2026-01-17 07:34:54 Image size of job updated: 39516
	39  -  MemoryUsage of job (MB)
	39516  -  ResidentSetSize of job (KB)
...
006 (013.007.000) 2026-01-17 07:35:31 Image size of job updated: 414564
	39  -  MemoryUsage of job (MB)
	39516  -  ResidentSetSize of job (KB)
...
005 (013.007.000) 2026-01-17 07:35:31 Job terminated.
	(1) Normal termination (return value 0)
		Usr 0 00:00:07, Sys 0 00:00:01  -  Run Remote Usage
		Usr 0 00:00:00, Sys 0 00:00:00  -  Run Local Usage
		Usr 0 00:00:07, Sys 0 00:00:01  -  Total Remote Usage
		Usr 0 00:00:00, Sys 0 00:00:00  -  Total Local Usage
	0  -  Run Bytes Sent By Job
	0  -  Run Bytes Received By Job
	0  -  Total Bytes Sent By Job
	0  -  Total Bytes Received By Job
	Partitionable Resources :    Usage  Request Allocated Assigned
	   Cpus                 :        0        8         8 
	   Disk (KB)            :        2  1048576   1048576 
	   GPUs                 :        0        1         1 "GPU-1b85598f"
	   GpusMemory (MB)      :      103                    
	   Memory (MB)          :       39    20480     20480 
	   TimeExecute (s)      :       45                    
	   TimeSlotBusy (s)     :       45                    
...
000 (013.007.000) 2026-01-17 20:58:56 Job submitted from host: <10.87.28.129:9618?addrs=10.87.28.129-9618&alias=timmermans.esat.kuleuven.be&noUDP&sock=schedd_1428_1154>
...
001 (013.007.000) 2026-01-17 21:14:45 Job executing on host: <10.87.24.4:9618?addrs=10.87.24.4-9618&alias=aristoteles.esat.kuleuven.be&noUDP&sock=startd_2572_c1ad>
	SlotName: slot1_5@aristoteles.esat.kuleuven.be
	AvailableGPUs = { GPUs_GPU_29b43285 }
	CondorScratchDir = "/usr/data/condor/execute/dir_1977000/scratch"
	Cpus = 8
	Disk = 1048576
	GPUs = 1
	GPUs_GPU_29b43285 = [ Id = "GPU-29b43285"; ClockMhz = 1410.0; Capability = 8.0; CoresPerCU = 64; DeviceName = "NVIDIA A100-SXM4-80GB"; DeviceUuid = "29b43285-fbe3-48d9-3c76-70102400512c"; ECCEnabled = true; ComputeUnits = 108; NvidiaDriver = "580.105.08"; DriverVersion = 13.0; DevicePciBusId = "0000:CA:00.0"; GlobalMemoryMb = 81153; MaxSupportedVersion = 13000 ]
	Memory = 20480
...
006 (013.007.000) 2026-01-17 21:14:54 Image size of job updated: 869184
	849  -  MemoryUsage of job (MB)
	869184  -  ResidentSetSize of job (KB)
...
006 (013.007.000) 2026-01-17 21:19:55 Image size of job updated: 948388
	927  -  MemoryUsage of job (MB)
	948388  -  ResidentSetSize of job (KB)
...
006 (013.007.000) 2026-01-17 21:24:55 Image size of job updated: 949708
	928  -  MemoryUsage of job (MB)
	949708  -  ResidentSetSize of job (KB)
...
006 (013.007.000) 2026-01-17 21:29:56 Image size of job updated: 950292
	929  -  MemoryUsage of job (MB)
	950292  -  ResidentSetSize of job (KB)
...
006 (013.007.000) 2026-01-17 21:34:56 Image size of job updated: 950580
	929  -  MemoryUsage of job (MB)
	950580  -  ResidentSetSize of job (KB)
...
006 (013.007.000) 2026-01-17 21:39:56 Image size of job updated: 951188
	929  -  MemoryUsage of job (MB)
	951188  -  ResidentSetSize of job (KB)
...
006 (013.007.000) 2026-01-17 21:44:57 Image size of job updated: 951540
	930  -  MemoryUsage of job (MB)
	951540  -  ResidentSetSize of job (KB)
...
006 (013.007.000) 2026-01-17 21:49:57 Image size of job updated: 951788
	930  -  MemoryUsage of job (MB)
	951788  -  ResidentSetSize of job (KB)
...
006 (013.007.000) 2026-01-17 21:54:58 Image size of job updated: 952076
	930  -  MemoryUsage of job (MB)
	952076  -  ResidentSetSize of job (KB)
...
006 (013.007.000) 2026-01-17 21:59:58 Image size of job updated: 952392
	931  -  MemoryUsage of job (MB)
	952392  -  ResidentSetSize of job (KB)
...
006 (013.007.000) 2026-01-17 22:04:59 Image size of job updated: 952680
	931  -  MemoryUsage of job (MB)
	952680  -  ResidentSetSize of job (KB)
...
006 (013.007.000) 2026-01-17 22:10:00 Image size of job updated: 959880
	938  -  MemoryUsage of job (MB)
	959880  -  ResidentSetSize of job (KB)
...
006 (013.007.000) 2026-01-17 22:15:00 Image size of job updated: 960196
	938  -  MemoryUsage of job (MB)
	960196  -  ResidentSetSize of job (KB)
...
006 (013.007.000) 2026-01-17 22:20:01 Image size of job updated: 960328
	938  -  MemoryUsage of job (MB)
	960328  -  ResidentSetSize of job (KB)
...
006 (013.007.000) 2026-01-17 22:25:01 Image size of job updated: 960600
	939  -  MemoryUsage of job (MB)
	960600  -  ResidentSetSize of job (KB)
...
006 (013.007.000) 2026-01-17 22:30:03 Image size of job updated: 960744
	939  -  MemoryUsage of job (MB)
	960744  -  ResidentSetSize of job (KB)
...
006 (013.007.000) 2026-01-17 22:35:03 Image size of job updated: 960864
	939  -  MemoryUsage of job (MB)
	960744  -  ResidentSetSize of job (KB)
...
006 (013.007.000) 2026-01-17 23:05:05 Image size of job updated: 962836
	941  -  MemoryUsage of job (MB)
	962836  -  ResidentSetSize of job (KB)
...
006 (013.007.000) 2026-01-17 23:10:06 Image size of job updated: 963300
	941  -  MemoryUsage of job (MB)
	963300  -  ResidentSetSize of job (KB)
...
006 (013.007.000) 2026-01-17 23:15:06 Image size of job updated: 963304
	941  -  MemoryUsage of job (MB)
	963300  -  ResidentSetSize of job (KB)
...
006 (013.007.000) 2026-01-17 23:25:07 Image size of job updated: 963732
	942  -  MemoryUsage of job (MB)
	963732  -  ResidentSetSize of job (KB)
...
006 (013.007.000) 2026-01-17 23:35:09 Image size of job updated: 964008
	942  -  MemoryUsage of job (MB)
	964008  -  ResidentSetSize of job (KB)
...
006 (013.007.000) 2026-01-18 00:55:16 Image size of job updated: 964136
	942  -  MemoryUsage of job (MB)
	964008  -  ResidentSetSize of job (KB)
...
006 (013.007.000) 2026-01-18 01:00:17 Image size of job updated: 964136
	942  -  MemoryUsage of job (MB)
	964096  -  ResidentSetSize of job (KB)
...
006 (013.007.000) 2026-01-18 01:05:17 Image size of job updated: 964284
	942  -  MemoryUsage of job (MB)
	964284  -  ResidentSetSize of job (KB)
...
006 (013.007.000) 2026-01-18 01:10:18 Image size of job updated: 964564
	942  -  MemoryUsage of job (MB)
	964564  -  ResidentSetSize of job (KB)
...
006 (013.007.000) 2026-01-18 01:45:21 Image size of job updated: 964576
	942  -  MemoryUsage of job (MB)
	964576  -  ResidentSetSize of job (KB)
...
006 (013.007.000) 2026-01-18 01:50:21 Image size of job updated: 964684
	943  -  MemoryUsage of job (MB)
	964684  -  ResidentSetSize of job (KB)
...
006 (013.007.000) 2026-01-18 01:55:21 Image size of job updated: 964688
	943  -  MemoryUsage of job (MB)
	964688  -  ResidentSetSize of job (KB)
...
006 (013.007.000) 2026-01-18 02:00:22 Image size of job updated: 964696
	943  -  MemoryUsage of job (MB)
	964696  -  ResidentSetSize of job (KB)
...
006 (013.007.000) 2026-01-18 02:30:25 Image size of job updated: 964752
	943  -  MemoryUsage of job (MB)
	964752  -  ResidentSetSize of job (KB)
...
006 (013.007.000) 2026-01-18 02:35:26 Image size of job updated: 964772
	943  -  MemoryUsage of job (MB)
	964772  -  ResidentSetSize of job (KB)
...
006 (013.007.000) 2026-01-18 02:40:26 Image size of job updated: 964896
	943  -  MemoryUsage of job (MB)
	964772  -  ResidentSetSize of job (KB)
...
006 (013.007.000) 2026-01-18 04:35:38 Image size of job updated: 964896
	943  -  MemoryUsage of job (MB)
	964816  -  ResidentSetSize of job (KB)
...
006 (013.007.000) 2026-01-18 04:40:38 Image size of job updated: 965028
	943  -  MemoryUsage of job (MB)
	965028  -  ResidentSetSize of job (KB)
...
006 (013.007.000) 2026-01-18 04:45:38 Image size of job updated: 965032
	943  -  MemoryUsage of job (MB)
	965028  -  ResidentSetSize of job (KB)
...
006 (013.007.000) 2026-01-18 06:20:48 Image size of job updated: 977324
	943  -  MemoryUsage of job (MB)
	965432  -  ResidentSetSize of job (KB)
...
006 (013.007.000) 2026-01-18 06:25:50 Image size of job updated: 977324
	943  -  MemoryUsage of job (MB)
	965528  -  ResidentSetSize of job (KB)
...
006 (013.007.000) 2026-01-18 11:46:19 Image size of job updated: 977324
	943  -  MemoryUsage of job (MB)
	965620  -  ResidentSetSize of job (KB)
...
006 (013.007.000) 2026-01-18 14:06:32 Image size of job updated: 985024
	943  -  MemoryUsage of job (MB)
	965620  -  ResidentSetSize of job (KB)
...
006 (013.007.000) 2026-01-18 14:31:35 Image size of job updated: 985024
	944  -  MemoryUsage of job (MB)
	965664  -  ResidentSetSize of job (KB)
...
006 (013.007.000) 2026-01-18 17:11:53 Image size of job updated: 985024
	944  -  MemoryUsage of job (MB)
	966152  -  ResidentSetSize of job (KB)
...
009 (013.007.000) 2026-01-19 01:01:40 Job was aborted.
	The system macro SYSTEM_PERIODIC_REMOVE expression '(JobStatus == 5 && CurrentTime - EnteredCurrentStatus > 3600 * 24 * 30) || (JobStatus == 4 && CurrentTime - EnteredCurrentStatus > 3600 * 24 * 30) || (JobStatus == 1 && CurrentTime - EnteredCurrentStatus > 3600 * 24 * 90) || (JobStatus == 2 && (ProportionalSetSizeKb > (1024 * My.RequestMemory))) || (JobStatus == 2 && ((RemoteWallClockTime - CumulativeSuspensionTime) > My.RequestWalltime))' evaluated to TRUE
...
