000 (013.008.000) 2026-01-17 07:34:35 Job submitted from host: <10.87.28.151:9618?addrs=10.87.28.151-9618&alias=brigand.esat.kuleuven.be&noUDP&sock=schedd_1447_19a1>
...
001 (013.008.000) 2026-01-17 07:34:47 Job executing on host: <10.87.24.7:9618?addrs=10.87.24.7-9618&alias=goryu.esat.kuleuven.be&noUDP&sock=startd_1650_575b>
	SlotName: slot1_2@goryu.esat.kuleuven.be
	AvailableGPUs = { GPUs_GPU_3df9d18c }
	CondorScratchDir = "/usr/data/condor/execute/dir_85118/scratch"
	Cpus = 8
	Disk = 1048576
	GPUs = 1
	GPUs_GPU_3df9d18c = [ Id = "GPU-3df9d18c"; ClockMhz = 1582.0; Capability = 6.1; CoresPerCU = 128; DeviceName = "NVIDIA GeForce GTX 1080 Ti"; DeviceUuid = "3df9d18c-d25d-825d-b929-0026335359b3"; ECCEnabled = false; ComputeUnits = 28; NvidiaDriver = "580.119.02"; DriverVersion = 13.0; DevicePciBusId = "0000:65:00.0"; GlobalMemoryMb = 11165; MaxSupportedVersion = 13000 ]
	Memory = 20480
...
006 (013.008.000) 2026-01-17 07:34:55 Image size of job updated: 243828
	239  -  MemoryUsage of job (MB)
	243828  -  ResidentSetSize of job (KB)
...
006 (013.008.000) 2026-01-17 07:35:14 Image size of job updated: 414568
	239  -  MemoryUsage of job (MB)
	243828  -  ResidentSetSize of job (KB)
...
005 (013.008.000) 2026-01-17 07:35:14 Job terminated.
	(1) Normal termination (return value 0)
		Usr 0 00:00:07, Sys 0 00:00:01  -  Run Remote Usage
		Usr 0 00:00:00, Sys 0 00:00:00  -  Run Local Usage
		Usr 0 00:00:07, Sys 0 00:00:01  -  Total Remote Usage
		Usr 0 00:00:00, Sys 0 00:00:00  -  Total Local Usage
	0  -  Run Bytes Sent By Job
	0  -  Run Bytes Received By Job
	0  -  Total Bytes Sent By Job
	0  -  Total Bytes Received By Job
	Partitionable Resources :    Usage  Request Allocated Assigned
	   Cpus                 :        0        8         8 
	   Disk (KB)            :        2  1048576   1048576 
	   GPUs                 :                 1         1 "GPU-3df9d18c"
	   Memory (MB)          :      239    20480     20480 
	   TimeExecute (s)      :       27                    
	   TimeSlotBusy (s)     :       27                    
...
000 (013.008.000) 2026-01-17 20:58:56 Job submitted from host: <10.87.28.129:9618?addrs=10.87.28.129-9618&alias=timmermans.esat.kuleuven.be&noUDP&sock=schedd_1428_1154>
...
001 (013.008.000) 2026-01-17 21:14:46 Job executing on host: <10.87.24.113:9618?addrs=10.87.24.113-9618&alias=realgar.esat.kuleuven.be&noUDP&sock=startd_1667_0077>
	SlotName: slot1_1@realgar.esat.kuleuven.be
	AvailableGPUs = { GPUs_GPU_0904e76e }
	CondorScratchDir = "/usr/data/condor/execute/dir_4193960/scratch"
	Cpus = 8
	Disk = 1048576
	GPUs = 1
	GPUs_GPU_0904e76e = [ Id = "GPU-0904e76e"; ClockMhz = 1455.0; Capability = 7.0; CoresPerCU = 64; DeviceName = "NVIDIA TITAN V"; DeviceUuid = "0904e76e-43a5-635c-20e9-b7419049b865"; ECCEnabled = false; ComputeUnits = 80; NvidiaDriver = "580.119.02"; DriverVersion = 13.0; DevicePciBusId = "0000:01:00.0"; GlobalMemoryMb = 12047; MaxSupportedVersion = 13000 ]
	Memory = 20480
...
006 (013.008.000) 2026-01-17 21:14:55 Image size of job updated: 394648
	386  -  MemoryUsage of job (MB)
	394648  -  ResidentSetSize of job (KB)
...
006 (013.008.000) 2026-01-17 21:19:56 Image size of job updated: 898756
	878  -  MemoryUsage of job (MB)
	898756  -  ResidentSetSize of job (KB)
...
006 (013.008.000) 2026-01-17 21:24:56 Image size of job updated: 921488
	879  -  MemoryUsage of job (MB)
	899624  -  ResidentSetSize of job (KB)
...
006 (013.008.000) 2026-01-17 21:29:57 Image size of job updated: 921488
	879  -  MemoryUsage of job (MB)
	899956  -  ResidentSetSize of job (KB)
...
006 (013.008.000) 2026-01-17 21:34:57 Image size of job updated: 921488
	880  -  MemoryUsage of job (MB)
	900372  -  ResidentSetSize of job (KB)
...
006 (013.008.000) 2026-01-17 21:39:57 Image size of job updated: 921488
	880  -  MemoryUsage of job (MB)
	900636  -  ResidentSetSize of job (KB)
...
006 (013.008.000) 2026-01-17 21:44:58 Image size of job updated: 921488
	881  -  MemoryUsage of job (MB)
	901236  -  ResidentSetSize of job (KB)
...
006 (013.008.000) 2026-01-17 21:49:58 Image size of job updated: 921488
	881  -  MemoryUsage of job (MB)
	901528  -  ResidentSetSize of job (KB)
...
006 (013.008.000) 2026-01-17 21:54:59 Image size of job updated: 921488
	881  -  MemoryUsage of job (MB)
	901792  -  ResidentSetSize of job (KB)
...
006 (013.008.000) 2026-01-17 22:00:00 Image size of job updated: 921488
	882  -  MemoryUsage of job (MB)
	902160  -  ResidentSetSize of job (KB)
...
006 (013.008.000) 2026-01-17 22:05:00 Image size of job updated: 921488
	882  -  MemoryUsage of job (MB)
	902512  -  ResidentSetSize of job (KB)
...
006 (013.008.000) 2026-01-17 22:10:01 Image size of job updated: 921488
	882  -  MemoryUsage of job (MB)
	902820  -  ResidentSetSize of job (KB)
...
006 (013.008.000) 2026-01-17 22:15:01 Image size of job updated: 921488
	889  -  MemoryUsage of job (MB)
	909536  -  ResidentSetSize of job (KB)
...
006 (013.008.000) 2026-01-17 22:20:01 Image size of job updated: 926152
	889  -  MemoryUsage of job (MB)
	909536  -  ResidentSetSize of job (KB)
...
006 (013.008.000) 2026-01-17 22:25:02 Image size of job updated: 926152
	889  -  MemoryUsage of job (MB)
	909564  -  ResidentSetSize of job (KB)
...
006 (013.008.000) 2026-01-17 22:30:02 Image size of job updated: 926152
	889  -  MemoryUsage of job (MB)
	909808  -  ResidentSetSize of job (KB)
...
006 (013.008.000) 2026-01-17 22:35:03 Image size of job updated: 926152
	889  -  MemoryUsage of job (MB)
	909928  -  ResidentSetSize of job (KB)
...
006 (013.008.000) 2026-01-17 23:10:06 Image size of job updated: 926152
	892  -  MemoryUsage of job (MB)
	913136  -  ResidentSetSize of job (KB)
...
006 (013.008.000) 2026-01-17 23:15:07 Image size of job updated: 926152
	892  -  MemoryUsage of job (MB)
	913140  -  ResidentSetSize of job (KB)
...
006 (013.008.000) 2026-01-17 23:25:08 Image size of job updated: 926152
	892  -  MemoryUsage of job (MB)
	913160  -  ResidentSetSize of job (KB)
...
006 (013.008.000) 2026-01-17 23:30:09 Image size of job updated: 926152
	892  -  MemoryUsage of job (MB)
	913168  -  ResidentSetSize of job (KB)
...
006 (013.008.000) 2026-01-17 23:35:09 Image size of job updated: 926152
	892  -  MemoryUsage of job (MB)
	913180  -  ResidentSetSize of job (KB)
...
006 (013.008.000) 2026-01-18 01:10:19 Image size of job updated: 926152
	894  -  MemoryUsage of job (MB)
	915092  -  ResidentSetSize of job (KB)
...
004 (013.008.000) 2026-01-18 10:12:09 Job was evicted. Code 1005 Subcode 0
	(0) CPU times
		Usr 0 12:47:32, Sys 0 00:04:47  -  Run Remote Usage
		Usr 0 00:00:00, Sys 0 00:00:00  -  Run Local Usage
	0  -  Run Bytes Sent By Job
	0  -  Run Bytes Received By Job
	Reason: Unspecified job interruption
	Partitionable Resources :    Usage  Request Allocated Assigned
	   Cpus                 :     0.99        8         8 
	   Disk (KB)            :     2     1048576   1048576 
	   GPUs                 :     0.24        1         1 "GPU-0904e76e"
	   GpusMemory (MB)      :  1282                       
	   Memory (MB)          :   894       20480     20480 
	   TimeExecute (s)      : 46643                       
	   TimeSlotBusy (s)     : 46643                       
...
021 (013.008.000) 2026-01-18 10:16:10 Error from starter on slot1_1@kunzite.esat.kuleuven.be:
	Failed to create scratch dir
	Code 1024 Subcode 0
...
004 (013.008.000) 2026-01-18 10:16:10 Job was evicted. Code 1024 Subcode 0
	(0) CPU times
		Usr 0 00:00:00, Sys 0 00:00:00  -  Run Remote Usage
		Usr 0 00:00:00, Sys 0 00:00:00  -  Run Local Usage
	0  -  Run Bytes Sent By Job
	0  -  Run Bytes Received By Job
	Reason: Error from slot1_1@kunzite.esat.kuleuven.be: Failed to create scratch dir
	Partitionable Resources :    Usage  Request Allocated Assigned
	   Cpus                 :     0.99        8         8 
	   Disk (KB)            :     2     1048576   1048576 
	   GPUs                 :     0.24        1         1 "GPU-0904e76e"
	   GpusMemory (MB)      :  1282                       
	   Memory (MB)          :   977       20480     20480 
	   TimeExecute (s)      : 46643                       
	   TimeSlotBusy (s)     : 46643                       
...
021 (013.008.000) 2026-01-18 10:17:09 Error from starter on slot1_1@kunzite.esat.kuleuven.be:
	Failed to create scratch dir
	Code 1024 Subcode 0
...
004 (013.008.000) 2026-01-18 10:17:09 Job was evicted. Code 1024 Subcode 0
	(0) CPU times
		Usr 0 00:00:00, Sys 0 00:00:00  -  Run Remote Usage
		Usr 0 00:00:00, Sys 0 00:00:00  -  Run Local Usage
	0  -  Run Bytes Sent By Job
	0  -  Run Bytes Received By Job
	Reason: Error from slot1_1@kunzite.esat.kuleuven.be: Failed to create scratch dir
	Partitionable Resources :    Usage  Request Allocated Assigned
	   Cpus                 :     0.99        8         8 
	   Disk (KB)            :     2     1048576   1048576 
	   GPUs                 :     0.24        1         1 "GPU-0904e76e"
	   GpusMemory (MB)      :  1282                       
	   Memory (MB)          :   977       20480     20480 
	   TimeExecute (s)      : 46643                       
	   TimeSlotBusy (s)     : 46643                       
...
021 (013.008.000) 2026-01-18 10:18:10 Error from starter on slot1_1@kunzite.esat.kuleuven.be:
	Failed to create scratch dir
	Code 1024 Subcode 0
...
004 (013.008.000) 2026-01-18 10:18:10 Job was evicted. Code 1024 Subcode 0
	(0) CPU times
		Usr 0 00:00:00, Sys 0 00:00:00  -  Run Remote Usage
		Usr 0 00:00:00, Sys 0 00:00:00  -  Run Local Usage
	0  -  Run Bytes Sent By Job
	0  -  Run Bytes Received By Job
	Reason: Error from slot1_1@kunzite.esat.kuleuven.be: Failed to create scratch dir
	Partitionable Resources :    Usage  Request Allocated Assigned
	   Cpus                 :     0.99        8         8 
	   Disk (KB)            :     2     1048576   1048576 
	   GPUs                 :     0.24        1         1 "GPU-0904e76e"
	   GpusMemory (MB)      :  1282                       
	   Memory (MB)          :   977       20480     20480 
	   TimeExecute (s)      : 46643                       
	   TimeSlotBusy (s)     : 46643                       
...
021 (013.008.000) 2026-01-18 10:19:09 Error from starter on slot1_1@kunzite.esat.kuleuven.be:
	Failed to create scratch dir
	Code 1024 Subcode 0
...
004 (013.008.000) 2026-01-18 10:19:09 Job was evicted. Code 1024 Subcode 0
	(0) CPU times
		Usr 0 00:00:00, Sys 0 00:00:00  -  Run Remote Usage
		Usr 0 00:00:00, Sys 0 00:00:00  -  Run Local Usage
	0  -  Run Bytes Sent By Job
	0  -  Run Bytes Received By Job
	Reason: Error from slot1_1@kunzite.esat.kuleuven.be: Failed to create scratch dir
	Partitionable Resources :    Usage  Request Allocated Assigned
	   Cpus                 :     0.99        8         8 
	   Disk (KB)            :     2     1048576   1048576 
	   GPUs                 :     0.24        1         1 "GPU-0904e76e"
	   GpusMemory (MB)      :  1282                       
	   Memory (MB)          :   977       20480     20480 
	   TimeExecute (s)      : 46643                       
	   TimeSlotBusy (s)     : 46643                       
...
021 (013.008.000) 2026-01-18 10:20:10 Error from starter on slot1_1@kunzite.esat.kuleuven.be:
	Failed to create scratch dir
	Code 1024 Subcode 0
...
004 (013.008.000) 2026-01-18 10:20:10 Job was evicted. Code 1024 Subcode 0
	(0) CPU times
		Usr 0 00:00:00, Sys 0 00:00:00  -  Run Remote Usage
		Usr 0 00:00:00, Sys 0 00:00:00  -  Run Local Usage
	0  -  Run Bytes Sent By Job
	0  -  Run Bytes Received By Job
	Reason: Error from slot1_1@kunzite.esat.kuleuven.be: Failed to create scratch dir
	Partitionable Resources :    Usage  Request Allocated Assigned
	   Cpus                 :     0.99        8         8 
	   Disk (KB)            :     2     1048576   1048576 
	   GPUs                 :     0.24        1         1 "GPU-0904e76e"
	   GpusMemory (MB)      :  1282                       
	   Memory (MB)          :   977       20480     20480 
	   TimeExecute (s)      : 46643                       
	   TimeSlotBusy (s)     : 46643                       
...
021 (013.008.000) 2026-01-18 10:21:09 Error from starter on slot1_1@kunzite.esat.kuleuven.be:
	Failed to create scratch dir
	Code 1024 Subcode 0
...
004 (013.008.000) 2026-01-18 10:21:09 Job was evicted. Code 1024 Subcode 0
	(0) CPU times
		Usr 0 00:00:00, Sys 0 00:00:00  -  Run Remote Usage
		Usr 0 00:00:00, Sys 0 00:00:00  -  Run Local Usage
	0  -  Run Bytes Sent By Job
	0  -  Run Bytes Received By Job
	Reason: Error from slot1_1@kunzite.esat.kuleuven.be: Failed to create scratch dir
	Partitionable Resources :    Usage  Request Allocated Assigned
	   Cpus                 :     0.99        8         8 
	   Disk (KB)            :     2     1048576   1048576 
	   GPUs                 :     0.24        1         1 "GPU-0904e76e"
	   GpusMemory (MB)      :  1282                       
	   Memory (MB)          :   977       20480     20480 
	   TimeExecute (s)      : 46643                       
	   TimeSlotBusy (s)     : 46643                       
...
021 (013.008.000) 2026-01-18 10:22:09 Error from starter on slot1_1@kunzite.esat.kuleuven.be:
	Failed to create scratch dir
	Code 1024 Subcode 0
...
004 (013.008.000) 2026-01-18 10:22:09 Job was evicted. Code 1024 Subcode 0
	(0) CPU times
		Usr 0 00:00:00, Sys 0 00:00:00  -  Run Remote Usage
		Usr 0 00:00:00, Sys 0 00:00:00  -  Run Local Usage
	0  -  Run Bytes Sent By Job
	0  -  Run Bytes Received By Job
	Reason: Error from slot1_1@kunzite.esat.kuleuven.be: Failed to create scratch dir
	Partitionable Resources :    Usage  Request Allocated Assigned
	   Cpus                 :     0.99        8         8 
	   Disk (KB)            :     2     1048576   1048576 
	   GPUs                 :     0.24        1         1 "GPU-0904e76e"
	   GpusMemory (MB)      :  1282                       
	   Memory (MB)          :   977       20480     20480 
	   TimeExecute (s)      : 46643                       
	   TimeSlotBusy (s)     : 46643                       
...
021 (013.008.000) 2026-01-18 10:23:10 Error from starter on slot1_1@kunzite.esat.kuleuven.be:
	Failed to create scratch dir
	Code 1024 Subcode 0
...
004 (013.008.000) 2026-01-18 10:23:10 Job was evicted. Code 1024 Subcode 0
	(0) CPU times
		Usr 0 00:00:00, Sys 0 00:00:00  -  Run Remote Usage
		Usr 0 00:00:00, Sys 0 00:00:00  -  Run Local Usage
	0  -  Run Bytes Sent By Job
	0  -  Run Bytes Received By Job
	Reason: Error from slot1_1@kunzite.esat.kuleuven.be: Failed to create scratch dir
	Partitionable Resources :    Usage  Request Allocated Assigned
	   Cpus                 :     0.99        8         8 
	   Disk (KB)            :     2     1048576   1048576 
	   GPUs                 :     0.24        1         1 "GPU-0904e76e"
	   GpusMemory (MB)      :  1282                       
	   Memory (MB)          :   977       20480     20480 
	   TimeExecute (s)      : 46643                       
	   TimeSlotBusy (s)     : 46643                       
...
021 (013.008.000) 2026-01-18 10:24:09 Error from starter on slot1_1@kunzite.esat.kuleuven.be:
	Failed to create scratch dir
	Code 1024 Subcode 0
...
004 (013.008.000) 2026-01-18 10:24:09 Job was evicted. Code 1024 Subcode 0
	(0) CPU times
		Usr 0 00:00:00, Sys 0 00:00:00  -  Run Remote Usage
		Usr 0 00:00:00, Sys 0 00:00:00  -  Run Local Usage
	0  -  Run Bytes Sent By Job
	0  -  Run Bytes Received By Job
	Reason: Error from slot1_1@kunzite.esat.kuleuven.be: Failed to create scratch dir
	Partitionable Resources :    Usage  Request Allocated Assigned
	   Cpus                 :     0.99        8         8 
	   Disk (KB)            :     2     1048576   1048576 
	   GPUs                 :     0.24        1         1 "GPU-0904e76e"
	   GpusMemory (MB)      :  1282                       
	   Memory (MB)          :   977       20480     20480 
	   TimeExecute (s)      : 46643                       
	   TimeSlotBusy (s)     : 46643                       
...
021 (013.008.000) 2026-01-18 10:25:09 Error from starter on slot1_1@kunzite.esat.kuleuven.be:
	Failed to create scratch dir
	Code 1024 Subcode 0
...
004 (013.008.000) 2026-01-18 10:25:09 Job was evicted. Code 1024 Subcode 0
	(0) CPU times
		Usr 0 00:00:00, Sys 0 00:00:00  -  Run Remote Usage
		Usr 0 00:00:00, Sys 0 00:00:00  -  Run Local Usage
	0  -  Run Bytes Sent By Job
	0  -  Run Bytes Received By Job
	Reason: Error from slot1_1@kunzite.esat.kuleuven.be: Failed to create scratch dir
	Partitionable Resources :    Usage  Request Allocated Assigned
	   Cpus                 :     0.99        8         8 
	   Disk (KB)            :     2     1048576   1048576 
	   GPUs                 :     0.24        1         1 "GPU-0904e76e"
	   GpusMemory (MB)      :  1282                       
	   Memory (MB)          :   977       20480     20480 
	   TimeExecute (s)      : 46643                       
	   TimeSlotBusy (s)     : 46643                       
...
021 (013.008.000) 2026-01-18 10:26:09 Error from starter on slot1_1@kunzite.esat.kuleuven.be:
	Failed to create scratch dir
	Code 1024 Subcode 0
...
004 (013.008.000) 2026-01-18 10:26:09 Job was evicted. Code 1024 Subcode 0
	(0) CPU times
		Usr 0 00:00:00, Sys 0 00:00:00  -  Run Remote Usage
		Usr 0 00:00:00, Sys 0 00:00:00  -  Run Local Usage
	0  -  Run Bytes Sent By Job
	0  -  Run Bytes Received By Job
	Reason: Error from slot1_1@kunzite.esat.kuleuven.be: Failed to create scratch dir
	Partitionable Resources :    Usage  Request Allocated Assigned
	   Cpus                 :     0.99        8         8 
	   Disk (KB)            :     2     1048576   1048576 
	   GPUs                 :     0.24        1         1 "GPU-0904e76e"
	   GpusMemory (MB)      :  1282                       
	   Memory (MB)          :   977       20480     20480 
	   TimeExecute (s)      : 46643                       
	   TimeSlotBusy (s)     : 46643                       
...
021 (013.008.000) 2026-01-18 10:27:10 Error from starter on slot1_1@kunzite.esat.kuleuven.be:
	Failed to create scratch dir
	Code 1024 Subcode 0
...
004 (013.008.000) 2026-01-18 10:27:10 Job was evicted. Code 1024 Subcode 0
	(0) CPU times
		Usr 0 00:00:00, Sys 0 00:00:00  -  Run Remote Usage
		Usr 0 00:00:00, Sys 0 00:00:00  -  Run Local Usage
	0  -  Run Bytes Sent By Job
	0  -  Run Bytes Received By Job
	Reason: Error from slot1_1@kunzite.esat.kuleuven.be: Failed to create scratch dir
	Partitionable Resources :    Usage  Request Allocated Assigned
	   Cpus                 :     0.99        8         8 
	   Disk (KB)            :     2     1048576   1048576 
	   GPUs                 :     0.24        1         1 "GPU-0904e76e"
	   GpusMemory (MB)      :  1282                       
	   Memory (MB)          :   977       20480     20480 
	   TimeExecute (s)      : 46643                       
	   TimeSlotBusy (s)     : 46643                       
...
021 (013.008.000) 2026-01-18 10:28:09 Error from starter on slot1_1@kunzite.esat.kuleuven.be:
	Failed to create scratch dir
	Code 1024 Subcode 0
...
004 (013.008.000) 2026-01-18 10:28:09 Job was evicted. Code 1024 Subcode 0
	(0) CPU times
		Usr 0 00:00:00, Sys 0 00:00:00  -  Run Remote Usage
		Usr 0 00:00:00, Sys 0 00:00:00  -  Run Local Usage
	0  -  Run Bytes Sent By Job
	0  -  Run Bytes Received By Job
	Reason: Error from slot1_1@kunzite.esat.kuleuven.be: Failed to create scratch dir
	Partitionable Resources :    Usage  Request Allocated Assigned
	   Cpus                 :     0.99        8         8 
	   Disk (KB)            :     2     1048576   1048576 
	   GPUs                 :     0.24        1         1 "GPU-0904e76e"
	   GpusMemory (MB)      :  1282                       
	   Memory (MB)          :   977       20480     20480 
	   TimeExecute (s)      : 46643                       
	   TimeSlotBusy (s)     : 46643                       
...
001 (013.008.000) 2026-01-18 10:30:09 Job executing on host: <10.87.24.131:9618?addrs=10.87.24.131-9618&alias=iolite.esat.kuleuven.be&noUDP&sock=startd_1448_c939>
	SlotName: slot1_1@iolite.esat.kuleuven.be
	AvailableGPUs = { GPUs_GPU_80609ff0 }
	CondorScratchDir = "/usr/data/condor/execute/dir_1613995/scratch"
	Cpus = 8
	Disk = 1048576
	GPUs = 1
	GPUs_GPU_80609ff0 = [ Id = "GPU-80609ff0"; ClockMhz = 1545.0; Capability = 7.5; CoresPerCU = 64; DeviceName = "NVIDIA GeForce RTX 2080 Ti"; DeviceUuid = "80609ff0-d905-c2d8-7c85-30e2d01a3cb8"; ECCEnabled = false; ComputeUnits = 68; NvidiaDriver = "580.119.02"; DriverVersion = 13.0; DevicePciBusId = "0000:01:00.0"; GlobalMemoryMb = 10821; MaxSupportedVersion = 13000 ]
	Memory = 20480
...
004 (013.008.000) 2026-01-18 13:13:33 Job was evicted. Code 1005 Subcode 0
	(0) CPU times
		Usr 0 02:39:52, Sys 0 00:01:30  -  Run Remote Usage
		Usr 0 00:00:00, Sys 0 00:00:00  -  Run Local Usage
	0  -  Run Bytes Sent By Job
	0  -  Run Bytes Received By Job
	Reason: Unspecified job interruption
	Partitionable Resources :    Usage  Request Allocated Assigned
	   Cpus                 :     0.99        8         8 
	   Disk (KB)            :     2     1048576   1048576 
	   GPUs                 :     0.24        1         1 "GPU-80609ff0"
	   GpusMemory (MB)      :  1159                       
	   Memory (MB)          :   977       20480     20480 
	   TimeExecute (s)      :  9804                       
	   TimeSlotBusy (s)     :  9804                       
...
021 (013.008.000) 2026-01-18 13:15:34 Error from starter on slot1_1@kunzite.esat.kuleuven.be:
	Failed to create scratch dir
	Code 1024 Subcode 0
...
004 (013.008.000) 2026-01-18 13:15:34 Job was evicted. Code 1024 Subcode 0
	(0) CPU times
		Usr 0 00:00:00, Sys 0 00:00:00  -  Run Remote Usage
		Usr 0 00:00:00, Sys 0 00:00:00  -  Run Local Usage
	0  -  Run Bytes Sent By Job
	0  -  Run Bytes Received By Job
	Reason: Error from slot1_1@kunzite.esat.kuleuven.be: Failed to create scratch dir
	Partitionable Resources :    Usage  Request Allocated Assigned
	   Cpus                 :     0.99        8         8 
	   Disk (KB)            :     2     1048576   1048576 
	   GPUs                 :     0.24        1         1 "GPU-80609ff0"
	   GpusMemory (MB)      :  1159                       
	   Memory (MB)          :   977       20480     20480 
	   TimeExecute (s)      :  9804                       
	   TimeSlotBusy (s)     :  9804                       
...
021 (013.008.000) 2026-01-18 13:16:35 Error from starter on slot1_1@kunzite.esat.kuleuven.be:
	Failed to create scratch dir
	Code 1024 Subcode 0
...
004 (013.008.000) 2026-01-18 13:16:35 Job was evicted. Code 1024 Subcode 0
	(0) CPU times
		Usr 0 00:00:00, Sys 0 00:00:00  -  Run Remote Usage
		Usr 0 00:00:00, Sys 0 00:00:00  -  Run Local Usage
	0  -  Run Bytes Sent By Job
	0  -  Run Bytes Received By Job
	Reason: Error from slot1_1@kunzite.esat.kuleuven.be: Failed to create scratch dir
	Partitionable Resources :    Usage  Request Allocated Assigned
	   Cpus                 :     0.99        8         8 
	   Disk (KB)            :     2     1048576   1048576 
	   GPUs                 :     0.24        1         1 "GPU-80609ff0"
	   GpusMemory (MB)      :  1159                       
	   Memory (MB)          :   977       20480     20480 
	   TimeExecute (s)      :  9804                       
	   TimeSlotBusy (s)     :  9804                       
...
021 (013.008.000) 2026-01-18 13:17:35 Error from starter on slot1_1@kunzite.esat.kuleuven.be:
	Failed to create scratch dir
	Code 1024 Subcode 0
...
004 (013.008.000) 2026-01-18 13:17:35 Job was evicted. Code 1024 Subcode 0
	(0) CPU times
		Usr 0 00:00:00, Sys 0 00:00:00  -  Run Remote Usage
		Usr 0 00:00:00, Sys 0 00:00:00  -  Run Local Usage
	0  -  Run Bytes Sent By Job
	0  -  Run Bytes Received By Job
	Reason: Error from slot1_1@kunzite.esat.kuleuven.be: Failed to create scratch dir
	Partitionable Resources :    Usage  Request Allocated Assigned
	   Cpus                 :     0.99        8         8 
	   Disk (KB)            :     2     1048576   1048576 
	   GPUs                 :     0.24        1         1 "GPU-80609ff0"
	   GpusMemory (MB)      :  1159                       
	   Memory (MB)          :   977       20480     20480 
	   TimeExecute (s)      :  9804                       
	   TimeSlotBusy (s)     :  9804                       
...
021 (013.008.000) 2026-01-18 13:18:34 Error from starter on slot1_1@kunzite.esat.kuleuven.be:
	Failed to create scratch dir
	Code 1024 Subcode 0
...
004 (013.008.000) 2026-01-18 13:18:34 Job was evicted. Code 1024 Subcode 0
	(0) CPU times
		Usr 0 00:00:00, Sys 0 00:00:00  -  Run Remote Usage
		Usr 0 00:00:00, Sys 0 00:00:00  -  Run Local Usage
	0  -  Run Bytes Sent By Job
	0  -  Run Bytes Received By Job
	Reason: Error from slot1_1@kunzite.esat.kuleuven.be: Failed to create scratch dir
	Partitionable Resources :    Usage  Request Allocated Assigned
	   Cpus                 :     0.99        8         8 
	   Disk (KB)            :     2     1048576   1048576 
	   GPUs                 :     0.24        1         1 "GPU-80609ff0"
	   GpusMemory (MB)      :  1159                       
	   Memory (MB)          :   977       20480     20480 
	   TimeExecute (s)      :  9804                       
	   TimeSlotBusy (s)     :  9804                       
...
021 (013.008.000) 2026-01-18 13:19:35 Error from starter on slot1_1@kunzite.esat.kuleuven.be:
	Failed to create scratch dir
	Code 1024 Subcode 0
...
004 (013.008.000) 2026-01-18 13:19:35 Job was evicted. Code 1024 Subcode 0
	(0) CPU times
		Usr 0 00:00:00, Sys 0 00:00:00  -  Run Remote Usage
		Usr 0 00:00:00, Sys 0 00:00:00  -  Run Local Usage
	0  -  Run Bytes Sent By Job
	0  -  Run Bytes Received By Job
	Reason: Error from slot1_1@kunzite.esat.kuleuven.be: Failed to create scratch dir
	Partitionable Resources :    Usage  Request Allocated Assigned
	   Cpus                 :     0.99        8         8 
	   Disk (KB)            :     2     1048576   1048576 
	   GPUs                 :     0.24        1         1 "GPU-80609ff0"
	   GpusMemory (MB)      :  1159                       
	   Memory (MB)          :   977       20480     20480 
	   TimeExecute (s)      :  9804                       
	   TimeSlotBusy (s)     :  9804                       
...
021 (013.008.000) 2026-01-18 13:20:34 Error from starter on slot1_1@kunzite.esat.kuleuven.be:
	Failed to create scratch dir
	Code 1024 Subcode 0
...
004 (013.008.000) 2026-01-18 13:20:34 Job was evicted. Code 1024 Subcode 0
	(0) CPU times
		Usr 0 00:00:00, Sys 0 00:00:00  -  Run Remote Usage
		Usr 0 00:00:00, Sys 0 00:00:00  -  Run Local Usage
	0  -  Run Bytes Sent By Job
	0  -  Run Bytes Received By Job
	Reason: Error from slot1_1@kunzite.esat.kuleuven.be: Failed to create scratch dir
	Partitionable Resources :    Usage  Request Allocated Assigned
	   Cpus                 :     0.99        8         8 
	   Disk (KB)            :     2     1048576   1048576 
	   GPUs                 :     0.24        1         1 "GPU-80609ff0"
	   GpusMemory (MB)      :  1159                       
	   Memory (MB)          :   977       20480     20480 
	   TimeExecute (s)      :  9804                       
	   TimeSlotBusy (s)     :  9804                       
...
021 (013.008.000) 2026-01-18 13:21:34 Error from starter on slot1_1@kunzite.esat.kuleuven.be:
	Failed to create scratch dir
	Code 1024 Subcode 0
...
004 (013.008.000) 2026-01-18 13:21:34 Job was evicted. Code 1024 Subcode 0
	(0) CPU times
		Usr 0 00:00:00, Sys 0 00:00:00  -  Run Remote Usage
		Usr 0 00:00:00, Sys 0 00:00:00  -  Run Local Usage
	0  -  Run Bytes Sent By Job
	0  -  Run Bytes Received By Job
	Reason: Error from slot1_1@kunzite.esat.kuleuven.be: Failed to create scratch dir
	Partitionable Resources :    Usage  Request Allocated Assigned
	   Cpus                 :     0.99        8         8 
	   Disk (KB)            :     2     1048576   1048576 
	   GPUs                 :     0.24        1         1 "GPU-80609ff0"
	   GpusMemory (MB)      :  1159                       
	   Memory (MB)          :   977       20480     20480 
	   TimeExecute (s)      :  9804                       
	   TimeSlotBusy (s)     :  9804                       
...
021 (013.008.000) 2026-01-18 13:22:35 Error from starter on slot1_1@kunzite.esat.kuleuven.be:
	Failed to create scratch dir
	Code 1024 Subcode 0
...
004 (013.008.000) 2026-01-18 13:22:35 Job was evicted. Code 1024 Subcode 0
	(0) CPU times
		Usr 0 00:00:00, Sys 0 00:00:00  -  Run Remote Usage
		Usr 0 00:00:00, Sys 0 00:00:00  -  Run Local Usage
	0  -  Run Bytes Sent By Job
	0  -  Run Bytes Received By Job
	Reason: Error from slot1_1@kunzite.esat.kuleuven.be: Failed to create scratch dir
	Partitionable Resources :    Usage  Request Allocated Assigned
	   Cpus                 :     0.99        8         8 
	   Disk (KB)            :     2     1048576   1048576 
	   GPUs                 :     0.24        1         1 "GPU-80609ff0"
	   GpusMemory (MB)      :  1159                       
	   Memory (MB)          :   977       20480     20480 
	   TimeExecute (s)      :  9804                       
	   TimeSlotBusy (s)     :  9804                       
...
021 (013.008.000) 2026-01-18 13:23:34 Error from starter on slot1_1@kunzite.esat.kuleuven.be:
	Failed to create scratch dir
	Code 1024 Subcode 0
...
004 (013.008.000) 2026-01-18 13:23:34 Job was evicted. Code 1024 Subcode 0
	(0) CPU times
		Usr 0 00:00:00, Sys 0 00:00:00  -  Run Remote Usage
		Usr 0 00:00:00, Sys 0 00:00:00  -  Run Local Usage
	0  -  Run Bytes Sent By Job
	0  -  Run Bytes Received By Job
	Reason: Error from slot1_1@kunzite.esat.kuleuven.be: Failed to create scratch dir
	Partitionable Resources :    Usage  Request Allocated Assigned
	   Cpus                 :     0.99        8         8 
	   Disk (KB)            :     2     1048576   1048576 
	   GPUs                 :     0.24        1         1 "GPU-80609ff0"
	   GpusMemory (MB)      :  1159                       
	   Memory (MB)          :   977       20480     20480 
	   TimeExecute (s)      :  9804                       
	   TimeSlotBusy (s)     :  9804                       
...
021 (013.008.000) 2026-01-18 13:24:34 Error from starter on slot1_1@kunzite.esat.kuleuven.be:
	Failed to create scratch dir
	Code 1024 Subcode 0
...
004 (013.008.000) 2026-01-18 13:24:34 Job was evicted. Code 1024 Subcode 0
	(0) CPU times
		Usr 0 00:00:00, Sys 0 00:00:00  -  Run Remote Usage
		Usr 0 00:00:00, Sys 0 00:00:00  -  Run Local Usage
	0  -  Run Bytes Sent By Job
	0  -  Run Bytes Received By Job
	Reason: Error from slot1_1@kunzite.esat.kuleuven.be: Failed to create scratch dir
	Partitionable Resources :    Usage  Request Allocated Assigned
	   Cpus                 :     0.99        8         8 
	   Disk (KB)            :     2     1048576   1048576 
	   GPUs                 :     0.24        1         1 "GPU-80609ff0"
	   GpusMemory (MB)      :  1159                       
	   Memory (MB)          :   977       20480     20480 
	   TimeExecute (s)      :  9804                       
	   TimeSlotBusy (s)     :  9804                       
...
021 (013.008.000) 2026-01-18 13:25:34 Error from starter on slot1_1@kunzite.esat.kuleuven.be:
	Failed to create scratch dir
	Code 1024 Subcode 0
...
004 (013.008.000) 2026-01-18 13:25:34 Job was evicted. Code 1024 Subcode 0
	(0) CPU times
		Usr 0 00:00:00, Sys 0 00:00:00  -  Run Remote Usage
		Usr 0 00:00:00, Sys 0 00:00:00  -  Run Local Usage
	0  -  Run Bytes Sent By Job
	0  -  Run Bytes Received By Job
	Reason: Error from slot1_1@kunzite.esat.kuleuven.be: Failed to create scratch dir
	Partitionable Resources :    Usage  Request Allocated Assigned
	   Cpus                 :     0.99        8         8 
	   Disk (KB)            :     2     1048576   1048576 
	   GPUs                 :     0.24        1         1 "GPU-80609ff0"
	   GpusMemory (MB)      :  1159                       
	   Memory (MB)          :   977       20480     20480 
	   TimeExecute (s)      :  9804                       
	   TimeSlotBusy (s)     :  9804                       
...
021 (013.008.000) 2026-01-18 13:26:34 Error from starter on slot1_1@kunzite.esat.kuleuven.be:
	Failed to create scratch dir
	Code 1024 Subcode 0
...
004 (013.008.000) 2026-01-18 13:26:34 Job was evicted. Code 1024 Subcode 0
	(0) CPU times
		Usr 0 00:00:00, Sys 0 00:00:00  -  Run Remote Usage
		Usr 0 00:00:00, Sys 0 00:00:00  -  Run Local Usage
	0  -  Run Bytes Sent By Job
	0  -  Run Bytes Received By Job
	Reason: Error from slot1_1@kunzite.esat.kuleuven.be: Failed to create scratch dir
	Partitionable Resources :    Usage  Request Allocated Assigned
	   Cpus                 :     0.99        8         8 
	   Disk (KB)            :     2     1048576   1048576 
	   GPUs                 :     0.24        1         1 "GPU-80609ff0"
	   GpusMemory (MB)      :  1159                       
	   Memory (MB)          :   977       20480     20480 
	   TimeExecute (s)      :  9804                       
	   TimeSlotBusy (s)     :  9804                       
...
021 (013.008.000) 2026-01-18 13:28:34 Error from starter on slot1_1@kunzite.esat.kuleuven.be:
	Failed to create scratch dir
	Code 1024 Subcode 0
...
004 (013.008.000) 2026-01-18 13:28:34 Job was evicted. Code 1024 Subcode 0
	(0) CPU times
		Usr 0 00:00:00, Sys 0 00:00:00  -  Run Remote Usage
		Usr 0 00:00:00, Sys 0 00:00:00  -  Run Local Usage
	0  -  Run Bytes Sent By Job
	0  -  Run Bytes Received By Job
	Reason: Error from slot1_1@kunzite.esat.kuleuven.be: Failed to create scratch dir
	Partitionable Resources :    Usage  Request Allocated Assigned
	   Cpus                 :     0.99        8         8 
	   Disk (KB)            :     2     1048576   1048576 
	   GPUs                 :     0.24        1         1 "GPU-80609ff0"
	   GpusMemory (MB)      :  1159                       
	   Memory (MB)          :   977       20480     20480 
	   TimeExecute (s)      :  9804                       
	   TimeSlotBusy (s)     :  9804                       
...
021 (013.008.000) 2026-01-18 13:30:35 Error from starter on slot1_1@kunzite.esat.kuleuven.be:
	Failed to create scratch dir
	Code 1024 Subcode 0
...
004 (013.008.000) 2026-01-18 13:30:35 Job was evicted. Code 1024 Subcode 0
	(0) CPU times
		Usr 0 00:00:00, Sys 0 00:00:00  -  Run Remote Usage
		Usr 0 00:00:00, Sys 0 00:00:00  -  Run Local Usage
	0  -  Run Bytes Sent By Job
	0  -  Run Bytes Received By Job
	Reason: Error from slot1_1@kunzite.esat.kuleuven.be: Failed to create scratch dir
	Partitionable Resources :    Usage  Request Allocated Assigned
	   Cpus                 :     0.99        8         8 
	   Disk (KB)            :     2     1048576   1048576 
	   GPUs                 :     0.24        1         1 "GPU-80609ff0"
	   GpusMemory (MB)      :  1159                       
	   Memory (MB)          :   977       20480     20480 
	   TimeExecute (s)      :  9804                       
	   TimeSlotBusy (s)     :  9804                       
...
021 (013.008.000) 2026-01-18 13:31:34 Error from starter on slot1_1@kunzite.esat.kuleuven.be:
	Failed to create scratch dir
	Code 1024 Subcode 0
...
004 (013.008.000) 2026-01-18 13:31:34 Job was evicted. Code 1024 Subcode 0
	(0) CPU times
		Usr 0 00:00:00, Sys 0 00:00:00  -  Run Remote Usage
		Usr 0 00:00:00, Sys 0 00:00:00  -  Run Local Usage
	0  -  Run Bytes Sent By Job
	0  -  Run Bytes Received By Job
	Reason: Error from slot1_1@kunzite.esat.kuleuven.be: Failed to create scratch dir
	Partitionable Resources :    Usage  Request Allocated Assigned
	   Cpus                 :     0.99        8         8 
	   Disk (KB)            :     2     1048576   1048576 
	   GPUs                 :     0.24        1         1 "GPU-80609ff0"
	   GpusMemory (MB)      :  1159                       
	   Memory (MB)          :   977       20480     20480 
	   TimeExecute (s)      :  9804                       
	   TimeSlotBusy (s)     :  9804                       
...
021 (013.008.000) 2026-01-18 13:32:35 Error from starter on slot1_1@kunzite.esat.kuleuven.be:
	Failed to create scratch dir
	Code 1024 Subcode 0
...
004 (013.008.000) 2026-01-18 13:32:35 Job was evicted. Code 1024 Subcode 0
	(0) CPU times
		Usr 0 00:00:00, Sys 0 00:00:00  -  Run Remote Usage
		Usr 0 00:00:00, Sys 0 00:00:00  -  Run Local Usage
	0  -  Run Bytes Sent By Job
	0  -  Run Bytes Received By Job
	Reason: Error from slot1_1@kunzite.esat.kuleuven.be: Failed to create scratch dir
	Partitionable Resources :    Usage  Request Allocated Assigned
	   Cpus                 :     0.99        8         8 
	   Disk (KB)            :     2     1048576   1048576 
	   GPUs                 :     0.24        1         1 "GPU-80609ff0"
	   GpusMemory (MB)      :  1159                       
	   Memory (MB)          :   977       20480     20480 
	   TimeExecute (s)      :  9804                       
	   TimeSlotBusy (s)     :  9804                       
...
021 (013.008.000) 2026-01-18 13:33:09 Error from starter on slot1_1@kunzite.esat.kuleuven.be:
	Failed to create scratch dir
	Code 1024 Subcode 0
...
004 (013.008.000) 2026-01-18 13:33:09 Job was evicted. Code 1024 Subcode 0
	(0) CPU times
		Usr 0 00:00:00, Sys 0 00:00:00  -  Run Remote Usage
		Usr 0 00:00:00, Sys 0 00:00:00  -  Run Local Usage
	0  -  Run Bytes Sent By Job
	0  -  Run Bytes Received By Job
	Reason: Error from slot1_1@kunzite.esat.kuleuven.be: Failed to create scratch dir
	Partitionable Resources :    Usage  Request Allocated Assigned
	   Cpus                 :     0.99        8         8 
	   Disk (KB)            :     2     1048576   1048576 
	   GPUs                 :     0.24        1         1 "GPU-80609ff0"
	   GpusMemory (MB)      :  1159                       
	   Memory (MB)          :   977       20480     20480 
	   TimeExecute (s)      :  9804                       
	   TimeSlotBusy (s)     :  9804                       
...
021 (013.008.000) 2026-01-18 13:34:08 Error from starter on slot1_1@kunzite.esat.kuleuven.be:
	Failed to create scratch dir
	Code 1024 Subcode 0
...
004 (013.008.000) 2026-01-18 13:34:08 Job was evicted. Code 1024 Subcode 0
	(0) CPU times
		Usr 0 00:00:00, Sys 0 00:00:00  -  Run Remote Usage
		Usr 0 00:00:00, Sys 0 00:00:00  -  Run Local Usage
	0  -  Run Bytes Sent By Job
	0  -  Run Bytes Received By Job
	Reason: Error from slot1_1@kunzite.esat.kuleuven.be: Failed to create scratch dir
	Partitionable Resources :    Usage  Request Allocated Assigned
	   Cpus                 :     0.99        8         8 
	   Disk (KB)            :     2     1048576   1048576 
	   GPUs                 :     0.24        1         1 "GPU-80609ff0"
	   GpusMemory (MB)      :  1159                       
	   Memory (MB)          :   977       20480     20480 
	   TimeExecute (s)      :  9804                       
	   TimeSlotBusy (s)     :  9804                       
...
001 (013.008.000) 2026-01-18 13:35:09 Job executing on host: <10.87.24.130:9618?addrs=10.87.24.130-9618&alias=hematite.esat.kuleuven.be&noUDP&sock=startd_1494_5694>
	SlotName: slot1_1@hematite.esat.kuleuven.be
	AvailableGPUs = { GPUs_GPU_787d0d0e }
	CondorScratchDir = "/usr/data/condor/execute/dir_301221/scratch"
	Cpus = 8
	Disk = 1048576
	GPUs = 1
	GPUs_GPU_787d0d0e = [ Id = "GPU-787d0d0e"; ClockMhz = 1770.0; Capability = 7.5; CoresPerCU = 64; DeviceName = "NVIDIA TITAN RTX"; DeviceUuid = "787d0d0e-3d6d-1bda-8204-741fb672d243"; ECCEnabled = false; ComputeUnits = 72; NvidiaDriver = "580.119.02"; DriverVersion = 13.0; DevicePciBusId = "0000:01:00.0"; GlobalMemoryMb = 24023; MaxSupportedVersion = 13000 ]
	Memory = 20480
...
009 (013.008.000) 2026-01-19 01:41:24 Job was aborted.
	The system macro SYSTEM_PERIODIC_REMOVE expression '(JobStatus == 5 && CurrentTime - EnteredCurrentStatus > 3600 * 24 * 30) || (JobStatus == 4 && CurrentTime - EnteredCurrentStatus > 3600 * 24 * 30) || (JobStatus == 1 && CurrentTime - EnteredCurrentStatus > 3600 * 24 * 90) || (JobStatus == 2 && (ProportionalSetSizeKb > (1024 * My.RequestMemory))) || (JobStatus == 2 && ((RemoteWallClockTime - CumulativeSuspensionTime) > My.RequestWalltime))' evaluated to TRUE
...
