000 (014.012.000) 2026-01-17 07:34:39 Job submitted from host: <10.87.28.151:9618?addrs=10.87.28.151-9618&alias=brigand.esat.kuleuven.be&noUDP&sock=schedd_1447_19a1>
...
001 (014.012.000) 2026-01-17 07:35:55 Job executing on host: <10.87.24.51:9618?addrs=10.87.24.51-9618&alias=spchcl18.esat.kuleuven.be&noUDP&sock=startd_1663_4216>
	SlotName: slot1_1@spchcl18.esat.kuleuven.be
	AvailableGPUs = { GPUs_GPU_033cd40b }
	CondorScratchDir = "/volume1/condor/execute/dir_1074660/scratch"
	Cpus = 8
	Disk = 1048576
	GPUs = 1
	GPUs_GPU_033cd40b = [ Id = "GPU-033cd40b"; ClockMhz = 1683.0; Capability = 6.1; CoresPerCU = 128; DeviceName = "NVIDIA GeForce GTX 1070"; DeviceUuid = "033cd40b-9fee-8083-f118-6cc71a219b74"; ECCEnabled = false; ComputeUnits = 15; NvidiaDriver = "535.183.01"; DriverVersion = 12.2; DevicePciBusId = "0000:02:00.0"; GlobalMemoryMb = 8114; MaxSupportedVersion = 12020 ]
	Memory = 20480
...
006 (014.012.000) 2026-01-17 07:36:03 Image size of job updated: 320488
	313  -  MemoryUsage of job (MB)
	320488  -  ResidentSetSize of job (KB)
...
006 (014.012.000) 2026-01-17 07:36:04 Image size of job updated: 320508
	313  -  MemoryUsage of job (MB)
	320508  -  ResidentSetSize of job (KB)
...
005 (014.012.000) 2026-01-17 07:36:04 Job terminated.
	(1) Normal termination (return value 0)
		Usr 0 00:00:07, Sys 0 00:00:01  -  Run Remote Usage
		Usr 0 00:00:00, Sys 0 00:00:00  -  Run Local Usage
		Usr 0 00:00:07, Sys 0 00:00:01  -  Total Remote Usage
		Usr 0 00:00:00, Sys 0 00:00:00  -  Total Local Usage
	0  -  Run Bytes Sent By Job
	0  -  Run Bytes Received By Job
	0  -  Total Bytes Sent By Job
	0  -  Total Bytes Received By Job
	Partitionable Resources :    Usage  Request Allocated Assigned
	   Cpus                 :        0        8         8 
	   Disk (KB)            :        2  1048576   1048576 
	   GPUs                 :        0        1         1 "GPU-033cd40b"
	   Memory (MB)          :      313    20480     20480 
	   TimeExecute (s)      :        9                    
	   TimeSlotBusy (s)     :        9                    
...
