000 (015.002.000) 2026-01-17 07:38:13 Job submitted from host: <10.87.28.151:9618?addrs=10.87.28.151-9618&alias=brigand.esat.kuleuven.be&noUDP&sock=schedd_1447_19a1>
...
001 (015.002.000) 2026-01-17 07:38:25 Job executing on host: <10.87.24.127:9618?addrs=10.87.24.127-9618&alias=fluorite.esat.kuleuven.be&noUDP&sock=startd_1437_3daf>
	SlotName: slot1_1@fluorite.esat.kuleuven.be
	AvailableGPUs = { GPUs_GPU_8c10781f }
	CondorScratchDir = "/usr/data/condor/execute/dir_1229055/scratch"
	Cpus = 8
	Disk = 1048576
	GPUs = 1
	GPUs_GPU_8c10781f = [ Id = "GPU-8c10781f"; ClockMhz = 1531.0; Capability = 6.1; CoresPerCU = 128; DeviceName = "NVIDIA TITAN X (Pascal)"; DeviceUuid = "8c10781f-2e64-8918-ad0e-ea524e3c98c9"; ECCEnabled = false; ComputeUnits = 28; NvidiaDriver = "580.119.02"; DriverVersion = 13.0; DevicePciBusId = "0000:01:00.0"; GlobalMemoryMb = 12183; MaxSupportedVersion = 13000 ]
	Memory = 20480
...
006 (015.002.000) 2026-01-17 07:38:34 Image size of job updated: 38696
	38  -  MemoryUsage of job (MB)
	38696  -  ResidentSetSize of job (KB)
...
006 (015.002.000) 2026-01-17 07:39:03 Image size of job updated: 419364
	38  -  MemoryUsage of job (MB)
	38696  -  ResidentSetSize of job (KB)
...
005 (015.002.000) 2026-01-17 07:39:03 Job terminated.
	(1) Normal termination (return value 0)
		Usr 0 00:00:08, Sys 0 00:00:02  -  Run Remote Usage
		Usr 0 00:00:00, Sys 0 00:00:00  -  Run Local Usage
		Usr 0 00:00:08, Sys 0 00:00:02  -  Total Remote Usage
		Usr 0 00:00:00, Sys 0 00:00:00  -  Total Local Usage
	0  -  Run Bytes Sent By Job
	0  -  Run Bytes Received By Job
	0  -  Total Bytes Sent By Job
	0  -  Total Bytes Received By Job
	Partitionable Resources :    Usage  Request Allocated Assigned
	   Cpus                 :        0        8         8 
	   Disk (KB)            :        2  1048576   1048576 
	   GPUs                 :                 1         1 "GPU-8c10781f"
	   Memory (MB)          :       38    20480     20480 
	   TimeExecute (s)      :       38                    
	   TimeSlotBusy (s)     :       38                    
...
