000 (015.003.000) 2026-01-17 07:38:13 Job submitted from host: <10.87.28.151:9618?addrs=10.87.28.151-9618&alias=brigand.esat.kuleuven.be&noUDP&sock=schedd_1447_19a1>
...
001 (015.003.000) 2026-01-17 07:38:22 Job executing on host: <10.87.24.163:9618?addrs=10.87.24.163-9618&alias=beryl.esat.kuleuven.be&noUDP&sock=startd_1540_e3f0>
	SlotName: slot1_1@beryl.esat.kuleuven.be
	AvailableGPUs = { GPUs_GPU_54591b30 }
	CondorScratchDir = "/usr/data/condor/execute/dir_1211976/scratch"
	Cpus = 8
	Disk = 1048576
	GPUs = 1
	GPUs_GPU_54591b30 = [ Id = "GPU-54591b30"; ClockMhz = 1531.0; Capability = 6.1; CoresPerCU = 128; DeviceName = "NVIDIA TITAN X (Pascal)"; DeviceUuid = "54591b30-4653-07bf-bc2d-66e32287465f"; ECCEnabled = false; ComputeUnits = 28; NvidiaDriver = "580.119.02"; DriverVersion = 13.0; DevicePciBusId = "0000:01:00.0"; GlobalMemoryMb = 12183; MaxSupportedVersion = 13000 ]
	Memory = 20480
...
006 (015.003.000) 2026-01-17 07:38:29 Image size of job updated: 365284
	0  -  MemoryUsage of job (MB)
	0  -  ResidentSetSize of job (KB)
...
005 (015.003.000) 2026-01-17 07:38:29 Job terminated.
	(1) Normal termination (return value 0)
		Usr 0 00:00:05, Sys 0 00:00:00  -  Run Remote Usage
		Usr 0 00:00:00, Sys 0 00:00:00  -  Run Local Usage
		Usr 0 00:00:05, Sys 0 00:00:00  -  Total Remote Usage
		Usr 0 00:00:00, Sys 0 00:00:00  -  Total Local Usage
	0  -  Run Bytes Sent By Job
	0  -  Run Bytes Received By Job
	0  -  Total Bytes Sent By Job
	0  -  Total Bytes Received By Job
	Partitionable Resources :    Usage  Request Allocated Assigned
	   Cpus                 :        0        8         8 
	   Disk (KB)            :        2  1048576   1048576 
	   GPUs                 :                 1         1 "GPU-54591b30"
	   Memory (MB)          :        0    20480     20480 
	   TimeExecute (s)      :        7                    
	   TimeSlotBusy (s)     :        7                    
...
