Starting Job
/esat/smcdata/users/kkontras/Image_Dataset/no_backup/git/Synergy/mydatasets/Xor/Xor_PID3Main_MaskSynIB_Search.py
/esat/smcdata/users/kkontras/Image_Dataset/no_backup/envs/synergy_new/bin/python
Python 3.10.19
/esat/smcdata/users/kkontras/Image_Dataset/no_backup/git/Synergy
We have 1 GPU
/esat/smcdata/users/kkontras/Image_Dataset/no_backup/git/Synergy/mydatasets/Xor/Xor_PID3Main_MaskSynIB_Search.py

Executing command: python /esat/smcdata/users/kkontras/Image_Dataset/no_backup/git/Synergy/mydatasets/Xor/Xor_PID3Main_MaskSynIB_Search.py
[LOAD] path=pid_synthetic_tuning/synib_mstar_valsynacc_nlrwddr.jsonl
[LOAD] abs_path=/esat/smcdata/users/kkontras/Image_Dataset/no_backup/git/Synergy/pid_synthetic_tuning/synib_mstar_valsynacc_nlrwddr.jsonl
[LOAD] size_bytes=2010 mtime=1768631645.7128773
[LOAD] head_preview(400)={"key":"(0.2, 0.0, 0.3, 0.5)","ts":1768631645.7102704,"host":"lausu.esat.kuleuven.be","pid":17,"value":{"timestamp":1768631645.7102704,"probs":{"pu1":0.2,"pu2":0.0,"pred":0.3,"psyn":0.5,"pnone":0.0},"seeds":[0,1,2],"lr_vals":[0.0003],"wd_vals":[1e-05],"dropout_vals":[0.0],"cfg0":{"n_train":2000,"n_test":4000,"dim0":32,"dim1":32,"frac_unique":0.2,"frac_red":0.2,"frac_syn":0.2,"random_block_position
[LOAD] tail_preview(400)=val_syn_acc":1.0,"test_syn_acc":0.9805057955742887,"val_n":4.0},{"seed":2,"lr":0.0003,"wd":1e-05,"dropout":0.0,"val_acc":0.99,"test_acc":0.98725,"val_loss":0.3690944123268127,"val_syn_acc":1.0,"test_syn_acc":0.9919028340080972,"val_n":2.0}],"summary":{"main_tuned":{"acc_fusion_mean":0.9868333333333332,"acc_fusion_syn_mean":0.9871417016231518,"best_lr":0.0003,"best_wd":1e-05,"best_dropout":0.0}}}}\n
[LOAD] first_nonempty_prefix={"key":"(0.2, 0.0, 0.3, 0.5)","ts":1768631645.7102704,"host":"lausu.esat.kuleuven.be","pid":17,"value":{"timestamp":1768631645.7102704,"probs":{"pu1":0.2,"pu2":0.0,"pred":0.3,"psyn":0.5,"pnone":0.0},"
[LOAD] mode=jsonl (line-by-line json.loads)
[LOAD] counters: read_lines kept unique_keys skipped_empty skipped_decode skipped_json skipped_key skipped_shape
[LOAD] done: read_lines=1 kept=1 unique_keys=1 skipped_empty=0 skipped_decode=0 skipped_json=0 skipped_key=0 skipped_shape=0
[LOAD] example_keys=['(0.2, 0.0, 0.3, 0.5)']
==============================================================================================================
[DEFAULT CONFIG]
  dims: dim0=32 dim1=32
  blocks0: unique=6 red=6 syn=6 noise=14 | random_pos=False
  blocks1: unique=6 red=6 syn=6 noise=14 | random_pos=False
  SNR: unique_strength=3 red_strength=3 syn_strength=3 noise_std=1
  train: n_train=2000 n_test=4000 batch=64 epochs=30 lr=3.0e-04
  loss: lambda_uni=1 lambda_kl=10 lambda_shortcut_inv=0
  probs: u1=0.3, u2=0.3, red=0.3, syn=0.1
==============================================================================================================
[RUN] sweep non-overlap source probs (u1/u2/red/syn)
[LOG] append/dedupe json: pid_synthetic_tuning/synib_mstar_valsynacc_nlrwddr.jsonl
pu1 pu2 pred psyn | MainTot SynIBTot | Main(u1,u2,red,syn) | SynIB(u1,u2,red,syn) | det | status
---------------------------------------------------------------------------------------------------
[TUNE main] lr=3.00e-04 wd=1.00e-05 dr=0.00 | val_acc=0.9933 val_syn_cc=1.0000 val_loss=0.3858 | test_acc=0.9887 test_syn_cc=0.9553| score=0.9933
0.10 0.00 0.80 0.10 | 0.993±0.006 | 1.000±0.000 | 0.989±0.004 | 0.955±0.014 | best lr=3.00e-04 wd=1.00e-05 dr=0.00 | ADD
[TUNE main] lr=3.00e-04 wd=1.00e-05 dr=0.00 | val_acc=0.9950 val_syn_cc=1.0000 val_loss=0.3960 | test_acc=0.9891 test_syn_cc=0.9545| score=0.9950
0.15 0.00 0.75 0.10 | 0.995±0.005 | 1.000±0.000 | 0.989±0.002 | 0.954±0.021 | best lr=3.00e-04 wd=1.00e-05 dr=0.00 | ADD
[TUNE main] lr=3.00e-04 wd=1.00e-05 dr=0.00 | val_acc=0.9933 val_syn_cc=1.0000 val_loss=0.5531 | test_acc=0.9851 test_syn_cc=0.9641| score=0.9933
0.30 0.00 0.55 0.15 | 0.993±0.008 | 1.000±0.000 | 0.985±0.004 | 0.964±0.005 | best lr=3.00e-04 wd=1.00e-05 dr=0.00 | ADD
[TUNE main] lr=3.00e-04 wd=1.00e-05 dr=0.00 | val_acc=1.0000 val_syn_cc=1.0000 val_loss=0.0370 | test_acc=0.9946 test_syn_cc=0.9964| score=1.0000
0.00 0.00 0.05 0.95 | 1.000±0.000 | 1.000±0.000 | 0.995±0.003 | 0.996±0.003 | best lr=3.00e-04 wd=1.00e-05 dr=0.00 | ADD
[TUNE main] lr=3.00e-04 wd=1.00e-05 dr=0.00 | val_acc=0.9833 val_syn_cc=1.0000 val_loss=0.4060 | test_acc=0.9843 test_syn_cc=0.9408| score=0.9833
0.05 0.00 0.80 0.15 | 0.983±0.013 | 1.000±0.000 | 0.984±0.003 | 0.941±0.031 | best lr=3.00e-04 wd=1.00e-05 dr=0.00 | ADD
[TUNE main] lr=3.00e-04 wd=1.00e-05 dr=0.00 | val_acc=0.9933 val_syn_cc=1.0000 val_loss=0.4832 | test_acc=0.9874 test_syn_cc=0.9503| score=0.9933
0.30 0.00 0.60 0.10 | 0.993±0.012 | 1.000±0.000 | 0.987±0.002 | 0.950±0.005 | best lr=3.00e-04 wd=1.00e-05 dr=0.00 | ADD
[TUNE main] lr=3.00e-04 wd=1.00e-05 dr=0.00 | val_acc=0.9850 val_syn_cc=0.9892 val_loss=0.4906 | test_acc=0.9828 test_syn_cc=0.9658| score=0.9850
0.15 0.00 0.70 0.15 | 0.985±0.005 | 0.989±0.019 | 0.983±0.012 | 0.966±0.014 | best lr=3.00e-04 wd=1.00e-05 dr=0.00 | ADD
[TUNE main] lr=3.00e-04 wd=1.00e-05 dr=0.00 | val_acc=0.9950 val_syn_cc=1.0000 val_loss=0.3892 | test_acc=0.9883 test_syn_cc=0.8678| score=0.9950
0.80 0.00 0.15 0.05 | 0.995±0.000 | 1.000±0.000 | 0.988±0.002 | 0.868±0.024 | best lr=3.00e-04 wd=1.00e-05 dr=0.00 | ADD
[TUNE main] lr=3.00e-04 wd=1.00e-05 dr=0.00 | val_acc=0.9983 val_syn_cc=1.0000 val_loss=0.1470 | test_acc=0.9874 test_syn_cc=0.9866| score=0.9983
0.25 0.00 0.15 0.60 | 0.998±0.003 | 1.000±0.000 | 0.987±0.001 | 0.987±0.001 | best lr=3.00e-04 wd=1.00e-05 dr=0.00 | ADD
[1;34mwandb[0m: 
[1;34mwandb[0m: 🚀 View run [33mdivine-spaceship-129[0m at: [34m[0m
[1;34mwandb[0m: Find logs at: [1;35mwandb/run-20260117_073835-4txcn1kw/logs[0m
Job finished
