Starting Job
/esat/smcdata/users/kkontras/Image_Dataset/no_backup/git/Synergy/mydatasets/Xor/Xor_PID3Main_MaskSynIB_Search.py
/esat/smcdata/users/kkontras/Image_Dataset/no_backup/envs/synergy_new/bin/python
Python 3.10.19
/esat/smcdata/users/kkontras/Image_Dataset/no_backup/git/Synergy
We have 1 GPU
/esat/smcdata/users/kkontras/Image_Dataset/no_backup/git/Synergy/mydatasets/Xor/Xor_PID3Main_MaskSynIB_Search.py

Executing command: python /esat/smcdata/users/kkontras/Image_Dataset/no_backup/git/Synergy/mydatasets/Xor/Xor_PID3Main_MaskSynIB_Search.py
[LOAD] path=pid_synthetic_tuning/synib_mrand_valsynacc_nlrwddr.jsonl
[LOAD] abs_path=/esat/smcdata/users/kkontras/Image_Dataset/no_backup/git/Synergy/pid_synthetic_tuning/synib_mrand_valsynacc_nlrwddr.jsonl
[LOAD] size_bytes=4010 mtime=1768631826.7059247
[LOAD] head_preview(400)={"key":"(0.3, 0.0, 0.15, 0.55)","ts":1768631610.9936962,"host":"hagalaz.esat.kuleuven.be","pid":17,"value":{"timestamp":1768631610.9936962,"probs":{"pu1":0.3,"pu2":0.0,"pred":0.15,"psyn":0.55,"pnone":0.0},"seeds":[0,1,2],"lr_vals":[0.0003],"wd_vals":[1e-05],"dropout_vals":[0.0],"cfg0":{"n_train":2000,"n_test":4000,"dim0":32,"dim1":32,"frac_unique":0.2,"frac_red":0.2,"frac_syn":0.2,"random_block_po
[LOAD] tail_preview(400)=val_syn_acc":1.0,"test_syn_acc":0.9855947955390335,"val_n":4.0},{"seed":2,"lr":0.0003,"wd":1e-05,"dropout":0.0,"val_acc":1.0,"test_acc":0.98425,"val_loss":0.03756331592798233,"val_syn_acc":1.0,"test_syn_acc":0.9802842732691426,"val_n":5.0}],"summary":{"main_tuned":{"acc_fusion_mean":0.9866666666666667,"acc_fusion_syn_mean":0.9825904425829578,"best_lr":0.0003,"best_wd":1e-05,"best_dropout":0.0}}}}\n
[LOAD] first_nonempty_prefix={"key":"(0.3, 0.0, 0.15, 0.55)","ts":1768631610.9936962,"host":"hagalaz.esat.kuleuven.be","pid":17,"value":{"timestamp":1768631610.9936962,"probs":{"pu1":0.3,"pu2":0.0,"pred":0.15,"psyn":0.55,"pnone":
[LOAD] mode=jsonl (line-by-line json.loads)
[LOAD] counters: read_lines kept unique_keys skipped_empty skipped_decode skipped_json skipped_key skipped_shape
[LOAD] done: read_lines=2 kept=2 unique_keys=2 skipped_empty=0 skipped_decode=0 skipped_json=0 skipped_key=0 skipped_shape=0
[LOAD] example_keys=['(0.3, 0.0, 0.15, 0.55)', '(0.4, 0.0, 0.05, 0.55)']
==============================================================================================================
[DEFAULT CONFIG]
  dims: dim0=32 dim1=32
  blocks0: unique=6 red=6 syn=6 noise=14 | random_pos=False
  blocks1: unique=6 red=6 syn=6 noise=14 | random_pos=False
  SNR: unique_strength=3 red_strength=3 syn_strength=3 noise_std=1
  train: n_train=2000 n_test=4000 batch=64 epochs=30 lr=3.0e-04
  loss: lambda_uni=1 lambda_kl=10 lambda_shortcut_inv=0
  probs: u1=0.3, u2=0.3, red=0.3, syn=0.1
==============================================================================================================
[RUN] sweep non-overlap source probs (u1/u2/red/syn)
[LOG] append/dedupe json: pid_synthetic_tuning/synib_mrand_valsynacc_nlrwddr.jsonl
pu1 pu2 pred psyn | MainTot SynIBTot | Main(u1,u2,red,syn) | SynIB(u1,u2,red,syn) | det | status
---------------------------------------------------------------------------------------------------
[TUNE main] lr=3.00e-04 wd=1.00e-05 dr=0.00 | val_acc=0.9883 val_syn_cc=0.9949 val_loss=0.6527 | test_acc=0.9859 test_syn_cc=0.9723| score=0.9883
0.45 0.00 0.20 0.35 | 0.988±0.003 | 0.995±0.009 | 0.986±0.004 | 0.972±0.005 | best lr=3.00e-04 wd=1.00e-05 dr=0.00 | ADD
[TUNE main] lr=3.00e-04 wd=1.00e-05 dr=0.00 | val_acc=0.9983 val_syn_cc=0.9982 val_loss=0.1531 | test_acc=0.9933 test_syn_cc=0.9940| score=0.9983
0.10 0.00 0.00 0.90 | 0.998±0.003 | 0.998±0.003 | 0.993±0.003 | 0.994±0.004 | best lr=3.00e-04 wd=1.00e-05 dr=0.00 | ADD
[TUNE main] lr=3.00e-04 wd=1.00e-05 dr=0.00 | val_acc=0.9983 val_syn_cc=0.9967 val_loss=0.4159 | test_acc=0.9864 test_syn_cc=0.9793| score=0.9983
0.50 0.00 0.05 0.45 | 0.998±0.003 | 0.997±0.006 | 0.986±0.004 | 0.979±0.002 | best lr=3.00e-04 wd=1.00e-05 dr=0.00 | ADD
[TUNE main] lr=3.00e-04 wd=1.00e-05 dr=0.00 | val_acc=0.9967 val_syn_cc=0.9948 val_loss=0.4978 | test_acc=0.9877 test_syn_cc=0.9785| score=0.9967
0.50 0.00 0.15 0.35 | 0.997±0.003 | 0.995±0.009 | 0.988±0.001 | 0.978±0.005 | best lr=3.00e-04 wd=1.00e-05 dr=0.00 | ADD
[TUNE main] lr=3.00e-04 wd=1.00e-05 dr=0.00 | val_acc=0.9933 val_syn_cc=0.9753 val_loss=0.5714 | test_acc=0.9842 test_syn_cc=0.9385| score=0.9933
0.40 0.00 0.40 0.20 | 0.993±0.008 | 0.975±0.023 | 0.984±0.002 | 0.938±0.015 | best lr=3.00e-04 wd=1.00e-05 dr=0.00 | ADD
[TUNE main] lr=3.00e-04 wd=1.00e-05 dr=0.00 | val_acc=0.9983 val_syn_cc=0.9962 val_loss=0.5743 | test_acc=0.9882 test_syn_cc=0.9807| score=0.9983
0.25 0.00 0.30 0.45 | 0.998±0.003 | 0.996±0.007 | 0.988±0.002 | 0.981±0.006 | best lr=3.00e-04 wd=1.00e-05 dr=0.00 | ADD
[TUNE main] lr=3.00e-04 wd=1.00e-05 dr=0.00 | val_acc=0.9983 val_syn_cc=1.0000 val_loss=0.4220 | test_acc=0.9867 test_syn_cc=0.9610| score=0.9983
0.65 0.00 0.10 0.25 | 0.998±0.003 | 1.000±0.000 | 0.987±0.003 | 0.961±0.013 | best lr=3.00e-04 wd=1.00e-05 dr=0.00 | ADD
[TUNE main] lr=3.00e-04 wd=1.00e-05 dr=0.00 | val_acc=0.9933 val_syn_cc=0.9970 val_loss=0.2401 | test_acc=0.9860 test_syn_cc=0.9826| score=0.9933
0.30 0.00 0.15 0.55 | 0.993±0.012 | 0.997±0.005 | 0.986±0.006 | 0.983±0.008 | best lr=3.00e-04 wd=1.00e-05 dr=0.00 | ADD
[TUNE main] lr=3.00e-04 wd=1.00e-05 dr=0.00 | val_acc=1.0000 val_syn_cc=1.0000 val_loss=0.3697 | test_acc=0.9884 test_syn_cc=0.9794| score=1.0000
0.00 0.00 0.50 0.50 | 1.000±0.000 | 1.000±0.000 | 0.988±0.005 | 0.979±0.009 | best lr=3.00e-04 wd=1.00e-05 dr=0.00 | ADD
[TUNE main] lr=3.00e-04 wd=1.00e-05 dr=0.00 | val_acc=0.9883 val_syn_cc=0.9679 val_loss=0.4266 | test_acc=0.9862 test_syn_cc=0.9662| score=0.9883
0.35 0.00 0.35 0.30 | 0.988±0.006 | 0.968±0.028 | 0.986±0.007 | 0.966±0.020 | best lr=3.00e-04 wd=1.00e-05 dr=0.00 | ADD
[TUNE main] lr=3.00e-04 wd=1.00e-05 dr=0.00 | val_acc=0.9983 val_syn_cc=0.9978 val_loss=0.3165 | test_acc=0.9882 test_syn_cc=0.9899| score=0.9983
0.15 0.00 0.10 0.75 | 0.998±0.003 | 0.998±0.004 | 0.988±0.003 | 0.990±0.004 | best lr=3.00e-04 wd=1.00e-05 dr=0.00 | ADD
[TUNE main] lr=3.00e-04 wd=1.00e-05 dr=0.00 | val_acc=0.9967 val_syn_cc=0.9937 val_loss=0.4999 | test_acc=0.9827 test_syn_cc=0.9474| score=0.9967
0.25 0.00 0.50 0.25 | 0.997±0.003 | 0.994±0.011 | 0.983±0.001 | 0.947±0.007 | best lr=3.00e-04 wd=1.00e-05 dr=0.00 | ADD
[TUNE main] lr=3.00e-04 wd=1.00e-05 dr=0.00 | val_acc=0.9950 val_syn_cc=0.9889 val_loss=0.4929 | test_acc=0.9895 test_syn_cc=0.9752| score=0.9950
0.65 0.00 0.05 0.30 | 0.995±0.005 | 0.989±0.019 | 0.990±0.003 | 0.975±0.006 | best lr=3.00e-04 wd=1.00e-05 dr=0.00 | ADD
[1;34mwandb[0m: 
[1;34mwandb[0m: 🚀 View run [33mhopeful-field-131[0m at: [34m[0m
[1;34mwandb[0m: Find logs at: [1;35mwandb/run-20260117_073837-2zff43a5/logs[0m
Job finished
