wandb: Currently logged in as: kkontras to https://api.wandb.ai. Use `wandb login --relogin` to force relogin
wandb: WARNING Using a boolean value for 'reinit' is deprecated. Use 'return_previous' or 'finish_previous' instead.
wandb: setting up run 2zff43a5
wandb: Tracking run with wandb version 0.23.0
wandb: Run data is saved locally in /esat/smcdata/users/kkontras/Image_Dataset/no_backup/git/Synergy/wandb/run-20260117_073837-2zff43a5
wandb: Run `wandb offline` to turn off syncing.
wandb: Syncing run hopeful-field-131
wandb: ⭐️ View project at https://wandb.ai/kkontras/synergy-ntk
wandb: 🚀 View run at https://wandb.ai/kkontras/synergy-ntk/runs/2zff43a5
Traceback (most recent call last):
  File "/esat/smcdata/users/kkontras/Image_Dataset/no_backup/git/Synergy/mydatasets/Xor/Xor_PID3Main_MaskSynIB_Search.py", line 2220, in <module>
    save_path = os.path.join(cfg.out_dir, f"{cfg.train_method}_valsynacc_nlrwddr.jsonl")
  File "/esat/smcdata/users/kkontras/Image_Dataset/no_backup/git/Synergy/mydatasets/Xor/Xor_PID3Main_MaskSynIB_Search.py", line 1845, in sweep_nonoverlap
    _set_nonoverlap_signal_probs(cfg, pu1, pu2, pred, psyn, pnone=0.0)
  File "/esat/smcdata/users/kkontras/Image_Dataset/no_backup/git/Synergy/mydatasets/Xor/Xor_PID3Main_MaskSynIB_Search.py", line 1975, in select_best_lr_wd_dropout
  File "/esat/smcdata/users/kkontras/Image_Dataset/no_backup/git/Synergy/mydatasets/Xor/Xor_PID3Main_MaskSynIB_Search.py", line 1100, in run_main
    else:
  File "/esat/smcdata/users/kkontras/Image_Dataset/no_backup/envs/synergy_new/lib/python3.10/site-packages/torch/utils/_contextlib.py", line 120, in decorate_context
    return func(*args, **kwargs)
  File "/esat/smcdata/users/kkontras/Image_Dataset/no_backup/git/Synergy/mydatasets/Xor/Xor_PID3Main_MaskSynIB_Search.py", line 451, in eval_clean
    model.eval()
AttributeError: 'NoneType' object has no attribute 'eval'
Traceback (most recent call last):
  File "/esat/smcdata/users/kkontras/Image_Dataset/no_backup/git/Synergy/mydatasets/Xor/Xor_PID3Main_MaskSynIB_Search.py", line 2220, in <module>
    save_path = os.path.join(cfg.out_dir, f"{cfg.train_method}_valsynacc_nlrwddr.jsonl")
  File "/esat/smcdata/users/kkontras/Image_Dataset/no_backup/git/Synergy/mydatasets/Xor/Xor_PID3Main_MaskSynIB_Search.py", line 1845, in sweep_nonoverlap
    _set_nonoverlap_signal_probs(cfg, pu1, pu2, pred, psyn, pnone=0.0)
  File "/esat/smcdata/users/kkontras/Image_Dataset/no_backup/git/Synergy/mydatasets/Xor/Xor_PID3Main_MaskSynIB_Search.py", line 1975, in select_best_lr_wd_dropout
  File "/esat/smcdata/users/kkontras/Image_Dataset/no_backup/git/Synergy/mydatasets/Xor/Xor_PID3Main_MaskSynIB_Search.py", line 1100, in run_main
    else:
  File "/esat/smcdata/users/kkontras/Image_Dataset/no_backup/envs/synergy_new/lib/python3.10/site-packages/torch/utils/_contextlib.py", line 120, in decorate_context
    return func(*args, **kwargs)
  File "/esat/smcdata/users/kkontras/Image_Dataset/no_backup/git/Synergy/mydatasets/Xor/Xor_PID3Main_MaskSynIB_Search.py", line 451, in eval_clean
    model.eval()
AttributeError: 'NoneType' object has no attribute 'eval'
