000 (015.008.000) 2026-01-17 07:38:13 Job submitted from host: <10.87.28.151:9618?addrs=10.87.28.151-9618&alias=brigand.esat.kuleuven.be&noUDP&sock=schedd_1447_19a1>
...
001 (015.008.000) 2026-01-17 07:38:29 Job executing on host: <10.87.24.113:9618?addrs=10.87.24.113-9618&alias=realgar.esat.kuleuven.be&noUDP&sock=startd_1667_0077>
	SlotName: slot1_1@realgar.esat.kuleuven.be
	AvailableGPUs = { GPUs_GPU_0904e76e }
	CondorScratchDir = "/usr/data/condor/execute/dir_4157858/scratch"
	Cpus = 8
	Disk = 1048576
	GPUs = 1
	GPUs_GPU_0904e76e = [ Id = "GPU-0904e76e"; ClockMhz = 1455.0; Capability = 7.0; CoresPerCU = 64; DeviceName = "NVIDIA TITAN V"; DeviceUuid = "0904e76e-43a5-635c-20e9-b7419049b865"; ECCEnabled = false; ComputeUnits = 80; NvidiaDriver = "580.119.02"; DriverVersion = 13.0; DevicePciBusId = "0000:01:00.0"; GlobalMemoryMb = 12047; MaxSupportedVersion = 13000 ]
	Memory = 20480
...
006 (015.008.000) 2026-01-17 07:38:37 Image size of job updated: 837528
	818  -  MemoryUsage of job (MB)
	837528  -  ResidentSetSize of job (KB)
...
006 (015.008.000) 2026-01-17 07:43:37 Image size of job updated: 878240
	852  -  MemoryUsage of job (MB)
	871760  -  ResidentSetSize of job (KB)
...
006 (015.008.000) 2026-01-17 07:48:38 Image size of job updated: 878900
	853  -  MemoryUsage of job (MB)
	872472  -  ResidentSetSize of job (KB)
...
005 (015.008.000) 2026-01-17 07:48:55 Job terminated.
	(1) Normal termination (return value 0)
		Usr 0 00:10:11, Sys 0 00:00:03  -  Run Remote Usage
		Usr 0 00:00:00, Sys 0 00:00:00  -  Run Local Usage
		Usr 0 00:10:11, Sys 0 00:00:03  -  Total Remote Usage
		Usr 0 00:00:00, Sys 0 00:00:00  -  Total Local Usage
	0  -  Run Bytes Sent By Job
	0  -  Run Bytes Received By Job
	0  -  Total Bytes Sent By Job
	0  -  Total Bytes Received By Job
	Partitionable Resources :    Usage  Request Allocated Assigned
	   Cpus                 :     0.99        8         8 
	   Disk (KB)            :     2     1048576   1048576 
	   GPUs                 :     0.14        1         1 "GPU-0904e76e"
	   GpusMemory (MB)      :  1282                       
	   Memory (MB)          :   853       20480     20480 
	   TimeExecute (s)      :   626                       
	   TimeSlotBusy (s)     :   626                       
...
