000 (015.009.000) 2026-01-17 07:38:13 Job submitted from host: <10.87.28.151:9618?addrs=10.87.28.151-9618&alias=brigand.esat.kuleuven.be&noUDP&sock=schedd_1447_19a1>
...
001 (015.009.000) 2026-01-17 07:38:31 Job executing on host: <10.87.24.6:9618?addrs=10.87.24.6-9618&alias=fuji.esat.kuleuven.be&noUDP&sock=startd_1737_0418>
	SlotName: slot1_1@fuji.esat.kuleuven.be
	AvailableGPUs = { GPUs_GPU_6db7f948 }
	CondorScratchDir = "/usr/data/condor/execute/dir_91841/scratch"
	Cpus = 8
	Disk = 1048576
	GPUs = 1
	GPUs_GPU_6db7f948 = [ Id = "GPU-6db7f948"; ClockMhz = 1582.0; Capability = 6.1; CoresPerCU = 128; DeviceName = "NVIDIA GeForce GTX 1080 Ti"; DeviceUuid = "6db7f948-1c71-b2c5-8177-7abcfd2db729"; ECCEnabled = false; ComputeUnits = 28; NvidiaDriver = "580.119.02"; DriverVersion = 13.0; DevicePciBusId = "0000:17:00.0"; GlobalMemoryMb = 11165; MaxSupportedVersion = 13000 ]
	Memory = 20480
...
006 (015.009.000) 2026-01-17 07:38:38 Image size of job updated: 371604
	0  -  MemoryUsage of job (MB)
	0  -  ResidentSetSize of job (KB)
...
005 (015.009.000) 2026-01-17 07:38:38 Job terminated.
	(1) Normal termination (return value 0)
		Usr 0 00:00:05, Sys 0 00:00:00  -  Run Remote Usage
		Usr 0 00:00:00, Sys 0 00:00:00  -  Run Local Usage
		Usr 0 00:00:05, Sys 0 00:00:00  -  Total Remote Usage
		Usr 0 00:00:00, Sys 0 00:00:00  -  Total Local Usage
	0  -  Run Bytes Sent By Job
	0  -  Run Bytes Received By Job
	0  -  Total Bytes Sent By Job
	0  -  Total Bytes Received By Job
	Partitionable Resources :    Usage  Request Allocated Assigned
	   Cpus                 :        0        8         8 
	   Disk (KB)            :        2  1048576   1048576 
	   GPUs                 :                 1         1 "GPU-6db7f948"
	   Memory (MB)          :        0    20480     20480 
	   TimeExecute (s)      :        7                    
	   TimeSlotBusy (s)     :        7                    
...
