000 (016.014.000) 2026-01-17 07:38:17 Job submitted from host: <10.87.28.151:9618?addrs=10.87.28.151-9618&alias=brigand.esat.kuleuven.be&noUDP&sock=schedd_1447_19a1>
...
001 (016.014.000) 2026-01-17 07:40:23 Job executing on host: <10.87.24.130:9618?addrs=10.87.24.130-9618&alias=hematite.esat.kuleuven.be&noUDP&sock=startd_1494_5694>
	SlotName: slot1_1@hematite.esat.kuleuven.be
	AvailableGPUs = { GPUs_GPU_787d0d0e }
	CondorScratchDir = "/usr/data/condor/execute/dir_226752/scratch"
	Cpus = 8
	Disk = 1048576
	GPUs = 1
	GPUs_GPU_787d0d0e = [ Id = "GPU-787d0d0e"; ClockMhz = 1770.0; Capability = 7.5; CoresPerCU = 64; DeviceName = "NVIDIA TITAN RTX"; DeviceUuid = "787d0d0e-3d6d-1bda-8204-741fb672d243"; ECCEnabled = false; ComputeUnits = 72; NvidiaDriver = "580.119.02"; DriverVersion = 13.0; DevicePciBusId = "0000:01:00.0"; GlobalMemoryMb = 24023; MaxSupportedVersion = 13000 ]
	Memory = 20480
...
006 (016.014.000) 2026-01-17 07:40:31 Image size of job updated: 24420
	24  -  MemoryUsage of job (MB)
	24420  -  ResidentSetSize of job (KB)
...
006 (016.014.000) 2026-01-17 07:45:31 Image size of job updated: 881020
	843  -  MemoryUsage of job (MB)
	862280  -  ResidentSetSize of job (KB)
...
006 (016.014.000) 2026-01-17 07:50:31 Image size of job updated: 884544
	848  -  MemoryUsage of job (MB)
	867564  -  ResidentSetSize of job (KB)
...
006 (016.014.000) 2026-01-17 08:05:33 Image size of job updated: 884544
	848  -  MemoryUsage of job (MB)
	867892  -  ResidentSetSize of job (KB)
...
005 (016.014.000) 2026-01-17 08:19:43 Job terminated.
	(1) Normal termination (return value 0)
		Usr 0 00:37:31, Sys 0 00:00:14  -  Run Remote Usage
		Usr 0 00:00:00, Sys 0 00:00:00  -  Run Local Usage
		Usr 0 00:37:31, Sys 0 00:00:14  -  Total Remote Usage
		Usr 0 00:00:00, Sys 0 00:00:00  -  Total Local Usage
	0  -  Run Bytes Sent By Job
	0  -  Run Bytes Received By Job
	0  -  Total Bytes Sent By Job
	0  -  Total Bytes Received By Job
	Partitionable Resources :    Usage  Request Allocated Assigned
	   Cpus                 :     0.12        8         8 
	   Disk (KB)            :     2     1048576   1048576 
	   GPUs                 :     0.16        1         1 "GPU-787d0d0e"
	   GpusMemory (MB)      :  1080                       
	   Memory (MB)          :   848       20480     20480 
	   TimeExecute (s)      :  2360                       
	   TimeSlotBusy (s)     :  2361                       
...
