000 (016.015.000) 2026-01-17 07:38:17 Job submitted from host: <10.87.28.151:9618?addrs=10.87.28.151-9618&alias=brigand.esat.kuleuven.be&noUDP&sock=schedd_1447_19a1>
...
001 (016.015.000) 2026-01-17 07:40:23 Job executing on host: <10.87.24.131:9618?addrs=10.87.24.131-9618&alias=iolite.esat.kuleuven.be&noUDP&sock=startd_1448_c939>
	SlotName: slot1_1@iolite.esat.kuleuven.be
	AvailableGPUs = { GPUs_GPU_80609ff0 }
	CondorScratchDir = "/usr/data/condor/execute/dir_1563303/scratch"
	Cpus = 8
	Disk = 1048576
	GPUs = 1
	GPUs_GPU_80609ff0 = [ Id = "GPU-80609ff0"; ClockMhz = 1545.0; Capability = 7.5; CoresPerCU = 64; DeviceName = "NVIDIA GeForce RTX 2080 Ti"; DeviceUuid = "80609ff0-d905-c2d8-7c85-30e2d01a3cb8"; ECCEnabled = false; ComputeUnits = 68; NvidiaDriver = "580.119.02"; DriverVersion = 13.0; DevicePciBusId = "0000:01:00.0"; GlobalMemoryMb = 10821; MaxSupportedVersion = 13000 ]
	Memory = 20480
...
006 (016.015.000) 2026-01-17 07:40:31 Image size of job updated: 33380
	33  -  MemoryUsage of job (MB)
	33380  -  ResidentSetSize of job (KB)
...
006 (016.015.000) 2026-01-17 07:45:31 Image size of job updated: 890944
	871  -  MemoryUsage of job (MB)
	890944  -  ResidentSetSize of job (KB)
...
006 (016.015.000) 2026-01-17 07:47:59 Image size of job updated: 891040
	871  -  MemoryUsage of job (MB)
	890944  -  ResidentSetSize of job (KB)
...
005 (016.015.000) 2026-01-17 07:47:59 Job terminated.
	(1) Normal termination (return value 0)
		Usr 0 00:06:56, Sys 0 00:00:04  -  Run Remote Usage
		Usr 0 00:00:00, Sys 0 00:00:00  -  Run Local Usage
		Usr 0 00:06:56, Sys 0 00:00:04  -  Total Remote Usage
		Usr 0 00:00:00, Sys 0 00:00:00  -  Total Local Usage
	0  -  Run Bytes Sent By Job
	0  -  Run Bytes Received By Job
	0  -  Total Bytes Sent By Job
	0  -  Total Bytes Received By Job
	Partitionable Resources :    Usage  Request Allocated Assigned
	   Cpus                 :     0.99        8         8 
	   Disk (KB)            :     2     1048576   1048576 
	   GPUs                 :     0.18        1         1 "GPU-80609ff0"
	   GpusMemory (MB)      :  1159                       
	   Memory (MB)          :   871       20480     20480 
	   TimeExecute (s)      :   456                       
	   TimeSlotBusy (s)     :   456                       
...
