Starting Job
/esat/smcdata/users/kkontras/Image_Dataset/no_backup/git/Synergy/mydatasets/Xor/Xor_PID3Main_MaskSynIB_Search.py
/esat/smcdata/users/kkontras/Image_Dataset/no_backup/envs/synergy_new/bin/python
Python 3.10.19
/esat/smcdata/users/kkontras/Image_Dataset/no_backup/git/Synergy
We have 1 GPU
/esat/smcdata/users/kkontras/Image_Dataset/no_backup/git/Synergy/mydatasets/Xor/Xor_PID3Main_MaskSynIB_Search.py

Executing command: python /esat/smcdata/users/kkontras/Image_Dataset/no_backup/git/Synergy/mydatasets/Xor/Xor_PID3Main_MaskSynIB_Search.py
[LOAD] path=pid_synthetic_tuning/synib_mstar_valsynacc_nlrwddr.jsonl
[LOAD] abs_path=/esat/smcdata/users/kkontras/Image_Dataset/no_backup/git/Synergy/pid_synthetic_tuning/synib_mstar_valsynacc_nlrwddr.jsonl
[LOAD] size_bytes=2010 mtime=1768631645.7128773
[LOAD] head_preview(400)={"key":"(0.2, 0.0, 0.3, 0.5)","ts":1768631645.7102704,"host":"lausu.esat.kuleuven.be","pid":17,"value":{"timestamp":1768631645.7102704,"probs":{"pu1":0.2,"pu2":0.0,"pred":0.3,"psyn":0.5,"pnone":0.0},"seeds":[0,1,2],"lr_vals":[0.0003],"wd_vals":[1e-05],"dropout_vals":[0.0],"cfg0":{"n_train":2000,"n_test":4000,"dim0":32,"dim1":32,"frac_unique":0.2,"frac_red":0.2,"frac_syn":0.2,"random_block_position
[LOAD] tail_preview(400)=val_syn_acc":1.0,"test_syn_acc":0.9805057955742887,"val_n":4.0},{"seed":2,"lr":0.0003,"wd":1e-05,"dropout":0.0,"val_acc":0.99,"test_acc":0.98725,"val_loss":0.3690944123268127,"val_syn_acc":1.0,"test_syn_acc":0.9919028340080972,"val_n":2.0}],"summary":{"main_tuned":{"acc_fusion_mean":0.9868333333333332,"acc_fusion_syn_mean":0.9871417016231518,"best_lr":0.0003,"best_wd":1e-05,"best_dropout":0.0}}}}\n
[LOAD] first_nonempty_prefix={"key":"(0.2, 0.0, 0.3, 0.5)","ts":1768631645.7102704,"host":"lausu.esat.kuleuven.be","pid":17,"value":{"timestamp":1768631645.7102704,"probs":{"pu1":0.2,"pu2":0.0,"pred":0.3,"psyn":0.5,"pnone":0.0},"
[LOAD] mode=jsonl (line-by-line json.loads)
[LOAD] counters: read_lines kept unique_keys skipped_empty skipped_decode skipped_json skipped_key skipped_shape
[LOAD] done: read_lines=1 kept=1 unique_keys=1 skipped_empty=0 skipped_decode=0 skipped_json=0 skipped_key=0 skipped_shape=0
[LOAD] example_keys=['(0.2, 0.0, 0.3, 0.5)']
==============================================================================================================
[DEFAULT CONFIG]
  dims: dim0=32 dim1=32
  blocks0: unique=6 red=6 syn=6 noise=14 | random_pos=False
  blocks1: unique=6 red=6 syn=6 noise=14 | random_pos=False
  SNR: unique_strength=3 red_strength=3 syn_strength=3 noise_std=1
  train: n_train=2000 n_test=4000 batch=64 epochs=30 lr=3.0e-04
  loss: lambda_uni=1 lambda_kl=10 lambda_shortcut_inv=0
  probs: u1=0.3, u2=0.3, red=0.3, syn=0.1
==============================================================================================================
[RUN] sweep non-overlap source probs (u1/u2/red/syn)
[LOG] append/dedupe json: pid_synthetic_tuning/synib_mstar_valsynacc_nlrwddr.jsonl
pu1 pu2 pred psyn | MainTot SynIBTot | Main(u1,u2,red,syn) | SynIB(u1,u2,red,syn) | det | status
---------------------------------------------------------------------------------------------------
[TUNE main] lr=3.00e-04 wd=1.00e-05 dr=0.00 | val_acc=0.9800 val_syn_cc=1.0000 val_loss=0.4879 | test_acc=0.9842 test_syn_cc=0.9837| score=0.9800
0.60 0.00 0.15 0.25 | 0.980±0.009 | 1.000±0.000 | 0.984±0.003 | 0.984±0.005 | best lr=3.00e-04 wd=1.00e-05 dr=0.00 | ADD
[TUNE main] lr=3.00e-04 wd=1.00e-05 dr=0.00 | val_acc=0.9967 val_syn_cc=1.0000 val_loss=0.1599 | test_acc=0.9885 test_syn_cc=0.9874| score=0.9967
0.00 0.00 0.40 0.60 | 0.997±0.006 | 1.000±0.000 | 0.989±0.003 | 0.987±0.000 | best lr=3.00e-04 wd=1.00e-05 dr=0.00 | ADD
[TUNE main] lr=3.00e-04 wd=1.00e-05 dr=0.00 | val_acc=0.9900 val_syn_cc=1.0000 val_loss=0.4581 | test_acc=0.9864 test_syn_cc=0.9878| score=0.9900
0.00 0.00 0.55 0.45 | 0.990±0.009 | 1.000±0.000 | 0.986±0.008 | 0.988±0.005 | best lr=3.00e-04 wd=1.00e-05 dr=0.00 | ADD
[TUNE main] lr=3.00e-04 wd=1.00e-05 dr=0.00 | val_acc=0.9950 val_syn_cc=1.0000 val_loss=0.0307 | test_acc=0.9892 test_syn_cc=0.9897| score=0.9950
0.25 0.00 0.05 0.70 | 0.995±0.005 | 1.000±0.000 | 0.989±0.002 | 0.990±0.003 | best lr=3.00e-04 wd=1.00e-05 dr=0.00 | ADD
[TUNE main] lr=3.00e-04 wd=1.00e-05 dr=0.00 | val_acc=1.0000 val_syn_cc=1.0000 val_loss=0.0298 | test_acc=0.9893 test_syn_cc=0.9846| score=1.0000
0.40 0.00 -0.00 0.60 | 1.000±0.000 | 1.000±0.000 | 0.989±0.004 | 0.985±0.007 | best lr=3.00e-04 wd=1.00e-05 dr=0.00 | ADD
[TUNE main] lr=3.00e-04 wd=1.00e-05 dr=0.00 | val_acc=0.9917 val_syn_cc=1.0000 val_loss=0.3976 | test_acc=0.9817 test_syn_cc=0.9388| score=0.9917
0.75 0.00 0.10 0.15 | 0.992±0.010 | 1.000±0.000 | 0.982±0.008 | 0.939±0.013 | best lr=3.00e-04 wd=1.00e-05 dr=0.00 | ADD
[TUNE main] lr=3.00e-04 wd=1.00e-05 dr=0.00 | val_acc=0.9967 val_syn_cc=1.0000 val_loss=0.4802 | test_acc=0.9805 test_syn_cc=0.8662| score=0.9967
0.50 0.00 0.40 0.10 | 0.997±0.006 | 1.000±0.000 | 0.981±0.010 | 0.866±0.101 | best lr=3.00e-04 wd=1.00e-05 dr=0.00 | ADD
[TUNE main] lr=3.00e-04 wd=1.00e-05 dr=0.00 | val_acc=0.9933 val_syn_cc=1.0000 val_loss=0.3845 | test_acc=0.9868 test_syn_cc=0.9711| score=0.9933
0.35 0.00 0.45 0.20 | 0.993±0.003 | 1.000±0.000 | 0.987±0.001 | 0.971±0.007 | best lr=3.00e-04 wd=1.00e-05 dr=0.00 | ADD
[TUNE main] lr=3.00e-04 wd=1.00e-05 dr=0.00 | val_acc=0.9733 val_syn_cc=0.9962 val_loss=0.3543 | test_acc=0.9764 test_syn_cc=0.9725| score=0.9733
0.25 0.00 0.40 0.35 | 0.973±0.025 | 0.996±0.007 | 0.976±0.009 | 0.972±0.015 | best lr=3.00e-04 wd=1.00e-05 dr=0.00 | ADD
[TUNE main] lr=3.00e-04 wd=1.00e-05 dr=0.00 | val_acc=0.9983 val_syn_cc=0.9976 val_loss=0.0510 | test_acc=0.9904 test_syn_cc=0.9885| score=0.9983
0.00 0.00 0.30 0.70 | 0.998±0.003 | 0.998±0.004 | 0.990±0.001 | 0.989±0.000 | best lr=3.00e-04 wd=1.00e-05 dr=0.00 | ADD
[1;34mwandb[0m: 
[1;34mwandb[0m: 🚀 View run [33mfearless-glitter-136[0m at: [34m[0m
[1;34mwandb[0m: Find logs at: [1;35mwandb/run-20260117_074054-t8rgj6dw/logs[0m
Job finished
