Starting Job
/esat/smcdata/users/kkontras/Image_Dataset/no_backup/git/Synergy/mydatasets/Xor/Xor_PID3Main_MaskSynIB_Search.py
/esat/smcdata/users/kkontras/Image_Dataset/no_backup/envs/synergy_new/bin/python
Python 3.10.19
/esat/smcdata/users/kkontras/Image_Dataset/no_backup/git/Synergy
We have 1 GPU
/esat/smcdata/users/kkontras/Image_Dataset/no_backup/git/Synergy/mydatasets/Xor/Xor_PID3Main_MaskSynIB_Search.py

Executing command: python /esat/smcdata/users/kkontras/Image_Dataset/no_backup/git/Synergy/mydatasets/Xor/Xor_PID3Main_MaskSynIB_Search.py
[LOAD] path=pid_synthetic_tuning/synib_mrand_valsynacc_nlrwddr.jsonl
[LOAD] abs_path=/esat/smcdata/users/kkontras/Image_Dataset/no_backup/git/Synergy/pid_synthetic_tuning/synib_mrand_valsynacc_nlrwddr.jsonl
[LOAD] size_bytes=8022 mtime=1768632034.563811
[LOAD] head_preview(400)={"key":"(0.3, 0.0, 0.15, 0.55)","ts":1768631610.9936962,"host":"hagalaz.esat.kuleuven.be","pid":17,"value":{"timestamp":1768631610.9936962,"probs":{"pu1":0.3,"pu2":0.0,"pred":0.15,"psyn":0.55,"pnone":0.0},"seeds":[0,1,2],"lr_vals":[0.0003],"wd_vals":[1e-05],"dropout_vals":[0.0],"cfg0":{"n_train":2000,"n_test":4000,"dim0":32,"dim1":32,"frac_unique":0.2,"frac_red":0.2,"frac_syn":0.2,"random_block_po
[LOAD] tail_preview(400)=,"val_syn_acc":1.0,"test_syn_acc":0.9582806573957017,"val_n":4.0},{"seed":2,"lr":0.0003,"wd":1e-05,"dropout":0.0,"val_acc":1.0,"test_acc":0.9905,"val_loss":0.6484857082366944,"val_syn_acc":1.0,"test_syn_acc":0.9548306148055207,"val_n":3.0}],"summary":{"main_tuned":{"acc_fusion_mean":0.9907499999999999,"acc_fusion_syn_mean":0.9558461185115186,"best_lr":0.0003,"best_wd":1e-05,"best_dropout":0.0}}}}\n
[LOAD] first_nonempty_prefix={"key":"(0.3, 0.0, 0.15, 0.55)","ts":1768631610.9936962,"host":"hagalaz.esat.kuleuven.be","pid":17,"value":{"timestamp":1768631610.9936962,"probs":{"pu1":0.3,"pu2":0.0,"pred":0.15,"psyn":0.55,"pnone":
[LOAD] mode=jsonl (line-by-line json.loads)
[LOAD] counters: read_lines kept unique_keys skipped_empty skipped_decode skipped_json skipped_key skipped_shape
[LOAD] done: read_lines=4 kept=4 unique_keys=4 skipped_empty=0 skipped_decode=0 skipped_json=0 skipped_key=0 skipped_shape=0
[LOAD] example_keys=['(0.3, 0.0, 0.15, 0.55)', '(0.4, 0.0, 0.05, 0.55)', '(0.15, 0.0, 0.7, 0.15)', '(0.8, 0.0, -0.0, 0.2)']
==============================================================================================================
[DEFAULT CONFIG]
  dims: dim0=32 dim1=32
  blocks0: unique=6 red=6 syn=6 noise=14 | random_pos=False
  blocks1: unique=6 red=6 syn=6 noise=14 | random_pos=False
  SNR: unique_strength=3 red_strength=3 syn_strength=3 noise_std=1
  train: n_train=2000 n_test=4000 batch=64 epochs=30 lr=3.0e-04
  loss: lambda_uni=1 lambda_kl=10 lambda_shortcut_inv=0
  probs: u1=0.3, u2=0.3, red=0.3, syn=0.1
==============================================================================================================
[RUN] sweep non-overlap source probs (u1/u2/red/syn)
[LOG] append/dedupe json: pid_synthetic_tuning/synib_mrand_valsynacc_nlrwddr.jsonl
pu1 pu2 pred psyn | MainTot SynIBTot | Main(u1,u2,red,syn) | SynIB(u1,u2,red,syn) | det | status
---------------------------------------------------------------------------------------------------
[TUNE main] lr=3.00e-04 wd=1.00e-05 dr=0.00 | val_acc=0.9867 val_syn_cc=0.8091 val_loss=0.6625 | test_acc=0.9816 test_syn_cc=0.7440| score=0.9867
0.15 0.00 0.80 0.05 | 0.987±0.003 | 0.809±0.087 | 0.982±0.003 | 0.744±0.039 | best lr=3.00e-04 wd=1.00e-05 dr=0.00 | ADD
[TUNE main] lr=3.00e-04 wd=1.00e-05 dr=0.00 | val_acc=1.0000 val_syn_cc=1.0000 val_loss=0.2844 | test_acc=0.9894 test_syn_cc=0.9892| score=1.0000
0.25 0.00 0.15 0.60 | 1.000±0.000 | 1.000±0.000 | 0.989±0.003 | 0.989±0.003 | best lr=3.00e-04 wd=1.00e-05 dr=0.00 | ADD
[TUNE main] lr=3.00e-04 wd=1.00e-05 dr=0.00 | val_acc=0.9967 val_syn_cc=1.0000 val_loss=0.2424 | test_acc=0.9922 test_syn_cc=0.9897| score=0.9967
0.00 0.00 0.40 0.60 | 0.997±0.006 | 1.000±0.000 | 0.992±0.003 | 0.990±0.002 | best lr=3.00e-04 wd=1.00e-05 dr=0.00 | ADD
[TUNE main] lr=3.00e-04 wd=1.00e-05 dr=0.00 | val_acc=0.9883 val_syn_cc=0.9375 val_loss=0.5730 | test_acc=0.9842 test_syn_cc=0.9243| score=0.9883
0.50 0.00 0.35 0.15 | 0.988±0.010 | 0.938±0.054 | 0.984±0.002 | 0.924±0.016 | best lr=3.00e-04 wd=1.00e-05 dr=0.00 | ADD
[TUNE main] lr=3.00e-04 wd=1.00e-05 dr=0.00 | val_acc=0.9933 val_syn_cc=0.9703 val_loss=0.5759 | test_acc=0.9912 test_syn_cc=0.9688| score=0.9933
0.75 0.00 0.00 0.25 | 0.993±0.006 | 0.970±0.027 | 0.991±0.003 | 0.969±0.011 | best lr=3.00e-04 wd=1.00e-05 dr=0.00 | ADD
[TUNE main] lr=3.00e-04 wd=1.00e-05 dr=0.00 | val_acc=0.9967 val_syn_cc=0.9921 val_loss=0.3631 | test_acc=0.9916 test_syn_cc=0.9811| score=0.9967
0.60 0.00 -0.00 0.40 | 0.997±0.003 | 0.992±0.007 | 0.992±0.003 | 0.981±0.006 | best lr=3.00e-04 wd=1.00e-05 dr=0.00 | ADD
[TUNE main] lr=3.00e-04 wd=1.00e-05 dr=0.00 | val_acc=0.9950 val_syn_cc=0.9978 val_loss=0.0290 | test_acc=0.9894 test_syn_cc=0.9913| score=0.9950
0.10 0.00 0.15 0.75 | 0.995±0.005 | 0.998±0.004 | 0.989±0.002 | 0.991±0.002 | best lr=3.00e-04 wd=1.00e-05 dr=0.00 | ADD
[TUNE main] lr=3.00e-04 wd=1.00e-05 dr=0.00 | val_acc=0.9967 val_syn_cc=0.9979 val_loss=0.0336 | test_acc=0.9941 test_syn_cc=0.9942| score=0.9967
0.00 0.00 0.20 0.80 | 0.997±0.006 | 0.998±0.004 | 0.994±0.001 | 0.994±0.002 | best lr=3.00e-04 wd=1.00e-05 dr=0.00 | ADD
[TUNE main] lr=3.00e-04 wd=1.00e-05 dr=0.00 | val_acc=0.9967 val_syn_cc=0.9971 val_loss=0.2980 | test_acc=0.9878 test_syn_cc=0.9853| score=0.9967
0.10 0.00 0.40 0.50 | 0.997±0.003 | 0.997±0.005 | 0.988±0.002 | 0.985±0.005 | best lr=3.00e-04 wd=1.00e-05 dr=0.00 | ADD
[TUNE main] lr=3.00e-04 wd=1.00e-05 dr=0.00 | val_acc=0.9950 val_syn_cc=1.0000 val_loss=0.2309 | test_acc=0.9902 test_syn_cc=0.9921| score=0.9950
0.20 0.00 0.10 0.70 | 0.995±0.009 | 1.000±0.000 | 0.990±0.002 | 0.992±0.004 | best lr=3.00e-04 wd=1.00e-05 dr=0.00 | ADD
[1;34mwandb[0m: 
[1;34mwandb[0m: 🚀 View run [33mworthy-bee-137[0m at: [34m[0m
[1;34mwandb[0m: Find logs at: [1;35mwandb/run-20260117_074116-safqlqfh/logs[0m
Job finished
