wandb: Currently logged in as: kkontras to https://api.wandb.ai. Use `wandb login --relogin` to force relogin
wandb: WARNING Using a boolean value for 'reinit' is deprecated. Use 'return_previous' or 'finish_previous' instead.
wandb: Tracking run with wandb version 0.23.0
wandb: Run data is saved locally in /esat/smcdata/users/kkontras/Image_Dataset/no_backup/git/Synergy/wandb/run-20260117_074241-u2bvptgf
wandb: Run `wandb offline` to turn off syncing.
wandb: Syncing run happy-violet-138
wandb: ⭐️ View project at https://wandb.ai/kkontras/synergy-ntk
wandb: 🚀 View run at https://wandb.ai/kkontras/synergy-ntk/runs/u2bvptgf
Traceback (most recent call last):
  File "/esat/smcdata/users/kkontras/Image_Dataset/no_backup/git/Synergy/mydatasets/Xor/Xor_PID3Main_MaskSynIB_Search.py", line 2220, in <module>
    sweep_nonoverlap(cfg, seeds=[0,1,2], lr_vals=lr_vals, wd_vals=wd_vals, dropout_vals=dropout_vals, step=0.05, targets_psyn=[0.05, 0.1, 0.15, 0.2], select_by="val_acc", save_path=save_path)
  File "/esat/smcdata/users/kkontras/Image_Dataset/no_backup/git/Synergy/mydatasets/Xor/Xor_PID3Main_MaskSynIB_Search.py", line 1845, in sweep_nonoverlap
    this_best = select_best_lr_wd_dropout(
  File "/esat/smcdata/users/kkontras/Image_Dataset/no_backup/git/Synergy/mydatasets/Xor/Xor_PID3Main_MaskSynIB_Search.py", line 1975, in select_best_lr_wd_dropout
    rep = run_main(cfg, train_loader, val_loader, test_loader, device, verbose=False)
  File "/esat/smcdata/users/kkontras/Image_Dataset/no_backup/git/Synergy/mydatasets/Xor/Xor_PID3Main_MaskSynIB_Search.py", line 1100, in run_main
    main_stats = eval_clean(model, test_loader, device)
  File "/esat/smcdata/users/kkontras/Image_Dataset/no_backup/envs/synergy_new/lib/python3.10/site-packages/torch/utils/_contextlib.py", line 120, in decorate_context
    return func(*args, **kwargs)
  File "/esat/smcdata/users/kkontras/Image_Dataset/no_backup/git/Synergy/mydatasets/Xor/Xor_PID3Main_MaskSynIB_Search.py", line 451, in eval_clean
    model.eval()
AttributeError: 'NoneType' object has no attribute 'eval'
Traceback (most recent call last):
  File "/esat/smcdata/users/kkontras/Image_Dataset/no_backup/git/Synergy/mydatasets/Xor/Xor_PID3Main_MaskSynIB_Search.py", line 2220, in <module>
    sweep_nonoverlap(cfg, seeds=[0,1,2], lr_vals=lr_vals, wd_vals=wd_vals, dropout_vals=dropout_vals, step=0.05, targets_psyn=[0.05, 0.1, 0.15, 0.2], select_by="val_acc", save_path=save_path)
  File "/esat/smcdata/users/kkontras/Image_Dataset/no_backup/git/Synergy/mydatasets/Xor/Xor_PID3Main_MaskSynIB_Search.py", line 1845, in sweep_nonoverlap
    this_best = select_best_lr_wd_dropout(
  File "/esat/smcdata/users/kkontras/Image_Dataset/no_backup/git/Synergy/mydatasets/Xor/Xor_PID3Main_MaskSynIB_Search.py", line 1975, in select_best_lr_wd_dropout
    rep = run_main(cfg, train_loader, val_loader, test_loader, device, verbose=False)
  File "/esat/smcdata/users/kkontras/Image_Dataset/no_backup/git/Synergy/mydatasets/Xor/Xor_PID3Main_MaskSynIB_Search.py", line 1100, in run_main
    main_stats = eval_clean(model, test_loader, device)
  File "/esat/smcdata/users/kkontras/Image_Dataset/no_backup/envs/synergy_new/lib/python3.10/site-packages/torch/utils/_contextlib.py", line 120, in decorate_context
    return func(*args, **kwargs)
  File "/esat/smcdata/users/kkontras/Image_Dataset/no_backup/git/Synergy/mydatasets/Xor/Xor_PID3Main_MaskSynIB_Search.py", line 451, in eval_clean
    model.eval()
AttributeError: 'NoneType' object has no attribute 'eval'
