000 (005.000.000) 2026-01-15 08:52:21 Job submitted from host: <10.87.28.151:9618?addrs=10.87.28.151-9618&alias=brigand.esat.kuleuven.be&noUDP&sock=schedd_1447_19a1>
...
001 (005.000.000) 2026-01-15 08:52:27 Job executing on host: <10.87.28.117:9618?addrs=10.87.28.117-9618&alias=stadius-nc-4.esat.kuleuven.be&noUDP&sock=startd_3356_83ed>
	SlotName: slot1_1@stadius-nc-4.esat.kuleuven.be
	AvailableGPUs = { GPUs_GPU_1236270c }
	CondorScratchDir = "/volume1/condor/execute/dir_2568056/scratch"
	Cpus = 8
	Disk = 1048576
	GPUs = 1
	GPUs_GPU_1236270c = [ Id = "GPU-1236270c"; ClockMhz = 1545.0; Capability = 7.5; CoresPerCU = 64; DeviceName = "NVIDIA GeForce RTX 2080 Ti"; DeviceUuid = "1236270c-ad23-648a-e65a-80b2ab2cf0c3"; ECCEnabled = false; ComputeUnits = 68; NvidiaDriver = "570.153.02"; DriverVersion = 12.8; DevicePciBusId = "0000:25:00.0"; GlobalMemoryMb = 10823; MaxSupportedVersion = 12080 ]
	Memory = 71680
...
006 (005.000.000) 2026-01-15 08:52:35 Image size of job updated: 262848
	257  -  MemoryUsage of job (MB)
	262848  -  ResidentSetSize of job (KB)
...
006 (005.000.000) 2026-01-15 08:57:35 Image size of job updated: 8228608
	7928  -  MemoryUsage of job (MB)
	8117316  -  ResidentSetSize of job (KB)
...
006 (005.000.000) 2026-01-15 09:02:35 Image size of job updated: 8356060
	7928  -  MemoryUsage of job (MB)
	8117316  -  ResidentSetSize of job (KB)
...
006 (005.000.000) 2026-01-15 09:22:37 Image size of job updated: 8477540
	8043  -  MemoryUsage of job (MB)
	8235812  -  ResidentSetSize of job (KB)
...
006 (005.000.000) 2026-01-15 09:27:37 Image size of job updated: 8556260
	8055  -  MemoryUsage of job (MB)
	8248100  -  ResidentSetSize of job (KB)
...
006 (005.000.000) 2026-01-15 09:32:37 Image size of job updated: 8676220
	8055  -  MemoryUsage of job (MB)
	8248100  -  ResidentSetSize of job (KB)
...
006 (005.000.000) 2026-01-15 10:42:44 Image size of job updated: 8676220
	8318  -  MemoryUsage of job (MB)
	8517396  -  ResidentSetSize of job (KB)
...
006 (005.000.000) 2026-01-15 10:47:45 Image size of job updated: 8676220
	8320  -  MemoryUsage of job (MB)
	8519448  -  ResidentSetSize of job (KB)
...
006 (005.000.000) 2026-01-15 11:02:47 Image size of job updated: 8756024
	8320  -  MemoryUsage of job (MB)
	8519448  -  ResidentSetSize of job (KB)
...
006 (005.000.000) 2026-01-15 11:27:50 Image size of job updated: 8852860
	8320  -  MemoryUsage of job (MB)
	8519448  -  ResidentSetSize of job (KB)
...
006 (005.000.000) 2026-01-15 11:32:50 Image size of job updated: 9126072
	8320  -  MemoryUsage of job (MB)
	8519448  -  ResidentSetSize of job (KB)
...
005 (005.000.000) 2026-01-15 11:54:17 Job terminated.
	(1) Normal termination (return value 0)
		Usr 0 09:35:28, Sys 0 02:21:41  -  Run Remote Usage
		Usr 0 00:00:00, Sys 0 00:00:00  -  Run Local Usage
		Usr 0 09:35:28, Sys 0 02:21:41  -  Total Remote Usage
		Usr 0 00:00:00, Sys 0 00:00:00  -  Total Local Usage
	0  -  Run Bytes Sent By Job
	0  -  Run Bytes Received By Job
	0  -  Total Bytes Sent By Job
	0  -  Total Bytes Received By Job
	Partitionable Resources :    Usage  Request Allocated Assigned
	   Cpus                 :     6.03        8         8 
	   Disk (KB)            :     2     1048576   1048576 
	   GPUs                 :     0.42        1         1 "GPU-1236270c"
	   GpusMemory (MB)      :  7539                       
	   Memory (MB)          :  8320       71680     71680 
	   TimeExecute (s)      : 10909                       
	   TimeSlotBusy (s)     : 10909                       
...
