Starting Job
/esat/smcdata/users/kkontras/Image_Dataset/no_backup/git/Synergy/train.py
/esat/smcdata/users/kkontras/Image_Dataset/no_backup/envs/synergy_new/bin/python
Python 3.10.19
/esat/smcdata/users/kkontras/Image_Dataset/no_backup/git/Synergy
We have 1 GPU
/esat/smcdata/users/kkontras/Image_Dataset/no_backup/git/Synergy/train.py
config-./configs/CREMA_D/synergy/jan/synprom_RMask.json
Executing command: python /esat/smcdata/users/kkontras/Image_Dataset/no_backup/git/Synergy/train.py --config ./configs/CREMA_D/synergy/jan/synprom_RMask.json --default_config ./configs/CREMA_D/default_config_cremadplus_res_syn.json --fold 0 --l 0 --lr 0.00001 --wd 0.0001 --cls mlp --batch_size 64
Namespace(config='./configs/CREMA_D/synergy/jan/synprom_RMask.json', default_config='./configs/CREMA_D/default_config_cremadplus_res_syn.json', fold='0', alpha=None, tanh_mode=None, tanh_mode_beta=None, regby=None, clip=None, batch_size='64', l='0', multil=None, l_diffsq=None, lib=None, ratio_us=None, ratio_snr=None, kmepoch=None, num_samples=None, pow=None, nstep=None, contrcoeff=None, kde_coeff=None, etube=None, temperature=None, contr_type=None, shuffle_type=None, validate_with=None, transform_type=None, trasform_before=None, num_classes=None, base_alpha=None, alpha_var=None, base_beta=None, beta_var=None, optim_method=None, ilr_c=None, ilr_g=None, mmcosine_scaling=None, ending_epoch=None, load_ongoing=None, commonlayers=None, recon_weight1=None, recon_weight2=None, recon_epochstages=None, recon_ensemblestages=None, lr='0.00001', wd='0.0001', mm=None, cls='mlp', perturb=None, perturb_fill=None, perturb_pmax=None, perturb_pmin=None, perturb_lsparse=None, pre=False, frozen=False, tdqm_disable=False, start_over=False)
2026-01-15 08:53:13,269 - Config - INFO - ./configs/CREMA_D/synergy/jan/synprom_RMask.json
2026-01-15 08:53:13,273 - Config - INFO -  THE Configuration of your experiment ..
{'agent': 'Agent',
 'dataset': {'data_roots': '/esat/smcdata/users/kkontras/Image_Dataset/no_backup/CremaD/CREMA-D',
             'data_split': {'fold': 0, 'method': 'non_inclusive'},
             'dataloader_class': 'CramedDPlus_Dataloader',
             'fps': 1,
             'ironic_label_name': 'SARCASM',
             'ironic_modes': ['train', 'val', 'test'],
             'ironic_rate': 1.0,
             'norm': False,
             'norm_face_path': './mydatasets/CREMAD/norm_face_path_fold{}.pkl',
             'norm_wav_path': './mydatasets/CREMAD/wav_norm_22050_fold{}.pkl',
             'num_frame': 3,
             'return_data': {'audio': False,
                             'face': False,
                             'spectrogram': True,
                             'video': True},
             'sampling_rate': 22050},
 'early_stopping': {'end_of_epoch_check': True,
                    'log_interval': 10,
                    'max_epoch': 1500,
                    'n_steps_stop': 30,
                    'n_steps_stop_after': 0,
                    'save_every_step': 3000,
                    'save_every_valstep': 10,
                    'validate_after': 0,
                    'validate_every': 25,
                    'validate_with': 'accuracy'},
 'exp_name': 'CREMAD Experiment',
 'model': {'args': {'bias_infusion': {'contrcoeff': 0.0, 'l': 1.0},
                    'cls_type': 'mlp',
                    'd_model': 512,
                    'dropout': 0.1,
                    'fc_inner': 64,
                    'in_dim': 64,
                    'multi_loss': {'multi_supervised_w': {'c': 1,
                                                          'combined': 1,
                                                          'g': 1}},
                    'norm_decision': False,
                    'num_classes': 7,
                    'synergy_type': 'gaussian'},
           'ceu': {'test': './cremadplus_ceu_test_res.pkl',
                   'val': './cremadplus_ceu_val_res.pkl'},
           'encoders': [{'args': {'d_model': 512,
                                  'dropout': 0.1,
                                  'fc_inner': 64,
                                  'freeze_encoder': False,
                                  'num_classes': 7},
                         'model': 'Audio_ResNet',
                         'name': 'enc_0_modality1_encoder',
                         'pretrainedEncoder': {'dir': 'unimodal_audio_fold{}_lr0.001_wd0.0001_bs64.pth.tar',
                                               'use': True},
                         'save_encoder': False},
                        {'args': {'d_model': 512,
                                  'dropout': 0.1,
                                  'fc_inner': 64,
                                  'freeze_encoder': False,
                                  'num_classes': 7},
                         'model': 'Video_ResNet',
                         'name': 'enc_1_modality2_encoder',
                         'pretrainedEncoder': {'dir': 'unimodal_video_fold{}_lr0.0001_wd0.0001_bs64.pth.tar',
                                               'use': True},
                         'save_encoder': False},
                        {'args': {'d_model': 512,
                                  'dropout': 0.1,
                                  'fc_inner': 64,
                                  'freeze_encoder': False},
                         'model': 'FusionTrunkLinear',
                         'name': 'enc_2_fusion_trunk',
                         'pretrainedEncoder': {'dir': 'enc_2_fusion_trunk_fold{}.pth.tar',
                                               'use': False},
                         'save_encoder': False},
                        {'args': {'freeze_encoder': False,
                                  'in_dim': 64,
                                  'num_classes': 7},
                         'model': 'LinearHead',
                         'name': 'enc_3_fusion_head',
                         'pretrainedEncoder': {'dir': 'enc_3_fusion_head_fold{}.pth.tar',
                                               'use': False},
                         'save_encoder': False},
                        {'args': {'dropout': 0.1,
                                  'freeze_encoder': False,
                                  'hidden_dim': 64,
                                  'in_dim': 512,
                                  'num_classes': 7},
                         'model': 'MLPHead',
                         'name': 'enc_4_unimodal_head_1',
                         'pretrainedEncoder': {'dir': 'enc_4_unimodal1_fold{}.pth.tar',
                                               'use': False},
                         'save_encoder': False},
                        {'args': {'dropout': 0.1,
                                  'freeze_encoder': False,
                                  'hidden_dim': 64,
                                  'in_dim': 512,
                                  'num_classes': 7},
                         'model': 'MLPHead',
                         'name': 'enc_5_unimodal_head_2',
                         'pretrainedEncoder': {'dir': 'enc_5_unimodal2_fold{}.pth.tar',
                                               'use': False},
                         'save_encoder': False}],
           'load_ongoing': False,
           'model_class': 'FusionIBModel_Mask',
           'save_base_dir': '/esat/smcdata/users/kkontras/Image_Dataset/no_backup/data/2025_data/synergy/CremadPlus/v2',
           'save_dir': 'SynIB_RMask_{}.pth.tar'},
 'optimizer': {'beta1': 0.9,
               'beta2': 0.999,
               'learning_rate': 1e-05,
               'momentum': 0.9,
               'type': 'Adam',
               'weight_decay': 1e-05},
 'scheduler': {'max_lr': 0.03, 'type': 'cosanneal', 'warm_up_steps': 780},
 'training_params': {'async_loading': True,
                     'batch_size': 128,
                     'cuda': True,
                     'data_loader_workers': 8,
                     'gpu_device': [0],
                     'pin_memory': False,
                     'rec_test': True,
                     'res': True,
                     'seed': 109,
                     'tdqm_disable': False,
                     'test_batch_size': 128,
                     'test_on_bottoms': True,
                     'use_test_set': True,
                     'validation': True,
                     'verbose': True,
                     'wandb_disable': False}}
2026-01-15 08:53:13,281 - Config - INFO -  *************************************** 
2026-01-15 08:53:13,281 - Config - INFO - The experiment name is CREMAD Experiment
2026-01-15 08:53:13,281 - Config - INFO -  *************************************** 
2026-01-15 08:53:13,281 - root - INFO - save_dir: SynIB_RMask_fold0_l0_lr0.00001_wd0.0001_clsmlp_bs64.pth.tar
2026-01-15 08:53:13,346 - Cuda Statistics - INFO - __Python VERSION:  3.10.19 (main, Oct 21 2025, 16:43:05) [GCC 11.2.0]
2026-01-15 08:53:13,347 - Cuda Statistics - INFO - __pyTorch VERSION:  2.9.1+cu128
2026-01-15 08:53:13,347 - Cuda Statistics - INFO - __CUDA VERSION
2026-01-15 08:53:13,357 - Cuda Statistics - INFO - __CUDNN VERSION:  91002
2026-01-15 08:53:13,380 - Cuda Statistics - INFO - __Number CUDA Devices:  1
2026-01-15 08:53:13,380 - Cuda Statistics - INFO - __Devices
2026-01-15 08:53:13,380 - Cuda Statistics - INFO - index, name, driver_version, memory.total [MiB], memory.used [MiB], memory.free [MiB]
2026-01-15 08:53:13,380 - Cuda Statistics - INFO - 0, NVIDIA GeForce RTX 2080 Ti, 570.153.02, 11264 MiB, 4 MiB, 10820 MiB
2026-01-15 08:53:13,386 - Cuda Statistics - INFO - Active CUDA Device: GPU 0
2026-01-15 08:53:13,386 - Cuda Statistics - INFO - Available devices  1
2026-01-15 08:53:13,386 - Cuda Statistics - INFO - Current cuda device  0
2026-01-15 08:53:17,657 - CREMADPlusDataset - INFO - Loaded wav norm from ./mydatasets/CREMAD/wav_norm_22050_fold0.pkl
2026-01-15 08:53:17,716 - CREMADPlusDataset - INFO - [train] Ironic pairing enabled: ironic_rate=1.000, target≈673.7, requested_k=674, applied_k=674
2026-01-15 08:53:17,716 - CREMADPlusDataset - INFO - [train] Flipped-to-sarcasm counts by original class: {0: 135, 1: 143, 2: 94, 3: 111, 4: 98, 5: 93}
2026-01-15 08:53:17,716 - CREMADPlusDataset - INFO - [train] Top (orig_label -> donor_label) sarcasm pairs: [('FEA->HAP', 111), ('DIS->HAP', 98), ('SAD->HAP', 94), ('HAP->ANG', 55), ('HAP->DIS', 47), ('HAP->SAD', 41), ('ANG->HAP', 35), ('ANG->NEU', 35), ('NEU->HAP', 32), ('NEU->FEA', 28)]
2026-01-15 08:53:17,716 - CREMADPlusDataset - INFO - [train] Top donor indices reused (idx, times): [(1334, 4), (3408, 3), (2650, 3), (3255, 3), (3446, 3), (3674, 3), (1379, 3), (2982, 3), (4022, 3), (3631, 3)]
2026-01-15 08:53:17,716 - CREMADPlusDataset - INFO - [train] Label distribution after applying ironic pairs: {0: 570, 1: 695, 2: 476, 3: 512, 4: 525, 5: 590, 6: 674}
2026-01-15 08:53:18,248 - CREMADPlusDataset - INFO - Loaded wav norm from ./mydatasets/CREMAD/wav_norm_22050_fold0.pkl
2026-01-15 08:53:18,254 - CREMADPlusDataset - INFO - [val] Ironic pairing enabled: ironic_rate=1.000, target≈146.3, requested_k=146, applied_k=146
2026-01-15 08:53:18,254 - CREMADPlusDataset - INFO - [val] Flipped-to-sarcasm counts by original class: {0: 27, 1: 31, 2: 19, 3: 21, 4: 23, 5: 25}
2026-01-15 08:53:18,254 - CREMADPlusDataset - INFO - [val] Top (orig_label -> donor_label) sarcasm pairs: [('DIS->HAP', 23), ('FEA->HAP', 21), ('SAD->HAP', 19), ('HAP->DIS', 14), ('HAP->ANG', 12), ('NEU->HAP', 10), ('ANG->NEU', 9), ('ANG->SAD', 8), ('ANG->HAP', 8), ('HAP->SAD', 5)]
2026-01-15 08:53:18,255 - CREMADPlusDataset - INFO - [val] Top donor indices reused (idx, times): [(255, 3), (225, 3), (61, 2), (121, 2), (812, 2), (694, 2), (304, 2), (510, 2), (209, 2), (189, 2)]
2026-01-15 08:53:18,255 - CREMADPlusDataset - INFO - [val] Label distribution after applying ironic pairs: {0: 123, 1: 157, 2: 93, 3: 117, 4: 129, 5: 113, 6: 146}
2026-01-15 08:53:18,683 - CREMADPlusDataset - INFO - Loaded wav norm from ./mydatasets/CREMAD/wav_norm_22050_fold0.pkl
2026-01-15 08:53:18,690 - CREMADPlusDataset - INFO - [test] Ironic pairing enabled: ironic_rate=1.000, target≈149.8, requested_k=150, applied_k=150
2026-01-15 08:53:18,690 - CREMADPlusDataset - INFO - [test] Flipped-to-sarcasm counts by original class: {0: 22, 1: 28, 2: 23, 3: 18, 4: 29, 5: 30}
2026-01-15 08:53:18,690 - CREMADPlusDataset - INFO - [test] Top (orig_label -> donor_label) sarcasm pairs: [('DIS->HAP', 29), ('SAD->HAP', 23), ('FEA->HAP', 18), ('ANG->NEU', 13), ('HAP->ANG', 11), ('ANG->HAP', 11), ('HAP->SAD', 9), ('HAP->DIS', 8), ('NEU->HAP', 8), ('ANG->SAD', 6)]
2026-01-15 08:53:18,690 - CREMADPlusDataset - INFO - [test] Top donor indices reused (idx, times): [(606, 3), (246, 2), (796, 2), (75, 2), (612, 2), (686, 2), (425, 2), (281, 2), (501, 2), (115, 2)]
2026-01-15 08:53:18,690 - CREMADPlusDataset - INFO - [test] Label distribution after applying ironic pairs: {0: 125, 1: 162, 2: 95, 3: 123, 4: 109, 5: 135, 6: 150}
2026-01-15 08:53:18,692 - Agent - INFO - Device: cuda:0
2026-01-15 08:53:18,692 - Agent - INFO - Total training batches: 64, validate every 25 batches, steps per epoch: 3
2026-01-15 08:53:21,833 - Agent - INFO - Loss Weights are {'total': 1, 'combined': 1, 'c': 1, 'g': 1}
2026-01-15 08:53:24,127 - root - INFO - Loading enc best model state dict from /esat/smcdata/users/kkontras/Image_Dataset/no_backup/data/2025_data/synergy/CremadPlus/v2/unimodal_audio_fold0_lr0.001_wd0.0001_bs64.pth.tar
2026-01-15 08:53:25,211 - root - INFO - Loading enc best model state dict from /esat/smcdata/users/kkontras/Image_Dataset/no_backup/data/2025_data/synergy/CremadPlus/v2/unimodal_video_fold0_lr0.0001_wd0.0001_bs64.pth.tar
2026-01-15 08:53:25,293 - Agent - INFO - Total number of trainable parameters are: 22487018
2026-01-15 08:54:31,087 - Agent - INFO - [37mVal Epoch 0 step 0 with [31mce_loss_combined : 2.045220 [31mce_loss_c : 1.383450 [31mce_loss_g : 1.751162 [31mtotal : 2.045220 [94mAcc_combined: 12.19 [94mAcc_c: 53.08 [94mAcc_g: 43.28 [97mS:[93m3.8%[97m([91m1.1c[97m-[94mF1:4.1%) [97mU1:[93m13.9%[97m([91m3.3c[97m) [97mU2:[93m10.9%[97m([91m2.2c[97m) [97mR:[93m20.9%[97m([91m5.6c[97m) [97mS-L: [92m0:[96m50% [92m2:[96m3% [92m3:[96m16% [92m5:[96m5% [92m6:[96m1%[39m [34mF1_perclass: 29.3-1.7-1.8-8.4-0.0-2.4-1.3 [39m[39m
2026-01-15 08:54:31,288 - Agent - INFO - [37mTest Epoch 0 step 0 with [31mce_loss_combined : 2.022011 [31mce_loss_c : 1.492977 [31mce_loss_g : 1.984664 [31mtotal : 2.022011 [94mAcc_combined: 14.57 [94mAcc_c: 46.38 [94mAcc_g: 39.38 [97mS:[93m6.2%[97m([91m1.8c[97m-[94mF1:5.8%) [97mU1:[93m22.9%[97m([91m5.6c[97m) [97mU2:[93m11.0%[97m([91m2.7c[97m) [97mR:[93m20.0%[97m([91m4.6c[97m) [97mS-L: [92m0:[96m42% [92m2:[96m3% [92m3:[96m19% [92m4:[96m4% [92m5:[96m5% [92m6:[96m1%[39m [34mF1_perclass: 27.5-0.0-2.1-22.0-5.6-1.3-1.3 [39m[39m
2026-01-15 08:54:32,128 - Agent - INFO - [37mModel saved successfully at: /esat/smcdata/users/kkontras/Image_Dataset/no_backup/data/2025_data/synergy/CremadPlus/v2/SynIB_RMask_fold0_l0_lr0.00001_wd0.0001_clsmlp_bs64.pth.tar[39m
2026-01-15 08:54:32,131 - Agent - INFO - Total number of trainable parameters are: 22487018
2026-01-15 08:56:22,488 - Agent - INFO - [37mVal Epoch 1 step 1 with [31mce_loss_combined : 1.656252 [31mce_loss_c : 1.388470 [31mce_loss_g : 1.864018 [31mtotal : 1.656252 [94mAcc_combined: 50.34 [94mAcc_c: 51.94 [94mAcc_g: 36.10 [97mS:[93m20.3%[97m([91m6.0c[97m-[94mF1:21.7%) [97mU1:[93m45.0%[97m([91m10.7c[97m) [97mU2:[93m51.1%[97m([91m10.1c[97m) [97mR:[93m88.0%[97m([91m23.5c[97m) [97mS-L: [92m1:[96m48% [92m2:[96m14% [92m3:[96m32% [92m4:[96m43% [92m5:[96m25% [92m6:[96m8%[39m [34mF1_perclass: 58.6-71.0-17.2-44.9-49.8-64.0-10.7 [39m[39m
2026-01-15 08:56:22,599 - Agent - INFO - [37mTest Epoch 1 step 1 with [31mce_loss_combined : 1.682218 [31mce_loss_c : 1.491961 [31mce_loss_g : 1.935376 [31mtotal : 1.682218 [94mAcc_combined: 52.28 [94mAcc_c: 45.72 [94mAcc_g: 41.16 [97mS:[93m18.7%[97m([91m5.3c[97m-[94mF1:17.9%) [97mU1:[93m50.9%[97m([91m12.3c[97m) [97mU2:[93m63.9%[97m([91m15.6c[97m) [97mR:[93m83.4%[97m([91m19.0c[97m) [97mS-L: [92m0:[96m17% [92m1:[96m38% [92m2:[96m11% [92m3:[96m42% [92m4:[96m33% [92m5:[96m29% [92m6:[96m8%[39m [34mF1_perclass: 58.6-78.3-22.2-44.6-48.5-65.7-13.4 [39m[39m
2026-01-15 08:56:23,640 - Agent - INFO - [37mModel saved successfully at: /esat/smcdata/users/kkontras/Image_Dataset/no_backup/data/2025_data/synergy/CremadPlus/v2/SynIB_RMask_fold0_l0_lr0.00001_wd0.0001_clsmlp_bs64.pth.tar[39m
2026-01-15 08:56:23,650 - Agent - INFO - Total number of trainable parameters are: 22487018
2026-01-15 08:58:23,248 - Agent - INFO - [37mVal Epoch 2 step 2 with [31mce_loss_combined : 1.422760 [31mce_loss_c : 1.407701 [31mce_loss_g : 1.734980 [31mtotal : 1.422760 [94mAcc_combined: 55.35 [94mAcc_c: 51.14 [94mAcc_g: 37.36 [97mS:[93m23.0%[97m([91m6.8c[97m-[94mF1:23.1%) [97mU1:[93m49.3%[97m([91m11.7c[97m) [97mU2:[93m64.4%[97m([91m12.8c[97m) [97mR:[93m90.2%[97m([91m24.0c[97m) [97mS-L: [92m0:[96m25% [92m1:[96m74% [92m2:[96m19% [92m3:[96m42% [92m4:[96m40% [92m5:[96m10% [92m6:[96m7%[39m [34mF1_perclass: 63.9-74.4-29.2-57.1-53.5-68.0-9.2 [39m[39m
2026-01-15 08:58:23,351 - Agent - INFO - [37mTest Epoch 2 step 2 with [31mce_loss_combined : 1.489042 [31mce_loss_c : 1.558003 [31mce_loss_g : 1.827545 [31mtotal : 1.489042 [94mAcc_combined: 53.84 [94mAcc_c: 45.16 [94mAcc_g: 40.49 [97mS:[93m20.2%[97m([91m5.8c[97m-[94mF1:19.6%) [97mU1:[93m52.8%[97m([91m12.8c[97m) [97mU2:[93m67.6%[97m([91m16.5c[97m) [97mR:[93m82.4%[97m([91m18.8c[97m) [97mS-L: [92m0:[96m8% [92m1:[96m62% [92m2:[96m16% [92m3:[96m36% [92m4:[96m54% [92m5:[96m19% [92m6:[96m8%[39m [34mF1_perclass: 59.3-75.2-35.6-44.2-53.4-64.0-12.1 [39m[39m
2026-01-15 08:58:25,005 - Agent - INFO - [37mModel saved successfully at: /esat/smcdata/users/kkontras/Image_Dataset/no_backup/data/2025_data/synergy/CremadPlus/v2/SynIB_RMask_fold0_l0_lr0.00001_wd0.0001_clsmlp_bs64.pth.tar[39m
2026-01-15 08:58:25,017 - Agent - INFO - Total number of trainable parameters are: 22487018
2026-01-15 09:00:15,011 - Agent - INFO - [37mVal Epoch 3 step 3 with [31mce_loss_combined : 1.273598 [31mce_loss_c : 1.409652 [31mce_loss_g : 1.627699 [31mtotal : 1.273598 [94mAcc_combined: 57.29 [94mAcc_c: 51.37 [94mAcc_g: 39.41 [97mS:[93m25.3%[97m([91m7.5c[97m-[94mF1:24.3%) [97mU1:[93m56.0%[97m([91m13.3c[97m) [97mU2:[93m65.5%[97m([91m13.0c[97m) [97mR:[93m88.0%[97m([91m23.5c[97m) [97mS-L: [92m0:[96m25% [92m1:[96m74% [92m2:[96m30% [92m3:[96m29% [92m4:[96m40% [92m5:[96m15% [92m6:[96m11%[39m [34mF1_perclass: 64.8-71.1-44.0-56.7-60.4-71.2-13.6 [39m[39m
2026-01-15 09:00:15,104 - Agent - INFO - [37mTest Epoch 3 step 3 with [31mce_loss_combined : 1.370188 [31mce_loss_c : 1.606387 [31mce_loss_g : 1.672233 [31mtotal : 1.370188 [94mAcc_combined: 56.40 [94mAcc_c: 45.16 [94mAcc_g: 41.82 [97mS:[93m19.8%[97m([91m5.7c[97m-[94mF1:18.0%) [97mU1:[93m58.7%[97m([91m14.2c[97m) [97mU2:[93m68.9%[97m([91m16.8c[97m) [97mR:[93m86.3%[97m([91m19.7c[97m) [97mS-L: [92m0:[96m8% [92m1:[96m62% [92m2:[96m21% [92m3:[96m22% [92m4:[96m42% [92m5:[96m14% [92m6:[96m14%[39m [34mF1_perclass: 63.0-75.2-45.5-42.8-58.3-67.4-17.1 [39m[39m
2026-01-15 09:00:16,926 - Agent - INFO - [37mModel saved successfully at: /esat/smcdata/users/kkontras/Image_Dataset/no_backup/data/2025_data/synergy/CremadPlus/v2/SynIB_RMask_fold0_l0_lr0.00001_wd0.0001_clsmlp_bs64.pth.tar[39m
2026-01-15 09:00:16,941 - Agent - INFO - Total number of trainable parameters are: 22487018
2026-01-15 09:02:28,325 - Agent - INFO - [37mVal Epoch 4 step 4 with [31mce_loss_combined : 1.167247 [31mce_loss_c : 1.413057 [31mce_loss_g : 1.694551 [31mtotal : 1.167247 [94mAcc_combined: 60.48 [94mAcc_c: 51.48 [94mAcc_g: 39.07 [97mS:[93m28.7%[97m([91m8.5c[97m-[94mF1:26.4%) [97mU1:[93m61.2%[97m([91m14.6c[97m) [97mU2:[93m67.8%[97m([91m13.4c[97m) [97mR:[93m89.7%[97m([91m23.9c[97m) [97mS-L: [92m0:[96m25% [92m1:[96m83% [92m2:[96m22% [92m3:[96m39% [92m4:[96m33% [92m5:[96m20% [92m6:[96m18%[39m [34mF1_perclass: 67.2-71.4-41.6-59.8-68.7-73.5-20.5 [39m[39m
2026-01-15 09:02:28,509 - Agent - INFO - [37mTest Epoch 4 step 4 with [31mce_loss_combined : 1.290888 [31mce_loss_c : 1.620834 [31mce_loss_g : 1.734084 [31mtotal : 1.290888 [94mAcc_combined: 56.73 [94mAcc_c: 44.49 [94mAcc_g: 40.71 [97mS:[93m19.5%[97m([91m5.6c[97m-[94mF1:17.8%) [97mU1:[93m60.1%[97m([91m14.6c[97m) [97mU2:[93m70.3%[97m([91m17.1c[97m) [97mR:[93m85.4%[97m([91m19.5c[97m) [97mS-L: [92m0:[96m8% [92m1:[96m62% [92m2:[96m8% [92m3:[96m36% [92m4:[96m25% [92m5:[96m29% [92m6:[96m14%[39m [34mF1_perclass: 62.0-72.2-43.6-48.6-60.5-68.6-18.5 [39m[39m
2026-01-15 09:02:29,949 - Agent - INFO - [37mModel saved successfully at: /esat/smcdata/users/kkontras/Image_Dataset/no_backup/data/2025_data/synergy/CremadPlus/v2/SynIB_RMask_fold0_l0_lr0.00001_wd0.0001_clsmlp_bs64.pth.tar[39m
2026-01-15 09:02:29,976 - Agent - INFO - Total number of trainable parameters are: 22487018
2026-01-15 09:05:00,743 - Agent - INFO - [37mVal Epoch 5 step 5 with [31mce_loss_combined : 1.192408 [31mce_loss_c : 1.430973 [31mce_loss_g : 1.845688 [31mtotal : 1.192408 [94mAcc_combined: 56.72 [94mAcc_c: 51.14 [94mAcc_g: 33.03 [97mS:[93m33.3%[97m([91m9.9c[97m-[94mF1:31.1%) [97mU1:[93m56.0%[97m([91m13.3c[97m) [97mU2:[93m52.3%[97m([91m10.4c[97m) [97mR:[93m86.8%[97m([91m23.1c[97m) [97mS-L: [92m0:[96m25% [92m1:[96m57% [92m2:[96m38% [92m3:[96m35% [92m4:[96m53% [92m5:[96m25% [92m6:[96m23%[39m [34mF1_perclass: 69.1-66.2-47.4-57.3-57.0-72.4-24.4 [39m[39m
2026-01-15 09:05:00,793 - Agent - INFO - [37mTest Epoch 5 step 5 with [31mce_loss_combined : 1.291676 [31mce_loss_c : 1.625284 [31mce_loss_g : 1.748090 [31mtotal : 1.291676 [94mAcc_combined: 56.95 [94mAcc_c: 44.72 [94mAcc_g: 39.60 [97mS:[93m25.7%[97m([91m7.3c[97m-[94mF1:20.7%) [97mU1:[93m60.1%[97m([91m14.6c[97m) [97mU2:[93m64.4%[97m([91m15.7c[97m) [97mR:[93m84.9%[97m([91m19.4c[97m) [97mS-L: [92m1:[96m50% [92m2:[96m11% [92m3:[96m39% [92m4:[96m50% [92m5:[96m19% [92m6:[96m24%[39m [34mF1_perclass: 61.3-82.0-42.2-45.8-57.1-66.7-28.8 [39m[39m
2026-01-15 09:05:00,811 - Agent - INFO - Total number of trainable parameters are: 22487018
2026-01-15 09:07:33,134 - Agent - INFO - [37mVal Epoch 6 step 6 with [31mce_loss_combined : 1.088069 [31mce_loss_c : 1.436653 [31mce_loss_g : 1.731411 [31mtotal : 1.088069 [94mAcc_combined: 60.82 [94mAcc_c: 50.91 [94mAcc_g: 35.42 [97mS:[93m31.4%[97m([91m9.3c[97m-[94mF1:27.8%) [97mU1:[93m62.2%[97m([91m14.8c[97m) [97mU2:[93m60.3%[97m([91m12.0c[97m) [97mR:[93m92.7%[97m([91m24.7c[97m) [97mS-L: [92m0:[96m25% [92m1:[96m74% [92m2:[96m24% [92m3:[96m39% [92m4:[96m27% [92m5:[96m20% [92m6:[96m27%[39m [34mF1_perclass: 69.3-72.8-42.5-57.3-69.3-73.8-27.6 [39m[39m
2026-01-15 09:07:33,383 - Agent - INFO - [37mTest Epoch 6 step 6 with [31mce_loss_combined : 1.250671 [31mce_loss_c : 1.654477 [31mce_loss_g : 1.758888 [31mtotal : 1.250671 [94mAcc_combined: 57.84 [94mAcc_c: 43.94 [94mAcc_g: 37.82 [97mS:[93m23.3%[97m([91m6.7c[97m-[94mF1:18.0%) [97mU1:[93m62.8%[97m([91m15.2c[97m) [97mU2:[93m68.9%[97m([91m16.8c[97m) [97mR:[93m83.9%[97m([91m19.1c[97m) [97mS-L: [92m1:[96m62% [92m2:[96m8% [92m3:[96m44% [92m4:[96m21% [92m5:[96m14% [92m6:[96m24%[39m [34mF1_perclass: 60.2-74.4-40.3-53.3-62.5-67.2-28.5 [39m[39m
2026-01-15 09:07:36,205 - Agent - INFO - [37mModel saved successfully at: /esat/smcdata/users/kkontras/Image_Dataset/no_backup/data/2025_data/synergy/CremadPlus/v2/SynIB_RMask_fold0_l0_lr0.00001_wd0.0001_clsmlp_bs64.pth.tar[39m
2026-01-15 09:07:36,242 - Agent - INFO - Total number of trainable parameters are: 22487018
2026-01-15 09:09:51,075 - Agent - INFO - [37mVal Epoch 7 step 7 with [31mce_loss_combined : 1.068216 [31mce_loss_c : 1.435224 [31mce_loss_g : 1.671551 [31mtotal : 1.068216 [94mAcc_combined: 61.05 [94mAcc_c: 50.80 [94mAcc_g: 39.75 [97mS:[93m33.3%[97m([91m9.9c[97m-[94mF1:29.7%) [97mU1:[93m64.1%[97m([91m15.3c[97m) [97mU2:[93m58.0%[97m([91m11.5c[97m) [97mR:[93m91.5%[97m([91m24.4c[97m) [97mS-L: [92m0:[96m25% [92m1:[96m74% [92m2:[96m27% [92m3:[96m35% [92m4:[96m20% [92m5:[96m40% [92m6:[96m29%[39m [34mF1_perclass: 68.0-69.0-47.2-59.2-71.3-75.3-28.1 [39m[39m
2026-01-15 09:09:51,246 - Agent - INFO - [37mTest Epoch 7 step 7 with [31mce_loss_combined : 1.259122 [31mce_loss_c : 1.655880 [31mce_loss_g : 1.742772 [31mtotal : 1.259122 [94mAcc_combined: 59.07 [94mAcc_c: 43.49 [94mAcc_g: 39.71 [97mS:[93m22.6%[97m([91m6.5c[97m-[94mF1:16.7%) [97mU1:[93m67.0%[97m([91m16.2c[97m) [97mU2:[93m67.6%[97m([91m16.5c[97m) [97mR:[93m87.3%[97m([91m19.9c[97m) [97mS-L: [92m1:[96m62% [92m2:[96m5% [92m3:[96m36% [92m4:[96m12% [92m5:[96m19% [92m6:[96m26%[39m [34mF1_perclass: 61.5-75.8-42.4-52.9-64.7-67.8-32.7 [39m[39m
2026-01-15 09:09:52,639 - Agent - INFO - [37mModel saved successfully at: /esat/smcdata/users/kkontras/Image_Dataset/no_backup/data/2025_data/synergy/CremadPlus/v2/SynIB_RMask_fold0_l0_lr0.00001_wd0.0001_clsmlp_bs64.pth.tar[39m
2026-01-15 09:09:52,649 - Agent - INFO - Total number of trainable parameters are: 22487018
2026-01-15 09:11:53,306 - Agent - INFO - [37mVal Epoch 8 step 8 with [31mce_loss_combined : 1.075211 [31mce_loss_c : 1.435105 [31mce_loss_g : 1.650610 [31mtotal : 1.075211 [94mAcc_combined: 61.16 [94mAcc_c: 50.46 [94mAcc_g: 37.81 [97mS:[93m34.1%[97m([91m10.1c[97m-[94mF1:29.8%) [97mU1:[93m67.9%[97m([91m16.2c[97m) [97mU2:[93m54.0%[97m([91m10.7c[97m) [97mR:[93m90.6%[97m([91m24.1c[97m) [97mS-L: [92m0:[96m25% [92m1:[96m78% [92m2:[96m27% [92m3:[96m32% [92m4:[96m33% [92m5:[96m20% [92m6:[96m31%[39m [34mF1_perclass: 69.2-71.5-49.7-55.5-70.5-74.4-30.5 [39m[39m
2026-01-15 09:11:53,396 - Agent - INFO - [37mTest Epoch 8 step 8 with [31mce_loss_combined : 1.262258 [31mce_loss_c : 1.642858 [31mce_loss_g : 1.675208 [31mtotal : 1.262258 [94mAcc_combined: 58.95 [94mAcc_c: 44.05 [94mAcc_g: 37.71 [97mS:[93m26.8%[97m([91m7.7c[97m-[94mF1:20.7%) [97mU1:[93m68.3%[97m([91m16.6c[97m) [97mU2:[93m62.6%[97m([91m15.2c[97m) [97mR:[93m85.4%[97m([91m19.5c[97m) [97mS-L: [92m0:[96m8% [92m1:[96m62% [92m2:[96m16% [92m3:[96m25% [92m4:[96m25% [92m5:[96m14% [92m6:[96m33%[39m [34mF1_perclass: 64.3-76.8-51.0-43.2-60.5-67.7-36.0 [39m[39m
2026-01-15 09:11:55,333 - Agent - INFO - [37mModel saved successfully at: /esat/smcdata/users/kkontras/Image_Dataset/no_backup/data/2025_data/synergy/CremadPlus/v2/SynIB_RMask_fold0_l0_lr0.00001_wd0.0001_clsmlp_bs64.pth.tar[39m
2026-01-15 09:11:55,342 - Agent - INFO - Total number of trainable parameters are: 22487018
2026-01-15 09:13:57,397 - Agent - INFO - [37mVal Epoch 9 step 9 with [31mce_loss_combined : 1.084296 [31mce_loss_c : 1.440703 [31mce_loss_g : 1.694342 [31mtotal : 1.084296 [94mAcc_combined: 60.71 [94mAcc_c: 49.77 [94mAcc_g: 37.13 [97mS:[93m35.6%[97m([91m10.6c[97m-[94mF1:31.1%) [97mU1:[93m62.2%[97m([91m14.8c[97m) [97mU2:[93m56.9%[97m([91m11.3c[97m) [97mR:[93m90.2%[97m([91m24.0c[97m) [97mS-L: [92m0:[96m25% [92m1:[96m78% [92m2:[96m24% [92m3:[96m39% [92m4:[96m33% [92m5:[96m30% [92m6:[96m32%[39m [34mF1_perclass: 68.4-72.0-43.6-59.4-67.6-74.2-30.7 [39m[39m
2026-01-15 09:13:57,691 - Agent - INFO - [37mTest Epoch 9 step 9 with [31mce_loss_combined : 1.260051 [31mce_loss_c : 1.650568 [31mce_loss_g : 1.694598 [31mtotal : 1.260051 [94mAcc_combined: 58.40 [94mAcc_c: 44.05 [94mAcc_g: 38.49 [97mS:[93m23.7%[97m([91m6.8c[97m-[94mF1:17.5%) [97mU1:[93m65.1%[97m([91m15.8c[97m) [97mU2:[93m67.6%[97m([91m16.5c[97m) [97mR:[93m84.9%[97m([91m19.4c[97m) [97mS-L: [92m1:[96m50% [92m2:[96m3% [92m3:[96m39% [92m4:[96m33% [92m5:[96m14% [92m6:[96m26%[39m [34mF1_perclass: 58.8-76.2-42.5-53.1-64.1-66.2-32.2 [39m[39m
2026-01-15 09:13:57,715 - Agent - INFO - Total number of trainable parameters are: 22487018
2026-01-15 09:16:08,335 - Agent - INFO - [37mVal Epoch 10 step 10 with [31mce_loss_combined : 1.091157 [31mce_loss_c : 1.447984 [31mce_loss_g : 1.687570 [31mtotal : 1.091157 [94mAcc_combined: 60.82 [94mAcc_c: 49.66 [94mAcc_g: 36.22 [97mS:[93m36.8%[97m([91m10.9c[97m-[94mF1:32.5%) [97mU1:[93m65.1%[97m([91m15.5c[97m) [97mU2:[93m55.7%[97m([91m11.0c[97m) [97mR:[93m87.6%[97m([91m23.3c[97m) [97mS-L: [92m0:[96m25% [92m1:[96m70% [92m2:[96m30% [92m3:[96m39% [92m4:[96m37% [92m5:[96m35% [92m6:[96m33%[39m [34mF1_perclass: 71.1-70.4-48.1-59.2-67.4-73.6-30.7 [39m[39m
2026-01-15 09:16:08,486 - Agent - INFO - [37mTest Epoch 10 step 10 with [31mce_loss_combined : 1.262381 [31mce_loss_c : 1.631935 [31mce_loss_g : 1.689423 [31mtotal : 1.262381 [94mAcc_combined: 58.40 [94mAcc_c: 43.49 [94mAcc_g: 39.49 [97mS:[93m27.2%[97m([91m7.8c[97m-[94mF1:20.2%) [97mU1:[93m65.6%[97m([91m15.9c[97m) [97mU2:[93m63.5%[97m([91m15.5c[97m) [97mR:[93m84.4%[97m([91m19.2c[97m) [97mS-L: [92m1:[96m50% [92m2:[96m8% [92m3:[96m42% [92m4:[96m33% [92m5:[96m14% [92m6:[96m31%[39m [34mF1_perclass: 59.2-77.8-41.2-52.3-63.0-64.6-36.5 [39m[39m
2026-01-15 09:16:10,034 - Agent - INFO - Total number of trainable parameters are: 22487018
2026-01-15 09:18:17,224 - Agent - INFO - [37mVal Epoch 11 step 11 with [31mce_loss_combined : 1.055278 [31mce_loss_c : 1.443460 [31mce_loss_g : 1.654688 [31mtotal : 1.055278 [94mAcc_combined: 60.71 [94mAcc_c: 49.77 [94mAcc_g: 38.38 [97mS:[93m34.1%[97m([91m10.1c[97m-[94mF1:29.7%) [97mU1:[93m65.6%[97m([91m15.6c[97m) [97mU2:[93m54.0%[97m([91m10.7c[97m) [97mR:[93m91.0%[97m([91m24.3c[97m) [97mS-L: [92m0:[96m25% [92m1:[96m70% [92m2:[96m27% [92m3:[96m45% [92m4:[96m23% [92m5:[96m25% [92m6:[96m31%[39m [34mF1_perclass: 67.7-70.7-47.9-60.2-72.2-72.8-28.4 [39m[39m
2026-01-15 09:18:17,415 - Agent - INFO - [37mTest Epoch 11 step 11 with [31mce_loss_combined : 1.260256 [31mce_loss_c : 1.637618 [31mce_loss_g : 1.706011 [31mtotal : 1.260256 [94mAcc_combined: 59.73 [94mAcc_c: 42.60 [94mAcc_g: 36.04 [97mS:[93m24.1%[97m([91m6.9c[97m-[94mF1:17.1%) [97mU1:[93m69.7%[97m([91m16.9c[97m) [97mU2:[93m66.7%[97m([91m16.2c[97m) [97mR:[93m86.3%[97m([91m19.7c[97m) [97mS-L: [92m1:[96m50% [92m2:[96m5% [92m3:[96m39% [92m4:[96m17% [92m5:[96m14% [92m6:[96m30%[39m [34mF1_perclass: 63.6-77.2-46.0-54.3-65.2-66.2-34.2 [39m[39m
2026-01-15 09:18:17,419 - Agent - INFO - Total number of trainable parameters are: 22487018
2026-01-15 09:20:19,198 - Agent - INFO - [37mVal Epoch 12 step 12 with [31mce_loss_combined : 1.056350 [31mce_loss_c : 1.442044 [31mce_loss_g : 1.622371 [31mtotal : 1.056350 [94mAcc_combined: 61.28 [94mAcc_c: 50.57 [94mAcc_g: 40.77 [97mS:[93m35.2%[97m([91m10.5c[97m-[94mF1:30.4%) [97mU1:[93m66.5%[97m([91m15.8c[97m) [97mU2:[93m54.0%[97m([91m10.7c[97m) [97mR:[93m91.0%[97m([91m24.3c[97m) [97mS-L: [92m0:[96m25% [92m1:[96m74% [92m2:[96m27% [92m3:[96m39% [92m4:[96m20% [92m5:[96m30% [92m6:[96m34%[39m [34mF1_perclass: 69.3-70.1-49.1-59.8-71.8-74.5-31.6 [39m[39m
2026-01-15 09:20:19,384 - Agent - INFO - [37mTest Epoch 12 step 12 with [31mce_loss_combined : 1.306332 [31mce_loss_c : 1.641750 [31mce_loss_g : 1.708660 [31mtotal : 1.306332 [94mAcc_combined: 59.84 [94mAcc_c: 42.60 [94mAcc_g: 37.26 [97mS:[93m25.7%[97m([91m7.3c[97m-[94mF1:17.7%) [97mU1:[93m69.3%[97m([91m16.8c[97m) [97mU2:[93m65.8%[97m([91m16.0c[97m) [97mR:[93m86.3%[97m([91m19.7c[97m) [97mS-L: [92m1:[96m62% [92m2:[96m8% [92m3:[96m31% [92m4:[96m12% [92m5:[96m14% [92m6:[96m35%[39m [34mF1_perclass: 64.3-77.5-46.3-54.7-63.7-65.9-36.4 [39m[39m
2026-01-15 09:20:21,659 - Agent - INFO - [37mModel saved successfully at: /esat/smcdata/users/kkontras/Image_Dataset/no_backup/data/2025_data/synergy/CremadPlus/v2/SynIB_RMask_fold0_l0_lr0.00001_wd0.0001_clsmlp_bs64.pth.tar[39m
2026-01-15 09:20:21,672 - Agent - INFO - Total number of trainable parameters are: 22487018
2026-01-15 09:22:25,245 - Agent - INFO - [37mVal Epoch 13 step 13 with [31mce_loss_combined : 1.109869 [31mce_loss_c : 1.455892 [31mce_loss_g : 1.672381 [31mtotal : 1.109869 [94mAcc_combined: 59.23 [94mAcc_c: 49.66 [94mAcc_g: 36.10 [97mS:[93m38.3%[97m([91m11.4c[97m-[94mF1:32.6%) [97mU1:[93m62.2%[97m([91m14.8c[97m) [97mU2:[93m49.4%[97m([91m9.8c[97m) [97mR:[93m87.2%[97m([91m23.2c[97m) [97mS-L: [92m0:[96m25% [92m1:[96m70% [92m2:[96m27% [92m3:[96m35% [92m4:[96m37% [92m5:[96m30% [92m6:[96m39%[39m [34mF1_perclass: 65.8-69.1-45.5-58.8-66.0-72.3-33.9 [39m[39m
2026-01-15 09:22:25,440 - Agent - INFO - [37mTest Epoch 13 step 13 with [31mce_loss_combined : 1.366907 [31mce_loss_c : 1.655181 [31mce_loss_g : 1.713256 [31mtotal : 1.366907 [94mAcc_combined: 57.95 [94mAcc_c: 42.94 [94mAcc_g: 37.37 [97mS:[93m29.6%[97m([91m8.5c[97m-[94mF1:19.6%) [97mU1:[93m62.8%[97m([91m15.2c[97m) [97mU2:[93m62.6%[97m([91m15.2c[97m) [97mR:[93m83.4%[97m([91m19.0c[97m) [97mS-L: [92m1:[96m38% [92m2:[96m5% [92m3:[96m39% [92m4:[96m29% [92m5:[96m14% [92m6:[96m40%[39m [34mF1_perclass: 58.0-76.0-41.5-52.3-60.1-64.2-41.5 [39m[39m
2026-01-15 09:22:25,443 - Agent - INFO - Total number of trainable parameters are: 22487018
2026-01-15 09:24:38,623 - Agent - INFO - [37mVal Epoch 14 step 14 with [31mce_loss_combined : 1.064891 [31mce_loss_c : 1.455936 [31mce_loss_g : 1.657375 [31mtotal : 1.064891 [94mAcc_combined: 60.93 [94mAcc_c: 49.20 [94mAcc_g: 36.79 [97mS:[93m34.5%[97m([91m10.3c[97m-[94mF1:31.1%) [97mU1:[93m69.9%[97m([91m16.6c[97m) [97mU2:[93m51.7%[97m([91m10.3c[97m) [97mR:[93m89.3%[97m([91m23.8c[97m) [97mS-L: [92m0:[96m25% [92m1:[96m70% [92m2:[96m24% [92m3:[96m39% [92m4:[96m30% [92m5:[96m35% [92m6:[96m31%[39m [34mF1_perclass: 71.5-70.9-48.1-58.2-71.2-73.6-29.0 [39m[39m
2026-01-15 09:24:38,730 - Agent - INFO - [37mTest Epoch 14 step 14 with [31mce_loss_combined : 1.276217 [31mce_loss_c : 1.639933 [31mce_loss_g : 1.691737 [31mtotal : 1.276217 [94mAcc_combined: 59.40 [94mAcc_c: 43.16 [94mAcc_g: 37.71 [97mS:[93m26.8%[97m([91m7.7c[97m-[94mF1:18.9%) [97mU1:[93m68.8%[97m([91m16.7c[97m) [97mU2:[93m63.0%[97m([91m15.4c[97m) [97mR:[93m86.3%[97m([91m19.7c[97m) [97mS-L: [92m1:[96m38% [92m2:[96m8% [92m3:[96m36% [92m4:[96m25% [92m5:[96m14% [92m6:[96m35%[39m [34mF1_perclass: 63.1-78.0-44.0-53.8-63.4-64.7-38.6 [39m[39m
2026-01-15 09:24:38,733 - Agent - INFO - Total number of trainable parameters are: 22487018
2026-01-15 09:26:30,692 - Agent - INFO - [37mVal Epoch 15 step 15 with [31mce_loss_combined : 1.086734 [31mce_loss_c : 1.467904 [31mce_loss_g : 1.644793 [31mtotal : 1.086734 [94mAcc_combined: 60.48 [94mAcc_c: 49.32 [94mAcc_g: 37.70 [97mS:[93m35.6%[97m([91m10.6c[97m-[94mF1:32.0%) [97mU1:[93m67.9%[97m([91m16.2c[97m) [97mU2:[93m51.1%[97m([91m10.1c[97m) [97mR:[93m88.5%[97m([91m23.6c[97m) [97mS-L: [92m0:[96m25% [92m1:[96m70% [92m2:[96m27% [92m3:[96m35% [92m4:[96m30% [92m5:[96m40% [92m6:[96m33%[39m [34mF1_perclass: 71.4-70.3-48.1-58.6-68.9-74.3-29.2 [39m[39m
2026-01-15 09:26:30,910 - Agent - INFO - [37mTest Epoch 15 step 15 with [31mce_loss_combined : 1.303508 [31mce_loss_c : 1.655396 [31mce_loss_g : 1.679513 [31mtotal : 1.303508 [94mAcc_combined: 59.07 [94mAcc_c: 42.16 [94mAcc_g: 38.15 [97mS:[93m26.5%[97m([91m7.6c[97m-[94mF1:18.3%) [97mU1:[93m68.8%[97m([91m16.7c[97m) [97mU2:[93m62.1%[97m([91m15.1c[97m) [97mR:[93m86.3%[97m([91m19.7c[97m) [97mS-L: [92m1:[96m38% [92m2:[96m5% [92m3:[96m36% [92m4:[96m25% [92m5:[96m14% [92m6:[96m35%[39m [34mF1_perclass: 64.3-76.9-43.9-53.7-62.7-64.3-38.2 [39m[39m
2026-01-15 09:26:30,916 - Agent - INFO - Total number of trainable parameters are: 22487018
2026-01-15 09:28:25,852 - Agent - INFO - [37mVal Epoch 16 step 16 with [31mce_loss_combined : 1.081492 [31mce_loss_c : 1.465130 [31mce_loss_g : 1.631091 [31mtotal : 1.081492 [94mAcc_combined: 60.82 [94mAcc_c: 49.20 [94mAcc_g: 37.93 [97mS:[93m35.6%[97m([91m10.6c[97m-[94mF1:31.3%) [97mU1:[93m68.4%[97m([91m16.3c[97m) [97mU2:[93m51.1%[97m([91m10.1c[97m) [97mR:[93m89.3%[97m([91m23.8c[97m) [97mS-L: [92m0:[96m25% [92m1:[96m70% [92m2:[96m27% [92m3:[96m35% [92m4:[96m30% [92m5:[96m30% [92m6:[96m34%[39m [34mF1_perclass: 70.9-70.0-49.1-57.4-70.2-75.7-30.9 [39m[39m
2026-01-15 09:28:26,021 - Agent - INFO - [37mTest Epoch 16 step 16 with [31mce_loss_combined : 1.296936 [31mce_loss_c : 1.660248 [31mce_loss_g : 1.669657 [31mtotal : 1.296936 [94mAcc_combined: 59.73 [94mAcc_c: 43.72 [94mAcc_g: 38.60 [97mS:[93m27.2%[97m([91m7.8c[97m-[94mF1:18.7%) [97mU1:[93m68.8%[97m([91m16.7c[97m) [97mU2:[93m63.5%[97m([91m15.5c[97m) [97mR:[93m86.8%[97m([91m19.8c[97m) [97mS-L: [92m1:[96m38% [92m2:[96m8% [92m3:[96m36% [92m4:[96m21% [92m5:[96m14% [92m6:[96m36%[39m [34mF1_perclass: 64.3-78.0-44.8-54.5-62.7-65.0-39.4 [39m[39m
2026-01-15 09:28:26,024 - Agent - INFO - Total number of trainable parameters are: 22487018
2026-01-15 09:30:20,892 - Agent - INFO - [37mVal Epoch 17 step 17 with [31mce_loss_combined : 1.107305 [31mce_loss_c : 1.461473 [31mce_loss_g : 1.670016 [31mtotal : 1.107305 [94mAcc_combined: 58.88 [94mAcc_c: 49.09 [94mAcc_g: 37.70 [97mS:[93m35.6%[97m([91m10.6c[97m-[94mF1:31.2%) [97mU1:[93m63.6%[97m([91m15.1c[97m) [97mU2:[93m48.9%[97m([91m9.7c[97m) [97mR:[93m88.0%[97m([91m23.5c[97m) [97mS-L: [92m0:[96m25% [92m1:[96m65% [92m2:[96m30% [92m3:[96m39% [92m4:[96m30% [92m5:[96m30% [92m6:[96m34%[39m [34mF1_perclass: 67.8-67.1-49.0-56.9-68.6-71.9-30.1 [39m[39m
2026-01-15 09:30:21,015 - Agent - INFO - [37mTest Epoch 17 step 17 with [31mce_loss_combined : 1.378778 [31mce_loss_c : 1.657250 [31mce_loss_g : 1.723905 [31mtotal : 1.378778 [94mAcc_combined: 58.18 [94mAcc_c: 43.16 [94mAcc_g: 37.49 [97mS:[93m28.0%[97m([91m8.0c[97m-[94mF1:18.9%) [97mU1:[93m65.1%[97m([91m15.8c[97m) [97mU2:[93m61.2%[97m([91m14.9c[97m) [97mR:[93m85.4%[97m([91m19.5c[97m) [97mS-L: [92m1:[96m38% [92m2:[96m5% [92m3:[96m42% [92m4:[96m25% [92m5:[96m14% [92m6:[96m36%[39m [34mF1_perclass: 61.8-75.9-40.5-52.9-62.9-62.9-39.0 [39m[39m
2026-01-15 09:30:21,018 - Agent - INFO - Total number of trainable parameters are: 22487018
2026-01-15 09:32:10,969 - Agent - INFO - [37mVal Epoch 18 step 18 with [31mce_loss_combined : 1.113166 [31mce_loss_c : 1.463500 [31mce_loss_g : 1.649404 [31mtotal : 1.113166 [94mAcc_combined: 60.14 [94mAcc_c: 49.20 [94mAcc_g: 36.45 [97mS:[93m36.4%[97m([91m10.8c[97m-[94mF1:32.9%) [97mU1:[93m68.4%[97m([91m16.3c[97m) [97mU2:[93m48.9%[97m([91m9.7c[97m) [97mR:[93m87.6%[97m([91m23.3c[97m) [97mS-L: [92m0:[96m25% [92m1:[96m52% [92m2:[96m30% [92m3:[96m35% [92m4:[96m30% [92m5:[96m45% [92m6:[96m36%[39m [34mF1_perclass: 72.5-65.7-51.5-56.5-68.7-75.8-32.2 [39m[39m
2026-01-15 09:32:11,091 - Agent - INFO - [37mTest Epoch 18 step 18 with [31mce_loss_combined : 1.267663 [31mce_loss_c : 1.646232 [31mce_loss_g : 1.655687 [31mtotal : 1.267663 [94mAcc_combined: 58.84 [94mAcc_c: 42.60 [94mAcc_g: 38.60 [97mS:[93m26.8%[97m([91m7.7c[97m-[94mF1:20.7%) [97mU1:[93m70.2%[97m([91m17.0c[97m) [97mU2:[93m58.9%[97m([91m14.3c[97m) [97mR:[93m86.8%[97m([91m19.8c[97m) [97mS-L: [92m1:[96m38% [92m2:[96m8% [92m3:[96m36% [92m4:[96m33% [92m5:[96m19% [92m6:[96m32%[39m [34mF1_perclass: 63.2-78.5-46.1-52.1-65.9-65.5-34.8 [39m[39m
2026-01-15 09:32:11,096 - Agent - INFO - Total number of trainable parameters are: 22487018
2026-01-15 09:34:14,544 - Agent - INFO - [37mVal Epoch 19 step 19 with [31mce_loss_combined : 1.108964 [31mce_loss_c : 1.472714 [31mce_loss_g : 1.639372 [31mtotal : 1.108964 [94mAcc_combined: 60.25 [94mAcc_c: 48.63 [94mAcc_g: 37.36 [97mS:[93m37.2%[97m([91m11.0c[97m-[94mF1:32.5%) [97mU1:[93m69.9%[97m([91m16.6c[97m) [97mU2:[93m47.1%[97m([91m9.3c[97m) [97mR:[93m87.2%[97m([91m23.2c[97m) [97mS-L: [92m0:[96m25% [92m1:[96m57% [92m2:[96m30% [92m3:[96m35% [92m4:[96m30% [92m5:[96m35% [92m6:[96m39%[39m [34mF1_perclass: 71.2-66.7-51.5-58.3-69.2-75.0-32.2 [39m[39m
2026-01-15 09:34:14,700 - Agent - INFO - [37mTest Epoch 19 step 19 with [31mce_loss_combined : 1.307569 [31mce_loss_c : 1.646133 [31mce_loss_g : 1.657777 [31mtotal : 1.307569 [94mAcc_combined: 58.40 [94mAcc_c: 42.60 [94mAcc_g: 37.93 [97mS:[93m27.6%[97m([91m7.9c[97m-[94mF1:19.4%) [97mU1:[93m69.7%[97m([91m16.9c[97m) [97mU2:[93m58.0%[97m([91m14.1c[97m) [97mR:[93m85.4%[97m([91m19.5c[97m) [97mS-L: [92m1:[96m38% [92m2:[96m8% [92m3:[96m31% [92m4:[96m29% [92m5:[96m14% [92m6:[96m37%[39m [34mF1_perclass: 63.5-76.3-47.0-49.6-64.3-64.7-37.4 [39m[39m
2026-01-15 09:34:14,703 - Agent - INFO - Total number of trainable parameters are: 22487018
2026-01-15 09:36:31,021 - Agent - INFO - [37mVal Epoch 20 step 20 with [31mce_loss_combined : 1.097419 [31mce_loss_c : 1.476011 [31mce_loss_g : 1.634887 [31mtotal : 1.097419 [94mAcc_combined: 61.50 [94mAcc_c: 48.52 [94mAcc_g: 38.50 [97mS:[93m36.4%[97m([91m10.8c[97m-[94mF1:32.1%) [97mU1:[93m69.9%[97m([91m16.6c[97m) [97mU2:[93m51.7%[97m([91m10.3c[97m) [97mR:[93m89.3%[97m([91m23.8c[97m) [97mS-L: [92m0:[96m25% [92m1:[96m57% [92m2:[96m24% [92m3:[96m35% [92m4:[96m30% [92m5:[96m50% [92m6:[96m36%[39m [34mF1_perclass: 70.2-67.3-49.7-59.6-72.8-74.7-33.4 [39m[39m
2026-01-15 09:36:31,062 - Agent - INFO - [37mTest Epoch 20 step 20 with [31mce_loss_combined : 1.315150 [31mce_loss_c : 1.640557 [31mce_loss_g : 1.724873 [31mtotal : 1.315150 [94mAcc_combined: 58.51 [94mAcc_c: 41.49 [94mAcc_g: 36.71 [97mS:[93m26.5%[97m([91m7.6c[97m-[94mF1:18.8%) [97mU1:[93m69.3%[97m([91m16.8c[97m) [97mU2:[93m59.4%[97m([91m14.5c[97m) [97mR:[93m86.3%[97m([91m19.7c[97m) [97mS-L: [92m1:[96m38% [92m2:[96m5% [92m3:[96m36% [92m4:[96m17% [92m5:[96m29% [92m6:[96m34%[39m [34mF1_perclass: 64.0-75.8-42.9-52.4-63.2-63.9-36.8 [39m[39m
2026-01-15 09:36:33,551 - Agent - INFO - [37mModel saved successfully at: /esat/smcdata/users/kkontras/Image_Dataset/no_backup/data/2025_data/synergy/CremadPlus/v2/SynIB_RMask_fold0_l0_lr0.00001_wd0.0001_clsmlp_bs64.pth.tar[39m
2026-01-15 09:36:33,579 - Agent - INFO - Total number of trainable parameters are: 22487018
2026-01-15 09:38:38,557 - Agent - INFO - [37mVal Epoch 21 step 21 with [31mce_loss_combined : 1.109624 [31mce_loss_c : 1.455392 [31mce_loss_g : 1.598718 [31mtotal : 1.109624 [94mAcc_combined: 60.59 [94mAcc_c: 49.09 [94mAcc_g: 39.29 [97mS:[93m36.8%[97m([91m10.9c[97m-[94mF1:31.4%) [97mU1:[93m68.4%[97m([91m16.3c[97m) [97mU2:[93m48.9%[97m([91m9.7c[97m) [97mR:[93m88.9%[97m([91m23.7c[97m) [97mS-L: [92m0:[96m25% [92m1:[96m65% [92m2:[96m30% [92m3:[96m35% [92m4:[96m23% [92m5:[96m30% [92m6:[96m39%[39m [34mF1_perclass: 70.8-68.5-50.6-58.9-70.4-73.2-32.5 [39m[39m
2026-01-15 09:38:38,601 - Agent - INFO - [37mTest Epoch 21 step 21 with [31mce_loss_combined : 1.336350 [31mce_loss_c : 1.620883 [31mce_loss_g : 1.673789 [31mtotal : 1.336350 [94mAcc_combined: 58.95 [94mAcc_c: 42.60 [94mAcc_g: 37.82 [97mS:[93m26.5%[97m([91m7.6c[97m-[94mF1:18.5%) [97mU1:[93m69.7%[97m([91m16.9c[97m) [97mU2:[93m61.2%[97m([91m14.9c[97m) [97mR:[93m85.9%[97m([91m19.6c[97m) [97mS-L: [92m1:[96m38% [92m2:[96m5% [92m3:[96m31% [92m4:[96m29% [92m5:[96m14% [92m6:[96m36%[39m [34mF1_perclass: 62.9-76.3-49.1-51.6-65.8-63.5-36.7 [39m[39m
2026-01-15 09:38:38,604 - Agent - INFO - Total number of trainable parameters are: 22487018
2026-01-15 09:40:31,426 - Agent - INFO - [37mVal Epoch 22 step 22 with [31mce_loss_combined : 1.131833 [31mce_loss_c : 1.488209 [31mce_loss_g : 1.634351 [31mtotal : 1.131833 [94mAcc_combined: 60.48 [94mAcc_c: 48.63 [94mAcc_g: 38.38 [97mS:[93m34.9%[97m([91m10.4c[97m-[94mF1:30.9%) [97mU1:[93m70.3%[97m([91m16.7c[97m) [97mU2:[93m49.4%[97m([91m9.8c[97m) [97mR:[93m88.5%[97m([91m23.6c[97m) [97mS-L: [92m0:[96m25% [92m1:[96m61% [92m2:[96m24% [92m3:[96m35% [92m4:[96m30% [92m5:[96m35% [92m6:[96m34%[39m [34mF1_perclass: 71.9-67.1-50.3-59.1-69.4-73.8-31.2 [39m[39m
2026-01-15 09:40:31,513 - Agent - INFO - [37mTest Epoch 22 step 22 with [31mce_loss_combined : 1.316455 [31mce_loss_c : 1.657313 [31mce_loss_g : 1.677729 [31mtotal : 1.316455 [94mAcc_combined: 57.95 [94mAcc_c: 42.38 [94mAcc_g: 36.48 [97mS:[93m27.2%[97m([91m7.8c[97m-[94mF1:19.1%) [97mU1:[93m68.3%[97m([91m16.6c[97m) [97mU2:[93m57.5%[97m([91m14.0c[97m) [97mR:[93m85.9%[97m([91m19.6c[97m) [97mS-L: [92m1:[96m38% [92m2:[96m8% [92m3:[96m33% [92m4:[96m25% [92m5:[96m14% [92m6:[96m36%[39m [34mF1_perclass: 62.7-75.9-46.6-50.2-65.0-63.1-36.2 [39m[39m
2026-01-15 09:40:31,515 - Agent - INFO - Total number of trainable parameters are: 22487018
2026-01-15 09:42:33,995 - Agent - INFO - [37mVal Epoch 23 step 23 with [31mce_loss_combined : 1.151285 [31mce_loss_c : 1.476392 [31mce_loss_g : 1.693865 [31mtotal : 1.151285 [94mAcc_combined: 57.97 [94mAcc_c: 48.52 [94mAcc_g: 37.13 [97mS:[93m34.5%[97m([91m10.3c[97m-[94mF1:30.2%) [97mU1:[93m64.1%[97m([91m15.3c[97m) [97mU2:[93m46.0%[97m([91m9.1c[97m) [97mR:[93m87.6%[97m([91m23.3c[97m) [97mS-L: [92m0:[96m25% [92m1:[96m52% [92m2:[96m30% [92m3:[96m39% [92m4:[96m30% [92m5:[96m30% [92m6:[96m34%[39m [34mF1_perclass: 68.8-64.4-47.1-56.9-66.9-72.4-29.5 [39m[39m
2026-01-15 09:42:34,108 - Agent - INFO - [37mTest Epoch 23 step 23 with [31mce_loss_combined : 1.406597 [31mce_loss_c : 1.643389 [31mce_loss_g : 1.758909 [31mtotal : 1.406597 [94mAcc_combined: 56.73 [94mAcc_c: 42.71 [94mAcc_g: 35.04 [97mS:[93m28.4%[97m([91m8.1c[97m-[94mF1:19.6%) [97mU1:[93m64.2%[97m([91m15.6c[97m) [97mU2:[93m57.1%[97m([91m13.9c[97m) [97mR:[93m83.9%[97m([91m19.1c[97m) [97mS-L: [92m1:[96m25% [92m2:[96m8% [92m3:[96m42% [92m4:[96m33% [92m5:[96m14% [92m6:[96m36%[39m [34mF1_perclass: 60.9-74.7-38.4-50.5-61.9-63.5-37.5 [39m[39m
2026-01-15 09:42:34,111 - Agent - INFO - Total number of trainable parameters are: 22487018
2026-01-15 09:45:01,576 - Agent - INFO - [37mVal Epoch 24 step 24 with [31mce_loss_combined : 1.149163 [31mce_loss_c : 1.471749 [31mce_loss_g : 1.649133 [31mtotal : 1.149163 [94mAcc_combined: 58.88 [94mAcc_c: 48.63 [94mAcc_g: 37.13 [97mS:[93m36.4%[97m([91m10.8c[97m-[94mF1:31.6%) [97mU1:[93m65.1%[97m([91m15.5c[97m) [97mU2:[93m44.8%[97m([91m8.9c[97m) [97mR:[93m88.9%[97m([91m23.7c[97m) [97mS-L: [92m0:[96m25% [92m1:[96m52% [92m2:[96m30% [92m3:[96m35% [92m4:[96m30% [92m5:[96m35% [92m6:[96m38%[39m [34mF1_perclass: 68.8-64.6-48.8-58.4-69.4-73.4-31.7 [39m[39m
2026-01-15 09:45:01,620 - Agent - INFO - [37mTest Epoch 24 step 24 with [31mce_loss_combined : 1.389713 [31mce_loss_c : 1.643514 [31mce_loss_g : 1.721638 [31mtotal : 1.389713 [94mAcc_combined: 57.17 [94mAcc_c: 43.05 [94mAcc_g: 36.15 [97mS:[93m28.0%[97m([91m8.0c[97m-[94mF1:18.8%) [97mU1:[93m65.6%[97m([91m15.9c[97m) [97mU2:[93m58.0%[97m([91m14.1c[97m) [97mR:[93m83.9%[97m([91m19.1c[97m) [97mS-L: [92m1:[96m25% [92m2:[96m5% [92m3:[96m42% [92m4:[96m29% [92m5:[96m14% [92m6:[96m36%[39m [34mF1_perclass: 62.6-74.6-39.5-51.3-64.5-62.9-38.2 [39m[39m
2026-01-15 09:45:01,622 - Agent - INFO - Total number of trainable parameters are: 22487018
2026-01-15 09:47:04,137 - Agent - INFO - [37mVal Epoch 25 step 25 with [31mce_loss_combined : 1.158659 [31mce_loss_c : 1.488360 [31mce_loss_g : 1.612296 [31mtotal : 1.158659 [94mAcc_combined: 59.45 [94mAcc_c: 48.29 [94mAcc_g: 37.02 [97mS:[93m34.9%[97m([91m10.4c[97m-[94mF1:29.6%) [97mU1:[93m68.4%[97m([91m16.3c[97m) [97mU2:[93m47.1%[97m([91m9.3c[97m) [97mR:[93m88.0%[97m([91m23.5c[97m) [97mS-L: [92m0:[96m25% [92m1:[96m52% [92m2:[96m27% [92m3:[96m32% [92m4:[96m30% [92m5:[96m25% [92m6:[96m38%[39m [34mF1_perclass: 70.5-66.2-50.9-58.3-69.4-71.7-31.8 [39m[39m
2026-01-15 09:47:04,192 - Agent - INFO - [37mTest Epoch 25 step 25 with [31mce_loss_combined : 1.363585 [31mce_loss_c : 1.656320 [31mce_loss_g : 1.671149 [31mtotal : 1.363585 [94mAcc_combined: 57.17 [94mAcc_c: 42.27 [94mAcc_g: 36.82 [97mS:[93m27.2%[97m([91m7.8c[97m-[94mF1:19.0%) [97mU1:[93m67.9%[97m([91m16.5c[97m) [97mU2:[93m55.7%[97m([91m13.6c[97m) [97mR:[93m84.9%[97m([91m19.4c[97m) [97mS-L: [92m1:[96m38% [92m2:[96m8% [92m3:[96m28% [92m4:[96m29% [92m5:[96m14% [92m6:[96m37%[39m [34mF1_perclass: 62.6-75.7-47.3-47.7-61.7-62.6-37.4 [39m[39m
2026-01-15 09:47:04,195 - Agent - INFO - Total number of trainable parameters are: 22487018
2026-01-15 09:49:00,293 - Agent - INFO - [37mVal Epoch 26 step 26 with [31mce_loss_combined : 1.125810 [31mce_loss_c : 1.473018 [31mce_loss_g : 1.620595 [31mtotal : 1.125810 [94mAcc_combined: 59.91 [94mAcc_c: 48.97 [94mAcc_g: 38.72 [97mS:[93m36.4%[97m([91m10.8c[97m-[94mF1:32.0%) [97mU1:[93m68.9%[97m([91m16.4c[97m) [97mU2:[93m46.6%[97m([91m9.2c[97m) [97mR:[93m88.0%[97m([91m23.5c[97m) [97mS-L: [92m0:[96m25% [92m1:[96m57% [92m2:[96m32% [92m3:[96m35% [92m4:[96m30% [92m5:[96m35% [92m6:[96m36%[39m [34mF1_perclass: 69.5-67.1-52.0-58.9-70.0-72.8-31.3 [39m[39m
2026-01-15 09:49:00,411 - Agent - INFO - [37mTest Epoch 26 step 26 with [31mce_loss_combined : 1.328812 [31mce_loss_c : 1.628210 [31mce_loss_g : 1.690180 [31mtotal : 1.328812 [94mAcc_combined: 58.06 [94mAcc_c: 42.49 [94mAcc_g: 36.15 [97mS:[93m27.2%[97m([91m7.8c[97m-[94mF1:19.5%) [97mU1:[93m68.3%[97m([91m16.6c[97m) [97mU2:[93m58.4%[97m([91m14.2c[97m) [97mR:[93m85.4%[97m([91m19.5c[97m) [97mS-L: [92m1:[96m38% [92m2:[96m11% [92m3:[96m31% [92m4:[96m29% [92m5:[96m14% [92m6:[96m36%[39m [34mF1_perclass: 62.6-76.6-46.2-50.2-63.7-63.8-37.1 [39m[39m
2026-01-15 09:49:00,414 - Agent - INFO - Total number of trainable parameters are: 22487018
2026-01-15 09:50:56,702 - Agent - INFO - [37mVal Epoch 27 step 27 with [31mce_loss_combined : 1.158932 [31mce_loss_c : 1.487672 [31mce_loss_g : 1.659829 [31mtotal : 1.158932 [94mAcc_combined: 59.23 [94mAcc_c: 48.06 [94mAcc_g: 37.02 [97mS:[93m35.6%[97m([91m10.6c[97m-[94mF1:31.4%) [97mU1:[93m65.6%[97m([91m15.6c[97m) [97mU2:[93m46.6%[97m([91m9.2c[97m) [97mR:[93m89.3%[97m([91m23.8c[97m) [97mS-L: [92m0:[96m25% [92m1:[96m57% [92m2:[96m24% [92m3:[96m35% [92m4:[96m30% [92m5:[96m40% [92m6:[96m36%[39m [34mF1_perclass: 69.7-64.9-48.1-57.6-69.7-74.6-30.5 [39m[39m
2026-01-15 09:50:56,858 - Agent - INFO - [37mTest Epoch 27 step 27 with [31mce_loss_combined : 1.336300 [31mce_loss_c : 1.642084 [31mce_loss_g : 1.685015 [31mtotal : 1.336300 [94mAcc_combined: 58.18 [94mAcc_c: 43.05 [94mAcc_g: 35.82 [97mS:[93m28.8%[97m([91m8.2c[97m-[94mF1:20.9%) [97mU1:[93m67.0%[97m([91m16.2c[97m) [97mU2:[93m58.4%[97m([91m14.2c[97m) [97mR:[93m85.4%[97m([91m19.5c[97m) [97mS-L: [92m1:[96m25% [92m2:[96m8% [92m3:[96m39% [92m4:[96m29% [92m5:[96m29% [92m6:[96m36%[39m [34mF1_perclass: 62.6-75.9-41.3-50.9-65.0-65.1-38.8 [39m[39m
2026-01-15 09:50:56,861 - Agent - INFO - Total number of trainable parameters are: 22487018
2026-01-15 09:53:09,101 - Agent - INFO - [37mVal Epoch 28 step 28 with [31mce_loss_combined : 1.142545 [31mce_loss_c : 1.472255 [31mce_loss_g : 1.626889 [31mtotal : 1.142545 [94mAcc_combined: 58.88 [94mAcc_c: 48.29 [94mAcc_g: 39.41 [97mS:[93m35.2%[97m([91m10.5c[97m-[94mF1:30.2%) [97mU1:[93m66.5%[97m([91m15.8c[97m) [97mU2:[93m46.6%[97m([91m9.2c[97m) [97mR:[93m87.6%[97m([91m23.3c[97m) [97mS-L: [92m0:[96m25% [92m1:[96m65% [92m2:[96m24% [92m3:[96m32% [92m4:[96m30% [92m5:[96m30% [92m6:[96m36%[39m [34mF1_perclass: 69.0-66.7-45.8-56.8-70.3-72.6-30.3 [39m[39m
2026-01-15 09:53:09,261 - Agent - INFO - [37mTest Epoch 28 step 28 with [31mce_loss_combined : 1.405549 [31mce_loss_c : 1.654149 [31mce_loss_g : 1.688777 [31mtotal : 1.405549 [94mAcc_combined: 57.29 [94mAcc_c: 41.71 [94mAcc_g: 36.48 [97mS:[93m27.2%[97m([91m7.8c[97m-[94mF1:19.3%) [97mU1:[93m67.0%[97m([91m16.2c[97m) [97mU2:[93m58.0%[97m([91m14.1c[97m) [97mR:[93m83.9%[97m([91m19.1c[97m) [97mS-L: [92m1:[96m38% [92m2:[96m5% [92m3:[96m36% [92m4:[96m29% [92m5:[96m19% [92m6:[96m35%[39m [34mF1_perclass: 62.4-74.1-38.9-51.1-65.0-63.6-36.7 [39m[39m
2026-01-15 09:53:09,264 - Agent - INFO - Total number of trainable parameters are: 22487018
2026-01-15 09:55:36,464 - Agent - INFO - [37mVal Epoch 29 step 29 with [31mce_loss_combined : 1.145544 [31mce_loss_c : 1.465689 [31mce_loss_g : 1.640472 [31mtotal : 1.145544 [94mAcc_combined: 59.45 [94mAcc_c: 48.86 [94mAcc_g: 38.27 [97mS:[93m37.9%[97m([91m11.3c[97m-[94mF1:33.3%) [97mU1:[93m65.6%[97m([91m15.6c[97m) [97mU2:[93m45.4%[97m([91m9.0c[97m) [97mR:[93m88.5%[97m([91m23.6c[97m) [97mS-L: [92m0:[96m25% [92m1:[96m61% [92m2:[96m32% [92m3:[96m42% [92m4:[96m30% [92m5:[96m35% [92m6:[96m37%[39m [34mF1_perclass: 69.1-67.1-48.1-58.9-69.7-73.5-31.0 [39m[39m
2026-01-15 09:55:36,597 - Agent - INFO - [37mTest Epoch 29 step 29 with [31mce_loss_combined : 1.367096 [31mce_loss_c : 1.627093 [31mce_loss_g : 1.694265 [31mtotal : 1.367096 [94mAcc_combined: 57.51 [94mAcc_c: 42.94 [94mAcc_g: 37.49 [97mS:[93m26.8%[97m([91m7.7c[97m-[94mF1:19.0%) [97mU1:[93m67.0%[97m([91m16.2c[97m) [97mU2:[93m59.4%[97m([91m14.5c[97m) [97mR:[93m83.9%[97m([91m19.1c[97m) [97mS-L: [92m1:[96m38% [92m2:[96m5% [92m3:[96m39% [92m4:[96m29% [92m5:[96m14% [92m6:[96m34%[39m [34mF1_perclass: 62.7-76.0-42.2-51.3-64.7-62.8-35.9 [39m[39m
2026-01-15 09:55:36,601 - Agent - INFO - Total number of trainable parameters are: 22487018
2026-01-15 09:57:56,845 - Agent - INFO - [37mVal Epoch 30 step 30 with [31mce_loss_combined : 1.145137 [31mce_loss_c : 1.472060 [31mce_loss_g : 1.635754 [31mtotal : 1.145137 [94mAcc_combined: 59.57 [94mAcc_c: 48.86 [94mAcc_g: 37.81 [97mS:[93m36.4%[97m([91m10.8c[97m-[94mF1:32.5%) [97mU1:[93m67.5%[97m([91m16.1c[97m) [97mU2:[93m46.0%[97m([91m9.1c[97m) [97mR:[93m88.5%[97m([91m23.6c[97m) [97mS-L: [92m0:[96m25% [92m1:[96m57% [92m2:[96m30% [92m3:[96m39% [92m4:[96m30% [92m5:[96m40% [92m6:[96m35%[39m [34mF1_perclass: 69.3-66.7-47.9-56.7-70.0-75.7-31.3 [39m[39m
2026-01-15 09:57:57,116 - Agent - INFO - [37mTest Epoch 30 step 30 with [31mce_loss_combined : 1.355390 [31mce_loss_c : 1.645883 [31mce_loss_g : 1.685604 [31mtotal : 1.355390 [94mAcc_combined: 58.06 [94mAcc_c: 42.94 [94mAcc_g: 36.82 [97mS:[93m27.2%[97m([91m7.8c[97m-[94mF1:19.8%) [97mU1:[93m67.9%[97m([91m16.5c[97m) [97mU2:[93m58.4%[97m([91m14.2c[97m) [97mR:[93m85.9%[97m([91m19.6c[97m) [97mS-L: [92m1:[96m25% [92m2:[96m8% [92m3:[96m42% [92m4:[96m29% [92m5:[96m24% [92m6:[96m32%[39m [34mF1_perclass: 63.2-76.0-43.0-50.9-65.0-64.8-36.0 [39m[39m
2026-01-15 09:57:59,498 - Agent - INFO - Total number of trainable parameters are: 22487018
2026-01-15 10:00:23,400 - Agent - INFO - [37mVal Epoch 31 step 31 with [31mce_loss_combined : 1.167161 [31mce_loss_c : 1.483496 [31mce_loss_g : 1.639452 [31mtotal : 1.167161 [94mAcc_combined: 58.88 [94mAcc_c: 48.18 [94mAcc_g: 37.70 [97mS:[93m35.2%[97m([91m10.5c[97m-[94mF1:30.9%) [97mU1:[93m66.0%[97m([91m15.7c[97m) [97mU2:[93m46.0%[97m([91m9.1c[97m) [97mR:[93m88.5%[97m([91m23.6c[97m) [97mS-L: [92m0:[96m25% [92m1:[96m61% [92m2:[96m24% [92m3:[96m32% [92m4:[96m30% [92m5:[96m40% [92m6:[96m35%[39m [34mF1_perclass: 69.0-66.7-44.2-57.1-68.9-74.0-30.2 [39m[39m
2026-01-15 10:00:23,531 - Agent - INFO - [37mTest Epoch 31 step 31 with [31mce_loss_combined : 1.412592 [31mce_loss_c : 1.655734 [31mce_loss_g : 1.704479 [31mtotal : 1.412592 [94mAcc_combined: 57.29 [94mAcc_c: 41.60 [94mAcc_g: 36.48 [97mS:[93m27.6%[97m([91m7.9c[97m-[94mF1:19.4%) [97mU1:[93m64.7%[97m([91m15.7c[97m) [97mU2:[93m58.9%[97m([91m14.3c[97m) [97mR:[93m84.9%[97m([91m19.4c[97m) [97mS-L: [92m1:[96m38% [92m2:[96m5% [92m3:[96m36% [92m4:[96m29% [92m5:[96m19% [92m6:[96m36%[39m [34mF1_perclass: 63.6-74.9-40.0-51.4-62.0-62.0-37.7 [39m[39m
2026-01-15 10:00:23,534 - Agent - INFO - Total number of trainable parameters are: 22487018
2026-01-15 10:02:30,542 - Agent - INFO - [37mVal Epoch 32 step 32 with [31mce_loss_combined : 1.146823 [31mce_loss_c : 1.483772 [31mce_loss_g : 1.622230 [31mtotal : 1.146823 [94mAcc_combined: 59.45 [94mAcc_c: 48.52 [94mAcc_g: 38.95 [97mS:[93m35.2%[97m([91m10.5c[97m-[94mF1:30.3%) [97mU1:[93m66.5%[97m([91m15.8c[97m) [97mU2:[93m47.7%[97m([91m9.5c[97m) [97mR:[93m88.9%[97m([91m23.7c[97m) [97mS-L: [92m0:[96m25% [92m1:[96m65% [92m2:[96m24% [92m3:[96m32% [92m4:[96m30% [92m5:[96m30% [92m6:[96m36%[39m [34mF1_perclass: 69.0-67.7-45.2-57.4-71.7-73.3-30.2 [39m[39m
2026-01-15 10:02:30,774 - Agent - INFO - [37mTest Epoch 32 step 32 with [31mce_loss_combined : 1.400153 [31mce_loss_c : 1.651988 [31mce_loss_g : 1.702127 [31mtotal : 1.400153 [94mAcc_combined: 57.62 [94mAcc_c: 43.05 [94mAcc_g: 35.93 [97mS:[93m27.6%[97m([91m7.9c[97m-[94mF1:19.2%) [97mU1:[93m67.9%[97m([91m16.5c[97m) [97mU2:[93m58.0%[97m([91m14.1c[97m) [97mR:[93m83.9%[97m([91m19.1c[97m) [97mS-L: [92m1:[96m38% [92m2:[96m5% [92m3:[96m36% [92m4:[96m25% [92m5:[96m19% [92m6:[96m36%[39m [34mF1_perclass: 61.6-74.2-43.1-52.3-64.1-63.8-36.7 [39m[39m
2026-01-15 10:02:30,785 - Agent - INFO - Total number of trainable parameters are: 22487018
2026-01-15 10:04:31,953 - Agent - INFO - [37mVal Epoch 33 step 33 with [31mce_loss_combined : 1.194694 [31mce_loss_c : 1.474843 [31mce_loss_g : 1.705281 [31mtotal : 1.194694 [94mAcc_combined: 58.43 [94mAcc_c: 48.97 [94mAcc_g: 35.99 [97mS:[93m34.5%[97m([91m10.3c[97m-[94mF1:30.8%) [97mU1:[93m64.1%[97m([91m15.3c[97m) [97mU2:[93m47.1%[97m([91m9.3c[97m) [97mR:[93m88.5%[97m([91m23.6c[97m) [97mS-L: [92m0:[96m25% [92m1:[96m48% [92m2:[96m27% [92m3:[96m42% [92m4:[96m30% [92m5:[96m40% [92m6:[96m33%[39m [34mF1_perclass: 69.9-65.7-43.0-57.0-67.2-73.8-30.0 [39m[39m
2026-01-15 10:04:32,084 - Agent - INFO - [37mTest Epoch 33 step 33 with [31mce_loss_combined : 1.394078 [31mce_loss_c : 1.659324 [31mce_loss_g : 1.772356 [31mtotal : 1.394078 [94mAcc_combined: 56.51 [94mAcc_c: 42.16 [94mAcc_g: 34.82 [97mS:[93m28.0%[97m([91m8.0c[97m-[94mF1:21.7%) [97mU1:[93m65.6%[97m([91m15.9c[97m) [97mU2:[93m56.2%[97m([91m13.7c[97m) [97mR:[93m82.9%[97m([91m18.9c[97m) [97mS-L: [92m1:[96m25% [92m2:[96m11% [92m3:[96m44% [92m4:[96m38% [92m5:[96m29% [92m6:[96m30%[39m [34mF1_perclass: 62.4-74.2-40.5-50.0-64.5-64.7-32.9 [39m[39m
2026-01-15 10:04:32,089 - Agent - INFO - Total number of trainable parameters are: 22487018
2026-01-15 10:06:38,754 - Agent - INFO - [37mVal Epoch 34 step 34 with [31mce_loss_combined : 1.173411 [31mce_loss_c : 1.471557 [31mce_loss_g : 1.594737 [31mtotal : 1.173411 [94mAcc_combined: 59.57 [94mAcc_c: 48.97 [94mAcc_g: 38.50 [97mS:[93m35.2%[97m([91m10.5c[97m-[94mF1:29.9%) [97mU1:[93m67.9%[97m([91m16.2c[97m) [97mU2:[93m47.1%[97m([91m9.3c[97m) [97mR:[93m88.5%[97m([91m23.6c[97m) [97mS-L: [92m0:[96m25% [92m1:[96m61% [92m2:[96m24% [92m3:[96m35% [92m4:[96m17% [92m5:[96m35% [92m6:[96m39%[39m [34mF1_perclass: 69.4-66.9-49.4-57.4-71.8-73.7-31.5 [39m[39m
2026-01-15 10:06:38,875 - Agent - INFO - [37mTest Epoch 34 step 34 with [31mce_loss_combined : 1.323786 [31mce_loss_c : 1.643296 [31mce_loss_g : 1.655264 [31mtotal : 1.323786 [94mAcc_combined: 57.73 [94mAcc_c: 43.16 [94mAcc_g: 37.60 [97mS:[93m26.5%[97m([91m7.6c[97m-[94mF1:18.2%) [97mU1:[93m70.6%[97m([91m17.1c[97m) [97mU2:[93m55.7%[97m([91m13.6c[97m) [97mR:[93m85.4%[97m([91m19.5c[97m) [97mS-L: [92m1:[96m25% [92m2:[96m8% [92m3:[96m31% [92m4:[96m25% [92m5:[96m14% [92m6:[96m36%[39m [34mF1_perclass: 63.0-75.3-46.4-49.6-64.5-64.8-36.2 [39m[39m
2026-01-15 10:06:38,879 - Agent - INFO - Total number of trainable parameters are: 22487018
2026-01-15 10:08:36,577 - Agent - INFO - [37mVal Epoch 35 step 35 with [31mce_loss_combined : 1.181585 [31mce_loss_c : 1.484440 [31mce_loss_g : 1.652704 [31mtotal : 1.181585 [94mAcc_combined: 59.23 [94mAcc_c: 48.52 [94mAcc_g: 35.76 [97mS:[93m36.4%[97m([91m10.8c[97m-[94mF1:31.4%) [97mU1:[93m65.6%[97m([91m15.6c[97m) [97mU2:[93m46.0%[97m([91m9.1c[97m) [97mR:[93m88.9%[97m([91m23.7c[97m) [97mS-L: [92m0:[96m25% [92m1:[96m57% [92m2:[96m22% [92m3:[96m35% [92m4:[96m30% [92m5:[96m35% [92m6:[96m40%[39m [34mF1_perclass: 69.5-68.5-43.3-57.1-68.6-74.4-32.7 [39m[39m
2026-01-15 10:08:36,672 - Agent - INFO - [37mTest Epoch 35 step 35 with [31mce_loss_combined : 1.404411 [31mce_loss_c : 1.660047 [31mce_loss_g : 1.707832 [31mtotal : 1.404411 [94mAcc_combined: 57.62 [94mAcc_c: 41.49 [94mAcc_g: 35.71 [97mS:[93m28.0%[97m([91m8.0c[97m-[94mF1:19.8%) [97mU1:[93m67.4%[97m([91m16.4c[97m) [97mU2:[93m57.5%[97m([91m14.0c[97m) [97mR:[93m84.4%[97m([91m19.2c[97m) [97mS-L: [92m1:[96m25% [92m2:[96m8% [92m3:[96m36% [92m4:[96m33% [92m5:[96m19% [92m6:[96m36%[39m [34mF1_perclass: 64.1-73.5-42.6-50.7-63.8-65.2-37.2 [39m[39m
2026-01-15 10:08:36,683 - Agent - INFO - Total number of trainable parameters are: 22487018
2026-01-15 10:10:43,832 - Agent - INFO - [37mVal Epoch 36 step 36 with [31mce_loss_combined : 1.171109 [31mce_loss_c : 1.473274 [31mce_loss_g : 1.640982 [31mtotal : 1.171109 [94mAcc_combined: 59.23 [94mAcc_c: 49.43 [94mAcc_g: 37.36 [97mS:[93m36.4%[97m([91m10.8c[97m-[94mF1:32.2%) [97mU1:[93m66.5%[97m([91m15.8c[97m) [97mU2:[93m44.8%[97m([91m8.9c[97m) [97mR:[93m88.9%[97m([91m23.7c[97m) [97mS-L: [92m0:[96m25% [92m1:[96m57% [92m2:[96m32% [92m3:[96m35% [92m4:[96m30% [92m5:[96m35% [92m6:[96m36%[39m [34mF1_perclass: 71.1-68.8-47.7-55.3-69.3-73.7-31.6 [39m[39m
2026-01-15 10:10:44,191 - Agent - INFO - [37mTest Epoch 36 step 36 with [31mce_loss_combined : 1.382733 [31mce_loss_c : 1.626256 [31mce_loss_g : 1.671798 [31mtotal : 1.382733 [94mAcc_combined: 58.29 [94mAcc_c: 42.49 [94mAcc_g: 38.82 [97mS:[93m29.6%[97m([91m8.5c[97m-[94mF1:20.8%) [97mU1:[93m67.9%[97m([91m16.5c[97m) [97mU2:[93m57.5%[97m([91m14.0c[97m) [97mR:[93m84.9%[97m([91m19.4c[97m) [97mS-L: [92m1:[96m25% [92m2:[96m11% [92m3:[96m42% [92m4:[96m25% [92m5:[96m24% [92m6:[96m37%[39m [34mF1_perclass: 63.0-76.2-43.9-51.3-64.7-65.7-38.0 [39m[39m
2026-01-15 10:10:44,205 - Agent - INFO - Total number of trainable parameters are: 22487018
2026-01-15 10:12:44,221 - Agent - INFO - [37mVal Epoch 37 step 37 with [31mce_loss_combined : 1.177496 [31mce_loss_c : 1.481204 [31mce_loss_g : 1.727077 [31mtotal : 1.177496 [94mAcc_combined: 60.59 [94mAcc_c: 49.32 [94mAcc_g: 37.81 [97mS:[93m37.2%[97m([91m11.0c[97m-[94mF1:33.8%) [97mU1:[93m69.4%[97m([91m16.5c[97m) [97mU2:[93m45.4%[97m([91m9.0c[97m) [97mR:[93m90.2%[97m([91m24.0c[97m) [97mS-L: [92m0:[96m25% [92m1:[96m61% [92m2:[96m22% [92m3:[96m48% [92m4:[96m27% [92m5:[96m50% [92m6:[96m35%[39m [34mF1_perclass: 69.5-71.0-44.2-58.9-69.6-77.0-31.9 [39m[39m
2026-01-15 10:12:44,449 - Agent - INFO - [37mTest Epoch 37 step 37 with [31mce_loss_combined : 1.474191 [31mce_loss_c : 1.634058 [31mce_loss_g : 1.758963 [31mtotal : 1.474191 [94mAcc_combined: 56.73 [94mAcc_c: 42.60 [94mAcc_g: 36.15 [97mS:[93m28.0%[97m([91m8.0c[97m-[94mF1:21.3%) [97mU1:[93m66.5%[97m([91m16.1c[97m) [97mU2:[93m55.3%[97m([91m13.5c[97m) [97mR:[93m83.9%[97m([91m19.1c[97m) [97mS-L: [92m1:[96m38% [92m2:[96m5% [92m3:[96m47% [92m4:[96m29% [92m5:[96m33% [92m6:[96m31%[39m [34mF1_perclass: 60.6-73.9-38.6-50.2-65.8-65.5-33.1 [39m[39m
2026-01-15 10:12:44,452 - Agent - INFO - Total number of trainable parameters are: 22487018
2026-01-15 10:15:04,706 - Agent - INFO - [37mVal Epoch 38 step 38 with [31mce_loss_combined : 1.179021 [31mce_loss_c : 1.482931 [31mce_loss_g : 1.563217 [31mtotal : 1.179021 [94mAcc_combined: 60.25 [94mAcc_c: 48.63 [94mAcc_g: 38.61 [97mS:[93m35.2%[97m([91m10.5c[97m-[94mF1:32.2%) [97mU1:[93m71.8%[97m([91m17.1c[97m) [97mU2:[93m44.3%[97m([91m8.8c[97m) [97mR:[93m89.7%[97m([91m23.9c[97m) [97mS-L: [92m0:[96m50% [92m1:[96m57% [92m2:[96m22% [92m3:[96m39% [92m4:[96m30% [92m5:[96m35% [92m6:[96m35%[39m [34mF1_perclass: 70.3-70.8-47.6-54.7-71.4-75.8-31.7 [39m[39m
2026-01-15 10:15:04,818 - Agent - INFO - [37mTest Epoch 38 step 38 with [31mce_loss_combined : 1.337476 [31mce_loss_c : 1.643239 [31mce_loss_g : 1.613048 [31mtotal : 1.337476 [94mAcc_combined: 58.06 [94mAcc_c: 42.16 [94mAcc_g: 39.27 [97mS:[93m26.8%[97m([91m7.7c[97m-[94mF1:19.6%) [97mU1:[93m71.1%[97m([91m17.2c[97m) [97mU2:[93m56.2%[97m([91m13.7c[97m) [97mR:[93m85.4%[97m([91m19.5c[97m) [97mS-L: [92m1:[96m38% [92m2:[96m8% [92m3:[96m33% [92m4:[96m25% [92m5:[96m19% [92m6:[96m35%[39m [34mF1_perclass: 63.9-76.4-42.7-50.2-65.2-65.8-36.0 [39m[39m
2026-01-15 10:15:04,823 - Agent - INFO - Total number of trainable parameters are: 22487018
2026-01-15 10:17:07,977 - Agent - INFO - [37mVal Epoch 39 step 39 with [31mce_loss_combined : 1.257442 [31mce_loss_c : 1.473275 [31mce_loss_g : 1.712245 [31mtotal : 1.257442 [94mAcc_combined: 58.77 [94mAcc_c: 49.43 [94mAcc_g: 35.76 [97mS:[93m39.5%[97m([91m11.7c[97m-[94mF1:34.7%) [97mU1:[93m63.6%[97m([91m15.1c[97m) [97mU2:[93m44.3%[97m([91m8.8c[97m) [97mR:[93m86.8%[97m([91m23.1c[97m) [97mS-L: [92m0:[96m25% [92m1:[96m48% [92m2:[96m30% [92m3:[96m42% [92m4:[96m33% [92m5:[96m40% [92m6:[96m42%[39m [34mF1_perclass: 69.0-65.1-45.8-57.3-67.2-75.4-34.5 [39m[39m
2026-01-15 10:17:08,216 - Agent - INFO - [37mTest Epoch 39 step 39 with [31mce_loss_combined : 1.417426 [31mce_loss_c : 1.643997 [31mce_loss_g : 1.707487 [31mtotal : 1.417426 [94mAcc_combined: 57.29 [94mAcc_c: 42.16 [94mAcc_g: 36.26 [97mS:[93m29.6%[97m([91m8.5c[97m-[94mF1:22.5%) [97mU1:[93m67.0%[97m([91m16.2c[97m) [97mU2:[93m55.3%[97m([91m13.5c[97m) [97mR:[93m83.9%[97m([91m19.1c[97m) [97mS-L: [92m1:[96m25% [92m2:[96m13% [92m3:[96m42% [92m4:[96m38% [92m5:[96m24% [92m6:[96m34%[39m [34mF1_perclass: 64.3-75.5-43.0-51.7-65.0-64.8-34.1 [39m[39m
2026-01-15 10:17:08,218 - Agent - INFO - Total number of trainable parameters are: 22487018
2026-01-15 10:19:05,469 - Agent - INFO - [37mVal Epoch 40 step 40 with [31mce_loss_combined : 1.213497 [31mce_loss_c : 1.479565 [31mce_loss_g : 1.603670 [31mtotal : 1.213497 [94mAcc_combined: 59.23 [94mAcc_c: 48.29 [94mAcc_g: 40.21 [97mS:[93m37.2%[97m([91m11.0c[97m-[94mF1:32.9%) [97mU1:[93m67.5%[97m([91m16.1c[97m) [97mU2:[93m44.3%[97m([91m8.8c[97m) [97mR:[93m87.6%[97m([91m23.3c[97m) [97mS-L: [92m0:[96m25% [92m1:[96m57% [92m2:[96m30% [92m3:[96m42% [92m4:[96m30% [92m5:[96m35% [92m6:[96m37%[39m [34mF1_perclass: 69.0-68.7-47.3-56.6-67.9-74.4-32.4 [39m[39m
2026-01-15 10:19:05,589 - Agent - INFO - [37mTest Epoch 40 step 40 with [31mce_loss_combined : 1.441683 [31mce_loss_c : 1.651361 [31mce_loss_g : 1.628636 [31mtotal : 1.441683 [94mAcc_combined: 57.73 [94mAcc_c: 42.60 [94mAcc_g: 38.71 [97mS:[93m26.8%[97m([91m7.7c[97m-[94mF1:19.6%) [97mU1:[93m71.6%[97m([91m17.4c[97m) [97mU2:[93m55.7%[97m([91m13.6c[97m) [97mR:[93m83.9%[97m([91m19.1c[97m) [97mS-L: [92m1:[96m38% [92m2:[96m11% [92m3:[96m36% [92m4:[96m29% [92m5:[96m14% [92m6:[96m33%[39m [34mF1_perclass: 64.6-75.4-45.5-50.4-63.4-65.2-34.4 [39m[39m
2026-01-15 10:19:07,239 - Agent - INFO - Total number of trainable parameters are: 22487018
2026-01-15 10:20:47,924 - Agent - INFO - [37mVal Epoch 41 step 41 with [31mce_loss_combined : 1.248665 [31mce_loss_c : 1.503735 [31mce_loss_g : 1.592179 [31mtotal : 1.248665 [94mAcc_combined: 59.57 [94mAcc_c: 47.27 [94mAcc_g: 41.00 [97mS:[93m39.5%[97m([91m11.7c[97m-[94mF1:33.1%) [97mU1:[93m66.0%[97m([91m15.7c[97m) [97mU2:[93m44.8%[97m([91m8.9c[97m) [97mR:[93m87.2%[97m([91m23.2c[97m) [97mS-L: [92m0:[96m25% [92m1:[96m78% [92m2:[96m24% [92m3:[96m35% [92m4:[96m30% [92m5:[96m30% [92m6:[96m42%[39m [34mF1_perclass: 68.3-68.6-45.0-56.2-69.8-73.9-34.3 [39m[39m
2026-01-15 10:20:47,982 - Agent - INFO - [37mTest Epoch 41 step 41 with [31mce_loss_combined : 1.590510 [31mce_loss_c : 1.671402 [31mce_loss_g : 1.685347 [31mtotal : 1.590510 [94mAcc_combined: 56.95 [94mAcc_c: 42.16 [94mAcc_g: 37.15 [97mS:[93m27.2%[97m([91m7.8c[97m-[94mF1:18.1%) [97mU1:[93m66.5%[97m([91m16.1c[97m) [97mU2:[93m57.1%[97m([91m13.9c[97m) [97mR:[93m83.9%[97m([91m19.1c[97m) [97mS-L: [92m1:[96m38% [92m2:[96m5% [92m3:[96m28% [92m4:[96m25% [92m5:[96m14% [92m6:[96m39%[39m [34mF1_perclass: 61.9-71.9-45.0-46.9-62.8-63.9-38.3 [39m[39m
2026-01-15 10:20:47,985 - Agent - INFO - Total number of trainable parameters are: 22487018
2026-01-15 10:22:35,290 - Agent - INFO - [37mVal Epoch 42 step 42 with [31mce_loss_combined : 1.219945 [31mce_loss_c : 1.504918 [31mce_loss_g : 1.616469 [31mtotal : 1.219945 [94mAcc_combined: 60.14 [94mAcc_c: 47.61 [94mAcc_g: 39.98 [97mS:[93m39.5%[97m([91m11.7c[97m-[94mF1:34.7%) [97mU1:[93m67.0%[97m([91m15.9c[97m) [97mU2:[93m45.4%[97m([91m9.0c[97m) [97mR:[93m88.0%[97m([91m23.5c[97m) [97mS-L: [92m0:[96m25% [92m1:[96m65% [92m2:[96m24% [92m3:[96m39% [92m4:[96m30% [92m5:[96m45% [92m6:[96m41%[39m [34mF1_perclass: 67.9-70.7-45.8-54.5-70.7-75.5-34.2 [39m[39m
2026-01-15 10:22:35,355 - Agent - INFO - [37mTest Epoch 42 step 42 with [31mce_loss_combined : 1.518714 [31mce_loss_c : 1.655630 [31mce_loss_g : 1.676638 [31mtotal : 1.518714 [94mAcc_combined: 57.29 [94mAcc_c: 41.94 [94mAcc_g: 38.26 [97mS:[93m28.4%[97m([91m8.1c[97m-[94mF1:19.7%) [97mU1:[93m67.4%[97m([91m16.4c[97m) [97mU2:[93m55.7%[97m([91m13.6c[97m) [97mR:[93m84.4%[97m([91m19.2c[97m) [97mS-L: [92m1:[96m38% [92m2:[96m5% [92m3:[96m33% [92m4:[96m25% [92m5:[96m24% [92m6:[96m38%[39m [34mF1_perclass: 61.9-73.2-41.3-50.4-64.9-65.5-36.5 [39m[39m
2026-01-15 10:22:35,358 - Agent - INFO - Total number of trainable parameters are: 22487018
2026-01-15 10:24:39,641 - Agent - INFO - [37mVal Epoch 43 step 43 with [31mce_loss_combined : 1.255440 [31mce_loss_c : 1.493494 [31mce_loss_g : 1.620296 [31mtotal : 1.255440 [94mAcc_combined: 59.68 [94mAcc_c: 47.72 [94mAcc_g: 37.24 [97mS:[93m38.3%[97m([91m11.4c[97m-[94mF1:32.9%) [97mU1:[93m66.5%[97m([91m15.8c[97m) [97mU2:[93m45.4%[97m([91m9.0c[97m) [97mR:[93m88.0%[97m([91m23.5c[97m) [97mS-L: [92m0:[96m25% [92m1:[96m61% [92m2:[96m24% [92m3:[96m35% [92m4:[96m33% [92m5:[96m35% [92m6:[96m41%[39m [34mF1_perclass: 69.0-70.3-46.5-56.2-67.7-73.5-34.6 [39m[39m
2026-01-15 10:24:39,750 - Agent - INFO - [37mTest Epoch 43 step 43 with [31mce_loss_combined : 1.531941 [31mce_loss_c : 1.656497 [31mce_loss_g : 1.672486 [31mtotal : 1.531941 [94mAcc_combined: 56.62 [94mAcc_c: 41.82 [94mAcc_g: 39.27 [97mS:[93m27.6%[97m([91m7.9c[97m-[94mF1:19.3%) [97mU1:[93m66.1%[97m([91m16.0c[97m) [97mU2:[93m57.1%[97m([91m13.9c[97m) [97mR:[93m82.4%[97m([91m18.8c[97m) [97mS-L: [92m1:[96m38% [92m2:[96m5% [92m3:[96m33% [92m4:[96m29% [92m5:[96m19% [92m6:[96m36%[39m [34mF1_perclass: 61.3-74.4-41.0-48.6-61.6-65.2-36.7 [39m[39m
2026-01-15 10:24:39,753 - Agent - INFO - Total number of trainable parameters are: 22487018
2026-01-15 10:26:52,130 - Agent - INFO - [37mVal Epoch 44 step 44 with [31mce_loss_combined : 1.258759 [31mce_loss_c : 1.505981 [31mce_loss_g : 1.621911 [31mtotal : 1.258759 [94mAcc_combined: 58.54 [94mAcc_c: 48.06 [94mAcc_g: 38.15 [97mS:[93m36.0%[97m([91m10.7c[97m-[94mF1:31.4%) [97mU1:[93m66.0%[97m([91m15.7c[97m) [97mU2:[93m43.7%[97m([91m8.7c[97m) [97mR:[93m88.0%[97m([91m23.5c[97m) [97mS-L: [92m0:[96m25% [92m1:[96m52% [92m2:[96m24% [92m3:[96m35% [92m4:[96m30% [92m5:[96m40% [92m6:[96m38%[39m [34mF1_perclass: 68.8-67.8-43.0-55.6-66.4-74.8-32.3 [39m[39m
2026-01-15 10:26:52,250 - Agent - INFO - [37mTest Epoch 44 step 44 with [31mce_loss_combined : 1.567038 [31mce_loss_c : 1.673859 [31mce_loss_g : 1.662269 [31mtotal : 1.567038 [94mAcc_combined: 54.95 [94mAcc_c: 41.27 [94mAcc_g: 39.04 [97mS:[93m26.8%[97m([91m7.7c[97m-[94mF1:19.6%) [97mU1:[93m67.0%[97m([91m16.2c[97m) [97mU2:[93m51.6%[97m([91m12.6c[97m) [97mR:[93m81.0%[97m([91m18.5c[97m) [97mS-L: [92m1:[96m38% [92m2:[96m5% [92m3:[96m33% [92m4:[96m29% [92m5:[96m24% [92m6:[96m34%[39m [34mF1_perclass: 61.0-72.0-40.7-44.3-60.2-65.1-34.6 [39m[39m
2026-01-15 10:26:52,253 - Agent - INFO - Total number of trainable parameters are: 22487018
2026-01-15 10:28:58,802 - Agent - INFO - [37mVal Epoch 45 step 45 with [31mce_loss_combined : 1.261840 [31mce_loss_c : 1.503868 [31mce_loss_g : 1.638371 [31mtotal : 1.261840 [94mAcc_combined: 59.91 [94mAcc_c: 48.29 [94mAcc_g: 38.50 [97mS:[93m36.8%[97m([91m10.9c[97m-[94mF1:32.7%) [97mU1:[93m67.0%[97m([91m15.9c[97m) [97mU2:[93m45.4%[97m([91m9.0c[97m) [97mR:[93m90.2%[97m([91m24.0c[97m) [97mS-L: [92m0:[96m25% [92m1:[96m57% [92m2:[96m24% [92m3:[96m39% [92m4:[96m30% [92m5:[96m45% [92m6:[96m37%[39m [34mF1_perclass: 69.0-69.7-43.1-57.9-67.9-75.4-33.8 [39m[39m
2026-01-15 10:28:58,832 - Agent - INFO - [37mTest Epoch 45 step 45 with [31mce_loss_combined : 1.540707 [31mce_loss_c : 1.681865 [31mce_loss_g : 1.665002 [31mtotal : 1.540707 [94mAcc_combined: 56.51 [94mAcc_c: 41.05 [94mAcc_g: 37.71 [97mS:[93m28.0%[97m([91m8.0c[97m-[94mF1:20.5%) [97mU1:[93m68.8%[97m([91m16.7c[97m) [97mU2:[93m53.0%[97m([91m12.9c[97m) [97mR:[93m82.9%[97m([91m18.9c[97m) [97mS-L: [92m1:[96m38% [92m2:[96m8% [92m3:[96m42% [92m4:[96m33% [92m5:[96m19% [92m6:[96m33%[39m [34mF1_perclass: 61.8-71.6-42.7-49.3-64.5-64.8-34.5 [39m[39m
2026-01-15 10:28:58,834 - Agent - INFO - Total number of trainable parameters are: 22487018
2026-01-15 10:30:49,887 - Agent - INFO - [37mVal Epoch 46 step 46 with [31mce_loss_combined : 1.241396 [31mce_loss_c : 1.510461 [31mce_loss_g : 1.575954 [31mtotal : 1.241396 [94mAcc_combined: 60.48 [94mAcc_c: 47.61 [94mAcc_g: 41.00 [97mS:[93m39.1%[97m([91m11.6c[97m-[94mF1:33.6%) [97mU1:[93m68.4%[97m([91m16.3c[97m) [97mU2:[93m44.8%[97m([91m8.9c[97m) [97mR:[93m88.9%[97m([91m23.7c[97m) [97mS-L: [92m0:[96m25% [92m1:[96m70% [92m2:[96m24% [92m3:[96m35% [92m4:[96m30% [92m5:[96m35% [92m6:[96m42%[39m [34mF1_perclass: 68.2-70.3-46.9-57.1-69.9-75.8-34.4 [39m[39m
2026-01-15 10:30:49,938 - Agent - INFO - [37mTest Epoch 46 step 46 with [31mce_loss_combined : 1.524057 [31mce_loss_c : 1.644207 [31mce_loss_g : 1.644465 [31mtotal : 1.524057 [94mAcc_combined: 57.06 [94mAcc_c: 42.27 [94mAcc_g: 39.15 [97mS:[93m26.5%[97m([91m7.6c[97m-[94mF1:17.7%) [97mU1:[93m68.8%[97m([91m16.7c[97m) [97mU2:[93m56.2%[97m([91m13.7c[97m) [97mR:[93m83.9%[97m([91m19.1c[97m) [97mS-L: [92m1:[96m38% [92m2:[96m3% [92m3:[96m31% [92m4:[96m25% [92m5:[96m14% [92m6:[96m37%[39m [34mF1_perclass: 62.9-73.6-42.8-45.1-64.4-66.4-36.2 [39m[39m
2026-01-15 10:30:49,941 - Agent - INFO - Total number of trainable parameters are: 22487018
2026-01-15 10:32:48,475 - Agent - INFO - [37mVal Epoch 47 step 47 with [31mce_loss_combined : 1.266230 [31mce_loss_c : 1.507723 [31mce_loss_g : 1.635198 [31mtotal : 1.266230 [94mAcc_combined: 58.77 [94mAcc_c: 47.38 [94mAcc_g: 37.93 [97mS:[93m37.2%[97m([91m11.0c[97m-[94mF1:33.4%) [97mU1:[93m64.6%[97m([91m15.4c[97m) [97mU2:[93m43.7%[97m([91m8.7c[97m) [97mR:[93m88.9%[97m([91m23.7c[97m) [97mS-L: [92m0:[96m25% [92m1:[96m57% [92m2:[96m24% [92m3:[96m39% [92m4:[96m30% [92m5:[96m45% [92m6:[96m38%[39m [34mF1_perclass: 69.7-66.2-44.0-56.8-67.4-75.7-32.5 [39m[39m
2026-01-15 10:32:48,584 - Agent - INFO - [37mTest Epoch 47 step 47 with [31mce_loss_combined : 1.489089 [31mce_loss_c : 1.665449 [31mce_loss_g : 1.641275 [31mtotal : 1.489089 [94mAcc_combined: 56.51 [94mAcc_c: 41.38 [94mAcc_g: 39.15 [97mS:[93m26.8%[97m([91m7.7c[97m-[94mF1:20.3%) [97mU1:[93m70.6%[97m([91m17.1c[97m) [97mU2:[93m52.5%[97m([91m12.8c[97m) [97mR:[93m82.9%[97m([91m18.9c[97m) [97mS-L: [92m1:[96m38% [92m2:[96m3% [92m3:[96m36% [92m4:[96m33% [92m5:[96m29% [92m6:[96m32%[39m [34mF1_perclass: 63.6-73.3-39.0-47.5-65.3-66.2-33.6 [39m[39m
2026-01-15 10:32:48,586 - Agent - INFO - Total number of trainable parameters are: 22487018
2026-01-15 10:34:32,538 - Agent - INFO - [37mVal Epoch 48 step 48 with [31mce_loss_combined : 1.263867 [31mce_loss_c : 1.513353 [31mce_loss_g : 1.572488 [31mtotal : 1.263867 [94mAcc_combined: 59.91 [94mAcc_c: 47.49 [94mAcc_g: 40.09 [97mS:[93m40.2%[97m([91m12.0c[97m-[94mF1:33.9%) [97mU1:[93m66.5%[97m([91m15.8c[97m) [97mU2:[93m43.7%[97m([91m8.7c[97m) [97mR:[93m88.0%[97m([91m23.5c[97m) [97mS-L: [92m0:[96m25% [92m1:[96m61% [92m2:[96m24% [92m3:[96m35% [92m4:[96m30% [92m5:[96m35% [92m6:[96m47%[39m [34mF1_perclass: 69.2-69.1-45.0-56.5-70.1-75.1-35.6 [39m[39m
2026-01-15 10:34:32,632 - Agent - INFO - [37mTest Epoch 48 step 48 with [31mce_loss_combined : 1.547250 [31mce_loss_c : 1.668796 [31mce_loss_g : 1.644493 [31mtotal : 1.547250 [94mAcc_combined: 56.95 [94mAcc_c: 40.71 [94mAcc_g: 39.27 [97mS:[93m28.0%[97m([91m8.0c[97m-[94mF1:18.9%) [97mU1:[93m68.3%[97m([91m16.6c[97m) [97mU2:[93m55.7%[97m([91m13.6c[97m) [97mR:[93m82.4%[97m([91m18.8c[97m) [97mS-L: [92m1:[96m38% [92m2:[96m5% [92m3:[96m33% [92m4:[96m25% [92m5:[96m14% [92m6:[96m39%[39m [34mF1_perclass: 63.2-73.4-42.8-47.3-63.6-65.7-37.1 [39m[39m
2026-01-15 10:34:32,634 - Agent - INFO - Total number of trainable parameters are: 22487018
2026-01-15 10:36:13,978 - Agent - INFO - [37mVal Epoch 49 step 49 with [31mce_loss_combined : 1.258135 [31mce_loss_c : 1.505090 [31mce_loss_g : 1.599455 [31mtotal : 1.258135 [94mAcc_combined: 60.02 [94mAcc_c: 47.84 [94mAcc_g: 40.77 [97mS:[93m38.3%[97m([91m11.4c[97m-[94mF1:34.0%) [97mU1:[93m66.0%[97m([91m15.7c[97m) [97mU2:[93m45.4%[97m([91m9.0c[97m) [97mR:[93m89.7%[97m([91m23.9c[97m) [97mS-L: [92m0:[96m25% [92m1:[96m61% [92m2:[96m24% [92m3:[96m39% [92m4:[96m30% [92m5:[96m45% [92m6:[96m40%[39m [34mF1_perclass: 69.5-70.4-43.1-56.6-69.8-76.3-33.0 [39m[39m
2026-01-15 10:36:14,068 - Agent - INFO - [37mTest Epoch 49 step 49 with [31mce_loss_combined : 1.553128 [31mce_loss_c : 1.666773 [31mce_loss_g : 1.670613 [31mtotal : 1.553128 [94mAcc_combined: 56.95 [94mAcc_c: 41.82 [94mAcc_g: 37.93 [97mS:[93m28.0%[97m([91m8.0c[97m-[94mF1:19.8%) [97mU1:[93m67.9%[97m([91m16.5c[97m) [97mU2:[93m55.7%[97m([91m13.6c[97m) [97mR:[93m82.9%[97m([91m18.9c[97m) [97mS-L: [92m1:[96m38% [92m2:[96m8% [92m3:[96m39% [92m4:[96m25% [92m5:[96m19% [92m6:[96m36%[39m [34mF1_perclass: 61.5-73.6-41.1-50.0-64.7-65.9-35.2 [39m[39m
2026-01-15 10:36:14,069 - Agent - INFO - Total number of trainable parameters are: 22487018
2026-01-15 10:36:23,297 - Agent - INFO - We are in the final state.
2026-01-15 10:36:23,700 - root - INFO - Loaded best model from /esat/smcdata/users/kkontras/Image_Dataset/no_backup/data/2025_data/synergy/CremadPlus/v2/SynIB_RMask_fold0_l0_lr0.00001_wd0.0001_clsmlp_bs64.pth.tar
2026-01-15 10:36:43,584 - Agent - INFO - [37mVal Epoch 49 step 0 with [31mce_loss_combined : 1.097419 [31mce_loss_c : 1.476011 [31mce_loss_g : 1.634887 [31mtotal : 1.097419 [94mAcc_combined: 61.50 [94mAcc_c: 48.52 [94mAcc_g: 38.50 [97mS:[93m36.4%[97m([91m10.8c[97m-[94mF1:32.1%) [97mU1:[93m69.9%[97m([91m16.6c[97m) [97mU2:[93m51.7%[97m([91m10.3c[97m) [97mR:[93m89.3%[97m([91m23.8c[97m) [97mS-L: [92m0:[96m25% [92m1:[96m57% [92m2:[96m24% [92m3:[96m35% [92m4:[96m30% [92m5:[96m50% [92m6:[96m36%[39m [34mF1_perclass: 70.2-67.3-49.7-59.6-72.8-74.7-33.4 [39m[39m
2026-01-15 10:37:09,106 - Agent - INFO - [37mTest Epoch 49 step 0 with [31mce_loss_combined : 1.315150 [31mce_loss_c : 1.640557 [31mce_loss_g : 1.724873 [31mtotal : 1.315150 [94mAcc_combined: 58.51 [94mAcc_c: 41.49 [94mAcc_g: 36.71 [97mS:[93m26.5%[97m([91m7.6c[97m-[94mF1:18.8%) [97mU1:[93m69.3%[97m([91m16.8c[97m) [97mU2:[93m59.4%[97m([91m14.5c[97m) [97mR:[93m86.3%[97m([91m19.7c[97m) [97mS-L: [92m1:[96m38% [92m2:[96m5% [92m3:[96m36% [92m4:[96m17% [92m5:[96m29% [92m6:[96m34%[39m [34mF1_perclass: 64.0-75.8-42.9-52.4-63.2-63.9-36.8 [39m[39m
2026-01-15 10:37:10,946 - Agent - INFO - [37mModel saved successfully at: /esat/smcdata/users/kkontras/Image_Dataset/no_backup/data/2025_data/synergy/CremadPlus/v2/SynIB_RMask_fold0_l0_lr0.00001_wd0.0001_clsmlp_bs64.pth.tar[39m
Job finished
