000 (005.001.000) 2026-01-15 08:52:21 Job submitted from host: <10.87.28.151:9618?addrs=10.87.28.151-9618&alias=brigand.esat.kuleuven.be&noUDP&sock=schedd_1447_19a1>
...
001 (005.001.000) 2026-01-15 08:52:28 Job executing on host: <10.87.28.117:9618?addrs=10.87.28.117-9618&alias=stadius-nc-4.esat.kuleuven.be&noUDP&sock=startd_3356_83ed>
	SlotName: slot1_3@stadius-nc-4.esat.kuleuven.be
	AvailableGPUs = { GPUs_GPU_8c3c8db2 }
	CondorScratchDir = "/volume1/condor/execute/dir_2568082/scratch"
	Cpus = 8
	Disk = 1048576
	GPUs = 1
	GPUs_GPU_8c3c8db2 = [ Id = "GPU-8c3c8db2"; ClockMhz = 1545.0; Capability = 7.5; CoresPerCU = 64; DeviceName = "NVIDIA GeForce RTX 2080 Ti"; DeviceUuid = "8c3c8db2-06a6-9e0e-a6ee-a948fb2f7f27"; ECCEnabled = false; ComputeUnits = 68; NvidiaDriver = "570.153.02"; DriverVersion = 12.8; DevicePciBusId = "0000:5B:00.0"; GlobalMemoryMb = 10823; MaxSupportedVersion = 12080 ]
	Memory = 71680
...
006 (005.001.000) 2026-01-15 08:52:37 Image size of job updated: 291884
	286  -  MemoryUsage of job (MB)
	291884  -  ResidentSetSize of job (KB)
...
006 (005.001.000) 2026-01-15 08:57:38 Image size of job updated: 8251020
	6512  -  MemoryUsage of job (MB)
	6667500  -  ResidentSetSize of job (KB)
...
006 (005.001.000) 2026-01-15 09:02:38 Image size of job updated: 8267896
	6512  -  MemoryUsage of job (MB)
	6667500  -  ResidentSetSize of job (KB)
...
006 (005.001.000) 2026-01-15 09:07:39 Image size of job updated: 8443196
	6512  -  MemoryUsage of job (MB)
	6667500  -  ResidentSetSize of job (KB)
...
006 (005.001.000) 2026-01-15 09:12:40 Image size of job updated: 8652832
	8006  -  MemoryUsage of job (MB)
	8197540  -  ResidentSetSize of job (KB)
...
006 (005.001.000) 2026-01-15 10:32:46 Image size of job updated: 8716156
	8006  -  MemoryUsage of job (MB)
	8197540  -  ResidentSetSize of job (KB)
...
005 (005.001.000) 2026-01-15 10:37:20 Job terminated.
	(1) Normal termination (return value 0)
		Usr 0 05:34:29, Sys 0 01:17:54  -  Run Remote Usage
		Usr 0 00:00:00, Sys 0 00:00:00  -  Run Local Usage
		Usr 0 05:34:29, Sys 0 01:17:54  -  Total Remote Usage
		Usr 0 00:00:00, Sys 0 00:00:00  -  Total Local Usage
	0  -  Run Bytes Sent By Job
	0  -  Run Bytes Received By Job
	0  -  Total Bytes Sent By Job
	0  -  Total Bytes Received By Job
	Partitionable Resources :    Usage  Request Allocated Assigned
	   Cpus                 :     0.46        8         8 
	   Disk (KB)            :     2     1048576   1048576 
	   GPUs                 :     0.44        1         1 "GPU-8c3c8db2"
	   GpusMemory (MB)      :  7539                       
	   Memory (MB)          :  8006       71680     71680 
	   TimeExecute (s)      :  6291                       
	   TimeSlotBusy (s)     :  6291                       
...
