000 (005.018.000) 2026-01-15 08:52:21 Job submitted from host: <10.87.28.151:9618?addrs=10.87.28.151-9618&alias=brigand.esat.kuleuven.be&noUDP&sock=schedd_1447_19a1>
...
001 (005.018.000) 2026-01-15 09:22:54 Job executing on host: <10.87.24.100:9618?addrs=10.87.24.100-9618&alias=vladimir.esat.kuleuven.be&noUDP&sock=startd_2059_e197>
	SlotName: slot1_3@vladimir.esat.kuleuven.be
	AvailableGPUs = { GPUs_GPU_fc5c18bc }
	CondorScratchDir = "/usr/data/condor/execute/dir_2081440/scratch"
	Cpus = 8
	Disk = 1048576
	GPUs = 1
	GPUs_GPU_fc5c18bc = [ Id = "GPU-fc5c18bc"; ClockMhz = 1328.5; Capability = 6.0; CoresPerCU = 64; DeviceName = "Tesla P100-PCIE-16GB"; DeviceUuid = "fc5c18bc-5686-747f-1881-db4d78aefd0b"; ECCEnabled = true; ComputeUnits = 56; NvidiaDriver = "580.119.02"; DriverVersion = 13.0; DevicePciBusId = "0000:0E:00.0"; GlobalMemoryMb = 16269; MaxSupportedVersion = 13000 ]
	Memory = 71680
...
006 (005.018.000) 2026-01-15 09:23:02 Image size of job updated: 378328
	370  -  MemoryUsage of job (MB)
	378328  -  ResidentSetSize of job (KB)
...
006 (005.018.000) 2026-01-15 09:23:27 Image size of job updated: 6561416
	370  -  MemoryUsage of job (MB)
	378328  -  ResidentSetSize of job (KB)
...
005 (005.018.000) 2026-01-15 09:23:27 Job terminated.
	(1) Normal termination (return value 0)
		Usr 0 00:00:52, Sys 0 00:00:14  -  Run Remote Usage
		Usr 0 00:00:00, Sys 0 00:00:00  -  Run Local Usage
		Usr 0 00:00:52, Sys 0 00:00:14  -  Total Remote Usage
		Usr 0 00:00:00, Sys 0 00:00:00  -  Total Local Usage
	0  -  Run Bytes Sent By Job
	0  -  Run Bytes Received By Job
	0  -  Total Bytes Sent By Job
	0  -  Total Bytes Received By Job
	Partitionable Resources :    Usage  Request Allocated Assigned
	   Cpus                 :        0        8         8 
	   Disk (KB)            :        2  1048576   1048576 
	   GPUs                 :        0        1         1 "GPU-fc5c18bc"
	   Memory (MB)          :      370    71680     71680 
	   TimeExecute (s)      :       33                    
	   TimeSlotBusy (s)     :       33                    
...
