Starting Job
/esat/smcdata/users/kkontras/Image_Dataset/no_backup/git/Synergy/train.py
/esat/smcdata/users/kkontras/Image_Dataset/no_backup/envs/synergy_new/bin/python
Python 3.10.19
/esat/smcdata/users/kkontras/Image_Dataset/no_backup/git/Synergy
We have 1 GPU
/esat/smcdata/users/kkontras/Image_Dataset/no_backup/git/Synergy/train.py
config-./configs/CREMA_D/synergy/jan/synprom_RMask.json
Executing command: python /esat/smcdata/users/kkontras/Image_Dataset/no_backup/git/Synergy/train.py --config ./configs/CREMA_D/synergy/jan/synprom_RMask.json --default_config ./configs/CREMA_D/default_config_cremadplus_res_syn.json --fold 0 --l 1 --lr 0.00001 --wd 0.0001 --cls mlp --batch_size 64 --perturb_fill ema --perturb_lsparse 1 --validate_with syn_accuracy
Namespace(config='./configs/CREMA_D/synergy/jan/synprom_RMask.json', default_config='./configs/CREMA_D/default_config_cremadplus_res_syn.json', fold='0', alpha=None, tanh_mode=None, tanh_mode_beta=None, regby=None, clip=None, batch_size='64', l='1', multil=None, l_diffsq=None, lib=None, ratio_us=None, ratio_snr=None, kmepoch=None, num_samples=None, pow=None, nstep=None, contrcoeff=None, kde_coeff=None, etube=None, temperature=None, contr_type=None, shuffle_type=None, validate_with='syn_accuracy', transform_type=None, trasform_before=None, num_classes=None, base_alpha=None, alpha_var=None, base_beta=None, beta_var=None, optim_method=None, ilr_c=None, ilr_g=None, mmcosine_scaling=None, ending_epoch=None, load_ongoing=None, commonlayers=None, recon_weight1=None, recon_weight2=None, recon_epochstages=None, recon_ensemblestages=None, lr='0.00001', wd='0.0001', mm=None, cls='mlp', perturb=None, perturb_fill='ema', perturb_pmax=None, perturb_pmin=None, perturb_lsparse='1', pre=False, frozen=False, tdqm_disable=False, start_over=False)
2026-01-15 09:24:48,444 - Config - INFO - ./configs/CREMA_D/synergy/jan/synprom_RMask.json
2026-01-15 09:24:48,445 - Config - INFO -  THE Configuration of your experiment ..
{'agent': 'Agent',
 'dataset': {'data_roots': '/esat/smcdata/users/kkontras/Image_Dataset/no_backup/CremaD/CREMA-D',
             'data_split': {'fold': 0, 'method': 'non_inclusive'},
             'dataloader_class': 'CramedDPlus_Dataloader',
             'fps': 1,
             'ironic_label_name': 'SARCASM',
             'ironic_modes': ['train', 'val', 'test'],
             'ironic_rate': 1.0,
             'norm': False,
             'norm_face_path': './mydatasets/CREMAD/norm_face_path_fold{}.pkl',
             'norm_wav_path': './mydatasets/CREMAD/wav_norm_22050_fold{}.pkl',
             'num_frame': 3,
             'return_data': {'audio': False,
                             'face': False,
                             'spectrogram': True,
                             'video': True},
             'sampling_rate': 22050},
 'early_stopping': {'end_of_epoch_check': True,
                    'log_interval': 10,
                    'max_epoch': 1500,
                    'n_steps_stop': 30,
                    'n_steps_stop_after': 0,
                    'save_every_step': 3000,
                    'save_every_valstep': 10,
                    'validate_after': 0,
                    'validate_every': 25,
                    'validate_with': 'accuracy'},
 'exp_name': 'CREMAD Experiment',
 'model': {'args': {'bias_infusion': {'contrcoeff': 0.0, 'l': 1.0},
                    'cls_type': 'mlp',
                    'd_model': 512,
                    'dropout': 0.1,
                    'fc_inner': 64,
                    'in_dim': 64,
                    'multi_loss': {'multi_supervised_w': {'c': 1,
                                                          'combined': 1,
                                                          'g': 1}},
                    'norm_decision': False,
                    'num_classes': 7,
                    'synergy_type': 'gaussian'},
           'ceu': {'test': './cremadplus_ceu_test_res.pkl',
                   'val': './cremadplus_ceu_val_res.pkl'},
           'encoders': [{'args': {'d_model': 512,
                                  'dropout': 0.1,
                                  'fc_inner': 64,
                                  'freeze_encoder': False,
                                  'num_classes': 7},
                         'model': 'Audio_ResNet',
                         'name': 'enc_0_modality1_encoder',
                         'pretrainedEncoder': {'dir': 'unimodal_audio_fold{}_lr0.001_wd0.0001_bs64.pth.tar',
                                               'use': True},
                         'save_encoder': False},
                        {'args': {'d_model': 512,
                                  'dropout': 0.1,
                                  'fc_inner': 64,
                                  'freeze_encoder': False,
                                  'num_classes': 7},
                         'model': 'Video_ResNet',
                         'name': 'enc_1_modality2_encoder',
                         'pretrainedEncoder': {'dir': 'unimodal_video_fold{}_lr0.0001_wd0.0001_bs64.pth.tar',
                                               'use': True},
                         'save_encoder': False},
                        {'args': {'d_model': 512,
                                  'dropout': 0.1,
                                  'fc_inner': 64,
                                  'freeze_encoder': False},
                         'model': 'FusionTrunkLinear',
                         'name': 'enc_2_fusion_trunk',
                         'pretrainedEncoder': {'dir': 'enc_2_fusion_trunk_fold{}.pth.tar',
                                               'use': False},
                         'save_encoder': False},
                        {'args': {'freeze_encoder': False,
                                  'in_dim': 64,
                                  'num_classes': 7},
                         'model': 'LinearHead',
                         'name': 'enc_3_fusion_head',
                         'pretrainedEncoder': {'dir': 'enc_3_fusion_head_fold{}.pth.tar',
                                               'use': False},
                         'save_encoder': False},
                        {'args': {'dropout': 0.1,
                                  'freeze_encoder': False,
                                  'hidden_dim': 64,
                                  'in_dim': 512,
                                  'num_classes': 7},
                         'model': 'MLPHead',
                         'name': 'enc_4_unimodal_head_1',
                         'pretrainedEncoder': {'dir': 'enc_4_unimodal1_fold{}.pth.tar',
                                               'use': False},
                         'save_encoder': False},
                        {'args': {'dropout': 0.1,
                                  'freeze_encoder': False,
                                  'hidden_dim': 64,
                                  'in_dim': 512,
                                  'num_classes': 7},
                         'model': 'MLPHead',
                         'name': 'enc_5_unimodal_head_2',
                         'pretrainedEncoder': {'dir': 'enc_5_unimodal2_fold{}.pth.tar',
                                               'use': False},
                         'save_encoder': False}],
           'load_ongoing': False,
           'model_class': 'FusionIBModel_Mask',
           'save_base_dir': '/esat/smcdata/users/kkontras/Image_Dataset/no_backup/data/2025_data/synergy/CremadPlus/v2',
           'save_dir': 'SynIB_RMask_{}.pth.tar'},
 'optimizer': {'beta1': 0.9,
               'beta2': 0.999,
               'learning_rate': 1e-05,
               'momentum': 0.9,
               'type': 'Adam',
               'weight_decay': 1e-05},
 'scheduler': {'max_lr': 0.03, 'type': 'cosanneal', 'warm_up_steps': 780},
 'training_params': {'async_loading': True,
                     'batch_size': 128,
                     'cuda': True,
                     'data_loader_workers': 8,
                     'gpu_device': [0],
                     'pin_memory': False,
                     'rec_test': True,
                     'res': True,
                     'seed': 109,
                     'tdqm_disable': False,
                     'test_batch_size': 128,
                     'test_on_bottoms': True,
                     'use_test_set': True,
                     'validation': True,
                     'verbose': True,
                     'wandb_disable': False}}
2026-01-15 09:24:48,448 - Config - INFO -  *************************************** 
2026-01-15 09:24:48,448 - Config - INFO - The experiment name is CREMAD Experiment
2026-01-15 09:24:48,448 - Config - INFO -  *************************************** 
2026-01-15 09:24:48,448 - root - INFO - save_dir: SynIB_RMask_fold0_l1_vldsyn_accuracy_fillema_lsparse1_lr0.00001_wd0.0001_clsmlp_bs64.pth.tar
2026-01-15 09:24:48,493 - Cuda Statistics - INFO - __Python VERSION:  3.10.19 (main, Oct 21 2025, 16:43:05) [GCC 11.2.0]
2026-01-15 09:24:48,493 - Cuda Statistics - INFO - __pyTorch VERSION:  2.9.1+cu128
2026-01-15 09:24:48,493 - Cuda Statistics - INFO - __CUDA VERSION
2026-01-15 09:24:48,494 - Cuda Statistics - INFO - __CUDNN VERSION:  91002
2026-01-15 09:24:48,514 - Cuda Statistics - INFO - __Number CUDA Devices:  1
2026-01-15 09:24:48,514 - Cuda Statistics - INFO - __Devices
2026-01-15 09:24:48,514 - Cuda Statistics - INFO - index, name, driver_version, memory.total [MiB], memory.used [MiB], memory.free [MiB]
2026-01-15 09:24:48,514 - Cuda Statistics - INFO - 0, NVIDIA L40S, 580.119.02, 46068 MiB, 3 MiB, 45455 MiB
2026-01-15 09:24:48,517 - Cuda Statistics - INFO - Active CUDA Device: GPU 0
2026-01-15 09:24:48,517 - Cuda Statistics - INFO - Available devices  1
2026-01-15 09:24:48,517 - Cuda Statistics - INFO - Current cuda device  0
2026-01-15 09:24:49,978 - CREMADPlusDataset - INFO - Loaded wav norm from ./mydatasets/CREMAD/wav_norm_22050_fold0.pkl
2026-01-15 09:24:49,988 - CREMADPlusDataset - INFO - [train] Ironic pairing enabled: ironic_rate=1.000, target≈673.7, requested_k=674, applied_k=674
2026-01-15 09:24:49,988 - CREMADPlusDataset - INFO - [train] Flipped-to-sarcasm counts by original class: {0: 135, 1: 143, 2: 94, 3: 111, 4: 98, 5: 93}
2026-01-15 09:24:49,988 - CREMADPlusDataset - INFO - [train] Top (orig_label -> donor_label) sarcasm pairs: [('FEA->HAP', 111), ('DIS->HAP', 98), ('SAD->HAP', 94), ('HAP->ANG', 55), ('HAP->DIS', 47), ('HAP->SAD', 41), ('ANG->HAP', 35), ('ANG->NEU', 35), ('NEU->HAP', 32), ('NEU->FEA', 28)]
2026-01-15 09:24:49,988 - CREMADPlusDataset - INFO - [train] Top donor indices reused (idx, times): [(1334, 4), (3408, 3), (2650, 3), (3255, 3), (3446, 3), (3674, 3), (1379, 3), (2982, 3), (4022, 3), (3631, 3)]
2026-01-15 09:24:49,988 - CREMADPlusDataset - INFO - [train] Label distribution after applying ironic pairs: {0: 570, 1: 695, 2: 476, 3: 512, 4: 525, 5: 590, 6: 674}
2026-01-15 09:24:50,132 - CREMADPlusDataset - INFO - Loaded wav norm from ./mydatasets/CREMAD/wav_norm_22050_fold0.pkl
2026-01-15 09:24:50,134 - CREMADPlusDataset - INFO - [val] Ironic pairing enabled: ironic_rate=1.000, target≈146.3, requested_k=146, applied_k=146
2026-01-15 09:24:50,134 - CREMADPlusDataset - INFO - [val] Flipped-to-sarcasm counts by original class: {0: 27, 1: 31, 2: 19, 3: 21, 4: 23, 5: 25}
2026-01-15 09:24:50,134 - CREMADPlusDataset - INFO - [val] Top (orig_label -> donor_label) sarcasm pairs: [('DIS->HAP', 23), ('FEA->HAP', 21), ('SAD->HAP', 19), ('HAP->DIS', 14), ('HAP->ANG', 12), ('NEU->HAP', 10), ('ANG->NEU', 9), ('ANG->SAD', 8), ('ANG->HAP', 8), ('HAP->SAD', 5)]
2026-01-15 09:24:50,134 - CREMADPlusDataset - INFO - [val] Top donor indices reused (idx, times): [(255, 3), (225, 3), (61, 2), (121, 2), (812, 2), (694, 2), (304, 2), (510, 2), (209, 2), (189, 2)]
2026-01-15 09:24:50,134 - CREMADPlusDataset - INFO - [val] Label distribution after applying ironic pairs: {0: 123, 1: 157, 2: 93, 3: 117, 4: 129, 5: 113, 6: 146}
2026-01-15 09:24:50,274 - CREMADPlusDataset - INFO - Loaded wav norm from ./mydatasets/CREMAD/wav_norm_22050_fold0.pkl
2026-01-15 09:24:50,276 - CREMADPlusDataset - INFO - [test] Ironic pairing enabled: ironic_rate=1.000, target≈149.8, requested_k=150, applied_k=150
2026-01-15 09:24:50,276 - CREMADPlusDataset - INFO - [test] Flipped-to-sarcasm counts by original class: {0: 22, 1: 28, 2: 23, 3: 18, 4: 29, 5: 30}
2026-01-15 09:24:50,276 - CREMADPlusDataset - INFO - [test] Top (orig_label -> donor_label) sarcasm pairs: [('DIS->HAP', 29), ('SAD->HAP', 23), ('FEA->HAP', 18), ('ANG->NEU', 13), ('HAP->ANG', 11), ('ANG->HAP', 11), ('HAP->SAD', 9), ('HAP->DIS', 8), ('NEU->HAP', 8), ('ANG->SAD', 6)]
2026-01-15 09:24:50,276 - CREMADPlusDataset - INFO - [test] Top donor indices reused (idx, times): [(606, 3), (246, 2), (796, 2), (75, 2), (612, 2), (686, 2), (425, 2), (281, 2), (501, 2), (115, 2)]
2026-01-15 09:24:50,276 - CREMADPlusDataset - INFO - [test] Label distribution after applying ironic pairs: {0: 125, 1: 162, 2: 95, 3: 123, 4: 109, 5: 135, 6: 150}
2026-01-15 09:24:50,277 - Agent - INFO - Device: cuda:0
2026-01-15 09:24:50,277 - Agent - INFO - Total training batches: 64, validate every 25 batches, steps per epoch: 3
2026-01-15 09:24:51,534 - Agent - INFO - Loss Weights are {'total': 1, 'combined': 1, 'c': 1, 'g': 1}
2026-01-15 09:24:51,855 - root - INFO - Loading enc best model state dict from /esat/smcdata/users/kkontras/Image_Dataset/no_backup/data/2025_data/synergy/CremadPlus/v2/unimodal_audio_fold0_lr0.001_wd0.0001_bs64.pth.tar
2026-01-15 09:24:52,115 - root - INFO - Loading enc best model state dict from /esat/smcdata/users/kkontras/Image_Dataset/no_backup/data/2025_data/synergy/CremadPlus/v2/unimodal_video_fold0_lr0.0001_wd0.0001_bs64.pth.tar
2026-01-15 09:24:52,137 - Agent - INFO - Total number of trainable parameters are: 22487018
2026-01-15 09:25:15,069 - Agent - INFO - [37mVal Epoch 0 step 0 with [31mce_loss_combined : 2.045220 [31mce_loss_c : 1.383450 [31mce_loss_g : 1.751162 [31mce_mask0 : 2.048383 [31mce_mask1 : 2.047941 [31mkl_synergy_1 : 0.297862 [31mkl_synergy_2 : 0.297947 [31mtotal : 6.737354 [94mAcc_combined: 12.19 [94mAcc_c: 53.08 [94mAcc_g: 43.28 [97mS:[93m3.8%[97m([91m1.1c[97m-[94mF1:4.1%) [97mU1:[93m13.9%[97m([91m3.3c[97m) [97mU2:[93m10.9%[97m([91m2.2c[97m) [97mR:[93m20.9%[97m([91m5.6c[97m) [97mS-L: [92m0:[96m50% [92m2:[96m3% [92m3:[96m16% [92m5:[96m5% [92m6:[96m1%[39m [34mF1_perclass: 29.3-1.7-1.8-8.4-0.0-2.4-1.3 [39m[39m
2026-01-15 09:25:15,085 - Agent - INFO - [37mTest Epoch 0 step 0 with [31mce_loss_combined : 2.022011 [31mce_loss_c : 1.492977 [31mce_loss_g : 1.984664 [31mce_mask0 : 2.022669 [31mce_mask1 : 2.034126 [31mkl_synergy_1 : 0.293206 [31mkl_synergy_2 : 0.283097 [31mtotal : 6.655108 [94mAcc_combined: 14.57 [94mAcc_c: 46.38 [94mAcc_g: 39.38 [97mS:[93m6.2%[97m([91m1.8c[97m-[94mF1:5.8%) [97mU1:[93m22.9%[97m([91m5.6c[97m) [97mU2:[93m11.0%[97m([91m2.7c[97m) [97mR:[93m20.0%[97m([91m4.6c[97m) [97mS-L: [92m0:[96m42% [92m2:[96m3% [92m3:[96m19% [92m4:[96m4% [92m5:[96m5% [92m6:[96m1%[39m [34mF1_perclass: 27.5-0.0-2.1-22.0-5.6-1.3-1.3 [39m[39m
2026-01-15 09:25:15,224 - Agent - INFO - [37mModel saved successfully at: /esat/smcdata/users/kkontras/Image_Dataset/no_backup/data/2025_data/synergy/CremadPlus/v2/SynIB_RMask_fold0_l1_vldsyn_accuracy_fillema_lsparse1_lr0.00001_wd0.0001_clsmlp_bs64.pth.tar[39m
2026-01-15 09:25:15,226 - Agent - INFO - Total number of trainable parameters are: 22487018
2026-01-15 09:26:11,631 - Agent - INFO - [37mVal Epoch 1 step 1 with [31mce_loss_combined : 1.688778 [31mce_loss_c : 1.385883 [31mce_loss_g : 1.830770 [31mce_mask0 : 1.692629 [31mce_mask1 : 1.692809 [31mkl_synergy_1 : 0.326740 [31mkl_synergy_2 : 0.391719 [31mtotal : 5.792675 [94mAcc_combined: 50.46 [94mAcc_c: 52.16 [94mAcc_g: 36.33 [97mS:[93m19.2%[97m([91m5.7c[97m-[94mF1:20.9%) [97mU1:[93m43.5%[97m([91m10.4c[97m) [97mU2:[93m54.0%[97m([91m10.7c[97m) [97mR:[93m88.9%[97m([91m23.7c[97m) [97mS-L: [92m1:[96m48% [92m2:[96m14% [92m3:[96m35% [92m4:[96m37% [92m5:[96m20% [92m6:[96m7%[39m [34mF1_perclass: 55.1-73.2-18.6-46.6-50.5-65.4-9.0 [39m[39m
2026-01-15 09:26:11,649 - Agent - INFO - [37mTest Epoch 1 step 1 with [31mce_loss_combined : 1.712954 [31mce_loss_c : 1.490961 [31mce_loss_g : 1.919710 [31mce_mask0 : 1.717776 [31mce_mask1 : 1.720166 [31mkl_synergy_1 : 0.309021 [31mkl_synergy_2 : 0.358631 [31mtotal : 5.818548 [94mAcc_combined: 51.50 [94mAcc_c: 46.38 [94mAcc_g: 41.82 [97mS:[93m17.1%[97m([91m4.9c[97m-[94mF1:15.1%) [97mU1:[93m50.5%[97m([91m12.2c[97m) [97mU2:[93m63.5%[97m([91m15.5c[97m) [97mR:[93m82.9%[97m([91m18.9c[97m) [97mS-L: [92m1:[96m25% [92m2:[96m8% [92m3:[96m42% [92m4:[96m29% [92m5:[96m29% [92m6:[96m9%[39m [34mF1_perclass: 55.2-77.7-19.2-44.9-48.0-64.2-15.3 [39m[39m
2026-01-15 09:26:12,124 - Agent - INFO - [37mModel saved successfully at: /esat/smcdata/users/kkontras/Image_Dataset/no_backup/data/2025_data/synergy/CremadPlus/v2/SynIB_RMask_fold0_l1_vldsyn_accuracy_fillema_lsparse1_lr0.00001_wd0.0001_clsmlp_bs64.pth.tar[39m
2026-01-15 09:26:12,143 - Agent - INFO - Total number of trainable parameters are: 22487018
2026-01-15 09:27:07,367 - Agent - INFO - [37mVal Epoch 2 step 2 with [31mce_loss_combined : 1.532359 [31mce_loss_c : 1.406077 [31mce_loss_g : 1.706414 [31mce_mask0 : 1.539426 [31mce_mask1 : 1.538502 [31mkl_synergy_1 : 0.608210 [31mkl_synergy_2 : 0.791110 [31mtotal : 6.009606 [94mAcc_combined: 52.51 [94mAcc_c: 50.91 [94mAcc_g: 35.88 [97mS:[93m25.3%[97m([91m7.5c[97m-[94mF1:24.4%) [97mU1:[93m41.6%[97m([91m9.9c[97m) [97mU2:[93m58.6%[97m([91m11.6c[97m) [97mR:[93m88.0%[97m([91m23.5c[97m) [97mS-L: [92m0:[96m25% [92m1:[96m78% [92m2:[96m16% [92m3:[96m39% [92m4:[96m43% [92m5:[96m10% [92m6:[96m12%[39m [34mF1_perclass: 57.6-69.6-23.5-55.0-51.8-67.3-14.6 [39m[39m
2026-01-15 09:27:07,384 - Agent - INFO - [37mTest Epoch 2 step 2 with [31mce_loss_combined : 1.586492 [31mce_loss_c : 1.546509 [31mce_loss_g : 1.746541 [31mce_mask0 : 1.584225 [31mce_mask1 : 1.595140 [31mkl_synergy_1 : 0.577897 [31mkl_synergy_2 : 0.749223 [31mtotal : 6.092976 [94mAcc_combined: 52.95 [94mAcc_c: 44.83 [94mAcc_g: 39.27 [97mS:[93m19.1%[97m([91m5.5c[97m-[94mF1:17.7%) [97mU1:[93m49.1%[97m([91m11.9c[97m) [97mU2:[93m68.0%[97m([91m16.6c[97m) [97mR:[93m83.4%[97m([91m19.0c[97m) [97mS-L: [92m0:[96m8% [92m1:[96m50% [92m2:[96m13% [92m3:[96m33% [92m4:[96m50% [92m5:[96m14% [92m6:[96m10%[39m [34mF1_perclass: 58.3-73.8-35.0-42.7-52.3-63.3-15.4 [39m[39m
2026-01-15 09:27:07,974 - Agent - INFO - [37mModel saved successfully at: /esat/smcdata/users/kkontras/Image_Dataset/no_backup/data/2025_data/synergy/CremadPlus/v2/SynIB_RMask_fold0_l1_vldsyn_accuracy_fillema_lsparse1_lr0.00001_wd0.0001_clsmlp_bs64.pth.tar[39m
2026-01-15 09:27:07,978 - Agent - INFO - Total number of trainable parameters are: 22487018
2026-01-15 09:28:04,170 - Agent - INFO - [37mVal Epoch 3 step 3 with [31mce_loss_combined : 1.457359 [31mce_loss_c : 1.411156 [31mce_loss_g : 1.673937 [31mce_mask0 : 1.473533 [31mce_mask1 : 1.460679 [31mkl_synergy_1 : 0.793725 [31mkl_synergy_2 : 1.122759 [31mtotal : 6.308056 [94mAcc_combined: 53.08 [94mAcc_c: 49.89 [94mAcc_g: 37.13 [97mS:[93m22.6%[97m([91m6.7c[97m-[94mF1:20.3%) [97mU1:[93m48.8%[97m([91m11.6c[97m) [97mU2:[93m60.3%[97m([91m12.0c[97m) [97mR:[93m85.5%[97m([91m22.8c[97m) [97mS-L: [92m0:[96m25% [92m1:[96m74% [92m2:[96m30% [92m3:[96m19% [92m4:[96m33% [92m5:[96m5% [92m6:[96m11%[39m [34mF1_perclass: 57.0-67.0-44.8-49.7-55.1-67.0-13.5 [39m[39m
2026-01-15 09:28:04,186 - Agent - INFO - [37mTest Epoch 3 step 3 with [31mce_loss_combined : 1.520238 [31mce_loss_c : 1.598460 [31mce_loss_g : 1.666915 [31mce_mask0 : 1.527085 [31mce_mask1 : 1.538203 [31mkl_synergy_1 : 0.792777 [31mkl_synergy_2 : 1.089575 [31mtotal : 6.467878 [94mAcc_combined: 54.39 [94mAcc_c: 43.83 [94mAcc_g: 37.93 [97mS:[93m19.8%[97m([91m5.7c[97m-[94mF1:18.4%) [97mU1:[93m55.0%[97m([91m13.3c[97m) [97mU2:[93m67.6%[97m([91m16.5c[97m) [97mR:[93m82.9%[97m([91m18.9c[97m) [97mS-L: [92m0:[96m17% [92m1:[96m62% [92m2:[96m26% [92m3:[96m19% [92m4:[96m46% [92m5:[96m10% [92m6:[96m12%[39m [34mF1_perclass: 59.3-72.5-45.0-37.5-59.9-63.0-16.2 [39m[39m
2026-01-15 09:28:04,188 - Agent - INFO - Total number of trainable parameters are: 22487018
2026-01-15 09:29:01,682 - Agent - INFO - [37mVal Epoch 4 step 4 with [31mce_loss_combined : 1.431492 [31mce_loss_c : 1.423530 [31mce_loss_g : 1.778448 [31mce_mask0 : 1.432451 [31mce_mask1 : 1.436797 [31mkl_synergy_1 : 0.834846 [31mkl_synergy_2 : 1.159504 [31mtotal : 6.295091 [94mAcc_combined: 54.56 [94mAcc_c: 49.09 [94mAcc_g: 35.08 [97mS:[93m24.1%[97m([91m7.2c[97m-[94mF1:23.6%) [97mU1:[93m49.3%[97m([91m11.7c[97m) [97mU2:[93m66.1%[97m([91m13.1c[97m) [97mR:[93m84.6%[97m([91m22.6c[97m) [97mS-L: [92m0:[96m25% [92m1:[96m78% [92m2:[96m27% [92m3:[96m29% [92m4:[96m43% [92m5:[96m20% [92m6:[96m7%[39m [34mF1_perclass: 57.9-68.1-41.2-53.4-57.1-71.9-8.9 [39m[39m
2026-01-15 09:29:01,698 - Agent - INFO - [37mTest Epoch 4 step 4 with [31mce_loss_combined : 1.488964 [31mce_loss_c : 1.639025 [31mce_loss_g : 1.735107 [31mce_mask0 : 1.502976 [31mce_mask1 : 1.522869 [31mkl_synergy_1 : 0.840949 [31mkl_synergy_2 : 1.120872 [31mtotal : 6.476630 [94mAcc_combined: 56.17 [94mAcc_c: 42.71 [94mAcc_g: 36.60 [97mS:[93m22.2%[97m([91m6.3c[97m-[94mF1:20.5%) [97mU1:[93m54.1%[97m([91m13.1c[97m) [97mU2:[93m69.4%[97m([91m16.9c[97m) [97mR:[93m86.8%[97m([91m19.8c[97m) [97mS-L: [92m0:[96m8% [92m1:[96m62% [92m2:[96m16% [92m3:[96m47% [92m4:[96m46% [92m5:[96m19% [92m6:[96m11%[39m [34mF1_perclass: 55.8-72.1-49.7-50.5-58.7-64.8-15.0 [39m[39m
2026-01-15 09:29:01,699 - Agent - INFO - Total number of trainable parameters are: 22487018
2026-01-15 09:29:52,227 - Agent - INFO - [37mVal Epoch 5 step 5 with [31mce_loss_combined : 1.453375 [31mce_loss_c : 1.459806 [31mce_loss_g : 1.820442 [31mce_mask0 : 1.463657 [31mce_mask1 : 1.464463 [31mkl_synergy_1 : 0.868518 [31mkl_synergy_2 : 1.169346 [31mtotal : 6.419360 [94mAcc_combined: 50.34 [94mAcc_c: 46.47 [94mAcc_g: 32.00 [97mS:[93m22.6%[97m([91m6.7c[97m-[94mF1:21.2%) [97mU1:[93m44.0%[97m([91m10.5c[97m) [97mU2:[93m59.8%[97m([91m11.8c[97m) [97mR:[93m79.9%[97m([91m21.3c[97m) [97mS-L: [92m1:[96m43% [92m2:[96m27% [92m3:[96m32% [92m4:[96m50% [92m5:[96m15% [92m6:[96m9%[39m [34mF1_perclass: 56.0-61.0-38.6-54.5-48.5-69.6-11.6 [39m[39m
2026-01-15 09:29:52,244 - Agent - INFO - [37mTest Epoch 5 step 5 with [31mce_loss_combined : 1.489455 [31mce_loss_c : 1.668581 [31mce_loss_g : 1.752331 [31mce_mask0 : 1.496911 [31mce_mask1 : 1.492316 [31mkl_synergy_1 : 0.909928 [31mkl_synergy_2 : 1.183835 [31mtotal : 6.572443 [94mAcc_combined: 52.61 [94mAcc_c: 42.05 [94mAcc_g: 34.71 [97mS:[93m22.2%[97m([91m6.3c[97m-[94mF1:19.1%) [97mU1:[93m50.9%[97m([91m12.3c[97m) [97mU2:[93m64.8%[97m([91m15.8c[97m) [97mR:[93m79.5%[97m([91m18.1c[97m) [97mS-L: [92m1:[96m50% [92m2:[96m13% [92m3:[96m50% [92m4:[96m62% [92m5:[96m19% [92m6:[96m9%[39m [34mF1_perclass: 43.9-77.0-45.1-47.7-51.6-63.0-13.5 [39m[39m
2026-01-15 09:29:52,245 - Agent - INFO - Total number of trainable parameters are: 22487018
2026-01-15 09:30:40,723 - Agent - INFO - [37mVal Epoch 6 step 6 with [31mce_loss_combined : 1.388488 [31mce_loss_c : 1.494611 [31mce_loss_g : 1.826658 [31mce_mask0 : 1.400478 [31mce_mask1 : 1.399458 [31mkl_synergy_1 : 0.918599 [31mkl_synergy_2 : 1.136768 [31mtotal : 6.243791 [94mAcc_combined: 55.92 [94mAcc_c: 44.76 [94mAcc_g: 32.80 [97mS:[93m23.8%[97m([91m7.1c[97m-[94mF1:23.4%) [97mU1:[93m52.6%[97m([91m12.5c[97m) [97mU2:[93m65.5%[97m([91m13.0c[97m) [97mR:[93m87.6%[97m([91m23.3c[97m) [97mS-L: [92m0:[96m25% [92m1:[96m74% [92m2:[96m30% [92m3:[96m32% [92m4:[96m27% [92m5:[96m25% [92m6:[96m9%[39m [34mF1_perclass: 59.7-68.3-46.6-54.7-58.1-73.6-10.8 [39m[39m
2026-01-15 09:30:40,740 - Agent - INFO - [37mTest Epoch 6 step 6 with [31mce_loss_combined : 1.460132 [31mce_loss_c : 1.718611 [31mce_loss_g : 1.778351 [31mce_mask0 : 1.470126 [31mce_mask1 : 1.483514 [31mkl_synergy_1 : 0.952934 [31mkl_synergy_2 : 1.127095 [31mtotal : 6.493801 [94mAcc_combined: 55.51 [94mAcc_c: 39.04 [94mAcc_g: 31.26 [97mS:[93m19.5%[97m([91m5.6c[97m-[94mF1:16.8%) [97mU1:[93m50.9%[97m([91m12.3c[97m) [97mU2:[93m71.7%[97m([91m17.5c[97m) [97mR:[93m88.3%[97m([91m20.1c[97m) [97mS-L: [92m1:[96m62% [92m2:[96m11% [92m3:[96m50% [92m4:[96m29% [92m5:[96m19% [92m6:[96m10%[39m [34mF1_perclass: 49.2-72.0-45.6-51.1-60.3-67.1-13.9 [39m[39m
2026-01-15 09:30:40,741 - Agent - INFO - Total number of trainable parameters are: 22487018
2026-01-15 09:31:27,745 - Agent - INFO - [37mVal Epoch 7 step 7 with [31mce_loss_combined : 1.372879 [31mce_loss_c : 1.524769 [31mce_loss_g : 1.826261 [31mce_mask0 : 1.386852 [31mce_mask1 : 1.390666 [31mkl_synergy_1 : 0.980473 [31mkl_synergy_2 : 1.161999 [31mtotal : 6.292869 [94mAcc_combined: 57.29 [94mAcc_c: 43.17 [94mAcc_g: 32.23 [97mS:[93m24.5%[97m([91m7.3c[97m-[94mF1:24.0%) [97mU1:[93m58.9%[97m([91m14.0c[97m) [97mU2:[93m62.1%[97m([91m12.3c[97m) [97mR:[93m88.9%[97m([91m23.7c[97m) [97mS-L: [92m0:[96m25% [92m1:[96m70% [92m2:[96m41% [92m3:[96m23% [92m4:[96m23% [92m5:[96m40% [92m6:[96m9%[39m [34mF1_perclass: 62.6-68.3-53.1-52.8-60.3-72.9-11.2 [39m[39m
2026-01-15 09:31:27,762 - Agent - INFO - [37mTest Epoch 7 step 7 with [31mce_loss_combined : 1.454230 [31mce_loss_c : 1.743301 [31mce_loss_g : 1.789195 [31mce_mask0 : 1.471525 [31mce_mask1 : 1.459663 [31mkl_synergy_1 : 0.991050 [31mkl_synergy_2 : 1.109548 [31mtotal : 6.486015 [94mAcc_combined: 55.73 [94mAcc_c: 37.93 [94mAcc_g: 32.48 [97mS:[93m18.7%[97m([91m5.3c[97m-[94mF1:16.7%) [97mU1:[93m54.6%[97m([91m13.2c[97m) [97mU2:[93m69.9%[97m([91m17.0c[97m) [97mR:[93m88.3%[97m([91m20.1c[97m) [97mS-L: [92m1:[96m62% [92m2:[96m16% [92m3:[96m44% [92m4:[96m21% [92m5:[96m24% [92m6:[96m9%[39m [34mF1_perclass: 51.3-75.0-48.5-49.8-60.4-64.3-13.9 [39m[39m
2026-01-15 09:31:27,763 - Agent - INFO - Total number of trainable parameters are: 22487018
2026-01-15 09:32:19,807 - Agent - INFO - [37mVal Epoch 8 step 8 with [31mce_loss_combined : 1.373183 [31mce_loss_c : 1.548555 [31mce_loss_g : 1.841477 [31mce_mask0 : 1.384464 [31mce_mask1 : 1.384477 [31mkl_synergy_1 : 0.973887 [31mkl_synergy_2 : 1.132834 [31mtotal : 6.248845 [94mAcc_combined: 57.97 [94mAcc_c: 41.46 [94mAcc_g: 31.09 [97mS:[93m24.9%[97m([91m7.4c[97m-[94mF1:24.1%) [97mU1:[93m57.4%[97m([91m13.7c[97m) [97mU2:[93m65.5%[97m([91m13.0c[97m) [97mR:[93m89.7%[97m([91m23.9c[97m) [97mS-L: [92m0:[96m25% [92m1:[96m74% [92m2:[96m32% [92m3:[96m39% [92m4:[96m23% [92m5:[96m20% [92m6:[96m10%[39m [34mF1_perclass: 64.6-70.9-50.5-55.8-59.3-74.4-13.0 [39m[39m
2026-01-15 09:32:19,826 - Agent - INFO - [37mTest Epoch 8 step 8 with [31mce_loss_combined : 1.451552 [31mce_loss_c : 1.751457 [31mce_loss_g : 1.789735 [31mce_mask0 : 1.443415 [31mce_mask1 : 1.439322 [31mkl_synergy_1 : 0.991020 [31mkl_synergy_2 : 1.121567 [31mtotal : 6.446876 [94mAcc_combined: 56.62 [94mAcc_c: 36.82 [94mAcc_g: 30.37 [97mS:[93m20.6%[97m([91m5.9c[97m-[94mF1:18.0%) [97mU1:[93m55.0%[97m([91m13.3c[97m) [97mU2:[93m71.7%[97m([91m17.5c[97m) [97mR:[93m87.3%[97m([91m19.9c[97m) [97mS-L: [92m1:[96m62% [92m2:[96m13% [92m3:[96m53% [92m4:[96m33% [92m5:[96m19% [92m6:[96m10%[39m [34mF1_perclass: 53.6-74.9-46.5-53.0-59.6-68.4-14.9 [39m[39m
2026-01-15 09:32:19,827 - Agent - INFO - Total number of trainable parameters are: 22487018
2026-01-15 09:33:15,120 - Agent - INFO - [37mVal Epoch 9 step 9 with [31mce_loss_combined : 1.392088 [31mce_loss_c : 1.572594 [31mce_loss_g : 1.839989 [31mce_mask0 : 1.407258 [31mce_mask1 : 1.404572 [31mkl_synergy_1 : 0.924606 [31mkl_synergy_2 : 1.023959 [31mtotal : 6.152483 [94mAcc_combined: 58.43 [94mAcc_c: 39.41 [94mAcc_g: 31.55 [97mS:[93m26.8%[97m([91m8.0c[97m-[94mF1:26.6%) [97mU1:[93m59.3%[97m([91m14.1c[97m) [97mU2:[93m63.8%[97m([91m12.6c[97m) [97mR:[93m88.9%[97m([91m23.7c[97m) [97mS-L: [92m0:[96m25% [92m1:[96m70% [92m2:[96m30% [92m3:[96m42% [92m4:[96m37% [92m5:[96m40% [92m6:[96m9%[39m [34mF1_perclass: 63.8-70.0-51.1-55.9-62.2-73.4-11.2 [39m[39m
2026-01-15 09:33:15,139 - Agent - INFO - [37mTest Epoch 9 step 9 with [31mce_loss_combined : 1.459998 [31mce_loss_c : 1.757293 [31mce_loss_g : 1.776863 [31mce_mask0 : 1.465301 [31mce_mask1 : 1.455671 [31mkl_synergy_1 : 0.928554 [31mkl_synergy_2 : 1.027907 [31mtotal : 6.337431 [94mAcc_combined: 55.73 [94mAcc_c: 34.82 [94mAcc_g: 29.70 [97mS:[93m17.9%[97m([91m5.1c[97m-[94mF1:15.1%) [97mU1:[93m55.5%[97m([91m13.5c[97m) [97mU2:[93m70.8%[97m([91m17.2c[97m) [97mR:[93m87.3%[97m([91m19.9c[97m) [97mS-L: [92m1:[96m62% [92m2:[96m11% [92m3:[96m47% [92m4:[96m21% [92m5:[96m14% [92m6:[96m10%[39m [34mF1_perclass: 46.3-72.7-48.7-56.6-61.8-61.9-14.1 [39m[39m
2026-01-15 09:33:15,766 - Agent - INFO - [37mModel saved successfully at: /esat/smcdata/users/kkontras/Image_Dataset/no_backup/data/2025_data/synergy/CremadPlus/v2/SynIB_RMask_fold0_l1_vldsyn_accuracy_fillema_lsparse1_lr0.00001_wd0.0001_clsmlp_bs64.pth.tar[39m
2026-01-15 09:33:15,770 - Agent - INFO - Total number of trainable parameters are: 22487018
2026-01-15 09:34:08,140 - Agent - INFO - [37mVal Epoch 10 step 10 with [31mce_loss_combined : 1.393428 [31mce_loss_c : 1.586038 [31mce_loss_g : 1.825737 [31mce_mask0 : 1.406505 [31mce_mask1 : 1.396134 [31mkl_synergy_1 : 0.901243 [31mkl_synergy_2 : 0.962784 [31mtotal : 6.060093 [94mAcc_combined: 57.74 [94mAcc_c: 39.98 [94mAcc_g: 29.95 [97mS:[93m28.7%[97m([91m8.5c[97m-[94mF1:28.4%) [97mU1:[93m58.9%[97m([91m14.0c[97m) [97mU2:[93m60.9%[97m([91m12.1c[97m) [97mR:[93m86.8%[97m([91m23.1c[97m) [97mS-L: [92m0:[96m25% [92m1:[96m65% [92m2:[96m32% [92m3:[96m42% [92m4:[96m33% [92m5:[96m55% [92m6:[96m11%[39m [34mF1_perclass: 63.2-69.5-48.9-52.7-64.2-72.9-14.0 [39m[39m
2026-01-15 09:34:08,156 - Agent - INFO - [37mTest Epoch 10 step 10 with [31mce_loss_combined : 1.475386 [31mce_loss_c : 1.733955 [31mce_loss_g : 1.780286 [31mce_mask0 : 1.470496 [31mce_mask1 : 1.475928 [31mkl_synergy_1 : 0.888303 [31mkl_synergy_2 : 0.950158 [31mtotal : 6.260271 [94mAcc_combined: 56.28 [94mAcc_c: 34.04 [94mAcc_g: 30.14 [97mS:[93m20.6%[97m([91m5.9c[97m-[94mF1:17.8%) [97mU1:[93m55.5%[97m([91m13.5c[97m) [97mU2:[93m69.4%[97m([91m16.9c[97m) [97mR:[93m87.8%[97m([91m20.0c[97m) [97mS-L: [92m1:[96m75% [92m2:[96m13% [92m3:[96m50% [92m4:[96m21% [92m5:[96m24% [92m6:[96m12%[39m [34mF1_perclass: 48.6-75.8-47.5-55.6-61.8-61.3-17.9 [39m[39m
2026-01-15 09:34:08,709 - Agent - INFO - [37mModel saved successfully at: /esat/smcdata/users/kkontras/Image_Dataset/no_backup/data/2025_data/synergy/CremadPlus/v2/SynIB_RMask_fold0_l1_vldsyn_accuracy_fillema_lsparse1_lr0.00001_wd0.0001_clsmlp_bs64.pth.tar[39m
2026-01-15 09:34:08,713 - Agent - INFO - Total number of trainable parameters are: 22487018
2026-01-15 09:35:05,321 - Agent - INFO - [37mVal Epoch 11 step 11 with [31mce_loss_combined : 1.389368 [31mce_loss_c : 1.622255 [31mce_loss_g : 1.854407 [31mce_mask0 : 1.394750 [31mce_mask1 : 1.399668 [31mkl_synergy_1 : 0.916241 [31mkl_synergy_2 : 0.958032 [31mtotal : 6.058059 [94mAcc_combined: 59.11 [94mAcc_c: 38.61 [94mAcc_g: 27.11 [97mS:[93m27.2%[97m([91m8.1c[97m-[94mF1:26.0%) [97mU1:[93m61.2%[97m([91m14.6c[97m) [97mU2:[93m60.3%[97m([91m12.0c[97m) [97mR:[93m91.9%[97m([91m24.5c[97m) [97mS-L: [92m0:[96m25% [92m1:[96m65% [92m2:[96m35% [92m3:[96m35% [92m4:[96m30% [92m5:[96m25% [92m6:[96m15%[39m [34mF1_perclass: 64.8-70.1-50.8-56.1-66.0-71.1-18.2 [39m[39m
2026-01-15 09:35:05,337 - Agent - INFO - [37mTest Epoch 11 step 11 with [31mce_loss_combined : 1.460849 [31mce_loss_c : 1.740591 [31mce_loss_g : 1.805686 [31mce_mask0 : 1.450252 [31mce_mask1 : 1.455125 [31mkl_synergy_1 : 0.898736 [31mkl_synergy_2 : 0.931389 [31mtotal : 6.196351 [94mAcc_combined: 57.62 [94mAcc_c: 33.48 [94mAcc_g: 28.03 [97mS:[93m18.7%[97m([91m5.3c[97m-[94mF1:15.9%) [97mU1:[93m59.6%[97m([91m14.5c[97m) [97mU2:[93m70.3%[97m([91m17.1c[97m) [97mR:[93m90.7%[97m([91m20.7c[97m) [97mS-L: [92m1:[96m75% [92m2:[96m16% [92m3:[96m53% [92m4:[96m17% [92m5:[96m10% [92m6:[96m9%[39m [34mF1_perclass: 59.0-76.7-46.7-55.9-63.2-62.2-15.5 [39m[39m
2026-01-15 09:35:05,338 - Agent - INFO - Total number of trainable parameters are: 22487018
2026-01-15 09:35:56,316 - Agent - INFO - [37mVal Epoch 12 step 12 with [31mce_loss_combined : 1.392658 [31mce_loss_c : 1.654677 [31mce_loss_g : 1.829046 [31mce_mask0 : 1.403945 [31mce_mask1 : 1.399438 [31mkl_synergy_1 : 0.965090 [31mkl_synergy_2 : 0.933421 [31mtotal : 6.094551 [94mAcc_combined: 58.20 [94mAcc_c: 37.70 [94mAcc_g: 28.70 [97mS:[93m26.4%[97m([91m7.9c[97m-[94mF1:24.9%) [97mU1:[93m63.2%[97m([91m15.0c[97m) [97mU2:[93m57.5%[97m([91m11.4c[97m) [97mR:[93m89.7%[97m([91m23.9c[97m) [97mS-L: [92m0:[96m25% [92m1:[96m57% [92m2:[96m32% [92m3:[96m32% [92m4:[96m27% [92m5:[96m20% [92m6:[96m18%[39m [34mF1_perclass: 65.2-71.1-49.5-54.8-64.1-68.0-21.1 [39m[39m
2026-01-15 09:35:56,332 - Agent - INFO - [37mTest Epoch 12 step 12 with [31mce_loss_combined : 1.471756 [31mce_loss_c : 1.745695 [31mce_loss_g : 1.794487 [31mce_mask0 : 1.486276 [31mce_mask1 : 1.469419 [31mkl_synergy_1 : 0.890234 [31mkl_synergy_2 : 0.909010 [31mtotal : 6.226695 [94mAcc_combined: 58.62 [94mAcc_c: 32.26 [94mAcc_g: 31.26 [97mS:[93m20.2%[97m([91m5.8c[97m-[94mF1:17.0%) [97mU1:[93m63.8%[97m([91m15.5c[97m) [97mU2:[93m69.4%[97m([91m16.9c[97m) [97mR:[93m89.8%[97m([91m20.5c[97m) [97mS-L: [92m1:[96m75% [92m2:[96m18% [92m3:[96m47% [92m4:[96m21% [92m5:[96m5% [92m6:[96m14%[39m [34mF1_perclass: 61.6-78.4-48.7-55.0-61.9-64.0-20.5 [39m[39m
2026-01-15 09:35:56,333 - Agent - INFO - Total number of trainable parameters are: 22487018
2026-01-15 09:36:53,984 - Agent - INFO - [37mVal Epoch 13 step 13 with [31mce_loss_combined : 1.387383 [31mce_loss_c : 1.688205 [31mce_loss_g : 1.820922 [31mce_mask0 : 1.403731 [31mce_mask1 : 1.398742 [31mkl_synergy_1 : 0.989616 [31mkl_synergy_2 : 0.937231 [31mtotal : 6.116703 [94mAcc_combined: 58.77 [94mAcc_c: 34.74 [94mAcc_g: 28.59 [97mS:[93m28.0%[97m([91m8.3c[97m-[94mF1:25.6%) [97mU1:[93m61.7%[97m([91m14.7c[97m) [97mU2:[93m56.9%[97m([91m11.3c[97m) [97mR:[93m91.9%[97m([91m24.5c[97m) [97mS-L: [92m0:[96m25% [92m1:[96m70% [92m2:[96m27% [92m3:[96m35% [92m4:[96m37% [92m5:[96m15% [92m6:[96m18%[39m [34mF1_perclass: 65.4-70.6-45.0-55.3-66.2-71.0-21.0 [39m[39m
2026-01-15 09:36:54,042 - Agent - INFO - [37mTest Epoch 13 step 13 with [31mce_loss_combined : 1.484004 [31mce_loss_c : 1.771553 [31mce_loss_g : 1.783459 [31mce_mask0 : 1.500947 [31mce_mask1 : 1.489356 [31mkl_synergy_1 : 0.916274 [31mkl_synergy_2 : 0.905108 [31mtotal : 6.295690 [94mAcc_combined: 57.40 [94mAcc_c: 30.81 [94mAcc_g: 30.59 [97mS:[93m19.1%[97m([91m5.5c[97m-[94mF1:15.0%) [97mU1:[93m61.0%[97m([91m14.8c[97m) [97mU2:[93m68.0%[97m([91m16.6c[97m) [97mR:[93m90.2%[97m([91m20.6c[97m) [97mS-L: [92m1:[96m75% [92m2:[96m8% [92m3:[96m42% [92m4:[96m17% [92m5:[96m10% [92m6:[96m16%[39m [34mF1_perclass: 61.3-72.9-45.9-54.9-60.8-62.6-21.5 [39m[39m
2026-01-15 09:36:54,043 - Agent - INFO - Total number of trainable parameters are: 22487018
2026-01-15 09:37:50,770 - Agent - INFO - [37mVal Epoch 14 step 14 with [31mce_loss_combined : 1.385382 [31mce_loss_c : 1.696751 [31mce_loss_g : 1.823763 [31mce_mask0 : 1.399488 [31mce_mask1 : 1.404603 [31mkl_synergy_1 : 0.980040 [31mkl_synergy_2 : 0.944952 [31mtotal : 6.114464 [94mAcc_combined: 58.66 [94mAcc_c: 35.42 [94mAcc_g: 28.93 [97mS:[93m28.0%[97m([91m8.3c[97m-[94mF1:25.7%) [97mU1:[93m63.6%[97m([91m15.1c[97m) [97mU2:[93m55.2%[97m([91m10.9c[97m) [97mR:[93m91.0%[97m([91m24.3c[97m) [97mS-L: [92m0:[96m25% [92m1:[96m61% [92m2:[96m35% [92m3:[96m35% [92m4:[96m27% [92m5:[96m15% [92m6:[96m20%[39m [34mF1_perclass: 64.7-70.4-49.7-53.7-65.6-71.0-22.9 [39m[39m
2026-01-15 09:37:50,785 - Agent - INFO - [37mTest Epoch 14 step 14 with [31mce_loss_combined : 1.468717 [31mce_loss_c : 1.775092 [31mce_loss_g : 1.788640 [31mce_mask0 : 1.475435 [31mce_mask1 : 1.473361 [31mkl_synergy_1 : 0.891523 [31mkl_synergy_2 : 0.891741 [31mtotal : 6.200776 [94mAcc_combined: 59.29 [94mAcc_c: 30.48 [94mAcc_g: 32.04 [97mS:[93m22.6%[97m([91m6.5c[97m-[94mF1:18.3%) [97mU1:[93m64.2%[97m([91m15.6c[97m) [97mU2:[93m69.4%[97m([91m16.9c[97m) [97mR:[93m89.3%[97m([91m20.4c[97m) [97mS-L: [92m1:[96m75% [92m2:[96m16% [92m3:[96m47% [92m4:[96m17% [92m5:[96m10% [92m6:[96m19%[39m [34mF1_perclass: 60.7-77.7-49.2-57.2-63.5-61.3-26.5 [39m[39m
2026-01-15 09:37:50,786 - Agent - INFO - Total number of trainable parameters are: 22487018
2026-01-15 09:38:46,194 - Agent - INFO - [37mVal Epoch 15 step 15 with [31mce_loss_combined : 1.389912 [31mce_loss_c : 1.707530 [31mce_loss_g : 1.813210 [31mce_mask0 : 1.402569 [31mce_mask1 : 1.400739 [31mkl_synergy_1 : 0.973874 [31mkl_synergy_2 : 0.936791 [31mtotal : 6.103886 [94mAcc_combined: 58.43 [94mAcc_c: 34.17 [94mAcc_g: 30.07 [97mS:[93m28.4%[97m([91m8.4c[97m-[94mF1:25.7%) [97mU1:[93m62.7%[97m([91m14.9c[97m) [97mU2:[93m53.4%[97m([91m10.6c[97m) [97mR:[93m91.9%[97m([91m24.5c[97m) [97mS-L: [92m0:[96m25% [92m1:[96m61% [92m2:[96m27% [92m3:[96m32% [92m4:[96m30% [92m5:[96m20% [92m6:[96m22%[39m [34mF1_perclass: 65.4-70.0-45.9-54.8-65.6-70.8-23.9 [39m[39m
2026-01-15 09:38:46,211 - Agent - INFO - [37mTest Epoch 15 step 15 with [31mce_loss_combined : 1.473427 [31mce_loss_c : 1.779220 [31mce_loss_g : 1.777144 [31mce_mask0 : 1.505956 [31mce_mask1 : 1.484486 [31mkl_synergy_1 : 0.868496 [31mkl_synergy_2 : 0.869961 [31mtotal : 6.202325 [94mAcc_combined: 57.73 [94mAcc_c: 30.59 [94mAcc_g: 32.93 [97mS:[93m21.4%[97m([91m6.1c[97m-[94mF1:17.2%) [97mU1:[93m63.3%[97m([91m15.4c[97m) [97mU2:[93m64.4%[97m([91m15.7c[97m) [97mR:[93m90.2%[97m([91m20.6c[97m) [97mS-L: [92m1:[96m75% [92m2:[96m11% [92m3:[96m47% [92m4:[96m17% [92m5:[96m10% [92m6:[96m19%[39m [34mF1_perclass: 62.1-76.0-47.6-55.6-61.5-59.8-24.4 [39m[39m
2026-01-15 09:38:46,212 - Agent - INFO - Total number of trainable parameters are: 22487018
2026-01-15 09:39:45,425 - Agent - INFO - [37mVal Epoch 16 step 16 with [31mce_loss_combined : 1.389352 [31mce_loss_c : 1.704361 [31mce_loss_g : 1.812153 [31mce_mask0 : 1.388705 [31mce_mask1 : 1.401933 [31mkl_synergy_1 : 0.978432 [31mkl_synergy_2 : 0.944265 [31mtotal : 6.102688 [94mAcc_combined: 58.43 [94mAcc_c: 34.40 [94mAcc_g: 28.70 [97mS:[93m28.0%[97m([91m8.3c[97m-[94mF1:25.8%) [97mU1:[93m64.1%[97m([91m15.3c[97m) [97mU2:[93m52.9%[97m([91m10.5c[97m) [97mR:[93m91.5%[97m([91m24.4c[97m) [97mS-L: [92m0:[96m25% [92m1:[96m57% [92m2:[96m30% [92m3:[96m32% [92m4:[96m30% [92m5:[96m20% [92m6:[96m22%[39m [34mF1_perclass: 65.0-69.8-48.2-54.9-64.7-71.4-23.5 [39m[39m
2026-01-15 09:39:45,442 - Agent - INFO - [37mTest Epoch 16 step 16 with [31mce_loss_combined : 1.467640 [31mce_loss_c : 1.774350 [31mce_loss_g : 1.781195 [31mce_mask0 : 1.467000 [31mce_mask1 : 1.481953 [31mkl_synergy_1 : 0.899454 [31mkl_synergy_2 : 0.887014 [31mtotal : 6.203062 [94mAcc_combined: 57.51 [94mAcc_c: 30.48 [94mAcc_g: 32.59 [97mS:[93m20.6%[97m([91m5.9c[97m-[94mF1:16.6%) [97mU1:[93m62.4%[97m([91m15.1c[97m) [97mU2:[93m65.8%[97m([91m16.0c[97m) [97mR:[93m89.8%[97m([91m20.5c[97m) [97mS-L: [92m1:[96m75% [92m2:[96m11% [92m3:[96m36% [92m4:[96m17% [92m5:[96m10% [92m6:[96m20%[39m [34mF1_perclass: 61.0-77.4-48.0-53.1-61.3-59.2-25.5 [39m[39m
2026-01-15 09:39:45,443 - Agent - INFO - Total number of trainable parameters are: 22487018
2026-01-15 09:40:35,831 - Agent - INFO - [37mVal Epoch 17 step 17 with [31mce_loss_combined : 1.407205 [31mce_loss_c : 1.760803 [31mce_loss_g : 1.812778 [31mce_mask0 : 1.412866 [31mce_mask1 : 1.417675 [31mkl_synergy_1 : 0.944833 [31mkl_synergy_2 : 0.898245 [31mtotal : 6.080822 [94mAcc_combined: 57.29 [94mAcc_c: 32.00 [94mAcc_g: 28.25 [97mS:[93m29.9%[97m([91m8.9c[97m-[94mF1:26.2%) [97mU1:[93m57.4%[97m([91m13.7c[97m) [97mU2:[93m53.4%[97m([91m10.6c[97m) [97mR:[93m90.6%[97m([91m24.1c[97m) [97mS-L: [92m0:[96m25% [92m1:[96m65% [92m2:[96m19% [92m3:[96m35% [92m4:[96m47% [92m5:[96m15% [92m6:[96m23%[39m [34mF1_perclass: 64.0-70.0-35.4-54.6-63.9-70.8-24.8 [39m[39m
2026-01-15 09:40:35,847 - Agent - INFO - [37mTest Epoch 17 step 17 with [31mce_loss_combined : 1.490118 [31mce_loss_c : 1.814369 [31mce_loss_g : 1.781693 [31mce_mask0 : 1.506619 [31mce_mask1 : 1.499097 [31mkl_synergy_1 : 0.885249 [31mkl_synergy_2 : 0.851211 [31mtotal : 6.232294 [94mAcc_combined: 55.95 [94mAcc_c: 28.36 [94mAcc_g: 33.82 [97mS:[93m19.8%[97m([91m5.7c[97m-[94mF1:15.7%) [97mU1:[93m57.8%[97m([91m14.0c[97m) [97mU2:[93m64.8%[97m([91m15.8c[97m) [97mR:[93m89.8%[97m([91m20.5c[97m) [97mS-L: [92m1:[96m75% [92m2:[96m3% [92m3:[96m50% [92m4:[96m21% [92m5:[96m14% [92m6:[96m15%[39m [34mF1_perclass: 60.1-74.9-34.8-54.6-58.5-60.6-20.3 [39m[39m
2026-01-15 09:40:36,463 - Agent - INFO - [37mModel saved successfully at: /esat/smcdata/users/kkontras/Image_Dataset/no_backup/data/2025_data/synergy/CremadPlus/v2/SynIB_RMask_fold0_l1_vldsyn_accuracy_fillema_lsparse1_lr0.00001_wd0.0001_clsmlp_bs64.pth.tar[39m
2026-01-15 09:40:36,467 - Agent - INFO - Total number of trainable parameters are: 22487018
2026-01-15 09:41:33,949 - Agent - INFO - [37mVal Epoch 18 step 18 with [31mce_loss_combined : 1.387876 [31mce_loss_c : 1.801286 [31mce_loss_g : 1.808872 [31mce_mask0 : 1.396069 [31mce_mask1 : 1.399780 [31mkl_synergy_1 : 0.900068 [31mkl_synergy_2 : 0.858791 [31mtotal : 5.942584 [94mAcc_combined: 59.57 [94mAcc_c: 29.50 [94mAcc_g: 30.52 [97mS:[93m29.5%[97m([91m8.8c[97m-[94mF1:27.0%) [97mU1:[93m67.5%[97m([91m16.1c[97m) [97mU2:[93m53.4%[97m([91m10.6c[97m) [97mR:[93m90.6%[97m([91m24.1c[97m) [97mS-L: [92m0:[96m25% [92m1:[96m65% [92m2:[96m30% [92m3:[96m32% [92m4:[96m37% [92m5:[96m15% [92m6:[96m22%[39m [34mF1_perclass: 64.3-70.8-50.0-55.9-66.9-72.6-24.4 [39m[39m
2026-01-15 09:41:33,966 - Agent - INFO - [37mTest Epoch 18 step 18 with [31mce_loss_combined : 1.451244 [31mce_loss_c : 1.835917 [31mce_loss_g : 1.782257 [31mce_mask0 : 1.480390 [31mce_mask1 : 1.481184 [31mkl_synergy_1 : 0.875491 [31mkl_synergy_2 : 0.817803 [31mtotal : 6.106114 [94mAcc_combined: 58.40 [94mAcc_c: 26.70 [94mAcc_g: 34.82 [97mS:[93m21.8%[97m([91m6.2c[97m-[94mF1:18.1%) [97mU1:[93m66.5%[97m([91m16.1c[97m) [97mU2:[93m63.0%[97m([91m15.4c[97m) [97mR:[93m90.7%[97m([91m20.7c[97m) [97mS-L: [92m1:[96m75% [92m2:[96m13% [92m3:[96m39% [92m4:[96m17% [92m5:[96m14% [92m6:[96m20%[39m [34mF1_perclass: 62.8-76.1-50.6-54.3-62.8-60.3-26.9 [39m[39m
2026-01-15 09:41:33,967 - Agent - INFO - Total number of trainable parameters are: 22487018
2026-01-15 09:42:29,359 - Agent - INFO - [37mVal Epoch 19 step 19 with [31mce_loss_combined : 1.419230 [31mce_loss_c : 1.836492 [31mce_loss_g : 1.778043 [31mce_mask0 : 1.425499 [31mce_mask1 : 1.421945 [31mkl_synergy_1 : 0.853861 [31mkl_synergy_2 : 0.827352 [31mtotal : 5.947886 [94mAcc_combined: 59.00 [94mAcc_c: 26.99 [94mAcc_g: 31.09 [97mS:[93m32.2%[97m([91m9.6c[97m-[94mF1:28.7%) [97mU1:[93m62.7%[97m([91m14.9c[97m) [97mU2:[93m52.3%[97m([91m10.4c[97m) [97mR:[93m90.6%[97m([91m24.1c[97m) [97mS-L: [92m0:[96m25% [92m1:[96m61% [92m2:[96m27% [92m3:[96m39% [92m4:[96m60% [92m5:[96m15% [92m6:[96m22%[39m [34mF1_perclass: 63.8-69.7-45.8-58.8-65.3-70.8-25.5 [39m[39m
2026-01-15 09:42:29,384 - Agent - INFO - [37mTest Epoch 19 step 19 with [31mce_loss_combined : 1.484650 [31mce_loss_c : 1.859240 [31mce_loss_g : 1.749787 [31mce_mask0 : 1.486582 [31mce_mask1 : 1.470970 [31mkl_synergy_1 : 0.798880 [31mkl_synergy_2 : 0.763973 [31mtotal : 6.005055 [94mAcc_combined: 56.84 [94mAcc_c: 24.03 [94mAcc_g: 36.93 [97mS:[93m22.6%[97m([91m6.5c[97m-[94mF1:18.2%) [97mU1:[93m61.0%[97m([91m14.8c[97m) [97mU2:[93m64.4%[97m([91m15.7c[97m) [97mR:[93m87.3%[97m([91m19.9c[97m) [97mS-L: [92m1:[96m62% [92m2:[96m13% [92m3:[96m44% [92m4:[96m21% [92m5:[96m10% [92m6:[96m21%[39m [34mF1_perclass: 59.6-76.9-44.6-54.1-57.7-61.9-25.4 [39m[39m
2026-01-15 09:42:29,981 - Agent - INFO - [37mModel saved successfully at: /esat/smcdata/users/kkontras/Image_Dataset/no_backup/data/2025_data/synergy/CremadPlus/v2/SynIB_RMask_fold0_l1_vldsyn_accuracy_fillema_lsparse1_lr0.00001_wd0.0001_clsmlp_bs64.pth.tar[39m
2026-01-15 09:42:29,985 - Agent - INFO - Total number of trainable parameters are: 22487018
2026-01-15 09:43:27,457 - Agent - INFO - [37mVal Epoch 20 step 20 with [31mce_loss_combined : 1.403503 [31mce_loss_c : 1.865599 [31mce_loss_g : 1.753313 [31mce_mask0 : 1.409657 [31mce_mask1 : 1.417861 [31mkl_synergy_1 : 0.848290 [31mkl_synergy_2 : 0.821883 [31mtotal : 5.901195 [94mAcc_combined: 59.91 [94mAcc_c: 24.49 [94mAcc_g: 33.94 [97mS:[93m28.7%[97m([91m8.5c[97m-[94mF1:26.6%) [97mU1:[93m66.5%[97m([91m15.8c[97m) [97mU2:[93m54.0%[97m([91m10.7c[97m) [97mR:[93m93.2%[97m([91m24.8c[97m) [97mS-L: [92m0:[96m25% [92m1:[96m70% [92m2:[96m32% [92m3:[96m32% [92m4:[96m37% [92m5:[96m20% [92m6:[96m18%[39m [34mF1_perclass: 64.9-69.0-54.2-59.2-67.1-70.0-21.5 [39m[39m
2026-01-15 09:43:27,473 - Agent - INFO - [37mTest Epoch 20 step 20 with [31mce_loss_combined : 1.484027 [31mce_loss_c : 1.883581 [31mce_loss_g : 1.743090 [31mce_mask0 : 1.483015 [31mce_mask1 : 1.498675 [31mkl_synergy_1 : 0.811668 [31mkl_synergy_2 : 0.755449 [31mtotal : 6.032834 [94mAcc_combined: 56.95 [94mAcc_c: 22.25 [94mAcc_g: 36.37 [97mS:[93m18.7%[97m([91m5.3c[97m-[94mF1:15.2%) [97mU1:[93m64.2%[97m([91m15.6c[97m) [97mU2:[93m63.5%[97m([91m15.5c[97m) [97mR:[93m90.2%[97m([91m20.6c[97m) [97mS-L: [92m1:[96m75% [92m2:[96m8% [92m3:[96m39% [92m4:[96m8% [92m5:[96m19% [92m6:[96m16%[39m [34mF1_perclass: 61.7-72.4-48.0-52.4-59.8-61.2-23.2 [39m[39m
2026-01-15 09:43:28,184 - Agent - INFO - Total number of trainable parameters are: 22487018
2026-01-15 09:44:22,743 - Agent - INFO - [37mVal Epoch 21 step 21 with [31mce_loss_combined : 1.416187 [31mce_loss_c : 1.891562 [31mce_loss_g : 1.750037 [31mce_mask0 : 1.427422 [31mce_mask1 : 1.428853 [31mkl_synergy_1 : 0.799054 [31mkl_synergy_2 : 0.768147 [31mtotal : 5.839664 [94mAcc_combined: 59.45 [94mAcc_c: 22.32 [94mAcc_g: 33.94 [97mS:[93m29.9%[97m([91m8.9c[97m-[94mF1:27.4%) [97mU1:[93m63.2%[97m([91m15.0c[97m) [97mU2:[93m55.2%[97m([91m10.9c[97m) [97mR:[93m92.3%[97m([91m24.6c[97m) [97mS-L: [92m0:[96m25% [92m1:[96m74% [92m2:[96m30% [92m3:[96m39% [92m4:[96m33% [92m5:[96m20% [92m6:[96m20%[39m [34mF1_perclass: 60.4-71.5-51.5-57.5-66.9-71.4-23.1 [39m[39m
2026-01-15 09:44:22,758 - Agent - INFO - [37mTest Epoch 21 step 21 with [31mce_loss_combined : 1.495960 [31mce_loss_c : 1.902542 [31mce_loss_g : 1.744576 [31mce_mask0 : 1.520998 [31mce_mask1 : 1.507992 [31mkl_synergy_1 : 0.762400 [31mkl_synergy_2 : 0.737211 [31mtotal : 6.024561 [94mAcc_combined: 56.51 [94mAcc_c: 21.02 [94mAcc_g: 37.60 [97mS:[93m17.9%[97m([91m5.1c[97m-[94mF1:14.3%) [97mU1:[93m60.6%[97m([91m14.7c[97m) [97mU2:[93m64.4%[97m([91m15.7c[97m) [97mR:[93m92.2%[97m([91m21.0c[97m) [97mS-L: [92m1:[96m62% [92m2:[96m5% [92m3:[96m36% [92m4:[96m12% [92m5:[96m19% [92m6:[96m16%[39m [34mF1_perclass: 59.4-73.0-45.2-54.8-60.2-59.8-21.8 [39m[39m
2026-01-15 09:44:22,760 - Agent - INFO - Total number of trainable parameters are: 22487018
2026-01-15 09:45:10,005 - Agent - INFO - [37mVal Epoch 22 step 22 with [31mce_loss_combined : 1.430181 [31mce_loss_c : 1.901518 [31mce_loss_g : 1.751414 [31mce_mask0 : 1.439600 [31mce_mask1 : 1.435327 [31mkl_synergy_1 : 0.786761 [31mkl_synergy_2 : 0.751181 [31mtotal : 5.843051 [94mAcc_combined: 59.79 [94mAcc_c: 22.44 [94mAcc_g: 33.60 [97mS:[93m29.9%[97m([91m8.9c[97m-[94mF1:26.3%) [97mU1:[93m66.5%[97m([91m15.8c[97m) [97mU2:[93m53.4%[97m([91m10.6c[97m) [97mR:[93m91.9%[97m([91m24.5c[97m) [97mS-L: [92m0:[96m25% [92m1:[96m65% [92m2:[96m30% [92m3:[96m45% [92m4:[96m37% [92m5:[96m5% [92m6:[96m22%[39m [34mF1_perclass: 64.3-71.3-52.1-56.6-67.5-70.0-24.9 [39m[39m
2026-01-15 09:45:10,021 - Agent - INFO - [37mTest Epoch 22 step 22 with [31mce_loss_combined : 1.480252 [31mce_loss_c : 1.910128 [31mce_loss_g : 1.739215 [31mce_mask0 : 1.492236 [31mce_mask1 : 1.494882 [31mkl_synergy_1 : 0.766810 [31mkl_synergy_2 : 0.736446 [31mtotal : 5.970626 [94mAcc_combined: 59.40 [94mAcc_c: 20.58 [94mAcc_g: 36.93 [97mS:[93m21.4%[97m([91m6.1c[97m-[94mF1:17.9%) [97mU1:[93m66.5%[97m([91m16.1c[97m) [97mU2:[93m67.1%[97m([91m16.4c[97m) [97mR:[93m91.2%[97m([91m20.8c[97m) [97mS-L: [92m0:[96m8% [92m1:[96m75% [92m2:[96m8% [92m3:[96m47% [92m4:[96m21% [92m5:[96m10% [92m6:[96m18%[39m [34mF1_perclass: 65.0-77.7-46.8-54.6-63.0-65.5-24.2 [39m[39m
2026-01-15 09:45:10,022 - Agent - INFO - Total number of trainable parameters are: 22487018
2026-01-15 09:46:04,502 - Agent - INFO - [37mVal Epoch 23 step 23 with [31mce_loss_combined : 1.447757 [31mce_loss_c : 1.898718 [31mce_loss_g : 1.740151 [31mce_mask0 : 1.450269 [31mce_mask1 : 1.459297 [31mkl_synergy_1 : 0.759536 [31mkl_synergy_2 : 0.734450 [31mtotal : 5.851309 [94mAcc_combined: 58.66 [94mAcc_c: 21.18 [94mAcc_g: 32.00 [97mS:[93m28.4%[97m([91m8.4c[97m-[94mF1:25.6%) [97mU1:[93m63.2%[97m([91m15.0c[97m) [97mU2:[93m53.4%[97m([91m10.6c[97m) [97mR:[93m92.3%[97m([91m24.6c[97m) [97mS-L: [92m0:[96m25% [92m1:[96m70% [92m2:[96m22% [92m3:[96m42% [92m4:[96m43% [92m5:[96m15% [92m6:[96m17%[39m [34mF1_perclass: 65.9-70.1-46.5-55.5-63.8-71.6-21.3 [39m[39m
2026-01-15 09:46:04,519 - Agent - INFO - [37mTest Epoch 23 step 23 with [31mce_loss_combined : 1.510692 [31mce_loss_c : 1.897759 [31mce_loss_g : 1.737269 [31mce_mask0 : 1.512591 [31mce_mask1 : 1.537914 [31mkl_synergy_1 : 0.733860 [31mkl_synergy_2 : 0.719460 [31mtotal : 6.014516 [94mAcc_combined: 56.28 [94mAcc_c: 19.47 [94mAcc_g: 37.15 [97mS:[93m20.6%[97m([91m5.9c[97m-[94mF1:17.1%) [97mU1:[93m60.1%[97m([91m14.6c[97m) [97mU2:[93m62.6%[97m([91m15.2c[97m) [97mR:[93m90.2%[97m([91m20.6c[97m) [97mS-L: [92m1:[96m62% [92m2:[96m11% [92m3:[96m50% [92m4:[96m25% [92m5:[96m10% [92m6:[96m15%[39m [34mF1_perclass: 59.2-76.7-41.8-53.1-58.0-61.6-20.0 [39m[39m
2026-01-15 09:46:04,520 - Agent - INFO - Total number of trainable parameters are: 22487018
2026-01-15 09:47:00,968 - Agent - INFO - [37mVal Epoch 24 step 24 with [31mce_loss_combined : 1.432964 [31mce_loss_c : 1.898602 [31mce_loss_g : 1.728438 [31mce_mask0 : 1.447001 [31mce_mask1 : 1.437083 [31mkl_synergy_1 : 0.736493 [31mkl_synergy_2 : 0.693001 [31mtotal : 5.746541 [94mAcc_combined: 60.93 [94mAcc_c: 21.41 [94mAcc_g: 33.03 [97mS:[93m33.3%[97m([91m9.9c[97m-[94mF1:28.7%) [97mU1:[93m64.6%[97m([91m15.4c[97m) [97mU2:[93m55.7%[97m([91m11.0c[97m) [97mR:[93m92.3%[97m([91m24.6c[97m) [97mS-L: [92m0:[96m25% [92m1:[96m74% [92m2:[96m32% [92m3:[96m32% [92m4:[96m37% [92m5:[96m15% [92m6:[96m28%[39m [34mF1_perclass: 65.6-73.4-52.5-58.5-65.6-71.9-29.7 [39m[39m
2026-01-15 09:47:00,985 - Agent - INFO - [37mTest Epoch 24 step 24 with [31mce_loss_combined : 1.485724 [31mce_loss_c : 1.897810 [31mce_loss_g : 1.722025 [31mce_mask0 : 1.498944 [31mce_mask1 : 1.495769 [31mkl_synergy_1 : 0.713147 [31mkl_synergy_2 : 0.664510 [31mtotal : 5.858094 [94mAcc_combined: 58.51 [94mAcc_c: 20.02 [94mAcc_g: 37.37 [97mS:[93m23.3%[97m([91m6.7c[97m-[94mF1:18.8%) [97mU1:[93m64.7%[97m([91m15.7c[97m) [97mU2:[93m62.6%[97m([91m15.2c[97m) [97mR:[93m91.7%[97m([91m20.9c[97m) [97mS-L: [92m1:[96m62% [92m2:[96m16% [92m3:[96m36% [92m4:[96m17% [92m5:[96m19% [92m6:[96m24%[39m [34mF1_perclass: 60.3-77.5-48.9-53.2-62.0-63.7-29.0 [39m[39m
2026-01-15 09:47:01,643 - Agent - INFO - [37mModel saved successfully at: /esat/smcdata/users/kkontras/Image_Dataset/no_backup/data/2025_data/synergy/CremadPlus/v2/SynIB_RMask_fold0_l1_vldsyn_accuracy_fillema_lsparse1_lr0.00001_wd0.0001_clsmlp_bs64.pth.tar[39m
2026-01-15 09:47:01,649 - Agent - INFO - Total number of trainable parameters are: 22487018
2026-01-15 09:48:00,256 - Agent - INFO - [37mVal Epoch 25 step 25 with [31mce_loss_combined : 1.432042 [31mce_loss_c : 1.896479 [31mce_loss_g : 1.728469 [31mce_mask0 : 1.438265 [31mce_mask1 : 1.436849 [31mkl_synergy_1 : 0.728679 [31mkl_synergy_2 : 0.690367 [31mtotal : 5.726202 [94mAcc_combined: 60.93 [94mAcc_c: 21.75 [94mAcc_g: 32.23 [97mS:[93m32.6%[97m([91m9.7c[97m-[94mF1:28.6%) [97mU1:[93m66.5%[97m([91m15.8c[97m) [97mU2:[93m54.6%[97m([91m10.8c[97m) [97mR:[93m92.3%[97m([91m24.6c[97m) [97mS-L: [92m0:[96m25% [92m1:[96m74% [92m2:[96m32% [92m3:[96m32% [92m4:[96m37% [92m5:[96m15% [92m6:[96m27%[39m [34mF1_perclass: 65.4-72.9-51.9-59.0-67.1-70.0-29.5 [39m[39m
2026-01-15 09:48:00,273 - Agent - INFO - [37mTest Epoch 25 step 25 with [31mce_loss_combined : 1.490251 [31mce_loss_c : 1.892849 [31mce_loss_g : 1.727092 [31mce_mask0 : 1.475535 [31mce_mask1 : 1.502226 [31mkl_synergy_1 : 0.702082 [31mkl_synergy_2 : 0.659531 [31mtotal : 5.829625 [94mAcc_combined: 57.73 [94mAcc_c: 20.02 [94mAcc_g: 36.71 [97mS:[93m21.0%[97m([91m6.0c[97m-[94mF1:17.6%) [97mU1:[93m65.1%[97m([91m15.8c[97m) [97mU2:[93m62.1%[97m([91m15.1c[97m) [97mR:[93m91.2%[97m([91m20.8c[97m) [97mS-L: [92m1:[96m62% [92m2:[96m16% [92m3:[96m33% [92m4:[96m17% [92m5:[96m14% [92m6:[96m20%[39m [34mF1_perclass: 59.9-76.4-51.1-50.8-61.2-62.8-26.7 [39m[39m
2026-01-15 09:48:00,274 - Agent - INFO - Total number of trainable parameters are: 22487018
2026-01-15 09:49:03,065 - Agent - INFO - [37mVal Epoch 26 step 26 with [31mce_loss_combined : 1.428948 [31mce_loss_c : 1.897017 [31mce_loss_g : 1.720781 [31mce_mask0 : 1.427812 [31mce_mask1 : 1.434549 [31mkl_synergy_1 : 0.731155 [31mkl_synergy_2 : 0.690292 [31mtotal : 5.712756 [94mAcc_combined: 61.73 [94mAcc_c: 21.87 [94mAcc_g: 33.49 [97mS:[93m31.4%[97m([91m9.3c[97m-[94mF1:27.9%) [97mU1:[93m69.9%[97m([91m16.6c[97m) [97mU2:[93m56.3%[97m([91m11.2c[97m) [97mR:[93m92.3%[97m([91m24.6c[97m) [97mS-L: [92m0:[96m25% [92m1:[96m74% [92m2:[96m32% [92m3:[96m39% [92m4:[96m37% [92m5:[96m10% [92m6:[96m23%[39m [34mF1_perclass: 65.7-74.8-55.2-59.2-66.9-71.0-27.5 [39m[39m
2026-01-15 09:49:03,082 - Agent - INFO - [37mTest Epoch 26 step 26 with [31mce_loss_combined : 1.480148 [31mce_loss_c : 1.895018 [31mce_loss_g : 1.720187 [31mce_mask0 : 1.489783 [31mce_mask1 : 1.469623 [31mkl_synergy_1 : 0.715123 [31mkl_synergy_2 : 0.662712 [31mtotal : 5.817389 [94mAcc_combined: 58.84 [94mAcc_c: 20.13 [94mAcc_g: 36.93 [97mS:[93m21.0%[97m([91m6.0c[97m-[94mF1:18.1%) [97mU1:[93m66.5%[97m([91m16.1c[97m) [97mU2:[93m64.8%[97m([91m15.8c[97m) [97mR:[93m91.7%[97m([91m20.9c[97m) [97mS-L: [92m1:[96m62% [92m2:[96m16% [92m3:[96m33% [92m4:[96m25% [92m5:[96m14% [92m6:[96m19%[39m [34mF1_perclass: 61.6-78.2-48.9-53.5-62.5-64.9-25.1 [39m[39m
2026-01-15 09:49:03,083 - Agent - INFO - Total number of trainable parameters are: 22487018
2026-01-15 09:49:59,201 - Agent - INFO - [37mVal Epoch 27 step 27 with [31mce_loss_combined : 1.441300 [31mce_loss_c : 1.895627 [31mce_loss_g : 1.718926 [31mce_mask0 : 1.447531 [31mce_mask1 : 1.444603 [31mkl_synergy_1 : 0.716879 [31mkl_synergy_2 : 0.674285 [31mtotal : 5.724598 [94mAcc_combined: 60.14 [94mAcc_c: 21.64 [94mAcc_g: 32.57 [97mS:[93m31.0%[97m([91m9.2c[97m-[94mF1:27.8%) [97mU1:[93m64.6%[97m([91m15.4c[97m) [97mU2:[93m54.6%[97m([91m10.8c[97m) [97mR:[93m92.7%[97m([91m24.7c[97m) [97mS-L: [92m0:[96m25% [92m1:[96m78% [92m2:[96m32% [92m3:[96m39% [92m4:[96m33% [92m5:[96m15% [92m6:[96m22%[39m [34mF1_perclass: 66.4-72.8-50.3-56.2-66.9-71.1-24.1 [39m[39m
2026-01-15 09:49:59,218 - Agent - INFO - [37mTest Epoch 27 step 27 with [31mce_loss_combined : 1.496847 [31mce_loss_c : 1.887172 [31mce_loss_g : 1.717934 [31mce_mask0 : 1.503535 [31mce_mask1 : 1.499751 [31mkl_synergy_1 : 0.684555 [31mkl_synergy_2 : 0.656192 [31mtotal : 5.840879 [94mAcc_combined: 57.84 [94mAcc_c: 19.69 [94mAcc_g: 36.15 [97mS:[93m21.4%[97m([91m6.1c[97m-[94mF1:17.4%) [97mU1:[93m63.8%[97m([91m15.5c[97m) [97mU2:[93m63.5%[97m([91m15.5c[97m) [97mR:[93m91.2%[97m([91m20.8c[97m) [97mS-L: [92m1:[96m62% [92m2:[96m13% [92m3:[96m42% [92m4:[96m17% [92m5:[96m14% [92m6:[96m19%[39m [34mF1_perclass: 62.6-75.3-45.6-54.1-61.2-63.4-24.6 [39m[39m
2026-01-15 09:49:59,219 - Agent - INFO - Total number of trainable parameters are: 22487018
2026-01-15 09:50:49,205 - Agent - INFO - [37mVal Epoch 28 step 28 with [31mce_loss_combined : 1.441072 [31mce_loss_c : 1.892875 [31mce_loss_g : 1.708945 [31mce_mask0 : 1.448804 [31mce_mask1 : 1.449821 [31mkl_synergy_1 : 0.707833 [31mkl_synergy_2 : 0.669086 [31mtotal : 5.716616 [94mAcc_combined: 60.36 [94mAcc_c: 21.41 [94mAcc_g: 33.94 [97mS:[93m32.2%[97m([91m9.6c[97m-[94mF1:28.6%) [97mU1:[93m64.1%[97m([91m15.3c[97m) [97mU2:[93m54.6%[97m([91m10.8c[97m) [97mR:[93m92.7%[97m([91m24.7c[97m) [97mS-L: [92m0:[96m25% [92m1:[96m83% [92m2:[96m32% [92m3:[96m39% [92m4:[96m37% [92m5:[96m15% [92m6:[96m22%[39m [34mF1_perclass: 65.3-72.7-50.9-56.7-67.8-71.4-24.9 [39m[39m
2026-01-15 09:50:49,225 - Agent - INFO - [37mTest Epoch 28 step 28 with [31mce_loss_combined : 1.506117 [31mce_loss_c : 1.883125 [31mce_loss_g : 1.708210 [31mce_mask0 : 1.524626 [31mce_mask1 : 1.513775 [31mkl_synergy_1 : 0.682366 [31mkl_synergy_2 : 0.655113 [31mtotal : 5.881998 [94mAcc_combined: 57.06 [94mAcc_c: 19.80 [94mAcc_g: 36.82 [97mS:[93m21.0%[97m([91m6.0c[97m-[94mF1:17.0%) [97mU1:[93m62.4%[97m([91m15.1c[97m) [97mU2:[93m62.1%[97m([91m15.1c[97m) [97mR:[93m91.2%[97m([91m20.8c[97m) [97mS-L: [92m1:[96m75% [92m2:[96m13% [92m3:[96m39% [92m4:[96m17% [92m5:[96m10% [92m6:[96m19%[39m [34mF1_perclass: 59.6-73.2-47.1-53.0-61.8-62.4-24.4 [39m[39m
2026-01-15 09:50:49,226 - Agent - INFO - Total number of trainable parameters are: 22487018
2026-01-15 09:51:49,854 - Agent - INFO - [37mVal Epoch 29 step 29 with [31mce_loss_combined : 1.447238 [31mce_loss_c : 1.900370 [31mce_loss_g : 1.704367 [31mce_mask0 : 1.453815 [31mce_mask1 : 1.451815 [31mkl_synergy_1 : 0.700509 [31mkl_synergy_2 : 0.685099 [31mtotal : 5.738476 [94mAcc_combined: 59.45 [94mAcc_c: 20.84 [94mAcc_g: 32.92 [97mS:[93m30.7%[97m([91m9.1c[97m-[94mF1:27.1%) [97mU1:[93m63.6%[97m([91m15.1c[97m) [97mU2:[93m54.0%[97m([91m10.7c[97m) [97mR:[93m91.9%[97m([91m24.5c[97m) [97mS-L: [92m0:[96m25% [92m1:[96m74% [92m2:[96m32% [92m3:[96m39% [92m4:[96m37% [92m5:[96m10% [92m6:[96m22%[39m [34mF1_perclass: 63.7-73.4-50.0-55.5-66.2-70.0-24.4 [39m[39m
2026-01-15 09:51:49,871 - Agent - INFO - [37mTest Epoch 29 step 29 with [31mce_loss_combined : 1.501088 [31mce_loss_c : 1.891186 [31mce_loss_g : 1.706532 [31mce_mask0 : 1.519849 [31mce_mask1 : 1.496826 [31mkl_synergy_1 : 0.685879 [31mkl_synergy_2 : 0.641604 [31mtotal : 5.845245 [94mAcc_combined: 57.06 [94mAcc_c: 19.80 [94mAcc_g: 36.93 [97mS:[93m20.2%[97m([91m5.8c[97m-[94mF1:16.6%) [97mU1:[93m63.8%[97m([91m15.5c[97m) [97mU2:[93m62.1%[97m([91m15.1c[97m) [97mR:[93m90.7%[97m([91m20.7c[97m) [97mS-L: [92m1:[96m62% [92m2:[96m16% [92m3:[96m36% [92m4:[96m17% [92m5:[96m10% [92m6:[96m19%[39m [34mF1_perclass: 61.3-75.4-47.8-51.3-60.9-62.5-23.6 [39m[39m
2026-01-15 09:51:49,872 - Agent - INFO - Total number of trainable parameters are: 22487018
2026-01-15 09:52:44,578 - Agent - INFO - [37mVal Epoch 30 step 30 with [31mce_loss_combined : 1.438835 [31mce_loss_c : 1.898910 [31mce_loss_g : 1.711391 [31mce_mask0 : 1.448482 [31mce_mask1 : 1.447428 [31mkl_synergy_1 : 0.714961 [31mkl_synergy_2 : 0.670244 [31mtotal : 5.719952 [94mAcc_combined: 60.25 [94mAcc_c: 20.96 [94mAcc_g: 32.80 [97mS:[93m31.4%[97m([91m9.3c[97m-[94mF1:27.8%) [97mU1:[93m65.1%[97m([91m15.5c[97m) [97mU2:[93m54.6%[97m([91m10.8c[97m) [97mR:[93m92.3%[97m([91m24.6c[97m) [97mS-L: [92m0:[96m25% [92m1:[96m74% [92m2:[96m32% [92m3:[96m42% [92m4:[96m37% [92m5:[96m10% [92m6:[96m22%[39m [34mF1_perclass: 66.7-74.5-50.6-55.2-67.3-69.6-24.5 [39m[39m
2026-01-15 09:52:44,595 - Agent - INFO - [37mTest Epoch 30 step 30 with [31mce_loss_combined : 1.489841 [31mce_loss_c : 1.889451 [31mce_loss_g : 1.712883 [31mce_mask0 : 1.514891 [31mce_mask1 : 1.484054 [31mkl_synergy_1 : 0.688512 [31mkl_synergy_2 : 0.652372 [31mtotal : 5.829668 [94mAcc_combined: 58.40 [94mAcc_c: 19.91 [94mAcc_g: 37.49 [97mS:[93m21.8%[97m([91m6.2c[97m-[94mF1:18.0%) [97mU1:[93m65.6%[97m([91m15.9c[97m) [97mU2:[93m63.5%[97m([91m15.5c[97m) [97mR:[93m91.2%[97m([91m20.8c[97m) [97mS-L: [92m1:[96m62% [92m2:[96m13% [92m3:[96m42% [92m4:[96m21% [92m5:[96m14% [92m6:[96m19%[39m [34mF1_perclass: 63.2-77.1-47.5-54.1-62.0-63.6-24.6 [39m[39m
2026-01-15 09:52:45,304 - Agent - INFO - Total number of trainable parameters are: 22487018
2026-01-15 09:53:40,505 - Agent - INFO - [37mVal Epoch 31 step 31 with [31mce_loss_combined : 1.455213 [31mce_loss_c : 1.895805 [31mce_loss_g : 1.706924 [31mce_mask0 : 1.463593 [31mce_mask1 : 1.468379 [31mkl_synergy_1 : 0.706644 [31mkl_synergy_2 : 0.677600 [31mtotal : 5.771430 [94mAcc_combined: 58.88 [94mAcc_c: 21.64 [94mAcc_g: 31.66 [97mS:[93m29.9%[97m([91m8.9c[97m-[94mF1:26.4%) [97mU1:[93m62.7%[97m([91m14.9c[97m) [97mU2:[93m54.0%[97m([91m10.7c[97m) [97mR:[93m91.5%[97m([91m24.4c[97m) [97mS-L: [92m0:[96m25% [92m1:[96m78% [92m2:[96m27% [92m3:[96m35% [92m4:[96m37% [92m5:[96m10% [92m6:[96m22%[39m [34mF1_perclass: 64.0-73.0-48.2-54.2-64.3-71.1-23.5 [39m[39m
2026-01-15 09:53:40,523 - Agent - INFO - [37mTest Epoch 31 step 31 with [31mce_loss_combined : 1.512312 [31mce_loss_c : 1.886462 [31mce_loss_g : 1.712413 [31mce_mask0 : 1.529560 [31mce_mask1 : 1.520921 [31mkl_synergy_1 : 0.682662 [31mkl_synergy_2 : 0.663769 [31mtotal : 5.909224 [94mAcc_combined: 56.28 [94mAcc_c: 19.91 [94mAcc_g: 35.82 [97mS:[93m21.8%[97m([91m6.2c[97m-[94mF1:17.7%) [97mU1:[93m59.6%[97m([91m14.5c[97m) [97mU2:[93m61.2%[97m([91m14.9c[97m) [97mR:[93m90.7%[97m([91m20.7c[97m) [97mS-L: [92m1:[96m62% [92m2:[96m13% [92m3:[96m39% [92m4:[96m25% [92m5:[96m10% [92m6:[96m20%[39m [34mF1_perclass: 58.4-74.7-44.8-51.0-58.9-62.5-24.8 [39m[39m
2026-01-15 09:53:40,525 - Agent - INFO - Total number of trainable parameters are: 22487018
2026-01-15 09:54:37,715 - Agent - INFO - [37mVal Epoch 32 step 32 with [31mce_loss_combined : 1.440917 [31mce_loss_c : 1.895700 [31mce_loss_g : 1.705843 [31mce_mask0 : 1.457998 [31mce_mask1 : 1.454930 [31mkl_synergy_1 : 0.717551 [31mkl_synergy_2 : 0.674097 [31mtotal : 5.745493 [94mAcc_combined: 60.02 [94mAcc_c: 21.41 [94mAcc_g: 34.17 [97mS:[93m30.3%[97m([91m9.0c[97m-[94mF1:26.6%) [97mU1:[93m64.6%[97m([91m15.4c[97m) [97mU2:[93m55.2%[97m([91m10.9c[97m) [97mR:[93m92.7%[97m([91m24.7c[97m) [97mS-L: [92m0:[96m25% [92m1:[96m78% [92m2:[96m30% [92m3:[96m35% [92m4:[96m33% [92m5:[96m10% [92m6:[96m22%[39m [34mF1_perclass: 66.1-72.7-49.1-56.1-67.1-70.5-24.2 [39m[39m
2026-01-15 09:54:37,731 - Agent - INFO - [37mTest Epoch 32 step 32 with [31mce_loss_combined : 1.505634 [31mce_loss_c : 1.886910 [31mce_loss_g : 1.711116 [31mce_mask0 : 1.509312 [31mce_mask1 : 1.509222 [31mkl_synergy_1 : 0.681244 [31mkl_synergy_2 : 0.646825 [31mtotal : 5.852237 [94mAcc_combined: 57.51 [94mAcc_c: 19.80 [94mAcc_g: 36.37 [97mS:[93m19.8%[97m([91m5.7c[97m-[94mF1:16.0%) [97mU1:[93m64.7%[97m([91m15.7c[97m) [97mU2:[93m62.6%[97m([91m15.2c[97m) [97mR:[93m91.7%[97m([91m20.9c[97m) [97mS-L: [92m1:[96m62% [92m2:[96m13% [92m3:[96m33% [92m4:[96m17% [92m5:[96m10% [92m6:[96m19%[39m [34mF1_perclass: 61.2-73.5-49.4-51.2-62.2-63.8-24.4 [39m[39m
2026-01-15 09:54:37,732 - Agent - INFO - Total number of trainable parameters are: 22487018
2026-01-15 09:55:29,839 - Agent - INFO - [37mVal Epoch 33 step 33 with [31mce_loss_combined : 1.439513 [31mce_loss_c : 1.887114 [31mce_loss_g : 1.695685 [31mce_mask0 : 1.448773 [31mce_mask1 : 1.445917 [31mkl_synergy_1 : 0.683051 [31mkl_synergy_2 : 0.648472 [31mtotal : 5.665726 [94mAcc_combined: 59.91 [94mAcc_c: 21.64 [94mAcc_g: 36.10 [97mS:[93m31.4%[97m([91m9.3c[97m-[94mF1:28.5%) [97mU1:[93m62.7%[97m([91m14.9c[97m) [97mU2:[93m56.3%[97m([91m11.2c[97m) [97mR:[93m91.9%[97m([91m24.5c[97m) [97mS-L: [92m0:[96m25% [92m1:[96m57% [92m2:[96m30% [92m3:[96m48% [92m4:[96m30% [92m5:[96m25% [92m6:[96m24%[39m [34mF1_perclass: 69.1-74.2-47.5-54.7-67.4-72.6-24.5 [39m[39m
2026-01-15 09:55:29,855 - Agent - INFO - [37mTest Epoch 33 step 33 with [31mce_loss_combined : 1.484363 [31mce_loss_c : 1.873023 [31mce_loss_g : 1.706054 [31mce_mask0 : 1.500587 [31mce_mask1 : 1.486344 [31mkl_synergy_1 : 0.668440 [31mkl_synergy_2 : 0.632302 [31mtotal : 5.772037 [94mAcc_combined: 58.29 [94mAcc_c: 21.02 [94mAcc_g: 37.93 [97mS:[93m23.7%[97m([91m6.8c[97m-[94mF1:18.5%) [97mU1:[93m63.3%[97m([91m15.4c[97m) [97mU2:[93m63.0%[97m([91m15.4c[97m) [97mR:[93m91.2%[97m([91m20.8c[97m) [97mS-L: [92m1:[96m62% [92m2:[96m11% [92m3:[96m42% [92m4:[96m17% [92m5:[96m10% [92m6:[96m26%[39m [34mF1_perclass: 62.2-77.8-44.9-52.1-65.5-62.8-30.1 [39m[39m
2026-01-15 09:55:29,857 - Agent - INFO - Total number of trainable parameters are: 22487018
2026-01-15 09:56:20,806 - Agent - INFO - [37mVal Epoch 34 step 34 with [31mce_loss_combined : 1.425458 [31mce_loss_c : 1.870305 [31mce_loss_g : 1.677998 [31mce_mask0 : 1.447595 [31mce_mask1 : 1.431479 [31mkl_synergy_1 : 0.678414 [31mkl_synergy_2 : 0.639310 [31mtotal : 5.622255 [94mAcc_combined: 62.19 [94mAcc_c: 22.67 [94mAcc_g: 37.70 [97mS:[93m33.0%[97m([91m9.8c[97m-[94mF1:29.0%) [97mU1:[93m70.3%[97m([91m16.7c[97m) [97mU2:[93m56.3%[97m([91m11.2c[97m) [97mR:[93m91.9%[97m([91m24.5c[97m) [97mS-L: [92m0:[96m25% [92m1:[96m78% [92m2:[96m30% [92m3:[96m45% [92m4:[96m30% [92m5:[96m15% [92m6:[96m26%[39m [34mF1_perclass: 69.9-73.6-56.0-58.5-69.3-70.9-27.3 [39m[39m
2026-01-15 09:56:20,823 - Agent - INFO - [37mTest Epoch 34 step 34 with [31mce_loss_combined : 1.478762 [31mce_loss_c : 1.849264 [31mce_loss_g : 1.685193 [31mce_mask0 : 1.494679 [31mce_mask1 : 1.493156 [31mkl_synergy_1 : 0.667646 [31mkl_synergy_2 : 0.605825 [31mtotal : 5.740068 [94mAcc_combined: 59.62 [94mAcc_c: 23.47 [94mAcc_g: 37.93 [97mS:[93m25.3%[97m([91m7.2c[97m-[94mF1:19.7%) [97mU1:[93m65.6%[97m([91m15.9c[97m) [97mU2:[93m63.9%[97m([91m15.6c[97m) [97mR:[93m91.7%[97m([91m20.9c[97m) [97mS-L: [92m1:[96m62% [92m2:[96m24% [92m3:[96m31% [92m4:[96m17% [92m5:[96m10% [92m6:[96m29%[39m [34mF1_perclass: 63.2-74.8-55.4-51.0-65.5-65.1-32.6 [39m[39m
2026-01-15 09:56:20,824 - Agent - INFO - Total number of trainable parameters are: 22487018
2026-01-15 09:57:15,536 - Agent - INFO - [37mVal Epoch 35 step 35 with [31mce_loss_combined : 1.443885 [31mce_loss_c : 1.852523 [31mce_loss_g : 1.665473 [31mce_mask0 : 1.457109 [31mce_mask1 : 1.452219 [31mkl_synergy_1 : 0.655619 [31mkl_synergy_2 : 0.625553 [31mtotal : 5.634384 [94mAcc_combined: 59.34 [94mAcc_c: 24.94 [94mAcc_g: 37.36 [97mS:[93m28.4%[97m([91m8.4c[97m-[94mF1:26.6%) [97mU1:[93m66.5%[97m([91m15.8c[97m) [97mU2:[93m52.9%[97m([91m10.5c[97m) [97mR:[93m92.3%[97m([91m24.6c[97m) [97mS-L: [92m0:[96m25% [92m1:[96m57% [92m2:[96m30% [92m3:[96m42% [92m4:[96m30% [92m5:[96m20% [92m6:[96m20%[39m [34mF1_perclass: 68.4-72.6-48.1-52.3-67.1-72.6-24.2 [39m[39m
2026-01-15 09:57:15,552 - Agent - INFO - [37mTest Epoch 35 step 35 with [31mce_loss_combined : 1.498650 [31mce_loss_c : 1.833728 [31mce_loss_g : 1.684057 [31mce_mask0 : 1.513662 [31mce_mask1 : 1.515742 [31mkl_synergy_1 : 0.620922 [31mkl_synergy_2 : 0.572697 [31mtotal : 5.721673 [94mAcc_combined: 59.18 [94mAcc_c: 23.03 [94mAcc_g: 37.71 [97mS:[93m22.2%[97m([91m6.3c[97m-[94mF1:16.9%) [97mU1:[93m67.4%[97m([91m16.4c[97m) [97mU2:[93m64.4%[97m([91m15.7c[97m) [97mR:[93m91.2%[97m([91m20.8c[97m) [97mS-L: [92m1:[96m50% [92m2:[96m8% [92m3:[96m39% [92m4:[96m21% [92m5:[96m10% [92m6:[96m25%[39m [34mF1_perclass: 65.8-77.2-50.3-51.2-64.5-65.3-29.5 [39m[39m
2026-01-15 09:57:15,553 - Agent - INFO - Total number of trainable parameters are: 22487018
2026-01-15 09:58:15,922 - Agent - INFO - [37mVal Epoch 36 step 36 with [31mce_loss_combined : 1.433678 [31mce_loss_c : 1.836962 [31mce_loss_g : 1.645589 [31mce_mask0 : 1.444805 [31mce_mask1 : 1.443055 [31mkl_synergy_1 : 0.656718 [31mkl_synergy_2 : 0.614404 [31mtotal : 5.592659 [94mAcc_combined: 61.28 [94mAcc_c: 25.28 [94mAcc_g: 37.13 [97mS:[93m30.7%[97m([91m9.1c[97m-[94mF1:27.5%) [97mU1:[93m68.9%[97m([91m16.4c[97m) [97mU2:[93m55.2%[97m([91m10.9c[97m) [97mR:[93m93.2%[97m([91m24.8c[97m) [97mS-L: [92m0:[96m25% [92m1:[96m65% [92m2:[96m32% [92m3:[96m39% [92m4:[96m30% [92m5:[96m20% [92m6:[96m23%[39m [34mF1_perclass: 68.3-74.5-55.5-56.8-66.7-72.5-24.9 [39m[39m
2026-01-15 09:58:15,941 - Agent - INFO - [37mTest Epoch 36 step 36 with [31mce_loss_combined : 1.493667 [31mce_loss_c : 1.809430 [31mce_loss_g : 1.674393 [31mce_mask0 : 1.506909 [31mce_mask1 : 1.501862 [31mkl_synergy_1 : 0.641136 [31mkl_synergy_2 : 0.569466 [31mtotal : 5.713039 [94mAcc_combined: 57.51 [94mAcc_c: 25.25 [94mAcc_g: 37.82 [97mS:[93m23.0%[97m([91m6.6c[97m-[94mF1:18.5%) [97mU1:[93m64.7%[97m([91m15.7c[97m) [97mU2:[93m59.8%[97m([91m14.6c[97m) [97mR:[93m90.7%[97m([91m20.7c[97m) [97mS-L: [92m1:[96m50% [92m2:[96m24% [92m3:[96m31% [92m4:[96m17% [92m5:[96m14% [92m6:[96m24%[39m [34mF1_perclass: 61.5-76.2-54.9-48.0-61.0-63.2-26.7 [39m[39m
2026-01-15 09:58:15,943 - Agent - INFO - Total number of trainable parameters are: 22487018
2026-01-15 09:59:13,380 - Agent - INFO - [37mVal Epoch 37 step 37 with [31mce_loss_combined : 1.457575 [31mce_loss_c : 1.827992 [31mce_loss_g : 1.654292 [31mce_mask0 : 1.466894 [31mce_mask1 : 1.472284 [31mkl_synergy_1 : 0.666279 [31mkl_synergy_2 : 0.617259 [31mtotal : 5.680290 [94mAcc_combined: 58.09 [94mAcc_c: 28.25 [94mAcc_g: 35.99 [97mS:[93m29.9%[97m([91m8.9c[97m-[94mF1:27.8%) [97mU1:[93m61.7%[97m([91m14.7c[97m) [97mU2:[93m53.4%[97m([91m10.6c[97m) [97mR:[93m89.7%[97m([91m23.9c[97m) [97mS-L: [92m0:[96m25% [92m1:[96m52% [92m2:[96m24% [92m3:[96m48% [92m4:[96m37% [92m5:[96m35% [92m6:[96m20%[39m [34mF1_perclass: 67.5-68.4-46.5-53.8-63.9-73.4-21.6 [39m[39m
2026-01-15 09:59:13,402 - Agent - INFO - [37mTest Epoch 37 step 37 with [31mce_loss_combined : 1.526600 [31mce_loss_c : 1.796541 [31mce_loss_g : 1.669531 [31mce_mask0 : 1.529132 [31mce_mask1 : 1.552515 [31mkl_synergy_1 : 0.639137 [31mkl_synergy_2 : 0.605577 [31mtotal : 5.852961 [94mAcc_combined: 54.62 [94mAcc_c: 26.59 [94mAcc_g: 37.60 [97mS:[93m19.8%[97m([91m5.7c[97m-[94mF1:16.1%) [97mU1:[93m58.3%[97m([91m14.1c[97m) [97mU2:[93m58.4%[97m([91m14.2c[97m) [97mR:[93m90.2%[97m([91m20.6c[97m) [97mS-L: [92m1:[96m50% [92m2:[96m8% [92m3:[96m42% [92m4:[96m29% [92m5:[96m14% [92m6:[96m16%[39m [34mF1_perclass: 55.7-73.8-41.3-47.9-62.1-61.5-20.1 [39m[39m
2026-01-15 09:59:13,403 - Agent - INFO - Total number of trainable parameters are: 22487018
2026-01-15 10:00:20,432 - Agent - INFO - [37mVal Epoch 38 step 38 with [31mce_loss_combined : 1.407777 [31mce_loss_c : 1.805951 [31mce_loss_g : 1.660011 [31mce_mask0 : 1.417543 [31mce_mask1 : 1.419700 [31mkl_synergy_1 : 0.715061 [31mkl_synergy_2 : 0.669389 [31mtotal : 5.629469 [94mAcc_combined: 62.41 [94mAcc_c: 28.93 [94mAcc_g: 36.90 [97mS:[93m31.8%[97m([91m9.5c[97m-[94mF1:28.7%) [97mU1:[93m71.3%[97m([91m17.0c[97m) [97mU2:[93m56.9%[97m([91m11.3c[97m) [97mR:[93m92.7%[97m([91m24.7c[97m) [97mS-L: [92m0:[96m25% [92m1:[96m74% [92m2:[96m30% [92m3:[96m35% [92m4:[96m30% [92m5:[96m20% [92m6:[96m26%[39m [34mF1_perclass: 68.6-74.1-54.9-57.1-69.1-75.1-28.6 [39m[39m
2026-01-15 10:00:20,449 - Agent - INFO - [37mTest Epoch 38 step 38 with [31mce_loss_combined : 1.474223 [31mce_loss_c : 1.783680 [31mce_loss_g : 1.684029 [31mce_mask0 : 1.482458 [31mce_mask1 : 1.497316 [31mkl_synergy_1 : 0.715029 [31mkl_synergy_2 : 0.654219 [31mtotal : 5.823245 [94mAcc_combined: 57.84 [94mAcc_c: 27.14 [94mAcc_g: 37.82 [97mS:[93m19.1%[97m([91m5.5c[97m-[94mF1:15.6%) [97mU1:[93m67.9%[97m([91m16.5c[97m) [97mU2:[93m61.2%[97m([91m14.9c[97m) [97mR:[93m92.2%[97m([91m21.0c[97m) [97mS-L: [92m1:[96m50% [92m2:[96m16% [92m3:[96m28% [92m4:[96m17% [92m5:[96m10% [92m6:[96m19%[39m [34mF1_perclass: 64.7-76.7-50.0-47.4-62.4-66.4-23.9 [39m[39m
2026-01-15 10:00:20,450 - Agent - INFO - Total number of trainable parameters are: 22487018
2026-01-15 10:01:11,838 - Agent - INFO - [37mVal Epoch 39 step 39 with [31mce_loss_combined : 1.449219 [31mce_loss_c : 1.811661 [31mce_loss_g : 1.679189 [31mce_mask0 : 1.465501 [31mce_mask1 : 1.469242 [31mkl_synergy_1 : 0.685529 [31mkl_synergy_2 : 0.632748 [31mtotal : 5.702239 [94mAcc_combined: 59.11 [94mAcc_c: 27.79 [94mAcc_g: 32.92 [97mS:[93m32.2%[97m([91m9.6c[97m-[94mF1:27.3%) [97mU1:[93m64.6%[97m([91m15.4c[97m) [97mU2:[93m53.4%[97m([91m10.6c[97m) [97mR:[93m88.5%[97m([91m23.6c[97m) [97mS-L: [92m0:[96m25% [92m1:[96m52% [92m2:[96m30% [92m3:[96m39% [92m4:[96m37% [92m5:[96m10% [92m6:[96m30%[39m [34mF1_perclass: 68.0-70.5-47.3-54.0-64.1-73.7-31.0 [39m[39m
2026-01-15 10:01:11,855 - Agent - INFO - [37mTest Epoch 39 step 39 with [31mce_loss_combined : 1.489342 [31mce_loss_c : 1.790162 [31mce_loss_g : 1.682165 [31mce_mask0 : 1.502276 [31mce_mask1 : 1.488626 [31mkl_synergy_1 : 0.682263 [31mkl_synergy_2 : 0.641257 [31mtotal : 5.803763 [94mAcc_combined: 56.73 [94mAcc_c: 27.14 [94mAcc_g: 36.26 [97mS:[93m20.6%[97m([91m5.9c[97m-[94mF1:15.7%) [97mU1:[93m65.1%[97m([91m15.8c[97m) [97mU2:[93m61.2%[97m([91m14.9c[97m) [97mR:[93m88.3%[97m([91m20.1c[97m) [97mS-L: [92m1:[96m38% [92m2:[96m8% [92m3:[96m36% [92m4:[96m21% [92m5:[96m10% [92m6:[96m23%[39m [34mF1_perclass: 61.8-79.2-45.0-48.7-60.8-64.8-25.3 [39m[39m
2026-01-15 10:01:11,856 - Agent - INFO - Total number of trainable parameters are: 22487018
2026-01-15 10:02:11,061 - Agent - INFO - [37mVal Epoch 40 step 40 with [31mce_loss_combined : 1.418676 [31mce_loss_c : 1.788135 [31mce_loss_g : 1.642994 [31mce_mask0 : 1.434293 [31mce_mask1 : 1.427919 [31mkl_synergy_1 : 0.693951 [31mkl_synergy_2 : 0.638773 [31mtotal : 5.613612 [94mAcc_combined: 62.64 [94mAcc_c: 29.61 [94mAcc_g: 38.72 [97mS:[93m31.8%[97m([91m9.5c[97m-[94mF1:27.4%) [97mU1:[93m70.3%[97m([91m16.7c[97m) [97mU2:[93m58.0%[97m([91m11.5c[97m) [97mR:[93m93.6%[97m([91m24.9c[97m) [97mS-L: [92m0:[96m25% [92m1:[96m65% [92m2:[96m30% [92m3:[96m42% [92m4:[96m20% [92m5:[96m15% [92m6:[96m29%[39m [34mF1_perclass: 71.1-74.5-53.6-56.9-69.0-74.4-31.6 [39m[39m
2026-01-15 10:02:11,076 - Agent - INFO - [37mTest Epoch 40 step 40 with [31mce_loss_combined : 1.492774 [31mce_loss_c : 1.768245 [31mce_loss_g : 1.671966 [31mce_mask0 : 1.501326 [31mce_mask1 : 1.498948 [31mkl_synergy_1 : 0.649749 [31mkl_synergy_2 : 0.600007 [31mtotal : 5.742805 [94mAcc_combined: 58.84 [94mAcc_c: 28.36 [94mAcc_g: 37.82 [97mS:[93m21.8%[97m([91m6.2c[97m-[94mF1:16.8%) [97mU1:[93m70.2%[97m([91m17.0c[97m) [97mU2:[93m60.3%[97m([91m14.7c[97m) [97mR:[93m91.7%[97m([91m20.9c[97m) [97mS-L: [92m1:[96m50% [92m2:[96m18% [92m3:[96m39% [92m4:[96m12% [92m5:[96m10% [92m6:[96m22%[39m [34mF1_perclass: 65.5-74.1-53.8-50.4-63.9-66.4-28.2 [39m[39m
2026-01-15 10:02:11,834 - Agent - INFO - Total number of trainable parameters are: 22487018
2026-01-15 10:03:11,929 - Agent - INFO - [37mVal Epoch 41 step 41 with [31mce_loss_combined : 1.453015 [31mce_loss_c : 1.761821 [31mce_loss_g : 1.634995 [31mce_mask0 : 1.460388 [31mce_mask1 : 1.454190 [31mkl_synergy_1 : 0.647665 [31mkl_synergy_2 : 0.616244 [31mtotal : 5.631503 [94mAcc_combined: 61.50 [94mAcc_c: 31.21 [94mAcc_g: 36.67 [97mS:[93m31.8%[97m([91m9.5c[97m-[94mF1:29.1%) [97mU1:[93m67.5%[97m([91m16.1c[97m) [97mU2:[93m57.5%[97m([91m11.4c[97m) [97mR:[93m92.3%[97m([91m24.6c[97m) [97mS-L: [92m0:[96m25% [92m1:[96m83% [92m2:[96m24% [92m3:[96m35% [92m4:[96m27% [92m5:[96m35% [92m6:[96m24%[39m [34mF1_perclass: 68.0-69.4-53.5-56.9-69.2-76.5-25.8 [39m[39m
2026-01-15 10:03:11,946 - Agent - INFO - [37mTest Epoch 41 step 41 with [31mce_loss_combined : 1.548819 [31mce_loss_c : 1.746356 [31mce_loss_g : 1.682345 [31mce_mask0 : 1.569375 [31mce_mask1 : 1.559788 [31mkl_synergy_1 : 0.614298 [31mkl_synergy_2 : 0.573607 [31mtotal : 5.865887 [94mAcc_combined: 54.51 [94mAcc_c: 29.70 [94mAcc_g: 35.04 [97mS:[93m15.6%[97m([91m4.4c[97m-[94mF1:11.6%) [97mU1:[93m65.1%[97m([91m15.8c[97m) [97mU2:[93m57.5%[97m([91m14.0c[97m) [97mR:[93m88.8%[97m([91m20.2c[97m) [97mS-L: [92m1:[96m50% [92m2:[96m5% [92m3:[96m28% [92m4:[96m8% [92m5:[96m10% [92m6:[96m17%[39m [34mF1_perclass: 60.6-65.7-49.4-46.9-57.9-65.4-19.7 [39m[39m
2026-01-15 10:03:11,947 - Agent - INFO - Total number of trainable parameters are: 22487018
2026-01-15 10:04:09,647 - Agent - INFO - [37mVal Epoch 42 step 42 with [31mce_loss_combined : 1.448617 [31mce_loss_c : 1.750485 [31mce_loss_g : 1.633694 [31mce_mask0 : 1.456342 [31mce_mask1 : 1.451385 [31mkl_synergy_1 : 0.638029 [31mkl_synergy_2 : 0.589321 [31mtotal : 5.583694 [94mAcc_combined: 61.39 [94mAcc_c: 32.12 [94mAcc_g: 40.21 [97mS:[93m32.2%[97m([91m9.6c[97m-[94mF1:29.6%) [97mU1:[93m67.5%[97m([91m16.1c[97m) [97mU2:[93m55.7%[97m([91m11.0c[97m) [97mR:[93m92.7%[97m([91m24.7c[97m) [97mS-L: [92m0:[96m25% [92m1:[96m83% [92m2:[96m24% [92m3:[96m39% [92m4:[96m20% [92m5:[96m45% [92m6:[96m24%[39m [34mF1_perclass: 69.8-71.3-49.1-55.7-68.2-77.4-25.8 [39m[39m
2026-01-15 10:04:09,663 - Agent - INFO - [37mTest Epoch 42 step 42 with [31mce_loss_combined : 1.518803 [31mce_loss_c : 1.741398 [31mce_loss_g : 1.664115 [31mce_mask0 : 1.541932 [31mce_mask1 : 1.551141 [31mkl_synergy_1 : 0.648659 [31mkl_synergy_2 : 0.575129 [31mtotal : 5.835664 [94mAcc_combined: 56.17 [94mAcc_c: 30.92 [94mAcc_g: 37.49 [97mS:[93m17.5%[97m([91m5.0c[97m-[94mF1:13.5%) [97mU1:[93m64.7%[97m([91m15.7c[97m) [97mU2:[93m60.7%[97m([91m14.8c[97m) [97mR:[93m90.7%[97m([91m20.7c[97m) [97mS-L: [92m1:[96m38% [92m2:[96m11% [92m3:[96m36% [92m4:[96m12% [92m5:[96m10% [92m6:[96m17%[39m [34mF1_perclass: 61.8-70.2-50.0-50.0-61.5-63.9-22.2 [39m[39m
2026-01-15 10:04:09,664 - Agent - INFO - Total number of trainable parameters are: 22487018
2026-01-15 10:05:06,093 - Agent - INFO - [37mVal Epoch 43 step 43 with [31mce_loss_combined : 1.452888 [31mce_loss_c : 1.736963 [31mce_loss_g : 1.658409 [31mce_mask0 : 1.471022 [31mce_mask1 : 1.457714 [31mkl_synergy_1 : 0.686596 [31mkl_synergy_2 : 0.622783 [31mtotal : 5.691003 [94mAcc_combined: 60.48 [94mAcc_c: 34.85 [94mAcc_g: 35.42 [97mS:[93m31.4%[97m([91m9.3c[97m-[94mF1:30.2%) [97mU1:[93m65.6%[97m([91m15.6c[97m) [97mU2:[93m55.7%[97m([91m11.0c[97m) [97mR:[93m91.9%[97m([91m24.5c[97m) [97mS-L: [92m0:[96m25% [92m1:[96m61% [92m2:[96m30% [92m3:[96m45% [92m4:[96m33% [92m5:[96m35% [92m6:[96m22%[39m [34mF1_perclass: 68.2-71.9-48.2-57.5-65.3-76.7-24.4 [39m[39m
2026-01-15 10:05:06,109 - Agent - INFO - [37mTest Epoch 43 step 43 with [31mce_loss_combined : 1.508406 [31mce_loss_c : 1.718744 [31mce_loss_g : 1.669294 [31mce_mask0 : 1.506031 [31mce_mask1 : 1.500894 [31mkl_synergy_1 : 0.676612 [31mkl_synergy_2 : 0.617597 [31mtotal : 5.809539 [94mAcc_combined: 57.84 [94mAcc_c: 32.93 [94mAcc_g: 37.26 [97mS:[93m21.0%[97m([91m6.0c[97m-[94mF1:16.6%) [97mU1:[93m67.0%[97m([91m16.2c[97m) [97mU2:[93m61.6%[97m([91m15.0c[97m) [97mR:[93m90.2%[97m([91m20.6c[97m) [97mS-L: [92m1:[96m38% [92m2:[96m11% [92m3:[96m44% [92m4:[96m21% [92m5:[96m14% [92m6:[96m19%[39m [34mF1_perclass: 64.3-77.3-50.6-53.0-58.4-66.0-22.8 [39m[39m
2026-01-15 10:05:06,110 - Agent - INFO - Total number of trainable parameters are: 22487018
2026-01-15 10:06:09,534 - Agent - INFO - [37mVal Epoch 44 step 44 with [31mce_loss_combined : 1.448727 [31mce_loss_c : 1.730289 [31mce_loss_g : 1.653616 [31mce_mask0 : 1.451720 [31mce_mask1 : 1.459137 [31mkl_synergy_1 : 0.692105 [31mkl_synergy_2 : 0.633315 [31mtotal : 5.685004 [94mAcc_combined: 61.28 [94mAcc_c: 35.76 [94mAcc_g: 36.33 [97mS:[93m30.7%[97m([91m9.1c[97m-[94mF1:30.0%) [97mU1:[93m68.9%[97m([91m16.4c[97m) [97mU2:[93m55.7%[97m([91m11.0c[97m) [97mR:[93m92.7%[97m([91m24.7c[97m) [97mS-L: [92m0:[96m25% [92m1:[96m70% [92m2:[96m30% [92m3:[96m39% [92m4:[96m33% [92m5:[96m40% [92m6:[96m19%[39m [34mF1_perclass: 68.7-72.9-52.0-58.9-65.1-77.0-21.4 [39m[39m
2026-01-15 10:06:09,554 - Agent - INFO - [37mTest Epoch 44 step 44 with [31mce_loss_combined : 1.511903 [31mce_loss_c : 1.709907 [31mce_loss_g : 1.663329 [31mce_mask0 : 1.542437 [31mce_mask1 : 1.513477 [31mkl_synergy_1 : 0.692826 [31mkl_synergy_2 : 0.611651 [31mtotal : 5.872295 [94mAcc_combined: 57.17 [94mAcc_c: 34.15 [94mAcc_g: 37.93 [97mS:[93m17.1%[97m([91m4.9c[97m-[94mF1:14.2%) [97mU1:[93m69.7%[97m([91m16.9c[97m) [97mU2:[93m61.6%[97m([91m15.0c[97m) [97mR:[93m89.3%[97m([91m20.4c[97m) [97mS-L: [92m1:[96m50% [92m2:[96m13% [92m3:[96m31% [92m4:[96m17% [92m5:[96m10% [92m6:[96m15%[39m [34mF1_perclass: 64.1-75.2-51.1-48.1-58.0-68.3-19.0 [39m[39m
2026-01-15 10:06:09,555 - Agent - INFO - Total number of trainable parameters are: 22487018
2026-01-15 10:07:05,442 - Agent - INFO - [37mVal Epoch 45 step 45 with [31mce_loss_combined : 1.425951 [31mce_loss_c : 1.722877 [31mce_loss_g : 1.655696 [31mce_mask0 : 1.438084 [31mce_mask1 : 1.433339 [31mkl_synergy_1 : 0.724474 [31mkl_synergy_2 : 0.663275 [31mtotal : 5.685123 [94mAcc_combined: 62.07 [94mAcc_c: 35.42 [94mAcc_g: 39.98 [97mS:[93m31.4%[97m([91m9.3c[97m-[94mF1:30.3%) [97mU1:[93m70.3%[97m([91m16.7c[97m) [97mU2:[93m55.7%[97m([91m11.0c[97m) [97mR:[93m93.6%[97m([91m24.9c[97m) [97mS-L: [92m0:[96m25% [92m1:[96m70% [92m2:[96m24% [92m3:[96m42% [92m4:[96m20% [92m5:[96m50% [92m6:[96m23%[39m [34mF1_perclass: 69.8-73.5-52.4-58.5-68.2-78.1-25.0 [39m[39m
2026-01-15 10:07:05,458 - Agent - INFO - [37mTest Epoch 45 step 45 with [31mce_loss_combined : 1.492336 [31mce_loss_c : 1.712905 [31mce_loss_g : 1.655342 [31mce_mask0 : 1.503941 [31mce_mask1 : 1.502314 [31mkl_synergy_1 : 0.695171 [31mkl_synergy_2 : 0.608293 [31mtotal : 5.802055 [94mAcc_combined: 59.07 [94mAcc_c: 33.93 [94mAcc_g: 40.16 [97mS:[93m21.0%[97m([91m6.0c[97m-[94mF1:17.5%) [97mU1:[93m71.6%[97m([91m17.4c[97m) [97mU2:[93m61.6%[97m([91m15.0c[97m) [97mR:[93m90.7%[97m([91m20.7c[97m) [97mS-L: [92m1:[96m62% [92m2:[96m11% [92m3:[96m42% [92m4:[96m12% [92m5:[96m14% [92m6:[96m20%[39m [34mF1_perclass: 64.8-77.3-50.9-52.9-62.6-68.2-25.0 [39m[39m
2026-01-15 10:07:05,459 - Agent - INFO - Total number of trainable parameters are: 22487018
2026-01-15 10:08:03,028 - Agent - INFO - [37mVal Epoch 46 step 46 with [31mce_loss_combined : 1.449634 [31mce_loss_c : 1.720958 [31mce_loss_g : 1.652878 [31mce_mask0 : 1.465589 [31mce_mask1 : 1.465759 [31mkl_synergy_1 : 0.699723 [31mkl_synergy_2 : 0.664965 [31mtotal : 5.745670 [94mAcc_combined: 60.71 [94mAcc_c: 36.67 [94mAcc_g: 39.41 [97mS:[93m28.7%[97m([91m8.5c[97m-[94mF1:27.3%) [97mU1:[93m67.5%[97m([91m16.1c[97m) [97mU2:[93m57.5%[97m([91m11.4c[97m) [97mR:[93m92.7%[97m([91m24.7c[97m) [97mS-L: [92m0:[96m25% [92m1:[96m74% [92m2:[96m24% [92m3:[96m42% [92m4:[96m27% [92m5:[96m25% [92m6:[96m19%[39m [34mF1_perclass: 67.6-74.0-49.1-57.7-66.0-74.8-21.1 [39m[39m
2026-01-15 10:08:03,045 - Agent - INFO - [37mTest Epoch 46 step 46 with [31mce_loss_combined : 1.516953 [31mce_loss_c : 1.703373 [31mce_loss_g : 1.653818 [31mce_mask0 : 1.527785 [31mce_mask1 : 1.526331 [31mkl_synergy_1 : 0.688174 [31mkl_synergy_2 : 0.633918 [31mtotal : 5.893161 [94mAcc_combined: 57.84 [94mAcc_c: 36.82 [94mAcc_g: 39.27 [97mS:[93m17.9%[97m([91m5.1c[97m-[94mF1:15.0%) [97mU1:[93m66.1%[97m([91m16.0c[97m) [97mU2:[93m66.7%[97m([91m16.2c[97m) [97mR:[93m89.8%[97m([91m20.5c[97m) [97mS-L: [92m1:[96m62% [92m2:[96m11% [92m3:[96m39% [92m4:[96m17% [92m5:[96m10% [92m6:[96m14%[39m [34mF1_perclass: 63.0-76.5-48.4-51.4-59.1-69.6-19.2 [39m[39m
2026-01-15 10:08:03,046 - Agent - INFO - Total number of trainable parameters are: 22487018
2026-01-15 10:08:58,070 - Agent - INFO - [37mVal Epoch 47 step 47 with [31mce_loss_combined : 1.450132 [31mce_loss_c : 1.713190 [31mce_loss_g : 1.660286 [31mce_mask0 : 1.465702 [31mce_mask1 : 1.458390 [31mkl_synergy_1 : 0.686186 [31mkl_synergy_2 : 0.643763 [31mtotal : 5.704175 [94mAcc_combined: 61.50 [94mAcc_c: 36.79 [94mAcc_g: 38.27 [97mS:[93m29.9%[97m([91m8.9c[97m-[94mF1:28.7%) [97mU1:[93m69.4%[97m([91m16.5c[97m) [97mU2:[93m55.2%[97m([91m10.9c[97m) [97mR:[93m94.4%[97m([91m25.2c[97m) [97mS-L: [92m0:[96m25% [92m1:[96m70% [92m2:[96m22% [92m3:[96m39% [92m4:[96m30% [92m5:[96m35% [92m6:[96m22%[39m [34mF1_perclass: 67.6-74.3-50.9-59.1-66.4-76.3-23.5 [39m[39m
2026-01-15 10:08:58,086 - Agent - INFO - [37mTest Epoch 47 step 47 with [31mce_loss_combined : 1.499671 [31mce_loss_c : 1.702609 [31mce_loss_g : 1.653902 [31mce_mask0 : 1.495596 [31mce_mask1 : 1.509502 [31mkl_synergy_1 : 0.659181 [31mkl_synergy_2 : 0.618640 [31mtotal : 5.782588 [94mAcc_combined: 58.73 [94mAcc_c: 35.15 [94mAcc_g: 39.38 [97mS:[93m19.8%[97m([91m5.7c[97m-[94mF1:17.0%) [97mU1:[93m69.7%[97m([91m16.9c[97m) [97mU2:[93m63.5%[97m([91m15.5c[97m) [97mR:[93m90.7%[97m([91m20.7c[97m) [97mS-L: [92m1:[96m62% [92m2:[96m13% [92m3:[96m33% [92m4:[96m17% [92m5:[96m14% [92m6:[96m19%[39m [34mF1_perclass: 65.3-77.8-50.6-50.8-60.2-68.8-23.8 [39m[39m
2026-01-15 10:08:58,087 - Agent - INFO - Total number of trainable parameters are: 22487018
2026-01-15 10:09:51,858 - Agent - INFO - [37mVal Epoch 48 step 48 with [31mce_loss_combined : 1.461943 [31mce_loss_c : 1.707807 [31mce_loss_g : 1.653248 [31mce_mask0 : 1.468145 [31mce_mask1 : 1.470743 [31mkl_synergy_1 : 0.665251 [31mkl_synergy_2 : 0.629338 [31mtotal : 5.695420 [94mAcc_combined: 60.59 [94mAcc_c: 37.81 [94mAcc_g: 38.72 [97mS:[93m30.3%[97m([91m9.0c[97m-[94mF1:28.5%) [97mU1:[93m68.4%[97m([91m16.3c[97m) [97mU2:[93m54.0%[97m([91m10.7c[97m) [97mR:[93m92.3%[97m([91m24.6c[97m) [97mS-L: [92m0:[96m25% [92m1:[96m78% [92m2:[96m27% [92m3:[96m35% [92m4:[96m30% [92m5:[96m30% [92m6:[96m21%[39m [34mF1_perclass: 66.9-73.5-52.0-57.0-64.1-75.8-22.3 [39m[39m
2026-01-15 10:09:51,912 - Agent - INFO - [37mTest Epoch 48 step 48 with [31mce_loss_combined : 1.520733 [31mce_loss_c : 1.700192 [31mce_loss_g : 1.653858 [31mce_mask0 : 1.532248 [31mce_mask1 : 1.525029 [31mkl_synergy_1 : 0.644304 [31mkl_synergy_2 : 0.590316 [31mtotal : 5.812629 [94mAcc_combined: 56.51 [94mAcc_c: 35.71 [94mAcc_g: 39.04 [97mS:[93m17.9%[97m([91m5.1c[97m-[94mF1:15.0%) [97mU1:[93m66.1%[97m([91m16.0c[97m) [97mU2:[93m62.1%[97m([91m15.1c[97m) [97mR:[93m88.8%[97m([91m20.2c[97m) [97mS-L: [92m1:[96m62% [92m2:[96m13% [92m3:[96m28% [92m4:[96m17% [92m5:[96m10% [92m6:[96m17%[39m [34mF1_perclass: 60.3-74.1-50.6-48.2-60.0-67.4-20.9 [39m[39m
2026-01-15 10:09:51,914 - Agent - INFO - Total number of trainable parameters are: 22487018
2026-01-15 10:10:55,061 - Agent - INFO - [37mVal Epoch 49 step 49 with [31mce_loss_combined : 1.457999 [31mce_loss_c : 1.704415 [31mce_loss_g : 1.649003 [31mce_mask0 : 1.464582 [31mce_mask1 : 1.465842 [31mkl_synergy_1 : 0.667247 [31mkl_synergy_2 : 0.613934 [31mtotal : 5.669604 [94mAcc_combined: 60.71 [94mAcc_c: 37.93 [94mAcc_g: 38.84 [97mS:[93m31.4%[97m([91m9.3c[97m-[94mF1:29.5%) [97mU1:[93m68.4%[97m([91m16.3c[97m) [97mU2:[93m52.9%[97m([91m10.5c[97m) [97mR:[93m92.3%[97m([91m24.6c[97m) [97mS-L: [92m0:[96m25% [92m1:[96m74% [92m2:[96m30% [92m3:[96m35% [92m4:[96m30% [92m5:[96m30% [92m6:[96m23%[39m [34mF1_perclass: 66.7-72.8-52.5-57.4-66.0-75.5-24.8 [39m[39m
2026-01-15 10:10:55,077 - Agent - INFO - [37mTest Epoch 49 step 49 with [31mce_loss_combined : 1.516192 [31mce_loss_c : 1.697080 [31mce_loss_g : 1.652308 [31mce_mask0 : 1.532685 [31mce_mask1 : 1.514275 [31mkl_synergy_1 : 0.626475 [31mkl_synergy_2 : 0.591137 [31mtotal : 5.780764 [94mAcc_combined: 58.06 [94mAcc_c: 35.60 [94mAcc_g: 38.82 [97mS:[93m18.7%[97m([91m5.3c[97m-[94mF1:15.7%) [97mU1:[93m70.2%[97m([91m17.0c[97m) [97mU2:[93m62.6%[97m([91m15.2c[97m) [97mR:[93m89.8%[97m([91m20.5c[97m) [97mS-L: [92m1:[96m62% [92m2:[96m16% [92m3:[96m28% [92m4:[96m17% [92m5:[96m10% [92m6:[96m18%[39m [34mF1_perclass: 61.9-76.2-53.6-49.6-61.8-67.4-23.7 [39m[39m
2026-01-15 10:10:55,078 - Agent - INFO - Total number of trainable parameters are: 22487018
2026-01-15 10:11:51,182 - Agent - INFO - [37mVal Epoch 50 step 50 with [31mce_loss_combined : 1.459867 [31mce_loss_c : 1.703465 [31mce_loss_g : 1.648876 [31mce_mask0 : 1.464216 [31mce_mask1 : 1.474283 [31mkl_synergy_1 : 0.670120 [31mkl_synergy_2 : 0.633822 [31mtotal : 5.702308 [94mAcc_combined: 60.02 [94mAcc_c: 39.29 [94mAcc_g: 39.18 [97mS:[93m29.1%[97m([91m8.7c[97m-[94mF1:27.3%) [97mU1:[93m64.1%[97m([91m15.3c[97m) [97mU2:[93m56.3%[97m([91m11.2c[97m) [97mR:[93m93.6%[97m([91m24.9c[97m) [97mS-L: [92m0:[96m25% [92m1:[96m74% [92m2:[96m24% [92m3:[96m42% [92m4:[96m27% [92m5:[96m25% [92m6:[96m20%[39m [34mF1_perclass: 64.9-73.4-47.4-57.6-65.2-75.0-22.3 [39m[39m
2026-01-15 10:11:51,199 - Agent - INFO - [37mTest Epoch 50 step 50 with [31mce_loss_combined : 1.520502 [31mce_loss_c : 1.696273 [31mce_loss_g : 1.655019 [31mce_mask0 : 1.550632 [31mce_mask1 : 1.523006 [31mkl_synergy_1 : 0.645302 [31mkl_synergy_2 : 0.591679 [31mtotal : 5.831120 [94mAcc_combined: 57.40 [94mAcc_c: 36.93 [94mAcc_g: 39.15 [97mS:[93m18.3%[97m([91m5.2c[97m-[94mF1:14.9%) [97mU1:[93m66.5%[97m([91m16.1c[97m) [97mU2:[93m63.9%[97m([91m15.6c[97m) [97mR:[93m89.8%[97m([91m20.5c[97m) [97mS-L: [92m1:[96m62% [92m2:[96m11% [92m3:[96m39% [92m4:[96m17% [92m5:[96m10% [92m6:[96m15%[39m [34mF1_perclass: 61.1-73.5-51.7-50.7-60.1-68.9-21.7 [39m[39m
2026-01-15 10:11:51,964 - Agent - INFO - Total number of trainable parameters are: 22487018
2026-01-15 10:12:51,926 - Agent - INFO - [37mVal Epoch 51 step 51 with [31mce_loss_combined : 1.460029 [31mce_loss_c : 1.702858 [31mce_loss_g : 1.641620 [31mce_mask0 : 1.477049 [31mce_mask1 : 1.461569 [31mkl_synergy_1 : 0.655511 [31mkl_synergy_2 : 0.618700 [31mtotal : 5.672858 [94mAcc_combined: 60.93 [94mAcc_c: 39.29 [94mAcc_g: 39.75 [97mS:[93m30.7%[97m([91m9.1c[97m-[94mF1:29.5%) [97mU1:[93m67.5%[97m([91m16.1c[97m) [97mU2:[93m55.7%[97m([91m11.0c[97m) [97mR:[93m92.7%[97m([91m24.7c[97m) [97mS-L: [92m0:[96m25% [92m1:[96m78% [92m2:[96m30% [92m3:[96m39% [92m4:[96m30% [92m5:[96m35% [92m6:[96m19%[39m [34mF1_perclass: 67.2-73.7-52.6-59.1-64.8-75.2-20.9 [39m[39m
2026-01-15 10:12:51,941 - Agent - INFO - [37mTest Epoch 51 step 51 with [31mce_loss_combined : 1.523061 [31mce_loss_c : 1.698350 [31mce_loss_g : 1.650117 [31mce_mask0 : 1.550694 [31mce_mask1 : 1.552854 [31mkl_synergy_1 : 0.640455 [31mkl_synergy_2 : 0.598981 [31mtotal : 5.866045 [94mAcc_combined: 57.29 [94mAcc_c: 36.82 [94mAcc_g: 39.38 [97mS:[93m18.3%[97m([91m5.2c[97m-[94mF1:14.9%) [97mU1:[93m68.3%[97m([91m16.6c[97m) [97mU2:[93m61.6%[97m([91m15.0c[97m) [97mR:[93m89.8%[97m([91m20.5c[97m) [97mS-L: [92m1:[96m62% [92m2:[96m11% [92m3:[96m33% [92m4:[96m17% [92m5:[96m10% [92m6:[96m17%[39m [34mF1_perclass: 61.7-73.9-52.3-49.1-60.6-68.1-22.1 [39m[39m
2026-01-15 10:12:51,942 - Agent - INFO - Total number of trainable parameters are: 22487018
2026-01-15 10:13:46,069 - Agent - INFO - [37mVal Epoch 52 step 52 with [31mce_loss_combined : 1.457349 [31mce_loss_c : 1.693407 [31mce_loss_g : 1.642791 [31mce_mask0 : 1.462309 [31mce_mask1 : 1.469432 [31mkl_synergy_1 : 0.675644 [31mkl_synergy_2 : 0.625417 [31mtotal : 5.690150 [94mAcc_combined: 60.71 [94mAcc_c: 39.52 [94mAcc_g: 41.00 [97mS:[93m31.0%[97m([91m9.2c[97m-[94mF1:30.4%) [97mU1:[93m63.2%[97m([91m15.0c[97m) [97mU2:[93m58.0%[97m([91m11.5c[97m) [97mR:[93m93.6%[97m([91m24.9c[97m) [97mS-L: [92m0:[96m25% [92m1:[96m74% [92m2:[96m30% [92m3:[96m45% [92m4:[96m27% [92m5:[96m45% [92m6:[96m18%[39m [34mF1_perclass: 65.9-73.9-46.8-58.6-65.5-77.4-20.9 [39m[39m
2026-01-15 10:13:46,085 - Agent - INFO - [37mTest Epoch 52 step 52 with [31mce_loss_combined : 1.522915 [31mce_loss_c : 1.692243 [31mce_loss_g : 1.647996 [31mce_mask0 : 1.547978 [31mce_mask1 : 1.541725 [31mkl_synergy_1 : 0.664649 [31mkl_synergy_2 : 0.622935 [31mtotal : 5.900202 [94mAcc_combined: 58.73 [94mAcc_c: 37.04 [94mAcc_g: 40.82 [97mS:[93m20.6%[97m([91m5.9c[97m-[94mF1:16.6%) [97mU1:[93m68.8%[97m([91m16.7c[97m) [97mU2:[93m63.5%[97m([91m15.5c[97m) [97mR:[93m90.7%[97m([91m20.7c[97m) [97mS-L: [92m1:[96m62% [92m2:[96m11% [92m3:[96m50% [92m4:[96m21% [92m5:[96m10% [92m6:[96m16%[39m [34mF1_perclass: 62.5-74.6-53.9-55.2-62.0-67.4-20.6 [39m[39m
2026-01-15 10:13:46,086 - Agent - INFO - Total number of trainable parameters are: 22487018
2026-01-15 10:14:42,531 - Agent - INFO - [37mVal Epoch 53 step 53 with [31mce_loss_combined : 1.453641 [31mce_loss_c : 1.686937 [31mce_loss_g : 1.647847 [31mce_mask0 : 1.468149 [31mce_mask1 : 1.470105 [31mkl_synergy_1 : 0.669710 [31mkl_synergy_2 : 0.628227 [31mtotal : 5.689830 [94mAcc_combined: 61.50 [94mAcc_c: 40.77 [94mAcc_g: 40.77 [97mS:[93m31.0%[97m([91m9.2c[97m-[94mF1:29.8%) [97mU1:[93m66.5%[97m([91m15.8c[97m) [97mU2:[93m56.9%[97m([91m11.3c[97m) [97mR:[93m94.4%[97m([91m25.2c[97m) [97mS-L: [92m0:[96m25% [92m1:[96m70% [92m2:[96m30% [92m3:[96m42% [92m4:[96m30% [92m5:[96m35% [92m6:[96m21%[39m [34mF1_perclass: 66.4-72.6-51.4-60.2-66.4-76.8-23.6 [39m[39m
2026-01-15 10:14:42,547 - Agent - INFO - [37mTest Epoch 53 step 53 with [31mce_loss_combined : 1.514111 [31mce_loss_c : 1.685896 [31mce_loss_g : 1.652337 [31mce_mask0 : 1.527946 [31mce_mask1 : 1.518984 [31mkl_synergy_1 : 0.673392 [31mkl_synergy_2 : 0.605605 [31mtotal : 5.840037 [94mAcc_combined: 57.29 [94mAcc_c: 37.60 [94mAcc_g: 40.27 [97mS:[93m18.3%[97m([91m5.2c[97m-[94mF1:15.4%) [97mU1:[93m68.3%[97m([91m16.6c[97m) [97mU2:[93m61.2%[97m([91m14.9c[97m) [97mR:[93m90.2%[97m([91m20.6c[97m) [97mS-L: [92m1:[96m62% [92m2:[96m13% [92m3:[96m42% [92m4:[96m17% [92m5:[96m10% [92m6:[96m14%[39m [34mF1_perclass: 61.2-74.1-53.4-51.3-59.9-67.9-18.5 [39m[39m
2026-01-15 10:14:42,548 - Agent - INFO - Total number of trainable parameters are: 22487018
2026-01-15 10:14:50,514 - Agent - INFO - We are in the final state.
2026-01-15 10:14:50,924 - root - INFO - Loaded best model from /esat/smcdata/users/kkontras/Image_Dataset/no_backup/data/2025_data/synergy/CremadPlus/v2/SynIB_RMask_fold0_l1_vldsyn_accuracy_fillema_lsparse1_lr0.00001_wd0.0001_clsmlp_bs64.pth.tar
2026-01-15 10:15:02,354 - Agent - INFO - [37mVal Epoch 53 step 0 with [31mce_loss_combined : 1.432964 [31mce_loss_c : 1.898602 [31mce_loss_g : 1.728438 [31mce_mask0 : 1.439378 [31mce_mask1 : 1.437710 [31mkl_synergy_1 : 0.737218 [31mkl_synergy_2 : 0.696146 [31mtotal : 5.743416 [94mAcc_combined: 60.93 [94mAcc_c: 21.41 [94mAcc_g: 33.03 [97mS:[93m33.3%[97m([91m9.9c[97m-[94mF1:28.7%) [97mU1:[93m64.6%[97m([91m15.4c[97m) [97mU2:[93m55.7%[97m([91m11.0c[97m) [97mR:[93m92.3%[97m([91m24.6c[97m) [97mS-L: [92m0:[96m25% [92m1:[96m74% [92m2:[96m32% [92m3:[96m32% [92m4:[96m37% [92m5:[96m15% [92m6:[96m28%[39m [34mF1_perclass: 65.6-73.4-52.5-58.5-65.6-71.9-29.7 [39m[39m
2026-01-15 10:15:12,520 - Agent - INFO - [37mTest Epoch 53 step 0 with [31mce_loss_combined : 1.485724 [31mce_loss_c : 1.897810 [31mce_loss_g : 1.722025 [31mce_mask0 : 1.490565 [31mce_mask1 : 1.494845 [31mkl_synergy_1 : 0.706958 [31mkl_synergy_2 : 0.683839 [31mtotal : 5.861932 [94mAcc_combined: 58.51 [94mAcc_c: 20.02 [94mAcc_g: 37.37 [97mS:[93m23.3%[97m([91m6.7c[97m-[94mF1:18.8%) [97mU1:[93m64.7%[97m([91m15.7c[97m) [97mU2:[93m62.6%[97m([91m15.2c[97m) [97mR:[93m91.7%[97m([91m20.9c[97m) [97mS-L: [92m1:[96m62% [92m2:[96m16% [92m3:[96m36% [92m4:[96m17% [92m5:[96m19% [92m6:[96m24%[39m [34mF1_perclass: 60.3-77.5-48.9-53.2-62.0-63.7-29.0 [39m[39m
2026-01-15 10:15:13,294 - Agent - INFO - [37mModel saved successfully at: /esat/smcdata/users/kkontras/Image_Dataset/no_backup/data/2025_data/synergy/CremadPlus/v2/SynIB_RMask_fold0_l1_vldsyn_accuracy_fillema_lsparse1_lr0.00001_wd0.0001_clsmlp_bs64.pth.tar[39m
Job finished
