000 (005.021.000) 2026-01-15 08:52:21 Job submitted from host: <10.87.28.151:9618?addrs=10.87.28.151-9618&alias=brigand.esat.kuleuven.be&noUDP&sock=schedd_1447_19a1>
...
001 (005.021.000) 2026-01-15 09:24:37 Job executing on host: <10.87.24.221:9618?addrs=10.87.24.221-9618&alias=pythagoras.esat.kuleuven.be&noUDP&sock=startd_6252_ee32>
	SlotName: slot1_3@pythagoras.esat.kuleuven.be
	AvailableGPUs = { GPUs_GPU_1e452605 }
	CondorScratchDir = "/usr/data/condor/execute/dir_302877/scratch"
	Cpus = 8
	Disk = 1048576
	GPUs = 1
	GPUs_GPU_1e452605 = [ Id = "GPU-1e452605"; ClockMhz = 2520.0; Capability = 8.9; CoresPerCU = 128; DeviceName = "NVIDIA L40S"; DeviceUuid = "1e452605-e0ba-2ab6-3ef7-9ad178fdb564"; ECCEnabled = true; ComputeUnits = 142; NvidiaDriver = "580.119.02"; DriverVersion = 13.0; DevicePciBusId = "0000:41:00.0"; GlobalMemoryMb = 45458; MaxSupportedVersion = 13000 ]
	Memory = 71680
...
006 (005.021.000) 2026-01-15 09:24:46 Image size of job updated: 514664
	503  -  MemoryUsage of job (MB)
	514664  -  ResidentSetSize of job (KB)
...
006 (005.021.000) 2026-01-15 09:29:47 Image size of job updated: 8218344
	1766  -  MemoryUsage of job (MB)
	1807508  -  ResidentSetSize of job (KB)
...
006 (005.021.000) 2026-01-15 09:34:47 Image size of job updated: 8276188
	5409  -  MemoryUsage of job (MB)
	5537928  -  ResidentSetSize of job (KB)
...
006 (005.021.000) 2026-01-15 09:44:48 Image size of job updated: 8345768
	7703  -  MemoryUsage of job (MB)
	7887512  -  ResidentSetSize of job (KB)
...
006 (005.021.000) 2026-01-15 10:14:52 Image size of job updated: 8492052
	7703  -  MemoryUsage of job (MB)
	7887512  -  ResidentSetSize of job (KB)
...
005 (005.021.000) 2026-01-15 10:15:17 Job terminated.
	(1) Normal termination (return value 0)
		Usr 0 01:23:40, Sys 0 00:35:34  -  Run Remote Usage
		Usr 0 00:00:00, Sys 0 00:00:00  -  Run Local Usage
		Usr 0 01:23:40, Sys 0 00:35:34  -  Total Remote Usage
		Usr 0 00:00:00, Sys 0 00:00:00  -  Total Local Usage
	0  -  Run Bytes Sent By Job
	0  -  Run Bytes Received By Job
	0  -  Total Bytes Sent By Job
	0  -  Total Bytes Received By Job
	Partitionable Resources :    Usage  Request Allocated Assigned
	   Cpus                 :     1.96        8         8 
	   Disk (KB)            :     2     1048576   1048576 
	   GPUs                 :     0.46        1         1 "GPU-1e452605"
	   GpusMemory (MB)      :  8031                       
	   Memory (MB)          :  7703       71680     71680 
	   TimeExecute (s)      :  3040                       
	   TimeSlotBusy (s)     :  3040                       
...
