Starting Job
/esat/smcdata/users/kkontras/Image_Dataset/no_backup/git/Synergy/train.py
/esat/smcdata/users/kkontras/Image_Dataset/no_backup/envs/synergy_new/bin/python
Python 3.10.19
/esat/smcdata/users/kkontras/Image_Dataset/no_backup/git/Synergy
We have 1 GPU
/esat/smcdata/users/kkontras/Image_Dataset/no_backup/git/Synergy/train.py
config-./configs/CREMA_D/synergy/jan/synprom_RMask.json
Executing command: python /esat/smcdata/users/kkontras/Image_Dataset/no_backup/git/Synergy/train.py --config ./configs/CREMA_D/synergy/jan/synprom_RMask.json --default_config ./configs/CREMA_D/default_config_cremadplus_res_syn.json --fold 0 --l 1 --lr 0.0001 --wd 0.0001 --cls mlp --batch_size 64 --perturb_fill ema --perturb_lsparse 1
Namespace(config='./configs/CREMA_D/synergy/jan/synprom_RMask.json', default_config='./configs/CREMA_D/default_config_cremadplus_res_syn.json', fold='0', alpha=None, tanh_mode=None, tanh_mode_beta=None, regby=None, clip=None, batch_size='64', l='1', multil=None, l_diffsq=None, lib=None, ratio_us=None, ratio_snr=None, kmepoch=None, num_samples=None, pow=None, nstep=None, contrcoeff=None, kde_coeff=None, etube=None, temperature=None, contr_type=None, shuffle_type=None, validate_with=None, transform_type=None, trasform_before=None, num_classes=None, base_alpha=None, alpha_var=None, base_beta=None, beta_var=None, optim_method=None, ilr_c=None, ilr_g=None, mmcosine_scaling=None, ending_epoch=None, load_ongoing=None, commonlayers=None, recon_weight1=None, recon_weight2=None, recon_epochstages=None, recon_ensemblestages=None, lr='0.0001', wd='0.0001', mm=None, cls='mlp', perturb=None, perturb_fill='ema', perturb_pmax=None, perturb_pmin=None, perturb_lsparse='1', pre=False, frozen=False, tdqm_disable=False, start_over=False)
2026-01-15 08:52:50,655 - Config - INFO - ./configs/CREMA_D/synergy/jan/synprom_RMask.json
2026-01-15 08:52:50,658 - Config - INFO -  THE Configuration of your experiment ..
{'agent': 'Agent',
 'dataset': {'data_roots': '/esat/smcdata/users/kkontras/Image_Dataset/no_backup/CremaD/CREMA-D',
             'data_split': {'fold': 0, 'method': 'non_inclusive'},
             'dataloader_class': 'CramedDPlus_Dataloader',
             'fps': 1,
             'ironic_label_name': 'SARCASM',
             'ironic_modes': ['train', 'val', 'test'],
             'ironic_rate': 1.0,
             'norm': False,
             'norm_face_path': './mydatasets/CREMAD/norm_face_path_fold{}.pkl',
             'norm_wav_path': './mydatasets/CREMAD/wav_norm_22050_fold{}.pkl',
             'num_frame': 3,
             'return_data': {'audio': False,
                             'face': False,
                             'spectrogram': True,
                             'video': True},
             'sampling_rate': 22050},
 'early_stopping': {'end_of_epoch_check': True,
                    'log_interval': 10,
                    'max_epoch': 1500,
                    'n_steps_stop': 30,
                    'n_steps_stop_after': 0,
                    'save_every_step': 3000,
                    'save_every_valstep': 10,
                    'validate_after': 0,
                    'validate_every': 25,
                    'validate_with': 'accuracy'},
 'exp_name': 'CREMAD Experiment',
 'model': {'args': {'bias_infusion': {'contrcoeff': 0.0, 'l': 1.0},
                    'cls_type': 'mlp',
                    'd_model': 512,
                    'dropout': 0.1,
                    'fc_inner': 64,
                    'in_dim': 64,
                    'multi_loss': {'multi_supervised_w': {'c': 1,
                                                          'combined': 1,
                                                          'g': 1}},
                    'norm_decision': False,
                    'num_classes': 7,
                    'synergy_type': 'gaussian'},
           'ceu': {'test': './cremadplus_ceu_test_res.pkl',
                   'val': './cremadplus_ceu_val_res.pkl'},
           'encoders': [{'args': {'d_model': 512,
                                  'dropout': 0.1,
                                  'fc_inner': 64,
                                  'freeze_encoder': False,
                                  'num_classes': 7},
                         'model': 'Audio_ResNet',
                         'name': 'enc_0_modality1_encoder',
                         'pretrainedEncoder': {'dir': 'unimodal_audio_fold{}_lr0.001_wd0.0001_bs64.pth.tar',
                                               'use': True},
                         'save_encoder': False},
                        {'args': {'d_model': 512,
                                  'dropout': 0.1,
                                  'fc_inner': 64,
                                  'freeze_encoder': False,
                                  'num_classes': 7},
                         'model': 'Video_ResNet',
                         'name': 'enc_1_modality2_encoder',
                         'pretrainedEncoder': {'dir': 'unimodal_video_fold{}_lr0.0001_wd0.0001_bs64.pth.tar',
                                               'use': True},
                         'save_encoder': False},
                        {'args': {'d_model': 512,
                                  'dropout': 0.1,
                                  'fc_inner': 64,
                                  'freeze_encoder': False},
                         'model': 'FusionTrunkLinear',
                         'name': 'enc_2_fusion_trunk',
                         'pretrainedEncoder': {'dir': 'enc_2_fusion_trunk_fold{}.pth.tar',
                                               'use': False},
                         'save_encoder': False},
                        {'args': {'freeze_encoder': False,
                                  'in_dim': 64,
                                  'num_classes': 7},
                         'model': 'LinearHead',
                         'name': 'enc_3_fusion_head',
                         'pretrainedEncoder': {'dir': 'enc_3_fusion_head_fold{}.pth.tar',
                                               'use': False},
                         'save_encoder': False},
                        {'args': {'dropout': 0.1,
                                  'freeze_encoder': False,
                                  'hidden_dim': 64,
                                  'in_dim': 512,
                                  'num_classes': 7},
                         'model': 'MLPHead',
                         'name': 'enc_4_unimodal_head_1',
                         'pretrainedEncoder': {'dir': 'enc_4_unimodal1_fold{}.pth.tar',
                                               'use': False},
                         'save_encoder': False},
                        {'args': {'dropout': 0.1,
                                  'freeze_encoder': False,
                                  'hidden_dim': 64,
                                  'in_dim': 512,
                                  'num_classes': 7},
                         'model': 'MLPHead',
                         'name': 'enc_5_unimodal_head_2',
                         'pretrainedEncoder': {'dir': 'enc_5_unimodal2_fold{}.pth.tar',
                                               'use': False},
                         'save_encoder': False}],
           'load_ongoing': False,
           'model_class': 'FusionIBModel_Mask',
           'save_base_dir': '/esat/smcdata/users/kkontras/Image_Dataset/no_backup/data/2025_data/synergy/CremadPlus/v2',
           'save_dir': 'SynIB_RMask_{}.pth.tar'},
 'optimizer': {'beta1': 0.9,
               'beta2': 0.999,
               'learning_rate': 1e-05,
               'momentum': 0.9,
               'type': 'Adam',
               'weight_decay': 1e-05},
 'scheduler': {'max_lr': 0.03, 'type': 'cosanneal', 'warm_up_steps': 780},
 'training_params': {'async_loading': True,
                     'batch_size': 128,
                     'cuda': True,
                     'data_loader_workers': 8,
                     'gpu_device': [0],
                     'pin_memory': False,
                     'rec_test': True,
                     'res': True,
                     'seed': 109,
                     'tdqm_disable': False,
                     'test_batch_size': 128,
                     'test_on_bottoms': True,
                     'use_test_set': True,
                     'validation': True,
                     'verbose': True,
                     'wandb_disable': False}}
2026-01-15 08:52:50,661 - Config - INFO -  *************************************** 
2026-01-15 08:52:50,661 - Config - INFO - The experiment name is CREMAD Experiment
2026-01-15 08:52:50,661 - Config - INFO -  *************************************** 
2026-01-15 08:52:50,661 - root - INFO - save_dir: SynIB_RMask_fold0_l1_fillema_lsparse1_lr0.0001_wd0.0001_clsmlp_bs64.pth.tar
2026-01-15 08:52:50,713 - Cuda Statistics - INFO - __Python VERSION:  3.10.19 (main, Oct 21 2025, 16:43:05) [GCC 11.2.0]
2026-01-15 08:52:50,713 - Cuda Statistics - INFO - __pyTorch VERSION:  2.9.1+cu128
2026-01-15 08:52:50,713 - Cuda Statistics - INFO - __CUDA VERSION
2026-01-15 08:52:50,721 - Cuda Statistics - INFO - __CUDNN VERSION:  91002
2026-01-15 08:52:50,735 - Cuda Statistics - INFO - __Number CUDA Devices:  1
2026-01-15 08:52:50,735 - Cuda Statistics - INFO - __Devices
2026-01-15 08:52:50,735 - Cuda Statistics - INFO - index, name, driver_version, memory.total [MiB], memory.used [MiB], memory.free [MiB]
2026-01-15 08:52:50,735 - Cuda Statistics - INFO - 0, NVIDIA GeForce RTX 2080 Ti, 570.153.02, 11264 MiB, 4 MiB, 10820 MiB
2026-01-15 08:52:50,740 - Cuda Statistics - INFO - Active CUDA Device: GPU 0
2026-01-15 08:52:50,740 - Cuda Statistics - INFO - Available devices  1
2026-01-15 08:52:50,741 - Cuda Statistics - INFO - Current cuda device  0
2026-01-15 08:52:52,696 - CREMADPlusDataset - INFO - Loaded wav norm from ./mydatasets/CREMAD/wav_norm_22050_fold0.pkl
2026-01-15 08:52:52,714 - CREMADPlusDataset - INFO - [train] Ironic pairing enabled: ironic_rate=1.000, target≈673.7, requested_k=674, applied_k=674
2026-01-15 08:52:52,714 - CREMADPlusDataset - INFO - [train] Flipped-to-sarcasm counts by original class: {0: 135, 1: 143, 2: 94, 3: 111, 4: 98, 5: 93}
2026-01-15 08:52:52,714 - CREMADPlusDataset - INFO - [train] Top (orig_label -> donor_label) sarcasm pairs: [('FEA->HAP', 111), ('DIS->HAP', 98), ('SAD->HAP', 94), ('HAP->ANG', 55), ('HAP->DIS', 47), ('HAP->SAD', 41), ('ANG->HAP', 35), ('ANG->NEU', 35), ('NEU->HAP', 32), ('NEU->FEA', 28)]
2026-01-15 08:52:52,714 - CREMADPlusDataset - INFO - [train] Top donor indices reused (idx, times): [(1334, 4), (3408, 3), (2650, 3), (3255, 3), (3446, 3), (3674, 3), (1379, 3), (2982, 3), (4022, 3), (3631, 3)]
2026-01-15 08:52:52,714 - CREMADPlusDataset - INFO - [train] Label distribution after applying ironic pairs: {0: 570, 1: 695, 2: 476, 3: 512, 4: 525, 5: 590, 6: 674}
2026-01-15 08:52:53,142 - CREMADPlusDataset - INFO - Loaded wav norm from ./mydatasets/CREMAD/wav_norm_22050_fold0.pkl
2026-01-15 08:52:53,146 - CREMADPlusDataset - INFO - [val] Ironic pairing enabled: ironic_rate=1.000, target≈146.3, requested_k=146, applied_k=146
2026-01-15 08:52:53,146 - CREMADPlusDataset - INFO - [val] Flipped-to-sarcasm counts by original class: {0: 27, 1: 31, 2: 19, 3: 21, 4: 23, 5: 25}
2026-01-15 08:52:53,146 - CREMADPlusDataset - INFO - [val] Top (orig_label -> donor_label) sarcasm pairs: [('DIS->HAP', 23), ('FEA->HAP', 21), ('SAD->HAP', 19), ('HAP->DIS', 14), ('HAP->ANG', 12), ('NEU->HAP', 10), ('ANG->NEU', 9), ('ANG->SAD', 8), ('ANG->HAP', 8), ('HAP->SAD', 5)]
2026-01-15 08:52:53,146 - CREMADPlusDataset - INFO - [val] Top donor indices reused (idx, times): [(255, 3), (225, 3), (61, 2), (121, 2), (812, 2), (694, 2), (304, 2), (510, 2), (209, 2), (189, 2)]
2026-01-15 08:52:53,146 - CREMADPlusDataset - INFO - [val] Label distribution after applying ironic pairs: {0: 123, 1: 157, 2: 93, 3: 117, 4: 129, 5: 113, 6: 146}
2026-01-15 08:52:53,587 - CREMADPlusDataset - INFO - Loaded wav norm from ./mydatasets/CREMAD/wav_norm_22050_fold0.pkl
2026-01-15 08:52:53,589 - CREMADPlusDataset - INFO - [test] Ironic pairing enabled: ironic_rate=1.000, target≈149.8, requested_k=150, applied_k=150
2026-01-15 08:52:53,589 - CREMADPlusDataset - INFO - [test] Flipped-to-sarcasm counts by original class: {0: 22, 1: 28, 2: 23, 3: 18, 4: 29, 5: 30}
2026-01-15 08:52:53,589 - CREMADPlusDataset - INFO - [test] Top (orig_label -> donor_label) sarcasm pairs: [('DIS->HAP', 29), ('SAD->HAP', 23), ('FEA->HAP', 18), ('ANG->NEU', 13), ('HAP->ANG', 11), ('ANG->HAP', 11), ('HAP->SAD', 9), ('HAP->DIS', 8), ('NEU->HAP', 8), ('ANG->SAD', 6)]
2026-01-15 08:52:53,589 - CREMADPlusDataset - INFO - [test] Top donor indices reused (idx, times): [(606, 3), (246, 2), (796, 2), (75, 2), (612, 2), (686, 2), (425, 2), (281, 2), (501, 2), (115, 2)]
2026-01-15 08:52:53,590 - CREMADPlusDataset - INFO - [test] Label distribution after applying ironic pairs: {0: 125, 1: 162, 2: 95, 3: 123, 4: 109, 5: 135, 6: 150}
2026-01-15 08:52:53,591 - Agent - INFO - Device: cuda:0
2026-01-15 08:52:53,591 - Agent - INFO - Total training batches: 64, validate every 25 batches, steps per epoch: 3
2026-01-15 08:52:54,900 - Agent - INFO - Loss Weights are {'total': 1, 'combined': 1, 'c': 1, 'g': 1}
2026-01-15 08:52:55,528 - root - INFO - Loading enc best model state dict from /esat/smcdata/users/kkontras/Image_Dataset/no_backup/data/2025_data/synergy/CremadPlus/v2/unimodal_audio_fold0_lr0.001_wd0.0001_bs64.pth.tar
2026-01-15 08:52:56,002 - root - INFO - Loading enc best model state dict from /esat/smcdata/users/kkontras/Image_Dataset/no_backup/data/2025_data/synergy/CremadPlus/v2/unimodal_video_fold0_lr0.0001_wd0.0001_bs64.pth.tar
2026-01-15 08:52:56,101 - Agent - INFO - Total number of trainable parameters are: 22487018
2026-01-15 08:53:26,069 - Agent - INFO - [37mVal Epoch 0 step 0 with [31mce_loss_combined : 2.045220 [31mce_loss_c : 1.383450 [31mce_loss_g : 1.751162 [31mce_mask0 : 2.048383 [31mce_mask1 : 2.047941 [31mkl_synergy_1 : 0.297862 [31mkl_synergy_2 : 0.297947 [31mtotal : 6.737354 [94mAcc_combined: 12.19 [94mAcc_c: 53.08 [94mAcc_g: 43.28 [97mS:[93m3.8%[97m([91m1.1c[97m-[94mF1:4.1%) [97mU1:[93m13.9%[97m([91m3.3c[97m) [97mU2:[93m10.9%[97m([91m2.2c[97m) [97mR:[93m20.9%[97m([91m5.6c[97m) [97mS-L: [92m0:[96m50% [92m2:[96m3% [92m3:[96m16% [92m5:[96m5% [92m6:[96m1%[39m [34mF1_perclass: 29.3-1.7-1.8-8.4-0.0-2.4-1.3 [39m[39m
2026-01-15 08:53:26,138 - Agent - INFO - [37mTest Epoch 0 step 0 with [31mce_loss_combined : 2.022011 [31mce_loss_c : 1.492977 [31mce_loss_g : 1.984664 [31mce_mask0 : 2.022669 [31mce_mask1 : 2.034126 [31mkl_synergy_1 : 0.293206 [31mkl_synergy_2 : 0.283097 [31mtotal : 6.655109 [94mAcc_combined: 14.57 [94mAcc_c: 46.38 [94mAcc_g: 39.38 [97mS:[93m6.2%[97m([91m1.8c[97m-[94mF1:5.8%) [97mU1:[93m22.9%[97m([91m5.6c[97m) [97mU2:[93m11.0%[97m([91m2.7c[97m) [97mR:[93m20.0%[97m([91m4.6c[97m) [97mS-L: [92m0:[96m42% [92m2:[96m3% [92m3:[96m19% [92m4:[96m4% [92m5:[96m5% [92m6:[96m1%[39m [34mF1_perclass: 27.5-0.0-2.1-22.0-5.6-1.3-1.3 [39m[39m
2026-01-15 08:53:26,340 - Agent - INFO - [37mModel saved successfully at: /esat/smcdata/users/kkontras/Image_Dataset/no_backup/data/2025_data/synergy/CremadPlus/v2/SynIB_RMask_fold0_l1_fillema_lsparse1_lr0.0001_wd0.0001_clsmlp_bs64.pth.tar[39m
2026-01-15 08:53:26,342 - Agent - INFO - Total number of trainable parameters are: 22487018
2026-01-15 08:55:00,545 - Agent - INFO - [37mVal Epoch 1 step 1 with [31mce_loss_combined : 1.451846 [31mce_loss_c : 1.535573 [31mce_loss_g : 2.064867 [31mce_mask0 : 1.456597 [31mce_mask1 : 1.463848 [31mkl_synergy_1 : 0.838190 [31mkl_synergy_2 : 0.900552 [31mtotal : 6.111034 [94mAcc_combined: 54.78 [94mAcc_c: 43.17 [94mAcc_g: 21.18 [97mS:[93m22.6%[97m([91m6.7c[97m-[94mF1:19.6%) [97mU1:[93m54.1%[97m([91m12.9c[97m) [97mU2:[93m59.8%[97m([91m11.8c[97m) [97mR:[93m87.6%[97m([91m23.3c[97m) [97mS-L: [92m0:[96m25% [92m1:[96m100% [92m2:[96m19% [92m3:[96m48% [92m4:[96m3% [92m5:[96m20% [92m6:[96m7%[39m [34mF1_perclass: 56.8-64.2-46.2-49.1-62.1-73.5-9.6 [39m[39m
2026-01-15 08:55:00,580 - Agent - INFO - [37mTest Epoch 1 step 1 with [31mce_loss_combined : 1.527754 [31mce_loss_c : 1.758635 [31mce_loss_g : 1.890808 [31mce_mask0 : 1.538695 [31mce_mask1 : 1.556327 [31mkl_synergy_1 : 0.860657 [31mkl_synergy_2 : 0.890792 [31mtotal : 6.374225 [94mAcc_combined: 50.28 [94mAcc_c: 37.04 [94mAcc_g: 22.02 [97mS:[93m10.9%[97m([91m3.1c[97m-[94mF1:9.1%) [97mU1:[93m50.9%[97m([91m12.3c[97m) [97mU2:[93m65.3%[97m([91m15.9c[97m) [97mR:[93m82.9%[97m([91m18.9c[97m) [97mS-L: [92m1:[96m88% [92m2:[96m5% [92m3:[96m28% [92m5:[96m14% [92m6:[96m5%[39m [34mF1_perclass: 56.0-55.2-49.7-48.6-46.8-65.4-8.3 [39m[39m
2026-01-15 08:55:01,372 - Agent - INFO - [37mModel saved successfully at: /esat/smcdata/users/kkontras/Image_Dataset/no_backup/data/2025_data/synergy/CremadPlus/v2/SynIB_RMask_fold0_l1_fillema_lsparse1_lr0.0001_wd0.0001_clsmlp_bs64.pth.tar[39m
2026-01-15 08:55:01,377 - Agent - INFO - Total number of trainable parameters are: 22487018
2026-01-15 08:56:30,050 - Agent - INFO - [37mVal Epoch 2 step 2 with [31mce_loss_combined : 1.414209 [31mce_loss_c : 1.782012 [31mce_loss_g : 1.772019 [31mce_mask0 : 1.421508 [31mce_mask1 : 1.424256 [31mkl_synergy_1 : 0.699828 [31mkl_synergy_2 : 0.628257 [31mtotal : 5.588059 [94mAcc_combined: 62.30 [94mAcc_c: 30.87 [94mAcc_g: 29.73 [97mS:[93m29.1%[97m([91m8.7c[97m-[94mF1:28.6%) [97mU1:[93m68.9%[97m([91m16.4c[97m) [97mU2:[93m59.2%[97m([91m11.7c[97m) [97mR:[93m95.7%[97m([91m25.5c[97m) [97mS-L: [92m0:[96m25% [92m1:[96m78% [92m2:[96m19% [92m3:[96m42% [92m4:[96m20% [92m5:[96m60% [92m6:[96m16%[39m [34mF1_perclass: 66.4-76.7-48.7-57.9-68.6-72.7-22.6 [39m[39m
2026-01-15 08:56:30,078 - Agent - INFO - [37mTest Epoch 2 step 2 with [31mce_loss_combined : 1.533579 [31mce_loss_c : 1.805779 [31mce_loss_g : 1.752351 [31mce_mask0 : 1.512940 [31mce_mask1 : 1.538287 [31mkl_synergy_1 : 0.671208 [31mkl_synergy_2 : 0.609726 [31mtotal : 5.865739 [94mAcc_combined: 54.39 [94mAcc_c: 29.25 [94mAcc_g: 32.26 [97mS:[93m14.4%[97m([91m4.1c[97m-[94mF1:11.9%) [97mU1:[93m59.6%[97m([91m14.5c[97m) [97mU2:[93m62.1%[97m([91m15.1c[97m) [97mR:[93m90.7%[97m([91m20.7c[97m) [97mS-L: [92m1:[96m75% [92m2:[96m5% [92m3:[96m39% [92m5:[96m33% [92m6:[96m7%[39m [34mF1_perclass: 62.9-68.0-44.0-52.3-59.5-56.9-9.6 [39m[39m
2026-01-15 08:56:30,955 - Agent - INFO - [37mModel saved successfully at: /esat/smcdata/users/kkontras/Image_Dataset/no_backup/data/2025_data/synergy/CremadPlus/v2/SynIB_RMask_fold0_l1_fillema_lsparse1_lr0.0001_wd0.0001_clsmlp_bs64.pth.tar[39m
2026-01-15 08:56:30,961 - Agent - INFO - Total number of trainable parameters are: 22487018
2026-01-15 08:58:01,715 - Agent - INFO - [37mVal Epoch 3 step 3 with [31mce_loss_combined : 1.473854 [31mce_loss_c : 1.910574 [31mce_loss_g : 1.848224 [31mce_mask0 : 1.486170 [31mce_mask1 : 1.478301 [31mkl_synergy_1 : 0.631724 [31mkl_synergy_2 : 0.616539 [31mtotal : 5.686587 [94mAcc_combined: 57.63 [94mAcc_c: 22.32 [94mAcc_g: 23.01 [97mS:[93m38.7%[97m([91m11.5c[97m-[94mF1:31.1%) [97mU1:[93m65.1%[97m([91m15.5c[97m) [97mU2:[93m46.0%[97m([91m9.1c[97m) [97mR:[93m80.8%[97m([91m21.5c[97m) [97mS-L: [92m0:[96m25% [92m1:[96m83% [92m2:[96m24% [92m3:[96m26% [92m4:[96m27% [92m5:[96m15% [92m6:[96m46%[39m [34mF1_perclass: 61.8-77.4-51.8-42.4-67.8-75.0-34.1 [39m[39m
2026-01-15 08:58:01,742 - Agent - INFO - [37mTest Epoch 3 step 3 with [31mce_loss_combined : 1.529491 [31mce_loss_c : 1.890210 [31mce_loss_g : 1.808503 [31mce_mask0 : 1.554476 [31mce_mask1 : 1.542552 [31mkl_synergy_1 : 0.638004 [31mkl_synergy_2 : 0.639285 [31mtotal : 5.903808 [94mAcc_combined: 56.73 [94mAcc_c: 23.58 [94mAcc_g: 22.91 [97mS:[93m29.2%[97m([91m8.3c[97m-[94mF1:17.0%) [97mU1:[93m61.5%[97m([91m14.9c[97m) [97mU2:[93m56.2%[97m([91m13.7c[97m) [97mR:[93m86.8%[97m([91m19.8c[97m) [97mS-L: [92m1:[96m50% [92m2:[96m11% [92m3:[96m44% [92m5:[96m10% [92m6:[96m42%[39m [34mF1_perclass: 60.5-76.3-49.7-48.4-59.8-66.9-33.1 [39m[39m
2026-01-15 08:58:01,743 - Agent - INFO - Total number of trainable parameters are: 22487018
2026-01-15 08:59:30,542 - Agent - INFO - [37mVal Epoch 4 step 4 with [31mce_loss_combined : 1.508736 [31mce_loss_c : 1.655900 [31mce_loss_g : 1.718267 [31mce_mask0 : 1.518072 [31mce_mask1 : 1.511640 [31mkl_synergy_1 : 0.703138 [31mkl_synergy_2 : 0.755593 [31mtotal : 5.997178 [94mAcc_combined: 51.25 [94mAcc_c: 40.21 [94mAcc_g: 28.47 [97mS:[93m28.0%[97m([91m8.3c[97m-[94mF1:22.1%) [97mU1:[93m49.8%[97m([91m11.8c[97m) [97mU2:[93m46.0%[97m([91m9.1c[97m) [97mR:[93m82.5%[97m([91m22.0c[97m) [97mS-L: [92m0:[96m25% [92m1:[96m87% [92m2:[96m14% [92m3:[96m45% [92m5:[96m25% [92m6:[96m24%[39m [34mF1_perclass: 67.9-66.0-30.4-41.4-53.8-66.7-23.9 [39m[39m
2026-01-15 08:59:30,565 - Agent - INFO - [37mTest Epoch 4 step 4 with [31mce_loss_combined : 1.612287 [31mce_loss_c : 1.644169 [31mce_loss_g : 1.817965 [31mce_mask0 : 1.625344 [31mce_mask1 : 1.631657 [31mkl_synergy_1 : 0.716018 [31mkl_synergy_2 : 0.732537 [31mtotal : 6.317843 [94mAcc_combined: 47.61 [94mAcc_c: 36.37 [94mAcc_g: 29.59 [97mS:[93m21.4%[97m([91m6.1c[97m-[94mF1:12.4%) [97mU1:[93m43.1%[97m([91m10.5c[97m) [97mU2:[93m52.5%[97m([91m12.8c[97m) [97mR:[93m80.0%[97m([91m18.2c[97m) [97mS-L: [92m1:[96m50% [92m3:[96m42% [92m5:[96m19% [92m6:[96m27%[39m [34mF1_perclass: 54.0-59.1-19.6-46.3-41.1-58.6-26.0 [39m[39m
2026-01-15 08:59:30,566 - Agent - INFO - Total number of trainable parameters are: 22487018
2026-01-15 09:00:57,753 - Agent - INFO - [37mVal Epoch 5 step 5 with [31mce_loss_combined : 1.493799 [31mce_loss_c : 1.566505 [31mce_loss_g : 1.682885 [31mce_mask0 : 1.500693 [31mce_mask1 : 1.511674 [31mkl_synergy_1 : 0.630868 [31mkl_synergy_2 : 0.612596 [31mtotal : 5.749630 [94mAcc_combined: 56.26 [94mAcc_c: 43.39 [94mAcc_g: 32.23 [97mS:[93m22.2%[97m([91m6.6c[97m-[94mF1:20.7%) [97mU1:[93m68.9%[97m([91m16.4c[97m) [97mU2:[93m49.4%[97m([91m9.8c[97m) [97mR:[93m88.0%[97m([91m23.5c[97m) [97mS-L: [92m0:[96m25% [92m1:[96m52% [92m2:[96m11% [92m3:[96m19% [92m4:[96m57% [92m5:[96m15% [92m6:[96m13%[39m [34mF1_perclass: 65.8-67.3-38.9-54.3-55.4-74.3-17.6 [39m[39m
2026-01-15 09:00:57,779 - Agent - INFO - [37mTest Epoch 5 step 5 with [31mce_loss_combined : 1.548154 [31mce_loss_c : 1.602417 [31mce_loss_g : 1.733835 [31mce_mask0 : 1.561920 [31mce_mask1 : 1.548069 [31mkl_synergy_1 : 0.631713 [31mkl_synergy_2 : 0.583995 [31mtotal : 5.873850 [94mAcc_combined: 54.62 [94mAcc_c: 39.82 [94mAcc_g: 30.92 [97mS:[93m17.1%[97m([91m4.9c[97m-[94mF1:15.3%) [97mU1:[93m67.9%[97m([91m16.5c[97m) [97mU2:[93m55.3%[97m([91m13.5c[97m) [97mR:[93m86.8%[97m([91m19.8c[97m) [97mS-L: [92m0:[96m8% [92m1:[96m50% [92m2:[96m13% [92m3:[96m14% [92m4:[96m54% [92m5:[96m14% [92m6:[96m11%[39m [34mF1_perclass: 67.5-74.3-46.0-34.6-50.3-68.4-16.2 [39m[39m
2026-01-15 09:00:57,780 - Agent - INFO - Total number of trainable parameters are: 22487018
2026-01-15 09:02:22,721 - Agent - INFO - [37mVal Epoch 6 step 6 with [31mce_loss_combined : 1.473692 [31mce_loss_c : 1.513089 [31mce_loss_g : 1.554731 [31mce_mask0 : 1.478857 [31mce_mask1 : 1.490373 [31mkl_synergy_1 : 0.538663 [31mkl_synergy_2 : 0.569843 [31mtotal : 5.551427 [94mAcc_combined: 59.45 [94mAcc_c: 45.56 [94mAcc_g: 42.71 [97mS:[93m29.5%[97m([91m8.8c[97m-[94mF1:25.8%) [97mU1:[93m66.5%[97m([91m15.8c[97m) [97mU2:[93m52.3%[97m([91m10.4c[97m) [97mR:[93m91.9%[97m([91m24.5c[97m) [97mS-L: [92m1:[96m70% [92m2:[96m3% [92m3:[96m39% [92m4:[96m23% [92m5:[96m65% [92m6:[96m24%[39m [34mF1_perclass: 69.0-74.9-31.5-56.3-67.2-72.1-24.5 [39m[39m
2026-01-15 09:02:22,792 - Agent - INFO - [37mTest Epoch 6 step 6 with [31mce_loss_combined : 1.569322 [31mce_loss_c : 1.584124 [31mce_loss_g : 1.681610 [31mce_mask0 : 1.583240 [31mce_mask1 : 1.593056 [31mkl_synergy_1 : 0.572693 [31mkl_synergy_2 : 0.580016 [31mtotal : 5.898327 [94mAcc_combined: 53.28 [94mAcc_c: 42.16 [94mAcc_g: 40.16 [97mS:[93m21.4%[97m([91m6.1c[97m-[94mF1:15.2%) [97mU1:[93m57.3%[97m([91m13.9c[97m) [97mU2:[93m55.3%[97m([91m13.5c[97m) [97mR:[93m86.8%[97m([91m19.8c[97m) [97mS-L: [92m1:[96m38% [92m3:[96m39% [92m4:[96m8% [92m5:[96m57% [92m6:[96m20%[39m [34mF1_perclass: 62.1-70.0-18.0-52.4-54.2-60.6-24.0 [39m[39m
2026-01-15 09:02:22,793 - Agent - INFO - Total number of trainable parameters are: 22487018
2026-01-15 09:03:49,891 - Agent - INFO - [37mVal Epoch 7 step 7 with [31mce_loss_combined : 1.473222 [31mce_loss_c : 1.567619 [31mce_loss_g : 1.556910 [31mce_mask0 : 1.477305 [31mce_mask1 : 1.481620 [31mkl_synergy_1 : 0.533681 [31mkl_synergy_2 : 0.494135 [31mtotal : 5.459962 [94mAcc_combined: 60.82 [94mAcc_c: 44.19 [94mAcc_g: 43.05 [97mS:[93m23.0%[97m([91m6.8c[97m-[94mF1:20.6%) [97mU1:[93m75.1%[97m([91m17.9c[97m) [97mU2:[93m54.6%[97m([91m10.8c[97m) [97mR:[93m94.9%[97m([91m25.3c[97m) [97mS-L: [92m0:[96m25% [92m1:[96m78% [92m2:[96m32% [92m3:[96m32% [92m4:[96m20% [92m5:[96m5% [92m6:[96m10%[39m [34mF1_perclass: 68.3-71.0-52.2-57.8-69.6-74.1-13.4 [39m[39m
2026-01-15 09:03:49,916 - Agent - INFO - [37mTest Epoch 7 step 7 with [31mce_loss_combined : 1.537066 [31mce_loss_c : 1.613765 [31mce_loss_g : 1.625121 [31mce_mask0 : 1.537165 [31mce_mask1 : 1.556278 [31mkl_synergy_1 : 0.534240 [31mkl_synergy_2 : 0.473730 [31mtotal : 5.638479 [94mAcc_combined: 57.06 [94mAcc_c: 41.16 [94mAcc_g: 39.93 [97mS:[93m16.3%[97m([91m4.7c[97m-[94mF1:14.6%) [97mU1:[93m68.8%[97m([91m16.7c[97m) [97mU2:[93m63.0%[97m([91m15.4c[97m) [97mR:[93m89.3%[97m([91m20.4c[97m) [97mS-L: [92m0:[96m8% [92m1:[96m62% [92m2:[96m21% [92m3:[96m36% [92m4:[96m12% [92m5:[96m10% [92m6:[96m8%[39m [34mF1_perclass: 64.4-68.9-51.6-51.1-59.7-67.9-14.8 [39m[39m
2026-01-15 09:03:49,917 - Agent - INFO - Total number of trainable parameters are: 22487018
2026-01-15 09:05:21,285 - Agent - INFO - [37mVal Epoch 8 step 8 with [31mce_loss_combined : 1.500773 [31mce_loss_c : 1.557667 [31mce_loss_g : 1.572050 [31mce_mask0 : 1.513763 [31mce_mask1 : 1.504607 [31mkl_synergy_1 : 0.677839 [31mkl_synergy_2 : 0.617937 [31mtotal : 5.814919 [94mAcc_combined: 55.92 [94mAcc_c: 48.97 [94mAcc_g: 42.37 [97mS:[93m27.6%[97m([91m8.2c[97m-[94mF1:26.7%) [97mU1:[93m73.2%[97m([91m17.4c[97m) [97mU2:[93m42.0%[97m([91m8.3c[97m) [97mR:[93m82.5%[97m([91m22.0c[97m) [97mS-L: [92m0:[96m25% [92m1:[96m61% [92m2:[96m65% [92m3:[96m23% [92m4:[96m33% [92m5:[96m25% [92m6:[96m9%[39m [34mF1_perclass: 59.7-70.7-47.0-55.1-59.3-74.8-12.3 [39m[39m
2026-01-15 09:05:21,318 - Agent - INFO - [37mTest Epoch 8 step 8 with [31mce_loss_combined : 1.559715 [31mce_loss_c : 1.595635 [31mce_loss_g : 1.594140 [31mce_mask0 : 1.558135 [31mce_mask1 : 1.567149 [31mkl_synergy_1 : 0.728710 [31mkl_synergy_2 : 0.667523 [31mtotal : 6.081232 [94mAcc_combined: 50.72 [94mAcc_c: 41.82 [94mAcc_g: 43.16 [97mS:[93m17.1%[97m([91m4.9c[97m-[94mF1:14.3%) [97mU1:[93m66.1%[97m([91m16.0c[97m) [97mU2:[93m48.9%[97m([91m11.9c[97m) [97mR:[93m78.5%[97m([91m17.9c[97m) [97mS-L: [92m0:[96m8% [92m1:[96m62% [92m2:[96m55% [92m3:[96m6% [92m4:[96m17% [92m5:[96m10% [92m6:[96m8%[39m [34mF1_perclass: 53.1-71.7-43.6-26.8-54.1-64.5-12.4 [39m[39m
2026-01-15 09:05:21,319 - Agent - INFO - Total number of trainable parameters are: 22487018
2026-01-15 09:06:44,191 - Agent - INFO - [37mVal Epoch 9 step 9 with [31mce_loss_combined : 1.507046 [31mce_loss_c : 1.547801 [31mce_loss_g : 1.528130 [31mce_mask0 : 1.513106 [31mce_mask1 : 1.518838 [31mkl_synergy_1 : 0.526092 [31mkl_synergy_2 : 0.491313 [31mtotal : 5.556396 [94mAcc_combined: 59.34 [94mAcc_c: 47.15 [94mAcc_g: 42.03 [97mS:[93m32.2%[97m([91m9.6c[97m-[94mF1:29.0%) [97mU1:[93m73.7%[97m([91m17.5c[97m) [97mU2:[93m42.5%[97m([91m8.4c[97m) [97mR:[93m89.3%[97m([91m23.8c[97m) [97mS-L: [92m1:[96m52% [92m2:[96m16% [92m3:[96m29% [92m4:[96m27% [92m5:[96m60% [92m6:[96m32%[39m [34mF1_perclass: 65.2-69.8-50.3-56.2-68.2-68.7-30.2 [39m[39m
2026-01-15 09:06:44,274 - Agent - INFO - [37mTest Epoch 9 step 9 with [31mce_loss_combined : 1.569077 [31mce_loss_c : 1.593040 [31mce_loss_g : 1.674714 [31mce_mask0 : 1.572688 [31mce_mask1 : 1.565107 [31mkl_synergy_1 : 0.496666 [31mkl_synergy_2 : 0.450232 [31mtotal : 5.653770 [94mAcc_combined: 53.39 [94mAcc_c: 43.05 [94mAcc_g: 40.16 [97mS:[93m25.3%[97m([91m7.2c[97m-[94mF1:17.1%) [97mU1:[93m62.8%[97m([91m15.2c[97m) [97mU2:[93m46.6%[97m([91m11.3c[97m) [97mR:[93m85.9%[97m([91m19.6c[97m) [97mS-L: [92m1:[96m38% [92m2:[96m3% [92m3:[96m19% [92m4:[96m8% [92m5:[96m57% [92m6:[96m34%[39m [34mF1_perclass: 58.6-66.2-41.4-46.5-56.0-60.5-33.6 [39m[39m
2026-01-15 09:06:44,275 - Agent - INFO - Total number of trainable parameters are: 22487018
2026-01-15 09:08:14,703 - Agent - INFO - [37mVal Epoch 10 step 10 with [31mce_loss_combined : 1.509305 [31mce_loss_c : 1.489243 [31mce_loss_g : 1.497210 [31mce_mask0 : 1.515738 [31mce_mask1 : 1.514415 [31mkl_synergy_1 : 0.523416 [31mkl_synergy_2 : 0.474950 [31mtotal : 5.537824 [94mAcc_combined: 60.02 [94mAcc_c: 47.84 [94mAcc_g: 41.34 [97mS:[93m38.3%[97m([91m11.4c[97m-[94mF1:32.4%) [97mU1:[93m65.6%[97m([91m15.6c[97m) [97mU2:[93m47.1%[97m([91m9.3c[97m) [97mR:[93m88.9%[97m([91m23.7c[97m) [97mS-L: [92m0:[96m25% [92m1:[96m65% [92m2:[96m24% [92m3:[96m32% [92m4:[96m30% [92m5:[96m30% [92m6:[96m43%[39m [34mF1_perclass: 64.8-73.1-44.2-54.8-65.9-78.2-37.7 [39m[39m
2026-01-15 09:08:14,734 - Agent - INFO - [37mTest Epoch 10 step 10 with [31mce_loss_combined : 1.541238 [31mce_loss_c : 1.493966 [31mce_loss_g : 1.635710 [31mce_mask0 : 1.534910 [31mce_mask1 : 1.548199 [31mkl_synergy_1 : 0.500097 [31mkl_synergy_2 : 0.462873 [31mtotal : 5.587317 [94mAcc_combined: 56.73 [94mAcc_c: 43.94 [94mAcc_g: 41.16 [97mS:[93m29.2%[97m([91m8.3c[97m-[94mF1:19.4%) [97mU1:[93m66.1%[97m([91m16.0c[97m) [97mU2:[93m53.4%[97m([91m13.0c[97m) [97mR:[93m84.9%[97m([91m19.4c[97m) [97mS-L: [92m1:[96m38% [92m2:[96m13% [92m3:[96m33% [92m4:[96m17% [92m5:[96m14% [92m6:[96m41%[39m [34mF1_perclass: 55.0-69.0-49.7-51.9-61.2-68.1-38.6 [39m[39m
2026-01-15 09:08:15,868 - Agent - INFO - Total number of trainable parameters are: 22487018
2026-01-15 09:09:40,826 - Agent - INFO - [37mVal Epoch 11 step 11 with [31mce_loss_combined : 1.615228 [31mce_loss_c : 1.526370 [31mce_loss_g : 2.231598 [31mce_mask0 : 1.619447 [31mce_mask1 : 1.620246 [31mkl_synergy_1 : 0.474040 [31mkl_synergy_2 : 0.408367 [31mtotal : 5.737328 [94mAcc_combined: 50.00 [94mAcc_c: 44.31 [94mAcc_g: 30.18 [97mS:[93m33.7%[97m([91m10.0c[97m-[94mF1:25.2%) [97mU1:[93m56.0%[97m([91m13.3c[97m) [97mU2:[93m34.5%[97m([91m6.8c[97m) [97mR:[93m74.4%[97m([91m19.8c[97m) [97mS-L: [92m0:[96m25% [92m1:[96m22% [92m3:[96m23% [92m4:[96m57% [92m5:[96m25% [92m6:[96m46%[39m [34mF1_perclass: 61.2-47.7-15.8-50.5-57.1-74.9-31.9 [39m[39m
2026-01-15 09:09:40,855 - Agent - INFO - [37mTest Epoch 11 step 11 with [31mce_loss_combined : 1.597768 [31mce_loss_c : 1.545833 [31mce_loss_g : 2.037324 [31mce_mask0 : 1.591321 [31mce_mask1 : 1.604854 [31mkl_synergy_1 : 0.473303 [31mkl_synergy_2 : 0.406704 [31mtotal : 5.673950 [94mAcc_combined: 50.61 [94mAcc_c: 40.60 [94mAcc_g: 36.93 [97mS:[93m27.6%[97m([91m7.9c[97m-[94mF1:18.5%) [97mU1:[93m61.9%[97m([91m15.0c[97m) [97mU2:[93m40.6%[97m([91m9.9c[97m) [97mR:[93m78.0%[97m([91m17.8c[97m) [97mS-L: [92m0:[96m17% [92m1:[96m38% [92m3:[96m22% [92m4:[96m29% [92m5:[96m14% [92m6:[96m41%[39m [34mF1_perclass: 61.9-65.5-25.2-43.6-48.6-63.3-35.3 [39m[39m
2026-01-15 09:09:40,857 - Agent - INFO - Total number of trainable parameters are: 22487018
2026-01-15 09:11:11,390 - Agent - INFO - [37mVal Epoch 12 step 12 with [31mce_loss_combined : 1.520765 [31mce_loss_c : 1.521607 [31mce_loss_g : 1.618508 [31mce_mask0 : 1.533849 [31mce_mask1 : 1.524859 [31mkl_synergy_1 : 0.545513 [31mkl_synergy_2 : 0.472897 [31mtotal : 5.597883 [94mAcc_combined: 56.15 [94mAcc_c: 50.34 [94mAcc_g: 41.12 [97mS:[93m30.7%[97m([91m9.1c[97m-[94mF1:29.0%) [97mU1:[93m66.5%[97m([91m15.8c[97m) [97mU2:[93m39.1%[97m([91m7.7c[97m) [97mR:[93m88.0%[97m([91m23.5c[97m) [97mS-L: [92m0:[96m50% [92m1:[96m48% [92m2:[96m11% [92m3:[96m35% [92m4:[96m13% [92m5:[96m40% [92m6:[96m34%[39m [34mF1_perclass: 59.2-65.1-38.6-55.1-64.3-71.8-34.5 [39m[39m
2026-01-15 09:11:11,421 - Agent - INFO - [37mTest Epoch 12 step 12 with [31mce_loss_combined : 1.527886 [31mce_loss_c : 1.575578 [31mce_loss_g : 1.650794 [31mce_mask0 : 1.518467 [31mce_mask1 : 1.530646 [31mkl_synergy_1 : 0.516630 [31mkl_synergy_2 : 0.444376 [31mtotal : 5.538005 [94mAcc_combined: 52.73 [94mAcc_c: 42.49 [94mAcc_g: 40.38 [97mS:[93m28.0%[97m([91m8.0c[97m-[94mF1:18.3%) [97mU1:[93m66.5%[97m([91m16.1c[97m) [97mU2:[93m39.3%[97m([91m9.6c[97m) [97mR:[93m83.4%[97m([91m19.0c[97m) [97mS-L: [92m0:[96m25% [92m1:[96m25% [92m2:[96m3% [92m3:[96m31% [92m5:[96m38% [92m6:[96m40%[39m [34mF1_perclass: 63.9-56.7-39.1-47.6-51.6-66.9-34.8 [39m[39m
2026-01-15 09:11:11,423 - Agent - INFO - Total number of trainable parameters are: 22487018
2026-01-15 09:12:36,574 - Agent - INFO - [37mVal Epoch 13 step 13 with [31mce_loss_combined : 1.493398 [31mce_loss_c : 1.560580 [31mce_loss_g : 1.514480 [31mce_mask0 : 1.507289 [31mce_mask1 : 1.502380 [31mkl_synergy_1 : 0.554508 [31mkl_synergy_2 : 0.422171 [31mtotal : 5.479745 [94mAcc_combined: 58.20 [94mAcc_c: 48.97 [94mAcc_g: 43.96 [97mS:[93m33.3%[97m([91m9.9c[97m-[94mF1:31.0%) [97mU1:[93m71.8%[97m([91m17.1c[97m) [97mU2:[93m42.5%[97m([91m8.4c[97m) [97mR:[93m85.5%[97m([91m22.8c[97m) [97mS-L: [92m0:[96m25% [92m1:[96m43% [92m2:[96m27% [92m3:[96m39% [92m4:[96m23% [92m5:[96m40% [92m6:[96m34%[39m [34mF1_perclass: 61.9-65.6-48.6-57.2-67.0-75.0-32.1 [39m[39m
2026-01-15 09:12:36,621 - Agent - INFO - [37mTest Epoch 13 step 13 with [31mce_loss_combined : 1.499179 [31mce_loss_c : 1.574574 [31mce_loss_g : 1.558193 [31mce_mask0 : 1.525414 [31mce_mask1 : 1.506495 [31mkl_synergy_1 : 0.552736 [31mkl_synergy_2 : 0.435044 [31mtotal : 5.518868 [94mAcc_combined: 54.62 [94mAcc_c: 42.83 [94mAcc_g: 45.94 [97mS:[93m24.9%[97m([91m7.1c[97m-[94mF1:17.9%) [97mU1:[93m74.8%[97m([91m18.1c[97m) [97mU2:[93m43.8%[97m([91m10.7c[97m) [97mR:[93m82.0%[97m([91m18.7c[97m) [97mS-L: [92m1:[96m25% [92m2:[96m8% [92m3:[96m39% [92m4:[96m8% [92m5:[96m38% [92m6:[96m30%[39m [34mF1_perclass: 63.3-59.1-55.9-50.5-58.2-64.6-31.3 [39m[39m
2026-01-15 09:12:36,623 - Agent - INFO - Total number of trainable parameters are: 22487018
2026-01-15 09:13:57,307 - Agent - INFO - [37mVal Epoch 14 step 14 with [31mce_loss_combined : 1.489574 [31mce_loss_c : 1.572741 [31mce_loss_g : 1.455422 [31mce_mask0 : 1.503731 [31mce_mask1 : 1.503860 [31mkl_synergy_1 : 0.557080 [31mkl_synergy_2 : 0.414595 [31mtotal : 5.468841 [94mAcc_combined: 59.45 [94mAcc_c: 49.77 [94mAcc_g: 43.74 [97mS:[93m34.5%[97m([91m10.3c[97m-[94mF1:30.8%) [97mU1:[93m73.2%[97m([91m17.4c[97m) [97mU2:[93m40.8%[97m([91m8.1c[97m) [97mR:[93m88.9%[97m([91m23.7c[97m) [97mS-L: [92m0:[96m50% [92m1:[96m52% [92m2:[96m24% [92m3:[96m29% [92m4:[96m30% [92m5:[96m25% [92m6:[96m38%[39m [34mF1_perclass: 63.1-68.3-49.7-58.6-65.9-77.5-34.3 [39m[39m
2026-01-15 09:13:57,333 - Agent - INFO - [37mTest Epoch 14 step 14 with [31mce_loss_combined : 1.511950 [31mce_loss_c : 1.582376 [31mce_loss_g : 1.592981 [31mce_mask0 : 1.500258 [31mce_mask1 : 1.516938 [31mkl_synergy_1 : 0.510372 [31mkl_synergy_2 : 0.386849 [31mtotal : 5.426368 [94mAcc_combined: 55.28 [94mAcc_c: 43.05 [94mAcc_g: 43.38 [97mS:[93m28.8%[97m([91m8.2c[97m-[94mF1:19.9%) [97mU1:[93m71.6%[97m([91m17.4c[97m) [97mU2:[93m43.4%[97m([91m10.6c[97m) [97mR:[93m83.9%[97m([91m19.1c[97m) [97mS-L: [92m1:[96m25% [92m2:[96m16% [92m3:[96m31% [92m4:[96m17% [92m5:[96m24% [92m6:[96m39%[39m [34mF1_perclass: 60.2-61.9-51.4-49.0-58.2-70.0-35.7 [39m[39m
2026-01-15 09:13:57,335 - Agent - INFO - Total number of trainable parameters are: 22487018
2026-01-15 09:15:26,883 - Agent - INFO - [37mVal Epoch 15 step 15 with [31mce_loss_combined : 1.501280 [31mce_loss_c : 1.579114 [31mce_loss_g : 1.485512 [31mce_mask0 : 1.504858 [31mce_mask1 : 1.504302 [31mkl_synergy_1 : 0.551328 [31mkl_synergy_2 : 0.412591 [31mtotal : 5.474359 [94mAcc_combined: 59.23 [94mAcc_c: 47.84 [94mAcc_g: 43.51 [97mS:[93m34.1%[97m([91m10.1c[97m-[94mF1:31.6%) [97mU1:[93m69.9%[97m([91m16.6c[97m) [97mU2:[93m43.7%[97m([91m8.7c[97m) [97mR:[93m89.3%[97m([91m23.8c[97m) [97mS-L: [92m0:[96m25% [92m1:[96m52% [92m2:[96m24% [92m3:[96m39% [92m4:[96m30% [92m5:[96m40% [92m6:[96m33%[39m [34mF1_perclass: 61.2-69.3-46.8-60.0-65.4-76.3-31.1 [39m[39m
2026-01-15 09:15:26,909 - Agent - INFO - [37mTest Epoch 15 step 15 with [31mce_loss_combined : 1.505105 [31mce_loss_c : 1.591030 [31mce_loss_g : 1.578545 [31mce_mask0 : 1.524120 [31mce_mask1 : 1.511500 [31mkl_synergy_1 : 0.538519 [31mkl_synergy_2 : 0.400242 [31mtotal : 5.479486 [94mAcc_combined: 55.17 [94mAcc_c: 42.71 [94mAcc_g: 46.50 [97mS:[93m27.2%[97m([91m7.8c[97m-[94mF1:18.8%) [97mU1:[93m72.5%[97m([91m17.6c[97m) [97mU2:[93m45.2%[97m([91m11.0c[97m) [97mR:[93m82.4%[97m([91m18.8c[97m) [97mS-L: [92m1:[96m25% [92m2:[96m11% [92m3:[96m31% [92m4:[96m17% [92m5:[96m29% [92m6:[96m36%[39m [34mF1_perclass: 59.7-61.1-51.5-48.6-57.5-67.9-36.6 [39m[39m
2026-01-15 09:15:26,911 - Agent - INFO - Total number of trainable parameters are: 22487018
2026-01-15 09:16:54,252 - Agent - INFO - [37mVal Epoch 16 step 16 with [31mce_loss_combined : 1.590235 [31mce_loss_c : 1.582600 [31mce_loss_g : 1.649129 [31mce_mask0 : 1.591781 [31mce_mask1 : 1.598784 [31mkl_synergy_1 : 0.562290 [31mkl_synergy_2 : 0.405102 [31mtotal : 5.748192 [94mAcc_combined: 51.37 [94mAcc_c: 46.81 [94mAcc_g: 32.80 [97mS:[93m38.3%[97m([91m11.4c[97m-[94mF1:30.0%) [97mU1:[93m62.2%[97m([91m14.8c[97m) [97mU2:[93m28.7%[97m([91m5.7c[97m) [97mR:[93m73.1%[97m([91m19.5c[97m) [97mS-L: [92m0:[96m50% [92m1:[96m30% [92m2:[96m27% [92m3:[96m23% [92m4:[96m13% [92m5:[96m20% [92m6:[96m57%[39m [34mF1_perclass: 60.4-52.9-53.7-43.1-55.5-69.7-35.9 [39m[39m
2026-01-15 09:16:54,288 - Agent - INFO - [37mTest Epoch 16 step 16 with [31mce_loss_combined : 1.529478 [31mce_loss_c : 1.564049 [31mce_loss_g : 1.606551 [31mce_mask0 : 1.523190 [31mce_mask1 : 1.540325 [31mkl_synergy_1 : 0.511821 [31mkl_synergy_2 : 0.369868 [31mtotal : 5.474682 [94mAcc_combined: 54.62 [94mAcc_c: 41.71 [94mAcc_g: 38.82 [97mS:[93m35.4%[97m([91m10.1c[97m-[94mF1:19.7%) [97mU1:[93m69.3%[97m([91m16.8c[97m) [97mU2:[93m41.1%[97m([91m10.0c[97m) [97mR:[93m77.6%[97m([91m17.7c[97m) [97mS-L: [92m0:[96m17% [92m2:[96m16% [92m3:[96m19% [92m4:[96m12% [92m5:[96m14% [92m6:[96m59%[39m [34mF1_perclass: 62.6-68.1-52.1-40.8-51.6-67.2-42.0 [39m[39m
2026-01-15 09:16:54,289 - Agent - INFO - Total number of trainable parameters are: 22487018
2026-01-15 09:18:27,316 - Agent - INFO - [37mVal Epoch 17 step 17 with [31mce_loss_combined : 1.574907 [31mce_loss_c : 1.578864 [31mce_loss_g : 1.701335 [31mce_mask0 : 1.580682 [31mce_mask1 : 1.582911 [31mkl_synergy_1 : 0.463527 [31mkl_synergy_2 : 0.390352 [31mtotal : 5.592380 [94mAcc_combined: 53.42 [94mAcc_c: 46.13 [94mAcc_g: 37.81 [97mS:[93m27.6%[97m([91m8.2c[97m-[94mF1:25.5%) [97mU1:[93m60.8%[97m([91m14.5c[97m) [97mU2:[93m42.0%[97m([91m8.3c[97m) [97mR:[93m84.2%[97m([91m22.4c[97m) [97mS-L: [92m0:[96m25% [92m1:[96m52% [92m2:[96m3% [92m3:[96m45% [92m4:[96m27% [92m5:[96m60% [92m6:[96m21%[39m [34mF1_perclass: 63.9-57.7-19.1-55.0-66.7-62.6-24.4 [39m[39m
2026-01-15 09:18:27,342 - Agent - INFO - [37mTest Epoch 17 step 17 with [31mce_loss_combined : 1.623454 [31mce_loss_c : 1.601304 [31mce_loss_g : 2.004541 [31mce_mask0 : 1.626992 [31mce_mask1 : 1.645946 [31mkl_synergy_1 : 0.461020 [31mkl_synergy_2 : 0.418278 [31mtotal : 5.775690 [94mAcc_combined: 46.05 [94mAcc_c: 41.94 [94mAcc_g: 37.60 [97mS:[93m21.8%[97m([91m6.2c[97m-[94mF1:14.3%) [97mU1:[93m53.2%[97m([91m12.9c[97m) [97mU2:[93m37.9%[97m([91m9.2c[97m) [97mR:[93m77.6%[97m([91m17.7c[97m) [97mS-L: [92m1:[96m38% [92m2:[96m3% [92m3:[96m31% [92m5:[96m38% [92m6:[96m28%[39m [34mF1_perclass: 60.3-52.4-13.3-49.4-50.0-51.6-26.3 [39m[39m
2026-01-15 09:18:27,343 - Agent - INFO - Total number of trainable parameters are: 22487018
2026-01-15 09:19:56,708 - Agent - INFO - [37mVal Epoch 18 step 18 with [31mce_loss_combined : 1.529026 [31mce_loss_c : 1.575584 [31mce_loss_g : 1.638816 [31mce_mask0 : 1.534616 [31mce_mask1 : 1.538041 [31mkl_synergy_1 : 0.485514 [31mkl_synergy_2 : 0.413708 [31mtotal : 5.500906 [94mAcc_combined: 57.29 [94mAcc_c: 41.80 [94mAcc_g: 36.67 [97mS:[93m39.1%[97m([91m11.6c[97m-[94mF1:31.9%) [97mU1:[93m67.5%[97m([91m16.1c[97m) [97mU2:[93m42.0%[97m([91m8.3c[97m) [97mR:[93m79.9%[97m([91m21.3c[97m) [97mS-L: [92m0:[96m25% [92m1:[96m57% [92m2:[96m24% [92m3:[96m32% [92m4:[96m30% [92m5:[96m20% [92m6:[96m48%[39m [34mF1_perclass: 59.4-67.5-47.6-54.8-64.2-73.7-37.7 [39m[39m
2026-01-15 09:19:56,734 - Agent - INFO - [37mTest Epoch 18 step 18 with [31mce_loss_combined : 1.534259 [31mce_loss_c : 1.592046 [31mce_loss_g : 1.751016 [31mce_mask0 : 1.546938 [31mce_mask1 : 1.544485 [31mkl_synergy_1 : 0.494414 [31mkl_synergy_2 : 0.405018 [31mtotal : 5.525114 [94mAcc_combined: 54.28 [94mAcc_c: 37.93 [94mAcc_g: 37.93 [97mS:[93m31.1%[97m([91m8.9c[97m-[94mF1:19.3%) [97mU1:[93m67.4%[97m([91m16.4c[97m) [97mU2:[93m46.1%[97m([91m11.2c[97m) [97mR:[93m78.0%[97m([91m17.8c[97m) [97mS-L: [92m0:[96m8% [92m1:[96m25% [92m2:[96m16% [92m3:[96m25% [92m4:[96m12% [92m5:[96m10% [92m6:[96m48%[39m [34mF1_perclass: 54.3-64.0-50.0-45.9-60.0-67.2-39.9 [39m[39m
2026-01-15 09:19:56,736 - Agent - INFO - Total number of trainable parameters are: 22487018
2026-01-15 09:21:22,941 - Agent - INFO - [37mVal Epoch 19 step 19 with [31mce_loss_combined : 1.490296 [31mce_loss_c : 1.583360 [31mce_loss_g : 1.641286 [31mce_mask0 : 1.495784 [31mce_mask1 : 1.489003 [31mkl_synergy_1 : 0.593857 [31mkl_synergy_2 : 0.490368 [31mtotal : 5.559309 [94mAcc_combined: 56.15 [94mAcc_c: 44.19 [94mAcc_g: 36.56 [97mS:[93m29.1%[97m([91m8.7c[97m-[94mF1:25.3%) [97mU1:[93m64.1%[97m([91m15.3c[97m) [97mU2:[93m44.8%[97m([91m8.9c[97m) [97mR:[93m87.6%[97m([91m23.3c[97m) [97mS-L: [92m0:[96m25% [92m1:[96m35% [92m2:[96m11% [92m3:[96m42% [92m4:[96m33% [92m5:[96m10% [92m6:[96m33%[39m [34mF1_perclass: 61.4-61.2-42.9-56.4-62.6-73.6-31.5 [39m[39m
2026-01-15 09:21:22,969 - Agent - INFO - [37mTest Epoch 19 step 19 with [31mce_loss_combined : 1.463446 [31mce_loss_c : 1.573867 [31mce_loss_g : 1.662862 [31mce_mask0 : 1.473621 [31mce_mask1 : 1.477176 [31mkl_synergy_1 : 0.584154 [31mkl_synergy_2 : 0.462062 [31mtotal : 5.460459 [94mAcc_combined: 54.95 [94mAcc_c: 40.38 [94mAcc_g: 40.60 [97mS:[93m20.6%[97m([91m5.9c[97m-[94mF1:16.4%) [97mU1:[93m71.1%[97m([91m17.2c[97m) [97mU2:[93m50.2%[97m([91m12.2c[97m) [97mR:[93m85.9%[97m([91m19.6c[97m) [97mS-L: [92m0:[96m17% [92m1:[96m25% [92m2:[96m11% [92m3:[96m33% [92m4:[96m17% [92m5:[96m14% [92m6:[96m22%[39m [34mF1_perclass: 62.5-66.9-44.2-49.8-57.0-68.7-27.6 [39m[39m
2026-01-15 09:21:22,970 - Agent - INFO - Total number of trainable parameters are: 22487018
2026-01-15 09:22:51,364 - Agent - INFO - [37mVal Epoch 20 step 20 with [31mce_loss_combined : 1.487542 [31mce_loss_c : 1.586573 [31mce_loss_g : 1.483592 [31mce_mask0 : 1.496777 [31mce_mask1 : 1.492800 [31mkl_synergy_1 : 0.512215 [31mkl_synergy_2 : 0.402519 [31mtotal : 5.391853 [94mAcc_combined: 58.77 [94mAcc_c: 44.08 [94mAcc_g: 44.53 [97mS:[93m39.1%[97m([91m11.6c[97m-[94mF1:33.8%) [97mU1:[93m72.7%[97m([91m17.3c[97m) [97mU2:[93m35.1%[97m([91m6.9c[97m) [97mR:[93m85.9%[97m([91m22.9c[97m) [97mS-L: [92m0:[96m50% [92m1:[96m52% [92m2:[96m27% [92m3:[96m23% [92m4:[96m17% [92m5:[96m40% [92m6:[96m50%[39m [34mF1_perclass: 64.4-69.4-51.7-51.2-61.6-76.3-39.3 [39m[39m
2026-01-15 09:22:51,393 - Agent - INFO - [37mTest Epoch 20 step 20 with [31mce_loss_combined : 1.482006 [31mce_loss_c : 1.578956 [31mce_loss_g : 1.572450 [31mce_mask0 : 1.490798 [31mce_mask1 : 1.488407 [31mkl_synergy_1 : 0.519918 [31mkl_synergy_2 : 0.392982 [31mtotal : 5.374110 [94mAcc_combined: 57.84 [94mAcc_c: 40.49 [94mAcc_g: 44.94 [97mS:[93m27.6%[97m([91m7.9c[97m-[94mF1:18.5%) [97mU1:[93m76.1%[97m([91m18.5c[97m) [97mU2:[93m47.9%[97m([91m11.7c[97m) [97mR:[93m86.8%[97m([91m19.8c[97m) [97mS-L: [92m0:[96m25% [92m1:[96m38% [92m2:[96m13% [92m3:[96m8% [92m4:[96m4% [92m5:[96m29% [92m6:[96m42%[39m [34mF1_perclass: 66.4-74.5-50.5-43.8-51.5-69.1-40.4 [39m[39m
2026-01-15 09:22:52,622 - Agent - INFO - Total number of trainable parameters are: 22487018
2026-01-15 09:24:17,948 - Agent - INFO - [37mVal Epoch 21 step 21 with [31mce_loss_combined : 1.532079 [31mce_loss_c : 1.594835 [31mce_loss_g : 1.906622 [31mce_mask0 : 1.542027 [31mce_mask1 : 1.546952 [31mkl_synergy_1 : 0.618659 [31mkl_synergy_2 : 0.514910 [31mtotal : 5.754628 [94mAcc_combined: 54.90 [94mAcc_c: 46.81 [94mAcc_g: 35.08 [97mS:[93m31.0%[97m([91m9.2c[97m-[94mF1:29.7%) [97mU1:[93m72.2%[97m([91m17.2c[97m) [97mU2:[93m33.3%[97m([91m6.6c[97m) [97mR:[93m82.1%[97m([91m21.9c[97m) [97mS-L: [92m0:[96m50% [92m1:[96m43% [92m2:[96m19% [92m3:[96m26% [92m4:[96m13% [92m5:[96m35% [92m6:[96m37%[39m [34mF1_perclass: 56.1-68.0-47.9-49.3-57.0-75.1-33.2 [39m[39m
2026-01-15 09:24:17,977 - Agent - INFO - [37mTest Epoch 21 step 21 with [31mce_loss_combined : 1.520645 [31mce_loss_c : 1.596850 [31mce_loss_g : 1.880478 [31mce_mask0 : 1.528856 [31mce_mask1 : 1.533069 [31mkl_synergy_1 : 0.569442 [31mkl_synergy_2 : 0.474820 [31mtotal : 5.626832 [94mAcc_combined: 53.84 [94mAcc_c: 42.05 [94mAcc_g: 38.04 [97mS:[93m26.5%[97m([91m7.6c[97m-[94mF1:18.2%) [97mU1:[93m71.1%[97m([91m17.2c[97m) [97mU2:[93m42.0%[97m([91m10.2c[97m) [97mR:[93m82.4%[97m([91m18.8c[97m) [97mS-L: [92m0:[96m33% [92m1:[96m25% [92m2:[96m8% [92m3:[96m17% [92m4:[96m4% [92m5:[96m29% [92m6:[96m39%[39m [34mF1_perclass: 63.0-65.2-47.9-44.5-43.1-67.7-36.5 [39m[39m
2026-01-15 09:24:17,979 - Agent - INFO - Total number of trainable parameters are: 22487018
2026-01-15 09:25:42,984 - Agent - INFO - [37mVal Epoch 22 step 22 with [31mce_loss_combined : 1.517620 [31mce_loss_c : 1.620929 [31mce_loss_g : 1.503405 [31mce_mask0 : 1.525482 [31mce_mask1 : 1.524547 [31mkl_synergy_1 : 0.518936 [31mkl_synergy_2 : 0.412250 [31mtotal : 5.498835 [94mAcc_combined: 57.40 [94mAcc_c: 45.67 [94mAcc_g: 44.42 [97mS:[93m33.0%[97m([91m9.8c[97m-[94mF1:31.4%) [97mU1:[93m68.9%[97m([91m16.4c[97m) [97mU2:[93m43.1%[97m([91m8.5c[97m) [97mR:[93m85.0%[97m([91m22.7c[97m) [97mS-L: [92m0:[96m50% [92m1:[96m65% [92m2:[96m19% [92m3:[96m42% [92m4:[96m33% [92m5:[96m25% [92m6:[96m29%[39m [34mF1_perclass: 63.0-65.1-46.5-51.9-67.7-72.8-31.5 [39m[39m
2026-01-15 09:25:43,009 - Agent - INFO - [37mTest Epoch 22 step 22 with [31mce_loss_combined : 1.595285 [31mce_loss_c : 1.632743 [31mce_loss_g : 1.787150 [31mce_mask0 : 1.615731 [31mce_mask1 : 1.597609 [31mkl_synergy_1 : 0.522001 [31mkl_synergy_2 : 0.424238 [31mtotal : 5.754863 [94mAcc_combined: 48.61 [94mAcc_c: 43.49 [94mAcc_g: 38.04 [97mS:[93m21.4%[97m([91m6.1c[97m-[94mF1:14.4%) [97mU1:[93m57.8%[97m([91m14.0c[97m) [97mU2:[93m41.6%[97m([91m10.1c[97m) [97mR:[93m80.5%[97m([91m18.4c[97m) [97mS-L: [92m0:[96m17% [92m1:[96m25% [92m2:[96m3% [92m3:[96m19% [92m4:[96m12% [92m5:[96m14% [92m6:[96m31%[39m [34mF1_perclass: 62.8-54.6-38.2-48.5-57.8-58.4-25.0 [39m[39m
2026-01-15 09:25:43,010 - Agent - INFO - Total number of trainable parameters are: 22487018
2026-01-15 09:27:15,533 - Agent - INFO - [37mVal Epoch 23 step 23 with [31mce_loss_combined : 1.479836 [31mce_loss_c : 1.641849 [31mce_loss_g : 1.562488 [31mce_mask0 : 1.487218 [31mce_mask1 : 1.486055 [31mkl_synergy_1 : 0.534300 [31mkl_synergy_2 : 0.427030 [31mtotal : 5.414438 [94mAcc_combined: 59.79 [94mAcc_c: 44.76 [94mAcc_g: 40.55 [97mS:[93m34.5%[97m([91m10.3c[97m-[94mF1:31.9%) [97mU1:[93m70.3%[97m([91m16.7c[97m) [97mU2:[93m42.5%[97m([91m8.4c[97m) [97mR:[93m91.5%[97m([91m24.4c[97m) [97mS-L: [92m0:[96m50% [92m1:[96m61% [92m2:[96m22% [92m3:[96m39% [92m4:[96m17% [92m5:[96m30% [92m6:[96m37%[39m [34mF1_perclass: 64.6-77.8-45.1-54.3-57.8-75.7-35.2 [39m[39m
2026-01-15 09:27:15,602 - Agent - INFO - [37mTest Epoch 23 step 23 with [31mce_loss_combined : 1.457447 [31mce_loss_c : 1.640993 [31mce_loss_g : 1.581575 [31mce_mask0 : 1.461318 [31mce_mask1 : 1.477992 [31mkl_synergy_1 : 0.550381 [31mkl_synergy_2 : 0.443314 [31mtotal : 5.390452 [94mAcc_combined: 57.17 [94mAcc_c: 40.49 [94mAcc_g: 47.16 [97mS:[93m25.3%[97m([91m7.2c[97m-[94mF1:19.1%) [97mU1:[93m73.9%[97m([91m17.9c[97m) [97mU2:[93m49.8%[97m([91m12.1c[97m) [97mR:[93m87.3%[97m([91m19.9c[97m) [97mS-L: [92m0:[96m17% [92m1:[96m38% [92m2:[96m13% [92m3:[96m28% [92m4:[96m4% [92m5:[96m38% [92m6:[96m31%[39m [34mF1_perclass: 67.2-73.6-49.7-45.7-50.0-70.7-32.1 [39m[39m
2026-01-15 09:27:15,603 - Agent - INFO - Total number of trainable parameters are: 22487018
2026-01-15 09:28:44,044 - Agent - INFO - [37mVal Epoch 24 step 24 with [31mce_loss_combined : 1.484170 [31mce_loss_c : 1.622276 [31mce_loss_g : 1.528913 [31mce_mask0 : 1.499762 [31mce_mask1 : 1.482859 [31mkl_synergy_1 : 0.519096 [31mkl_synergy_2 : 0.372610 [31mtotal : 5.358498 [94mAcc_combined: 59.91 [94mAcc_c: 48.52 [94mAcc_g: 41.69 [97mS:[93m36.0%[97m([91m10.7c[97m-[94mF1:33.1%) [97mU1:[93m73.2%[97m([91m17.4c[97m) [97mU2:[93m43.7%[97m([91m8.7c[97m) [97mR:[93m86.8%[97m([91m23.1c[97m) [97mS-L: [92m0:[96m50% [92m1:[96m57% [92m2:[96m35% [92m3:[96m35% [92m4:[96m30% [92m5:[96m25% [92m6:[96m35%[39m [34mF1_perclass: 61.3-73.5-51.3-56.4-63.8-76.1-34.1 [39m[39m
2026-01-15 09:28:44,069 - Agent - INFO - [37mTest Epoch 24 step 24 with [31mce_loss_combined : 1.518759 [31mce_loss_c : 1.630764 [31mce_loss_g : 1.660020 [31mce_mask0 : 1.537938 [31mce_mask1 : 1.528296 [31mkl_synergy_1 : 0.519590 [31mkl_synergy_2 : 0.366818 [31mtotal : 5.471402 [94mAcc_combined: 53.84 [94mAcc_c: 41.94 [94mAcc_g: 44.61 [97mS:[93m26.5%[97m([91m7.6c[97m-[94mF1:19.0%) [97mU1:[93m74.3%[97m([91m18.0c[97m) [97mU2:[93m40.2%[97m([91m9.8c[97m) [97mR:[93m81.0%[97m([91m18.5c[97m) [97mS-L: [92m1:[96m25% [92m2:[96m16% [92m3:[96m31% [92m4:[96m17% [92m5:[96m29% [92m6:[96m33%[39m [34mF1_perclass: 61.6-61.0-48.7-45.6-55.6-69.9-32.1 [39m[39m
2026-01-15 09:28:44,070 - Agent - INFO - Total number of trainable parameters are: 22487018
2026-01-15 09:30:11,278 - Agent - INFO - [37mVal Epoch 25 step 25 with [31mce_loss_combined : 1.508927 [31mce_loss_c : 1.625205 [31mce_loss_g : 1.635297 [31mce_mask0 : 1.514270 [31mce_mask1 : 1.512124 [31mkl_synergy_1 : 0.516227 [31mkl_synergy_2 : 0.374078 [31mtotal : 5.425626 [94mAcc_combined: 58.43 [94mAcc_c: 46.47 [94mAcc_g: 37.81 [97mS:[93m35.2%[97m([91m10.5c[97m-[94mF1:32.2%) [97mU1:[93m70.8%[97m([91m16.9c[97m) [97mU2:[93m43.1%[97m([91m8.5c[97m) [97mR:[93m84.6%[97m([91m22.6c[97m) [97mS-L: [92m0:[96m25% [92m1:[96m61% [92m2:[96m35% [92m3:[96m35% [92m4:[96m33% [92m5:[96m25% [92m6:[96m33%[39m [34mF1_perclass: 59.1-71.5-49.8-54.7-61.9-75.5-33.2 [39m[39m
2026-01-15 09:30:11,348 - Agent - INFO - [37mTest Epoch 25 step 25 with [31mce_loss_combined : 1.529596 [31mce_loss_c : 1.619444 [31mce_loss_g : 1.697838 [31mce_mask0 : 1.528448 [31mce_mask1 : 1.545171 [31mkl_synergy_1 : 0.489113 [31mkl_synergy_2 : 0.373973 [31mtotal : 5.466301 [94mAcc_combined: 52.39 [94mAcc_c: 40.71 [94mAcc_g: 44.27 [97mS:[93m22.6%[97m([91m6.5c[97m-[94mF1:16.4%) [97mU1:[93m70.2%[97m([91m17.0c[97m) [97mU2:[93m44.3%[97m([91m10.8c[97m) [97mR:[93m79.5%[97m([91m18.1c[97m) [97mS-L: [92m1:[96m38% [92m2:[96m13% [92m3:[96m25% [92m4:[96m8% [92m5:[96m29% [92m6:[96m28%[39m [34mF1_perclass: 53.1-60.9-49.3-43.5-54.7-67.7-31.9 [39m[39m
2026-01-15 09:30:11,349 - Agent - INFO - Total number of trainable parameters are: 22487018
2026-01-15 09:31:34,108 - Agent - INFO - [37mVal Epoch 26 step 26 with [31mce_loss_combined : 1.495237 [31mce_loss_c : 1.612515 [31mce_loss_g : 1.521136 [31mce_mask0 : 1.499783 [31mce_mask1 : 1.499817 [31mkl_synergy_1 : 0.512310 [31mkl_synergy_2 : 0.367636 [31mtotal : 5.374783 [94mAcc_combined: 58.54 [94mAcc_c: 46.13 [94mAcc_g: 43.74 [97mS:[93m34.5%[97m([91m10.3c[97m-[94mF1:30.2%) [97mU1:[93m73.2%[97m([91m17.4c[97m) [97mU2:[93m40.8%[97m([91m8.1c[97m) [97mR:[93m85.5%[97m([91m22.8c[97m) [97mS-L: [92m0:[96m50% [92m1:[96m39% [92m2:[96m27% [92m3:[96m26% [92m4:[96m27% [92m5:[96m20% [92m6:[96m42%[39m [34mF1_perclass: 62.4-69.5-51.4-55.4-62.9-74.4-36.1 [39m[39m
2026-01-15 09:31:34,186 - Agent - INFO - [37mTest Epoch 26 step 26 with [31mce_loss_combined : 1.531752 [31mce_loss_c : 1.620903 [31mce_loss_g : 1.578938 [31mce_mask0 : 1.536661 [31mce_mask1 : 1.534832 [31mkl_synergy_1 : 0.463469 [31mkl_synergy_2 : 0.330248 [31mtotal : 5.396962 [94mAcc_combined: 53.62 [94mAcc_c: 40.82 [94mAcc_g: 45.61 [97mS:[93m28.0%[97m([91m8.0c[97m-[94mF1:20.5%) [97mU1:[93m73.4%[97m([91m17.8c[97m) [97mU2:[93m37.0%[97m([91m9.0c[97m) [97mR:[93m82.4%[97m([91m18.8c[97m) [97mS-L: [92m0:[96m17% [92m1:[96m25% [92m2:[96m18% [92m3:[96m19% [92m4:[96m21% [92m5:[96m19% [92m6:[96m38%[39m [34mF1_perclass: 62.7-58.8-51.1-42.2-58.4-69.3-33.4 [39m[39m
2026-01-15 09:31:34,188 - Agent - INFO - Total number of trainable parameters are: 22487018
2026-01-15 09:32:57,921 - Agent - INFO - [37mVal Epoch 27 step 27 with [31mce_loss_combined : 1.488151 [31mce_loss_c : 1.621657 [31mce_loss_g : 1.477497 [31mce_mask0 : 1.492124 [31mce_mask1 : 1.488719 [31mkl_synergy_1 : 0.513065 [31mkl_synergy_2 : 0.372088 [31mtotal : 5.354146 [94mAcc_combined: 59.11 [94mAcc_c: 46.01 [94mAcc_g: 44.19 [97mS:[93m35.6%[97m([91m10.6c[97m-[94mF1:31.3%) [97mU1:[93m72.7%[97m([91m17.3c[97m) [97mU2:[93m41.4%[97m([91m8.2c[97m) [97mR:[93m86.3%[97m([91m23.0c[97m) [97mS-L: [92m0:[96m25% [92m1:[96m65% [92m2:[96m16% [92m3:[96m42% [92m4:[96m37% [92m5:[96m20% [92m6:[96m37%[39m [34mF1_perclass: 62.0-70.5-47.1-55.2-64.8-74.9-36.0 [39m[39m
2026-01-15 09:32:58,000 - Agent - INFO - [37mTest Epoch 27 step 27 with [31mce_loss_combined : 1.531920 [31mce_loss_c : 1.626002 [31mce_loss_g : 1.545402 [31mce_mask0 : 1.528021 [31mce_mask1 : 1.537766 [31mkl_synergy_1 : 0.507181 [31mkl_synergy_2 : 0.385760 [31mtotal : 5.490648 [94mAcc_combined: 52.17 [94mAcc_c: 41.05 [94mAcc_g: 46.50 [97mS:[93m25.7%[97m([91m7.3c[97m-[94mF1:18.3%) [97mU1:[93m69.7%[97m([91m16.9c[97m) [97mU2:[93m38.4%[97m([91m9.3c[97m) [97mR:[93m81.5%[97m([91m18.6c[97m) [97mS-L: [92m0:[96m8% [92m1:[96m25% [92m2:[96m13% [92m3:[96m28% [92m4:[96m12% [92m5:[96m24% [92m6:[96m34%[39m [34mF1_perclass: 60.3-57.1-48.8-44.0-54.0-68.2-31.8 [39m[39m
2026-01-15 09:32:58,001 - Agent - INFO - Total number of trainable parameters are: 22487018
2026-01-15 09:34:21,269 - Agent - INFO - [37mVal Epoch 28 step 28 with [31mce_loss_combined : 1.492923 [31mce_loss_c : 1.624887 [31mce_loss_g : 1.514146 [31mce_mask0 : 1.502363 [31mce_mask1 : 1.498819 [31mkl_synergy_1 : 0.509294 [31mkl_synergy_2 : 0.371292 [31mtotal : 5.374691 [94mAcc_combined: 59.34 [94mAcc_c: 45.79 [94mAcc_g: 44.19 [97mS:[93m37.5%[97m([91m11.2c[97m-[94mF1:33.6%) [97mU1:[93m72.7%[97m([91m17.3c[97m) [97mU2:[93m42.5%[97m([91m8.4c[97m) [97mR:[93m84.2%[97m([91m22.4c[97m) [97mS-L: [92m0:[96m25% [92m1:[96m61% [92m2:[96m27% [92m3:[96m39% [92m4:[96m37% [92m5:[96m25% [92m6:[96m39%[39m [34mF1_perclass: 61.7-73.3-48.6-57.6-62.6-74.4-35.7 [39m[39m
2026-01-15 09:34:21,295 - Agent - INFO - [37mTest Epoch 28 step 28 with [31mce_loss_combined : 1.529804 [31mce_loss_c : 1.629838 [31mce_loss_g : 1.579187 [31mce_mask0 : 1.533247 [31mce_mask1 : 1.543230 [31mkl_synergy_1 : 0.485498 [31mkl_synergy_2 : 0.385022 [31mtotal : 5.476801 [94mAcc_combined: 51.95 [94mAcc_c: 40.49 [94mAcc_g: 46.61 [97mS:[93m25.3%[97m([91m7.2c[97m-[94mF1:18.0%) [97mU1:[93m71.6%[97m([91m17.4c[97m) [97mU2:[93m38.4%[97m([91m9.3c[97m) [97mR:[93m79.0%[97m([91m18.0c[97m) [97mS-L: [92m0:[96m8% [92m1:[96m25% [92m2:[96m13% [92m3:[96m25% [92m4:[96m17% [92m5:[96m19% [92m6:[96m34%[39m [34mF1_perclass: 56.7-59.1-50.3-43.4-53.8-68.1-32.5 [39m[39m
2026-01-15 09:34:21,297 - Agent - INFO - Total number of trainable parameters are: 22487018
2026-01-15 09:35:49,958 - Agent - INFO - [37mVal Epoch 29 step 29 with [31mce_loss_combined : 1.468676 [31mce_loss_c : 1.619549 [31mce_loss_g : 1.484169 [31mce_mask0 : 1.479460 [31mce_mask1 : 1.472801 [31mkl_synergy_1 : 0.516164 [31mkl_synergy_2 : 0.385961 [31mtotal : 5.323063 [94mAcc_combined: 59.11 [94mAcc_c: 45.79 [94mAcc_g: 44.99 [97mS:[93m36.8%[97m([91m10.9c[97m-[94mF1:31.6%) [97mU1:[93m73.7%[97m([91m17.5c[97m) [97mU2:[93m40.2%[97m([91m8.0c[97m) [97mR:[93m85.0%[97m([91m22.7c[97m) [97mS-L: [92m0:[96m25% [92m1:[96m61% [92m2:[96m27% [92m3:[96m26% [92m4:[96m30% [92m5:[96m25% [92m6:[96m42%[39m [34mF1_perclass: 62.3-73.7-49.5-53.5-62.3-74.5-37.2 [39m[39m
2026-01-15 09:35:50,030 - Agent - INFO - [37mTest Epoch 29 step 29 with [31mce_loss_combined : 1.513623 [31mce_loss_c : 1.623548 [31mce_loss_g : 1.575507 [31mce_mask0 : 1.517430 [31mce_mask1 : 1.519533 [31mkl_synergy_1 : 0.481025 [31mkl_synergy_2 : 0.378208 [31mtotal : 5.409819 [94mAcc_combined: 52.50 [94mAcc_c: 41.05 [94mAcc_g: 47.83 [97mS:[93m26.5%[97m([91m7.6c[97m-[94mF1:18.8%) [97mU1:[93m70.6%[97m([91m17.1c[97m) [97mU2:[93m39.3%[97m([91m9.6c[97m) [97mR:[93m80.0%[97m([91m18.2c[97m) [97mS-L: [92m0:[96m8% [92m1:[96m25% [92m2:[96m16% [92m3:[96m17% [92m4:[96m17% [92m5:[96m29% [92m6:[96m36%[39m [34mF1_perclass: 58.8-59.4-48.1-40.5-55.2-70.4-33.7 [39m[39m
2026-01-15 09:35:50,032 - Agent - INFO - Total number of trainable parameters are: 22487018
2026-01-15 09:37:14,718 - Agent - INFO - [37mVal Epoch 30 step 30 with [31mce_loss_combined : 1.472202 [31mce_loss_c : 1.624557 [31mce_loss_g : 1.534129 [31mce_mask0 : 1.487998 [31mce_mask1 : 1.477698 [31mkl_synergy_1 : 0.529369 [31mkl_synergy_2 : 0.378289 [31mtotal : 5.345555 [94mAcc_combined: 60.14 [94mAcc_c: 45.79 [94mAcc_g: 43.85 [97mS:[93m37.5%[97m([91m11.2c[97m-[94mF1:32.7%) [97mU1:[93m75.1%[97m([91m17.9c[97m) [97mU2:[93m44.8%[97m([91m8.9c[97m) [97mR:[93m83.3%[97m([91m22.2c[97m) [97mS-L: [92m0:[96m25% [92m1:[96m70% [92m2:[96m30% [92m3:[96m29% [92m4:[96m33% [92m5:[96m25% [92m6:[96m40%[39m [34mF1_perclass: 62.1-75.0-51.5-55.5-63.8-74.4-37.0 [39m[39m
2026-01-15 09:37:14,744 - Agent - INFO - [37mTest Epoch 30 step 30 with [31mce_loss_combined : 1.512036 [31mce_loss_c : 1.628385 [31mce_loss_g : 1.592258 [31mce_mask0 : 1.521161 [31mce_mask1 : 1.510084 [31mkl_synergy_1 : 0.498909 [31mkl_synergy_2 : 0.371836 [31mtotal : 5.414028 [94mAcc_combined: 52.06 [94mAcc_c: 40.82 [94mAcc_g: 46.50 [97mS:[93m25.3%[97m([91m7.2c[97m-[94mF1:17.7%) [97mU1:[93m70.6%[97m([91m17.1c[97m) [97mU2:[93m40.6%[97m([91m9.9c[97m) [97mR:[93m78.0%[97m([91m17.8c[97m) [97mS-L: [92m0:[96m8% [92m1:[96m25% [92m2:[96m13% [92m3:[96m17% [92m4:[96m17% [92m5:[96m24% [92m6:[96m36%[39m [34mF1_perclass: 57.1-59.1-46.6-40.0-54.3-69.4-34.8 [39m[39m
2026-01-15 09:37:15,869 - Agent - INFO - Total number of trainable parameters are: 22487018
2026-01-15 09:38:43,619 - Agent - INFO - [37mVal Epoch 31 step 31 with [31mce_loss_combined : 1.474512 [31mce_loss_c : 1.622644 [31mce_loss_g : 1.525108 [31mce_mask0 : 1.479998 [31mce_mask1 : 1.485375 [31mkl_synergy_1 : 0.525409 [31mkl_synergy_2 : 0.384729 [31mtotal : 5.350022 [94mAcc_combined: 59.45 [94mAcc_c: 45.90 [94mAcc_g: 42.60 [97mS:[93m35.2%[97m([91m10.5c[97m-[94mF1:30.6%) [97mU1:[93m72.2%[97m([91m17.2c[97m) [97mU2:[93m44.8%[97m([91m8.9c[97m) [97mR:[93m85.9%[97m([91m22.9c[97m) [97mS-L: [92m0:[96m25% [92m1:[96m70% [92m2:[96m16% [92m3:[96m29% [92m4:[96m37% [92m5:[96m25% [92m6:[96m38%[39m [34mF1_perclass: 61.1-75.7-46.1-56.1-61.4-74.7-36.0 [39m[39m
2026-01-15 09:38:43,644 - Agent - INFO - [37mTest Epoch 31 step 31 with [31mce_loss_combined : 1.519590 [31mce_loss_c : 1.631484 [31mce_loss_g : 1.609213 [31mce_mask0 : 1.527831 [31mce_mask1 : 1.532767 [31mkl_synergy_1 : 0.501781 [31mkl_synergy_2 : 0.402149 [31mtotal : 5.484118 [94mAcc_combined: 53.50 [94mAcc_c: 40.60 [94mAcc_g: 47.61 [97mS:[93m26.5%[97m([91m7.6c[97m-[94mF1:19.3%) [97mU1:[93m70.2%[97m([91m17.0c[97m) [97mU2:[93m41.6%[97m([91m10.1c[97m) [97mR:[93m82.4%[97m([91m18.8c[97m) [97mS-L: [92m0:[96m8% [92m1:[96m50% [92m2:[96m13% [92m3:[96m17% [92m4:[96m21% [92m5:[96m24% [92m6:[96m36%[39m [34mF1_perclass: 57.7-63.7-47.7-41.8-54.5-69.4-34.1 [39m[39m
2026-01-15 09:38:43,645 - Agent - INFO - Total number of trainable parameters are: 22487018
2026-01-15 09:38:53,228 - Agent - INFO - We are in the final state.
2026-01-15 09:38:53,544 - root - INFO - Loaded best model from /esat/smcdata/users/kkontras/Image_Dataset/no_backup/data/2025_data/synergy/CremadPlus/v2/SynIB_RMask_fold0_l1_fillema_lsparse1_lr0.0001_wd0.0001_clsmlp_bs64.pth.tar
2026-01-15 09:39:02,620 - Agent - INFO - [37mVal Epoch 31 step 0 with [31mce_loss_combined : 1.414209 [31mce_loss_c : 1.782012 [31mce_loss_g : 1.772019 [31mce_mask0 : 1.429548 [31mce_mask1 : 1.418998 [31mkl_synergy_1 : 0.714472 [31mkl_synergy_2 : 0.642939 [31mtotal : 5.620167 [94mAcc_combined: 62.30 [94mAcc_c: 30.87 [94mAcc_g: 29.73 [97mS:[93m29.1%[97m([91m8.7c[97m-[94mF1:28.6%) [97mU1:[93m68.9%[97m([91m16.4c[97m) [97mU2:[93m59.2%[97m([91m11.7c[97m) [97mR:[93m95.7%[97m([91m25.5c[97m) [97mS-L: [92m0:[96m25% [92m1:[96m78% [92m2:[96m19% [92m3:[96m42% [92m4:[96m20% [92m5:[96m60% [92m6:[96m16%[39m [34mF1_perclass: 66.4-76.7-48.7-57.9-68.6-72.7-22.6 [39m[39m
2026-01-15 09:39:14,430 - Agent - INFO - [37mTest Epoch 31 step 0 with [31mce_loss_combined : 1.533579 [31mce_loss_c : 1.805779 [31mce_loss_g : 1.752351 [31mce_mask0 : 1.544021 [31mce_mask1 : 1.545093 [31mkl_synergy_1 : 0.678144 [31mkl_synergy_2 : 0.619145 [31mtotal : 5.919982 [94mAcc_combined: 54.39 [94mAcc_c: 29.25 [94mAcc_g: 32.26 [97mS:[93m14.4%[97m([91m4.1c[97m-[94mF1:11.9%) [97mU1:[93m59.6%[97m([91m14.5c[97m) [97mU2:[93m62.1%[97m([91m15.1c[97m) [97mR:[93m90.7%[97m([91m20.7c[97m) [97mS-L: [92m1:[96m75% [92m2:[96m5% [92m3:[96m39% [92m5:[96m33% [92m6:[96m7%[39m [34mF1_perclass: 62.9-68.0-44.0-52.3-59.5-56.9-9.6 [39m[39m
2026-01-15 09:39:15,505 - Agent - INFO - [37mModel saved successfully at: /esat/smcdata/users/kkontras/Image_Dataset/no_backup/data/2025_data/synergy/CremadPlus/v2/SynIB_RMask_fold0_l1_fillema_lsparse1_lr0.0001_wd0.0001_clsmlp_bs64.pth.tar[39m
Job finished
