000 (005.003.000) 2026-01-15 08:52:21 Job submitted from host: <10.87.28.151:9618?addrs=10.87.28.151-9618&alias=brigand.esat.kuleuven.be&noUDP&sock=schedd_1447_19a1>
...
001 (005.003.000) 2026-01-15 08:52:29 Job executing on host: <10.87.28.118:9618?addrs=10.87.28.118-9618&alias=stadius-nc-5.esat.kuleuven.be&noUDP&sock=startd_3360_424e>
	SlotName: slot1_1@stadius-nc-5.esat.kuleuven.be
	AvailableGPUs = { GPUs_GPU_b9c5c232 }
	CondorScratchDir = "/volume1/condor/execute/dir_3403901/scratch"
	Cpus = 8
	Disk = 1048576
	GPUs = 1
	GPUs_GPU_b9c5c232 = [ Id = "GPU-b9c5c232"; ClockMhz = 1545.0; Capability = 7.5; CoresPerCU = 64; DeviceName = "NVIDIA GeForce RTX 2080 Ti"; DeviceUuid = "b9c5c232-fa4f-fa60-fe41-a2b4f313930f"; ECCEnabled = false; ComputeUnits = 68; NvidiaDriver = "570.153.02"; DriverVersion = 12.8; DevicePciBusId = "0000:25:00.0"; GlobalMemoryMb = 10823; MaxSupportedVersion = 12080 ]
	Memory = 71680
...
006 (005.003.000) 2026-01-15 08:52:38 Image size of job updated: 330396
	323  -  MemoryUsage of job (MB)
	330396  -  ResidentSetSize of job (KB)
...
006 (005.003.000) 2026-01-15 08:57:39 Image size of job updated: 8725112
	5985  -  MemoryUsage of job (MB)
	6127832  -  ResidentSetSize of job (KB)
...
006 (005.003.000) 2026-01-15 09:02:39 Image size of job updated: 8725112
	8209  -  MemoryUsage of job (MB)
	8405148  -  ResidentSetSize of job (KB)
...
006 (005.003.000) 2026-01-15 09:12:40 Image size of job updated: 8801732
	8209  -  MemoryUsage of job (MB)
	8405148  -  ResidentSetSize of job (KB)
...
006 (005.003.000) 2026-01-15 09:17:40 Image size of job updated: 8801732
	8523  -  MemoryUsage of job (MB)
	8726708  -  ResidentSetSize of job (KB)
...
006 (005.003.000) 2026-01-15 09:27:42 Image size of job updated: 9412144
	8984  -  MemoryUsage of job (MB)
	9199304  -  ResidentSetSize of job (KB)
...
005 (005.003.000) 2026-01-15 09:39:19 Job terminated.
	(1) Normal termination (return value 0)
		Usr 0 01:26:55, Sys 0 00:28:31  -  Run Remote Usage
		Usr 0 00:00:00, Sys 0 00:00:00  -  Run Local Usage
		Usr 0 01:26:55, Sys 0 00:28:31  -  Total Remote Usage
		Usr 0 00:00:00, Sys 0 00:00:00  -  Total Local Usage
	0  -  Run Bytes Sent By Job
	0  -  Run Bytes Received By Job
	0  -  Total Bytes Sent By Job
	0  -  Total Bytes Received By Job
	Partitionable Resources :    Usage  Request Allocated Assigned
	   Cpus                 :     5.91        8         8 
	   Disk (KB)            :     2     1048576   1048576 
	   GPUs                 :     0.64        1         1 "GPU-b9c5c232"
	   GpusMemory (MB)      :  7541                       
	   Memory (MB)          :  8984       71680     71680 
	   TimeExecute (s)      :  2810                       
	   TimeSlotBusy (s)     :  2810                       
...
