000 (005.004.000) 2026-01-15 08:52:21 Job submitted from host: <10.87.28.151:9618?addrs=10.87.28.151-9618&alias=brigand.esat.kuleuven.be&noUDP&sock=schedd_1447_19a1>
...
001 (005.004.000) 2026-01-15 08:52:31 Job executing on host: <10.87.24.221:9618?addrs=10.87.24.221-9618&alias=pythagoras.esat.kuleuven.be&noUDP&sock=startd_6252_ee32>
	SlotName: slot1_3@pythagoras.esat.kuleuven.be
	AvailableGPUs = { GPUs_GPU_1e452605 }
	CondorScratchDir = "/usr/data/condor/execute/dir_289988/scratch"
	Cpus = 8
	Disk = 1048576
	GPUs = 1
	GPUs_GPU_1e452605 = [ Id = "GPU-1e452605"; ClockMhz = 2520.0; Capability = 8.9; CoresPerCU = 128; DeviceName = "NVIDIA L40S"; DeviceUuid = "1e452605-e0ba-2ab6-3ef7-9ad178fdb564"; ECCEnabled = true; ComputeUnits = 142; NvidiaDriver = "580.119.02"; DriverVersion = 13.0; DevicePciBusId = "0000:41:00.0"; GlobalMemoryMb = 45458; MaxSupportedVersion = 13000 ]
	Memory = 71680
...
006 (005.004.000) 2026-01-15 08:52:39 Image size of job updated: 449188
	439  -  MemoryUsage of job (MB)
	449188  -  ResidentSetSize of job (KB)
...
006 (005.004.000) 2026-01-15 08:57:39 Image size of job updated: 8111372
	5577  -  MemoryUsage of job (MB)
	5710280  -  ResidentSetSize of job (KB)
...
006 (005.004.000) 2026-01-15 09:02:40 Image size of job updated: 8111372
	7904  -  MemoryUsage of job (MB)
	8093548  -  ResidentSetSize of job (KB)
...
006 (005.004.000) 2026-01-15 09:07:40 Image size of job updated: 8241028
	7904  -  MemoryUsage of job (MB)
	8093548  -  ResidentSetSize of job (KB)
...
005 (005.004.000) 2026-01-15 09:24:16 Job terminated.
	(1) Normal termination (return value 0)
		Usr 0 00:51:12, Sys 0 00:22:01  -  Run Remote Usage
		Usr 0 00:00:00, Sys 0 00:00:00  -  Run Local Usage
		Usr 0 00:51:12, Sys 0 00:22:01  -  Total Remote Usage
		Usr 0 00:00:00, Sys 0 00:00:00  -  Total Local Usage
	0  -  Run Bytes Sent By Job
	0  -  Run Bytes Received By Job
	0  -  Total Bytes Sent By Job
	0  -  Total Bytes Received By Job
	Partitionable Resources :    Usage  Request Allocated Assigned
	   Cpus                 :     3.09        8         8 
	   Disk (KB)            :     2     1048576   1048576 
	   GPUs                 :     0.44        1         1 "GPU-1e452605"
	   GpusMemory (MB)      :  8031                       
	   Memory (MB)          :  7904       71680     71680 
	   TimeExecute (s)      :  1905                       
	   TimeSlotBusy (s)     :  1905                       
...
