Starting Job
/esat/smcdata/users/kkontras/Image_Dataset/no_backup/git/Synergy/train.py
/esat/smcdata/users/kkontras/Image_Dataset/no_backup/envs/synergy_new/bin/python
Python 3.10.19
/esat/smcdata/users/kkontras/Image_Dataset/no_backup/git/Synergy
We have 1 GPU
/esat/smcdata/users/kkontras/Image_Dataset/no_backup/git/Synergy/train.py
config-./configs/CREMA_D/synergy/jan/synprom_RMask.json
Executing command: python /esat/smcdata/users/kkontras/Image_Dataset/no_backup/git/Synergy/train.py --config ./configs/CREMA_D/synergy/jan/synprom_RMask.json --default_config ./configs/CREMA_D/default_config_cremadplus_res_syn.json --fold 0 --l 0.1 --lr 0.0001 --wd 0.0001 --cls mlp --batch_size 64 --perturb_fill ema --perturb_lsparse 1
Namespace(config='./configs/CREMA_D/synergy/jan/synprom_RMask.json', default_config='./configs/CREMA_D/default_config_cremadplus_res_syn.json', fold='0', alpha=None, tanh_mode=None, tanh_mode_beta=None, regby=None, clip=None, batch_size='64', l='0.1', multil=None, l_diffsq=None, lib=None, ratio_us=None, ratio_snr=None, kmepoch=None, num_samples=None, pow=None, nstep=None, contrcoeff=None, kde_coeff=None, etube=None, temperature=None, contr_type=None, shuffle_type=None, validate_with=None, transform_type=None, trasform_before=None, num_classes=None, base_alpha=None, alpha_var=None, base_beta=None, beta_var=None, optim_method=None, ilr_c=None, ilr_g=None, mmcosine_scaling=None, ending_epoch=None, load_ongoing=None, commonlayers=None, recon_weight1=None, recon_weight2=None, recon_epochstages=None, recon_ensemblestages=None, lr='0.0001', wd='0.0001', mm=None, cls='mlp', perturb=None, perturb_fill='ema', perturb_pmax=None, perturb_pmin=None, perturb_lsparse='1', pre=False, frozen=False, tdqm_disable=False, start_over=False)
2026-01-15 08:52:43,900 - Config - INFO - ./configs/CREMA_D/synergy/jan/synprom_RMask.json
2026-01-15 08:52:43,903 - Config - INFO -  THE Configuration of your experiment ..
{'agent': 'Agent',
 'dataset': {'data_roots': '/esat/smcdata/users/kkontras/Image_Dataset/no_backup/CremaD/CREMA-D',
             'data_split': {'fold': 0, 'method': 'non_inclusive'},
             'dataloader_class': 'CramedDPlus_Dataloader',
             'fps': 1,
             'ironic_label_name': 'SARCASM',
             'ironic_modes': ['train', 'val', 'test'],
             'ironic_rate': 1.0,
             'norm': False,
             'norm_face_path': './mydatasets/CREMAD/norm_face_path_fold{}.pkl',
             'norm_wav_path': './mydatasets/CREMAD/wav_norm_22050_fold{}.pkl',
             'num_frame': 3,
             'return_data': {'audio': False,
                             'face': False,
                             'spectrogram': True,
                             'video': True},
             'sampling_rate': 22050},
 'early_stopping': {'end_of_epoch_check': True,
                    'log_interval': 10,
                    'max_epoch': 1500,
                    'n_steps_stop': 30,
                    'n_steps_stop_after': 0,
                    'save_every_step': 3000,
                    'save_every_valstep': 10,
                    'validate_after': 0,
                    'validate_every': 25,
                    'validate_with': 'accuracy'},
 'exp_name': 'CREMAD Experiment',
 'model': {'args': {'bias_infusion': {'contrcoeff': 0.0, 'l': 1.0},
                    'cls_type': 'mlp',
                    'd_model': 512,
                    'dropout': 0.1,
                    'fc_inner': 64,
                    'in_dim': 64,
                    'multi_loss': {'multi_supervised_w': {'c': 1,
                                                          'combined': 1,
                                                          'g': 1}},
                    'norm_decision': False,
                    'num_classes': 7,
                    'synergy_type': 'gaussian'},
           'ceu': {'test': './cremadplus_ceu_test_res.pkl',
                   'val': './cremadplus_ceu_val_res.pkl'},
           'encoders': [{'args': {'d_model': 512,
                                  'dropout': 0.1,
                                  'fc_inner': 64,
                                  'freeze_encoder': False,
                                  'num_classes': 7},
                         'model': 'Audio_ResNet',
                         'name': 'enc_0_modality1_encoder',
                         'pretrainedEncoder': {'dir': 'unimodal_audio_fold{}_lr0.001_wd0.0001_bs64.pth.tar',
                                               'use': True},
                         'save_encoder': False},
                        {'args': {'d_model': 512,
                                  'dropout': 0.1,
                                  'fc_inner': 64,
                                  'freeze_encoder': False,
                                  'num_classes': 7},
                         'model': 'Video_ResNet',
                         'name': 'enc_1_modality2_encoder',
                         'pretrainedEncoder': {'dir': 'unimodal_video_fold{}_lr0.0001_wd0.0001_bs64.pth.tar',
                                               'use': True},
                         'save_encoder': False},
                        {'args': {'d_model': 512,
                                  'dropout': 0.1,
                                  'fc_inner': 64,
                                  'freeze_encoder': False},
                         'model': 'FusionTrunkLinear',
                         'name': 'enc_2_fusion_trunk',
                         'pretrainedEncoder': {'dir': 'enc_2_fusion_trunk_fold{}.pth.tar',
                                               'use': False},
                         'save_encoder': False},
                        {'args': {'freeze_encoder': False,
                                  'in_dim': 64,
                                  'num_classes': 7},
                         'model': 'LinearHead',
                         'name': 'enc_3_fusion_head',
                         'pretrainedEncoder': {'dir': 'enc_3_fusion_head_fold{}.pth.tar',
                                               'use': False},
                         'save_encoder': False},
                        {'args': {'dropout': 0.1,
                                  'freeze_encoder': False,
                                  'hidden_dim': 64,
                                  'in_dim': 512,
                                  'num_classes': 7},
                         'model': 'MLPHead',
                         'name': 'enc_4_unimodal_head_1',
                         'pretrainedEncoder': {'dir': 'enc_4_unimodal1_fold{}.pth.tar',
                                               'use': False},
                         'save_encoder': False},
                        {'args': {'dropout': 0.1,
                                  'freeze_encoder': False,
                                  'hidden_dim': 64,
                                  'in_dim': 512,
                                  'num_classes': 7},
                         'model': 'MLPHead',
                         'name': 'enc_5_unimodal_head_2',
                         'pretrainedEncoder': {'dir': 'enc_5_unimodal2_fold{}.pth.tar',
                                               'use': False},
                         'save_encoder': False}],
           'load_ongoing': False,
           'model_class': 'FusionIBModel_Mask',
           'save_base_dir': '/esat/smcdata/users/kkontras/Image_Dataset/no_backup/data/2025_data/synergy/CremadPlus/v2',
           'save_dir': 'SynIB_RMask_{}.pth.tar'},
 'optimizer': {'beta1': 0.9,
               'beta2': 0.999,
               'learning_rate': 1e-05,
               'momentum': 0.9,
               'type': 'Adam',
               'weight_decay': 1e-05},
 'scheduler': {'max_lr': 0.03, 'type': 'cosanneal', 'warm_up_steps': 780},
 'training_params': {'async_loading': True,
                     'batch_size': 128,
                     'cuda': True,
                     'data_loader_workers': 8,
                     'gpu_device': [0],
                     'pin_memory': False,
                     'rec_test': True,
                     'res': True,
                     'seed': 109,
                     'tdqm_disable': False,
                     'test_batch_size': 128,
                     'test_on_bottoms': True,
                     'use_test_set': True,
                     'validation': True,
                     'verbose': True,
                     'wandb_disable': False}}
2026-01-15 08:52:43,906 - Config - INFO -  *************************************** 
2026-01-15 08:52:43,906 - Config - INFO - The experiment name is CREMAD Experiment
2026-01-15 08:52:43,906 - Config - INFO -  *************************************** 
2026-01-15 08:52:43,906 - root - INFO - save_dir: SynIB_RMask_fold0_l0.1_fillema_lsparse1_lr0.0001_wd0.0001_clsmlp_bs64.pth.tar
2026-01-15 08:52:43,958 - Cuda Statistics - INFO - __Python VERSION:  3.10.19 (main, Oct 21 2025, 16:43:05) [GCC 11.2.0]
2026-01-15 08:52:43,958 - Cuda Statistics - INFO - __pyTorch VERSION:  2.9.1+cu128
2026-01-15 08:52:43,958 - Cuda Statistics - INFO - __CUDA VERSION
2026-01-15 08:52:43,964 - Cuda Statistics - INFO - __CUDNN VERSION:  91002
2026-01-15 08:52:43,985 - Cuda Statistics - INFO - __Number CUDA Devices:  1
2026-01-15 08:52:43,985 - Cuda Statistics - INFO - __Devices
2026-01-15 08:52:43,985 - Cuda Statistics - INFO - index, name, driver_version, memory.total [MiB], memory.used [MiB], memory.free [MiB]
2026-01-15 08:52:43,985 - Cuda Statistics - INFO - 0, NVIDIA L40S, 580.119.02, 46068 MiB, 3 MiB, 45455 MiB
2026-01-15 08:52:43,989 - Cuda Statistics - INFO - Active CUDA Device: GPU 0
2026-01-15 08:52:43,989 - Cuda Statistics - INFO - Available devices  1
2026-01-15 08:52:43,989 - Cuda Statistics - INFO - Current cuda device  0
2026-01-15 08:52:46,015 - CREMADPlusDataset - INFO - Loaded wav norm from ./mydatasets/CREMAD/wav_norm_22050_fold0.pkl
2026-01-15 08:52:46,027 - CREMADPlusDataset - INFO - [train] Ironic pairing enabled: ironic_rate=1.000, target≈673.7, requested_k=674, applied_k=674
2026-01-15 08:52:46,027 - CREMADPlusDataset - INFO - [train] Flipped-to-sarcasm counts by original class: {0: 135, 1: 143, 2: 94, 3: 111, 4: 98, 5: 93}
2026-01-15 08:52:46,027 - CREMADPlusDataset - INFO - [train] Top (orig_label -> donor_label) sarcasm pairs: [('FEA->HAP', 111), ('DIS->HAP', 98), ('SAD->HAP', 94), ('HAP->ANG', 55), ('HAP->DIS', 47), ('HAP->SAD', 41), ('ANG->HAP', 35), ('ANG->NEU', 35), ('NEU->HAP', 32), ('NEU->FEA', 28)]
2026-01-15 08:52:46,027 - CREMADPlusDataset - INFO - [train] Top donor indices reused (idx, times): [(1334, 4), (3408, 3), (2650, 3), (3255, 3), (3446, 3), (3674, 3), (1379, 3), (2982, 3), (4022, 3), (3631, 3)]
2026-01-15 08:52:46,027 - CREMADPlusDataset - INFO - [train] Label distribution after applying ironic pairs: {0: 570, 1: 695, 2: 476, 3: 512, 4: 525, 5: 590, 6: 674}
2026-01-15 08:52:46,390 - CREMADPlusDataset - INFO - Loaded wav norm from ./mydatasets/CREMAD/wav_norm_22050_fold0.pkl
2026-01-15 08:52:46,392 - CREMADPlusDataset - INFO - [val] Ironic pairing enabled: ironic_rate=1.000, target≈146.3, requested_k=146, applied_k=146
2026-01-15 08:52:46,392 - CREMADPlusDataset - INFO - [val] Flipped-to-sarcasm counts by original class: {0: 27, 1: 31, 2: 19, 3: 21, 4: 23, 5: 25}
2026-01-15 08:52:46,392 - CREMADPlusDataset - INFO - [val] Top (orig_label -> donor_label) sarcasm pairs: [('DIS->HAP', 23), ('FEA->HAP', 21), ('SAD->HAP', 19), ('HAP->DIS', 14), ('HAP->ANG', 12), ('NEU->HAP', 10), ('ANG->NEU', 9), ('ANG->SAD', 8), ('ANG->HAP', 8), ('HAP->SAD', 5)]
2026-01-15 08:52:46,392 - CREMADPlusDataset - INFO - [val] Top donor indices reused (idx, times): [(255, 3), (225, 3), (61, 2), (121, 2), (812, 2), (694, 2), (304, 2), (510, 2), (209, 2), (189, 2)]
2026-01-15 08:52:46,392 - CREMADPlusDataset - INFO - [val] Label distribution after applying ironic pairs: {0: 123, 1: 157, 2: 93, 3: 117, 4: 129, 5: 113, 6: 146}
2026-01-15 08:52:46,853 - CREMADPlusDataset - INFO - Loaded wav norm from ./mydatasets/CREMAD/wav_norm_22050_fold0.pkl
2026-01-15 08:52:46,859 - CREMADPlusDataset - INFO - [test] Ironic pairing enabled: ironic_rate=1.000, target≈149.8, requested_k=150, applied_k=150
2026-01-15 08:52:46,859 - CREMADPlusDataset - INFO - [test] Flipped-to-sarcasm counts by original class: {0: 22, 1: 28, 2: 23, 3: 18, 4: 29, 5: 30}
2026-01-15 08:52:46,859 - CREMADPlusDataset - INFO - [test] Top (orig_label -> donor_label) sarcasm pairs: [('DIS->HAP', 29), ('SAD->HAP', 23), ('FEA->HAP', 18), ('ANG->NEU', 13), ('HAP->ANG', 11), ('ANG->HAP', 11), ('HAP->SAD', 9), ('HAP->DIS', 8), ('NEU->HAP', 8), ('ANG->SAD', 6)]
2026-01-15 08:52:46,859 - CREMADPlusDataset - INFO - [test] Top donor indices reused (idx, times): [(606, 3), (246, 2), (796, 2), (75, 2), (612, 2), (686, 2), (425, 2), (281, 2), (501, 2), (115, 2)]
2026-01-15 08:52:46,859 - CREMADPlusDataset - INFO - [test] Label distribution after applying ironic pairs: {0: 125, 1: 162, 2: 95, 3: 123, 4: 109, 5: 135, 6: 150}
2026-01-15 08:52:46,862 - Agent - INFO - Device: cuda:0
2026-01-15 08:52:46,862 - Agent - INFO - Total training batches: 64, validate every 25 batches, steps per epoch: 3
2026-01-15 08:52:48,225 - Agent - INFO - Loss Weights are {'total': 1, 'combined': 1, 'c': 1, 'g': 1}
2026-01-15 08:52:48,697 - root - INFO - Loading enc best model state dict from /esat/smcdata/users/kkontras/Image_Dataset/no_backup/data/2025_data/synergy/CremadPlus/v2/unimodal_audio_fold0_lr0.001_wd0.0001_bs64.pth.tar
2026-01-15 08:52:48,945 - root - INFO - Loading enc best model state dict from /esat/smcdata/users/kkontras/Image_Dataset/no_backup/data/2025_data/synergy/CremadPlus/v2/unimodal_video_fold0_lr0.0001_wd0.0001_bs64.pth.tar
2026-01-15 08:52:48,966 - Agent - INFO - Total number of trainable parameters are: 22487018
2026-01-15 08:53:22,661 - Agent - INFO - [37mVal Epoch 0 step 0 with [31mce_loss_combined : 2.045220 [31mce_loss_c : 1.383450 [31mce_loss_g : 1.751162 [31mce_mask0 : 2.048383 [31mce_mask1 : 2.047941 [31mkl_synergy_1 : 0.029786 [31mkl_synergy_2 : 0.029795 [31mtotal : 6.201125 [94mAcc_combined: 12.19 [94mAcc_c: 53.08 [94mAcc_g: 43.28 [97mS:[93m3.8%[97m([91m1.1c[97m-[94mF1:4.1%) [97mU1:[93m13.9%[97m([91m3.3c[97m) [97mU2:[93m10.9%[97m([91m2.2c[97m) [97mR:[93m20.9%[97m([91m5.6c[97m) [97mS-L: [92m0:[96m50% [92m2:[96m3% [92m3:[96m16% [92m5:[96m5% [92m6:[96m1%[39m [34mF1_perclass: 29.3-1.7-1.8-8.4-0.0-2.4-1.3 [39m[39m
2026-01-15 08:53:22,677 - Agent - INFO - [37mTest Epoch 0 step 0 with [31mce_loss_combined : 2.022011 [31mce_loss_c : 1.492977 [31mce_loss_g : 1.984664 [31mce_mask0 : 2.022669 [31mce_mask1 : 2.034126 [31mkl_synergy_1 : 0.029321 [31mkl_synergy_2 : 0.028310 [31mtotal : 6.136437 [94mAcc_combined: 14.57 [94mAcc_c: 46.38 [94mAcc_g: 39.38 [97mS:[93m6.2%[97m([91m1.8c[97m-[94mF1:5.8%) [97mU1:[93m22.9%[97m([91m5.6c[97m) [97mU2:[93m11.0%[97m([91m2.7c[97m) [97mR:[93m20.0%[97m([91m4.6c[97m) [97mS-L: [92m0:[96m42% [92m2:[96m3% [92m3:[96m19% [92m4:[96m4% [92m5:[96m5% [92m6:[96m1%[39m [34mF1_perclass: 27.5-0.0-2.1-22.0-5.6-1.3-1.3 [39m[39m
2026-01-15 08:53:22,872 - Agent - INFO - [37mModel saved successfully at: /esat/smcdata/users/kkontras/Image_Dataset/no_backup/data/2025_data/synergy/CremadPlus/v2/SynIB_RMask_fold0_l0.1_fillema_lsparse1_lr0.0001_wd0.0001_clsmlp_bs64.pth.tar[39m
2026-01-15 08:53:22,875 - Agent - INFO - Total number of trainable parameters are: 22487018
2026-01-15 08:54:20,958 - Agent - INFO - [37mVal Epoch 1 step 1 with [31mce_loss_combined : 1.108378 [31mce_loss_c : 1.425311 [31mce_loss_g : 1.766286 [31mce_mask0 : 1.126948 [31mce_mask1 : 1.129316 [31mkl_synergy_1 : 0.373209 [31mkl_synergy_2 : 0.382582 [31mtotal : 4.120433 [94mAcc_combined: 60.48 [94mAcc_c: 51.03 [94mAcc_g: 35.31 [97mS:[93m29.9%[97m([91m8.9c[97m-[94mF1:28.0%) [97mU1:[93m64.1%[97m([91m15.3c[97m) [97mU2:[93m57.5%[97m([91m11.4c[97m) [97mR:[93m93.6%[97m([91m24.9c[97m) [97mS-L: [92m0:[96m25% [92m1:[96m74% [92m2:[96m16% [92m3:[96m52% [92m4:[96m13% [92m5:[96m35% [92m6:[96m23%[39m [34mF1_perclass: 69.2-76.1-39.4-50.3-69.2-76.6-25.9 [39m[39m
2026-01-15 08:54:20,975 - Agent - INFO - [37mTest Epoch 1 step 1 with [31mce_loss_combined : 1.187924 [31mce_loss_c : 1.600907 [31mce_loss_g : 1.650830 [31mce_mask0 : 1.207812 [31mce_mask1 : 1.228394 [31mkl_synergy_1 : 0.368145 [31mkl_synergy_2 : 0.362244 [31mtotal : 4.354519 [94mAcc_combined: 61.40 [94mAcc_c: 45.16 [94mAcc_g: 36.04 [97mS:[93m23.3%[97m([91m6.7c[97m-[94mF1:17.6%) [97mU1:[93m69.3%[97m([91m16.8c[97m) [97mU2:[93m69.9%[97m([91m17.0c[97m) [97mR:[93m91.7%[97m([91m20.9c[97m) [97mS-L: [92m0:[96m8% [92m1:[96m38% [92m2:[96m5% [92m3:[96m61% [92m4:[96m8% [92m5:[96m29% [92m6:[96m20%[39m [34mF1_perclass: 69.7-77.1-42.6-54.5-67.9-69.6-28.7 [39m[39m
2026-01-15 08:54:21,470 - Agent - INFO - [37mModel saved successfully at: /esat/smcdata/users/kkontras/Image_Dataset/no_backup/data/2025_data/synergy/CremadPlus/v2/SynIB_RMask_fold0_l0.1_fillema_lsparse1_lr0.0001_wd0.0001_clsmlp_bs64.pth.tar[39m
2026-01-15 08:54:21,474 - Agent - INFO - Total number of trainable parameters are: 22487018
2026-01-15 08:55:07,948 - Agent - INFO - [37mVal Epoch 2 step 2 with [31mce_loss_combined : 1.132239 [31mce_loss_c : 1.432169 [31mce_loss_g : 1.660909 [31mce_mask0 : 1.144272 [31mce_mask1 : 1.153684 [31mkl_synergy_1 : 0.343297 [31mkl_synergy_2 : 0.326374 [31mtotal : 4.099866 [94mAcc_combined: 61.05 [94mAcc_c: 50.11 [94mAcc_g: 36.67 [97mS:[93m34.9%[97m([91m10.4c[97m-[94mF1:31.1%) [97mU1:[93m63.6%[97m([91m15.1c[97m) [97mU2:[93m55.7%[97m([91m11.0c[97m) [97mR:[93m91.9%[97m([91m24.5c[97m) [97mS-L: [92m0:[96m25% [92m1:[96m70% [92m2:[96m32% [92m3:[96m42% [92m4:[96m27% [92m5:[96m25% [92m6:[96m31%[39m [34mF1_perclass: 69.2-77.5-47.5-57.0-66.7-73.8-30.0 [39m[39m
2026-01-15 08:55:07,964 - Agent - INFO - [37mTest Epoch 2 step 2 with [31mce_loss_combined : 1.374059 [31mce_loss_c : 1.608646 [31mce_loss_g : 1.725581 [31mce_mask0 : 1.363455 [31mce_mask1 : 1.378044 [31mkl_synergy_1 : 0.344016 [31mkl_synergy_2 : 0.324057 [31mtotal : 4.783631 [94mAcc_combined: 55.17 [94mAcc_c: 44.49 [94mAcc_g: 37.04 [97mS:[93m23.3%[97m([91m6.7c[97m-[94mF1:17.1%) [97mU1:[93m64.7%[97m([91m15.7c[97m) [97mU2:[93m59.8%[97m([91m14.6c[97m) [97mR:[93m80.0%[97m([91m18.2c[97m) [97mS-L: [92m1:[96m62% [92m2:[96m5% [92m3:[96m53% [92m4:[96m21% [92m5:[96m10% [92m6:[96m23%[39m [34mF1_perclass: 52.1-69.6-42.6-53.0-57.9-65.9-27.7 [39m[39m
2026-01-15 08:55:08,544 - Agent - INFO - [37mModel saved successfully at: /esat/smcdata/users/kkontras/Image_Dataset/no_backup/data/2025_data/synergy/CremadPlus/v2/SynIB_RMask_fold0_l0.1_fillema_lsparse1_lr0.0001_wd0.0001_clsmlp_bs64.pth.tar[39m
2026-01-15 08:55:08,549 - Agent - INFO - Total number of trainable parameters are: 22487018
2026-01-15 08:55:55,167 - Agent - INFO - [37mVal Epoch 3 step 3 with [31mce_loss_combined : 1.094499 [31mce_loss_c : 1.445503 [31mce_loss_g : 1.513752 [31mce_mask0 : 1.117603 [31mce_mask1 : 1.103015 [31mkl_synergy_1 : 0.349061 [31mkl_synergy_2 : 0.326700 [31mtotal : 3.990878 [94mAcc_combined: 63.67 [94mAcc_c: 48.52 [94mAcc_g: 44.76 [97mS:[93m39.1%[97m([91m11.6c[97m-[94mF1:30.8%) [97mU1:[93m72.7%[97m([91m17.3c[97m) [97mU2:[93m53.4%[97m([91m10.6c[97m) [97mR:[93m90.6%[97m([91m24.1c[97m) [97mS-L: [92m0:[96m25% [92m1:[96m87% [92m2:[96m30% [92m3:[96m35% [92m4:[96m10% [92m5:[96m20% [92m6:[96m45%[39m [34mF1_perclass: 70.3-76.8-55.8-57.1-69.4-76.1-38.8 [39m[39m
2026-01-15 08:55:55,208 - Agent - INFO - [37mTest Epoch 3 step 3 with [31mce_loss_combined : 1.291039 [31mce_loss_c : 1.507279 [31mce_loss_g : 1.673825 [31mce_mask0 : 1.309259 [31mce_mask1 : 1.322896 [31mkl_synergy_1 : 0.351920 [31mkl_synergy_2 : 0.333476 [31mtotal : 4.608592 [94mAcc_combined: 55.17 [94mAcc_c: 44.49 [94mAcc_g: 37.71 [97mS:[93m23.0%[97m([91m6.6c[97m-[94mF1:16.0%) [97mU1:[93m64.2%[97m([91m15.6c[97m) [97mU2:[93m57.5%[97m([91m14.0c[97m) [97mR:[93m83.4%[97m([91m19.0c[97m) [97mS-L: [92m0:[96m8% [92m1:[96m62% [92m2:[96m11% [92m3:[96m28% [92m5:[96m14% [92m6:[96m31%[39m [34mF1_perclass: 61.7-65.2-45.8-51.6-54.6-66.9-30.7 [39m[39m
2026-01-15 08:55:55,802 - Agent - INFO - [37mModel saved successfully at: /esat/smcdata/users/kkontras/Image_Dataset/no_backup/data/2025_data/synergy/CremadPlus/v2/SynIB_RMask_fold0_l0.1_fillema_lsparse1_lr0.0001_wd0.0001_clsmlp_bs64.pth.tar[39m
2026-01-15 08:55:55,806 - Agent - INFO - Total number of trainable parameters are: 22487018
2026-01-15 08:56:57,733 - Agent - INFO - [37mVal Epoch 4 step 4 with [31mce_loss_combined : 1.198582 [31mce_loss_c : 1.454570 [31mce_loss_g : 1.722201 [31mce_mask0 : 1.210313 [31mce_mask1 : 1.209283 [31mkl_synergy_1 : 0.319114 [31mkl_synergy_2 : 0.298692 [31mtotal : 4.235982 [94mAcc_combined: 58.43 [94mAcc_c: 46.92 [94mAcc_g: 35.88 [97mS:[93m35.2%[97m([91m10.5c[97m-[94mF1:28.8%) [97mU1:[93m62.2%[97m([91m14.8c[97m) [97mU2:[93m50.0%[97m([91m9.9c[97m) [97mR:[93m87.2%[97m([91m23.2c[97m) [97mS-L: [92m0:[96m25% [92m1:[96m74% [92m2:[96m24% [92m3:[96m52% [92m4:[96m17% [92m5:[96m15% [92m6:[96m35%[39m [34mF1_perclass: 63.5-70.5-43.3-52.0-69.9-74.5-34.2 [39m[39m
2026-01-15 08:56:57,750 - Agent - INFO - [37mTest Epoch 4 step 4 with [31mce_loss_combined : 1.374629 [31mce_loss_c : 1.551567 [31mce_loss_g : 1.763585 [31mce_mask0 : 1.406429 [31mce_mask1 : 1.419235 [31mkl_synergy_1 : 0.322580 [31mkl_synergy_2 : 0.294658 [31mtotal : 4.817531 [94mAcc_combined: 54.51 [94mAcc_c: 41.38 [94mAcc_g: 39.15 [97mS:[93m26.5%[97m([91m7.6c[97m-[94mF1:16.9%) [97mU1:[93m61.5%[97m([91m14.9c[97m) [97mU2:[93m56.2%[97m([91m13.7c[97m) [97mR:[93m80.5%[97m([91m18.4c[97m) [97mS-L: [92m1:[96m38% [92m2:[96m8% [92m3:[96m58% [92m4:[96m8% [92m5:[96m10% [92m6:[96m31%[39m [34mF1_perclass: 52.4-69.8-38.7-52.0-58.5-63.3-34.8 [39m[39m
2026-01-15 08:56:57,751 - Agent - INFO - Total number of trainable parameters are: 22487018
2026-01-15 08:57:59,890 - Agent - INFO - [37mVal Epoch 5 step 5 with [31mce_loss_combined : 1.193303 [31mce_loss_c : 1.402868 [31mce_loss_g : 1.626805 [31mce_mask0 : 1.209253 [31mce_mask1 : 1.208500 [31mkl_synergy_1 : 0.330512 [31mkl_synergy_2 : 0.294650 [31mtotal : 4.236218 [94mAcc_combined: 58.77 [94mAcc_c: 50.80 [94mAcc_g: 37.47 [97mS:[93m34.9%[97m([91m10.4c[97m-[94mF1:31.3%) [97mU1:[93m70.8%[97m([91m16.9c[97m) [97mU2:[93m43.1%[97m([91m8.5c[97m) [97mR:[93m86.3%[97m([91m23.0c[97m) [97mS-L: [92m0:[96m25% [92m1:[96m52% [92m2:[96m24% [92m3:[96m35% [92m4:[96m47% [92m5:[96m25% [92m6:[96m34%[39m [34mF1_perclass: 67.4-66.7-48.0-57.3-63.3-74.8-33.0 [39m[39m
2026-01-15 08:57:59,906 - Agent - INFO - [37mTest Epoch 5 step 5 with [31mce_loss_combined : 1.324426 [31mce_loss_c : 1.508779 [31mce_loss_g : 1.659374 [31mce_mask0 : 1.335114 [31mce_mask1 : 1.336128 [31mkl_synergy_1 : 0.315941 [31mkl_synergy_2 : 0.292384 [31mtotal : 4.603993 [94mAcc_combined: 54.06 [94mAcc_c: 44.05 [94mAcc_g: 40.93 [97mS:[93m25.7%[97m([91m7.3c[97m-[94mF1:19.8%) [97mU1:[93m66.1%[97m([91m16.0c[97m) [97mU2:[93m47.9%[97m([91m11.7c[97m) [97mR:[93m83.4%[97m([91m19.0c[97m) [97mS-L: [92m0:[96m8% [92m1:[96m38% [92m2:[96m8% [92m3:[96m28% [92m4:[96m38% [92m5:[96m14% [92m6:[96m31%[39m [34mF1_perclass: 61.5-71.4-42.2-43.8-58.9-64.6-31.1 [39m[39m
2026-01-15 08:57:59,907 - Agent - INFO - Total number of trainable parameters are: 22487018
2026-01-15 08:58:53,465 - Agent - INFO - [37mVal Epoch 6 step 6 with [31mce_loss_combined : 1.249567 [31mce_loss_c : 1.385375 [31mce_loss_g : 1.741964 [31mce_mask0 : 1.275279 [31mce_mask1 : 1.266659 [31mkl_synergy_1 : 0.333871 [31mkl_synergy_2 : 0.292340 [31mtotal : 4.417716 [94mAcc_combined: 56.95 [94mAcc_c: 49.54 [94mAcc_g: 35.19 [97mS:[93m39.1%[97m([91m11.6c[97m-[94mF1:32.4%) [97mU1:[93m59.8%[97m([91m14.2c[97m) [97mU2:[93m42.5%[97m([91m8.4c[97m) [97mR:[93m85.0%[97m([91m22.7c[97m) [97mS-L: [92m1:[96m52% [92m2:[96m11% [92m3:[96m48% [92m4:[96m53% [92m5:[96m30% [92m6:[96m42%[39m [34mF1_perclass: 59.9-71.2-30.8-56.2-63.6-77.1-34.6 [39m[39m
2026-01-15 08:58:53,482 - Agent - INFO - [37mTest Epoch 6 step 6 with [31mce_loss_combined : 1.477346 [31mce_loss_c : 1.551860 [31mce_loss_g : 1.714372 [31mce_mask0 : 1.466372 [31mce_mask1 : 1.496646 [31mkl_synergy_1 : 0.346161 [31mkl_synergy_2 : 0.295957 [31mtotal : 5.082483 [94mAcc_combined: 52.06 [94mAcc_c: 42.27 [94mAcc_g: 39.93 [97mS:[93m28.8%[97m([91m8.2c[97m-[94mF1:18.8%) [97mU1:[93m62.8%[97m([91m15.2c[97m) [97mU2:[93m45.7%[97m([91m11.1c[97m) [97mR:[93m76.6%[97m([91m17.5c[97m) [97mS-L: [92m1:[96m25% [92m2:[96m3% [92m3:[96m44% [92m4:[96m33% [92m5:[96m14% [92m6:[96m37%[39m [34mF1_perclass: 47.8-70.1-32.8-49.5-56.7-62.4-34.5 [39m[39m
2026-01-15 08:58:53,483 - Agent - INFO - Total number of trainable parameters are: 22487018
2026-01-15 08:59:50,952 - Agent - INFO - [37mVal Epoch 7 step 7 with [31mce_loss_combined : 1.265560 [31mce_loss_c : 1.449969 [31mce_loss_g : 1.564678 [31mce_mask0 : 1.290662 [31mce_mask1 : 1.287438 [31mkl_synergy_1 : 0.334650 [31mkl_synergy_2 : 0.301049 [31mtotal : 4.479359 [94mAcc_combined: 55.58 [94mAcc_c: 48.29 [94mAcc_g: 38.84 [97mS:[93m38.3%[97m([91m11.4c[97m-[94mF1:31.1%) [97mU1:[93m61.7%[97m([91m14.7c[97m) [97mU2:[93m38.5%[97m([91m7.6c[97m) [97mR:[93m82.1%[97m([91m21.9c[97m) [97mS-L: [92m0:[96m25% [92m1:[96m78% [92m2:[96m22% [92m3:[96m26% [92m4:[96m20% [92m5:[96m35% [92m6:[96m45%[39m [34mF1_perclass: 59.4-61.5-47.2-53.6-62.8-76.1-35.1 [39m[39m
2026-01-15 08:59:50,968 - Agent - INFO - [37mTest Epoch 7 step 7 with [31mce_loss_combined : 1.619962 [31mce_loss_c : 1.632201 [31mce_loss_g : 2.083287 [31mce_mask0 : 1.645066 [31mce_mask1 : 1.620634 [31mkl_synergy_1 : 0.326236 [31mkl_synergy_2 : 0.299886 [31mtotal : 5.511784 [94mAcc_combined: 42.38 [94mAcc_c: 40.82 [94mAcc_g: 31.70 [97mS:[93m26.1%[97m([91m7.5c[97m-[94mF1:12.2%) [97mU1:[93m38.5%[97m([91m9.3c[97m) [97mU2:[93m40.6%[97m([91m9.9c[97m) [97mR:[93m68.8%[97m([91m15.7c[97m) [97mS-L: [92m1:[96m62% [92m2:[96m3% [92m3:[96m6% [92m4:[96m4% [92m5:[96m5% [92m6:[96m48%[39m [34mF1_perclass: 51.8-57.9-18.6-30.1-48.4-50.4-29.8 [39m[39m
2026-01-15 08:59:50,969 - Agent - INFO - Total number of trainable parameters are: 22487018
2026-01-15 09:00:49,200 - Agent - INFO - [37mVal Epoch 8 step 8 with [31mce_loss_combined : 1.297405 [31mce_loss_c : 1.432955 [31mce_loss_g : 1.567691 [31mce_mask0 : 1.315517 [31mce_mask1 : 1.309381 [31mkl_synergy_1 : 0.358355 [31mkl_synergy_2 : 0.299310 [31mtotal : 4.579968 [94mAcc_combined: 54.78 [94mAcc_c: 49.66 [94mAcc_g: 37.02 [97mS:[93m31.0%[97m([91m9.2c[97m-[94mF1:29.4%) [97mU1:[93m70.8%[97m([91m16.9c[97m) [97mU2:[93m37.9%[97m([91m7.5c[97m) [97mR:[93m79.5%[97m([91m21.2c[97m) [97mS-L: [92m0:[96m25% [92m1:[96m43% [92m2:[96m49% [92m3:[96m35% [92m4:[96m30% [92m5:[96m35% [92m6:[96m22%[39m [34mF1_perclass: 59.7-58.8-45.5-56.9-64.2-69.0-26.8 [39m[39m
2026-01-15 09:00:49,216 - Agent - INFO - [37mTest Epoch 8 step 8 with [31mce_loss_combined : 1.329170 [31mce_loss_c : 1.506423 [31mce_loss_g : 1.524179 [31mce_mask0 : 1.326848 [31mce_mask1 : 1.334405 [31mkl_synergy_1 : 0.342266 [31mkl_synergy_2 : 0.281930 [31mtotal : 4.614621 [94mAcc_combined: 52.39 [94mAcc_c: 41.60 [94mAcc_g: 44.27 [97mS:[93m26.5%[97m([91m7.6c[97m-[94mF1:21.4%) [97mU1:[93m67.0%[97m([91m16.2c[97m) [97mU2:[93m41.6%[97m([91m10.1c[97m) [97mR:[93m81.0%[97m([91m18.5c[97m) [97mS-L: [92m1:[96m25% [92m2:[96m39% [92m3:[96m19% [92m4:[96m29% [92m5:[96m33% [92m6:[96m25%[39m [34mF1_perclass: 58.4-69.8-46.5-40.7-56.5-63.9-27.3 [39m[39m
2026-01-15 09:00:49,217 - Agent - INFO - Total number of trainable parameters are: 22487018
2026-01-15 09:01:32,787 - Agent - INFO - [37mVal Epoch 9 step 9 with [31mce_loss_combined : 1.316777 [31mce_loss_c : 1.466553 [31mce_loss_g : 1.636515 [31mce_mask0 : 1.332541 [31mce_mask1 : 1.334114 [31mkl_synergy_1 : 0.329161 [31mkl_synergy_2 : 0.292456 [31mtotal : 4.605050 [94mAcc_combined: 56.26 [94mAcc_c: 48.75 [94mAcc_g: 36.79 [97mS:[93m31.4%[97m([91m9.3c[97m-[94mF1:28.3%) [97mU1:[93m69.4%[97m([91m16.5c[97m) [97mU2:[93m37.4%[97m([91m7.4c[97m) [97mR:[93m86.3%[97m([91m23.0c[97m) [97mS-L: [92m1:[96m52% [92m2:[96m14% [92m3:[96m35% [92m4:[96m17% [92m5:[96m55% [92m6:[96m33%[39m [34mF1_perclass: 61.5-65.4-42.8-54.0-62.6-67.6-33.9 [39m[39m
2026-01-15 09:01:32,803 - Agent - INFO - [37mTest Epoch 9 step 9 with [31mce_loss_combined : 1.403011 [31mce_loss_c : 1.588527 [31mce_loss_g : 1.752250 [31mce_mask0 : 1.402599 [31mce_mask1 : 1.404129 [31mkl_synergy_1 : 0.314649 [31mkl_synergy_2 : 0.264424 [31mtotal : 4.788811 [94mAcc_combined: 48.61 [94mAcc_c: 40.60 [94mAcc_g: 38.38 [97mS:[93m23.0%[97m([91m6.6c[97m-[94mF1:14.7%) [97mU1:[93m63.8%[97m([91m15.5c[97m) [97mU2:[93m37.0%[97m([91m9.0c[97m) [97mR:[93m77.1%[97m([91m17.6c[97m) [97mS-L: [92m1:[96m12% [92m2:[96m5% [92m3:[96m31% [92m5:[96m52% [92m6:[96m29%[39m [34mF1_perclass: 60.4-55.3-43.3-47.8-40.7-59.1-26.3 [39m[39m
2026-01-15 09:01:32,804 - Agent - INFO - Total number of trainable parameters are: 22487018
2026-01-15 09:02:23,813 - Agent - INFO - [37mVal Epoch 10 step 10 with [31mce_loss_combined : 1.303925 [31mce_loss_c : 1.443152 [31mce_loss_g : 2.107332 [31mce_mask0 : 1.328218 [31mce_mask1 : 1.313692 [31mkl_synergy_1 : 0.335053 [31mkl_synergy_2 : 0.276301 [31mtotal : 4.557190 [94mAcc_combined: 55.24 [94mAcc_c: 49.54 [94mAcc_g: 28.47 [97mS:[93m37.2%[97m([91m11.0c[97m-[94mF1:30.8%) [97mU1:[93m66.0%[97m([91m15.7c[97m) [97mU2:[93m37.9%[97m([91m7.5c[97m) [97mR:[93m78.6%[97m([91m21.0c[97m) [97mS-L: [92m0:[96m25% [92m1:[96m39% [92m2:[96m24% [92m3:[96m32% [92m4:[96m33% [92m5:[96m20% [92m6:[96m47%[39m [34mF1_perclass: 62.3-62.6-44.9-56.0-59.0-73.3-35.4 [39m[39m
2026-01-15 09:02:23,862 - Agent - INFO - [37mTest Epoch 10 step 10 with [31mce_loss_combined : 1.294904 [31mce_loss_c : 1.466358 [31mce_loss_g : 2.373178 [31mce_mask0 : 1.296100 [31mce_mask1 : 1.304575 [31mkl_synergy_1 : 0.304819 [31mkl_synergy_2 : 0.248478 [31mtotal : 4.448875 [94mAcc_combined: 54.39 [94mAcc_c: 43.16 [94mAcc_g: 30.70 [97mS:[93m28.0%[97m([91m8.0c[97m-[94mF1:20.1%) [97mU1:[93m67.9%[97m([91m16.5c[97m) [97mU2:[93m46.6%[97m([91m11.3c[97m) [97mR:[93m81.5%[97m([91m18.6c[97m) [97mS-L: [92m0:[96m8% [92m1:[96m12% [92m2:[96m18% [92m3:[96m22% [92m4:[96m25% [92m5:[96m29% [92m6:[96m36%[39m [34mF1_perclass: 54.2-75.8-50.3-47.7-49.3-66.4-34.3 [39m[39m
2026-01-15 09:02:24,610 - Agent - INFO - Total number of trainable parameters are: 22487018
2026-01-15 09:03:16,901 - Agent - INFO - [37mVal Epoch 11 step 11 with [31mce_loss_combined : 1.307324 [31mce_loss_c : 1.448704 [31mce_loss_g : 1.742672 [31mce_mask0 : 1.313036 [31mce_mask1 : 1.325483 [31mkl_synergy_1 : 0.323625 [31mkl_synergy_2 : 0.284001 [31mtotal : 4.553468 [94mAcc_combined: 56.83 [94mAcc_c: 49.43 [94mAcc_g: 37.02 [97mS:[93m29.5%[97m([91m8.8c[97m-[94mF1:26.0%) [97mU1:[93m70.3%[97m([91m16.7c[97m) [97mU2:[93m40.8%[97m([91m8.1c[97m) [97mR:[93m87.2%[97m([91m23.2c[97m) [97mS-L: [92m0:[96m25% [92m1:[96m74% [92m2:[96m14% [92m3:[96m26% [92m4:[96m43% [92m5:[96m15% [92m6:[96m26%[39m [34mF1_perclass: 65.1-66.5-42.0-52.8-63.8-70.1-27.0 [39m[39m
2026-01-15 09:03:16,916 - Agent - INFO - [37mTest Epoch 11 step 11 with [31mce_loss_combined : 1.419877 [31mce_loss_c : 1.504221 [31mce_loss_g : 1.973923 [31mce_mask0 : 1.426713 [31mce_mask1 : 1.414231 [31mkl_synergy_1 : 0.317881 [31mkl_synergy_2 : 0.260147 [31mtotal : 4.838848 [94mAcc_combined: 50.72 [94mAcc_c: 43.72 [94mAcc_g: 32.70 [97mS:[93m25.3%[97m([91m7.2c[97m-[94mF1:17.5%) [97mU1:[93m59.6%[97m([91m14.5c[97m) [97mU2:[93m42.5%[97m([91m10.3c[97m) [97mR:[93m82.0%[97m([91m18.7c[97m) [97mS-L: [92m0:[96m8% [92m1:[96m75% [92m2:[96m11% [92m3:[96m8% [92m4:[96m25% [92m5:[96m10% [92m6:[96m36%[39m [34mF1_perclass: 61.0-61.2-44.4-35.2-55.2-57.9-34.0 [39m[39m
2026-01-15 09:03:16,917 - Agent - INFO - Total number of trainable parameters are: 22487018
2026-01-15 09:04:00,474 - Agent - INFO - [37mVal Epoch 12 step 12 with [31mce_loss_combined : 1.243329 [31mce_loss_c : 1.456659 [31mce_loss_g : 1.511228 [31mce_mask0 : 1.275710 [31mce_mask1 : 1.245881 [31mkl_synergy_1 : 0.336481 [31mkl_synergy_2 : 0.301238 [31mtotal : 4.402638 [94mAcc_combined: 58.09 [94mAcc_c: 51.37 [94mAcc_g: 42.03 [97mS:[93m37.5%[97m([91m11.2c[97m-[94mF1:30.3%) [97mU1:[93m71.3%[97m([91m17.0c[97m) [97mU2:[93m35.1%[97m([91m6.9c[97m) [97mR:[93m86.3%[97m([91m23.0c[97m) [97mS-L: [92m0:[96m25% [92m1:[96m43% [92m2:[96m19% [92m3:[96m23% [92m4:[96m13% [92m5:[96m30% [92m6:[96m54%[39m [34mF1_perclass: 61.6-71.7-50.6-52.5-60.7-75.5-40.0 [39m[39m
2026-01-15 09:04:00,491 - Agent - INFO - [37mTest Epoch 12 step 12 with [31mce_loss_combined : 1.345731 [31mce_loss_c : 1.521057 [31mce_loss_g : 1.700469 [31mce_mask0 : 1.356579 [31mce_mask1 : 1.367361 [31mkl_synergy_1 : 0.316008 [31mkl_synergy_2 : 0.265725 [31mtotal : 4.651404 [94mAcc_combined: 51.84 [94mAcc_c: 42.05 [94mAcc_g: 40.93 [97mS:[93m28.4%[97m([91m8.1c[97m-[94mF1:17.0%) [97mU1:[93m62.8%[97m([91m15.2c[97m) [97mU2:[93m39.7%[97m([91m9.7c[97m) [97mR:[93m82.4%[97m([91m18.8c[97m) [97mS-L: [92m1:[96m25% [92m2:[96m5% [92m3:[96m8% [92m4:[96m17% [92m5:[96m29% [92m6:[96m47%[39m [34mF1_perclass: 63.1-65.8-43.1-40.0-52.7-61.0-35.9 [39m[39m
2026-01-15 09:04:00,492 - Agent - INFO - Total number of trainable parameters are: 22487018
2026-01-15 09:05:03,369 - Agent - INFO - [37mVal Epoch 13 step 13 with [31mce_loss_combined : 1.248480 [31mce_loss_c : 1.432594 [31mce_loss_g : 1.516895 [31mce_mask0 : 1.278955 [31mce_mask1 : 1.274991 [31mkl_synergy_1 : 0.335526 [31mkl_synergy_2 : 0.298753 [31mtotal : 4.436705 [94mAcc_combined: 57.97 [94mAcc_c: 50.11 [94mAcc_g: 41.34 [97mS:[93m34.1%[97m([91m10.1c[97m-[94mF1:31.5%) [97mU1:[93m70.3%[97m([91m16.7c[97m) [97mU2:[93m42.0%[97m([91m8.3c[97m) [97mR:[93m85.5%[97m([91m22.8c[97m) [97mS-L: [92m0:[96m25% [92m1:[96m52% [92m2:[96m16% [92m3:[96m35% [92m4:[96m20% [92m5:[96m45% [92m6:[96m38%[39m [34mF1_perclass: 64.5-67.4-46.5-57.1-64.7-71.5-33.0 [39m[39m
2026-01-15 09:05:03,385 - Agent - INFO - [37mTest Epoch 13 step 13 with [31mce_loss_combined : 1.291876 [31mce_loss_c : 1.525978 [31mce_loss_g : 1.627869 [31mce_mask0 : 1.324353 [31mce_mask1 : 1.297141 [31mkl_synergy_1 : 0.307571 [31mkl_synergy_2 : 0.263564 [31mtotal : 4.484504 [94mAcc_combined: 54.28 [94mAcc_c: 41.71 [94mAcc_g: 40.16 [97mS:[93m26.1%[97m([91m7.5c[97m-[94mF1:19.7%) [97mU1:[93m72.9%[97m([91m17.7c[97m) [97mU2:[93m40.6%[97m([91m9.9c[97m) [97mR:[93m84.4%[97m([91m19.2c[97m) [97mS-L: [92m1:[96m38% [92m2:[96m11% [92m3:[96m22% [92m4:[96m12% [92m5:[96m52% [92m6:[96m32%[39m [34mF1_perclass: 63.5-68.0-46.3-48.4-51.5-65.1-31.9 [39m[39m
2026-01-15 09:05:03,386 - Agent - INFO - Total number of trainable parameters are: 22487018
2026-01-15 09:06:00,960 - Agent - INFO - [37mVal Epoch 14 step 14 with [31mce_loss_combined : 1.204859 [31mce_loss_c : 1.438984 [31mce_loss_g : 1.459654 [31mce_mask0 : 1.226480 [31mce_mask1 : 1.229388 [31mkl_synergy_1 : 0.332029 [31mkl_synergy_2 : 0.291531 [31mtotal : 4.284286 [94mAcc_combined: 60.82 [94mAcc_c: 50.11 [94mAcc_g: 42.26 [97mS:[93m36.4%[97m([91m10.8c[97m-[94mF1:32.7%) [97mU1:[93m73.7%[97m([91m17.5c[97m) [97mU2:[93m43.7%[97m([91m8.7c[97m) [97mR:[93m89.3%[97m([91m23.8c[97m) [97mS-L: [92m0:[96m25% [92m1:[96m61% [92m2:[96m24% [92m3:[96m35% [92m4:[96m30% [92m5:[96m25% [92m6:[96m40%[39m [34mF1_perclass: 66.7-73.4-49.7-59.6-64.1-75.0-36.7 [39m[39m
2026-01-15 09:06:00,994 - Agent - INFO - [37mTest Epoch 14 step 14 with [31mce_loss_combined : 1.293661 [31mce_loss_c : 1.519341 [31mce_loss_g : 1.593913 [31mce_mask0 : 1.310034 [31mce_mask1 : 1.294540 [31mkl_synergy_1 : 0.303524 [31mkl_synergy_2 : 0.256326 [31mtotal : 4.458086 [94mAcc_combined: 54.51 [94mAcc_c: 42.16 [94mAcc_g: 45.38 [97mS:[93m27.2%[97m([91m7.8c[97m-[94mF1:20.6%) [97mU1:[93m68.8%[97m([91m16.7c[97m) [97mU2:[93m42.9%[97m([91m10.5c[97m) [97mR:[93m85.9%[97m([91m19.6c[97m) [97mS-L: [92m0:[96m8% [92m1:[96m38% [92m2:[96m18% [92m3:[96m22% [92m4:[96m17% [92m5:[96m29% [92m6:[96m35%[39m [34mF1_perclass: 61.4-70.5-47.4-45.8-54.8-66.2-32.7 [39m[39m
2026-01-15 09:06:00,995 - Agent - INFO - Total number of trainable parameters are: 22487018
2026-01-15 09:07:03,071 - Agent - INFO - [37mVal Epoch 15 step 15 with [31mce_loss_combined : 1.213610 [31mce_loss_c : 1.443934 [31mce_loss_g : 1.446179 [31mce_mask0 : 1.231872 [31mce_mask1 : 1.234743 [31mkl_synergy_1 : 0.330817 [31mkl_synergy_2 : 0.289608 [31mtotal : 4.300650 [94mAcc_combined: 61.50 [94mAcc_c: 49.20 [94mAcc_g: 43.05 [97mS:[93m37.9%[97m([91m11.3c[97m-[94mF1:34.1%) [97mU1:[93m74.6%[97m([91m17.8c[97m) [97mU2:[93m43.7%[97m([91m8.7c[97m) [97mR:[93m89.3%[97m([91m23.8c[97m) [97mS-L: [92m0:[96m25% [92m1:[96m61% [92m2:[96m24% [92m3:[96m35% [92m4:[96m33% [92m5:[96m35% [92m6:[96m41%[39m [34mF1_perclass: 67.6-73.4-48.0-59.0-65.6-76.7-36.8 [39m[39m
2026-01-15 09:07:03,087 - Agent - INFO - [37mTest Epoch 15 step 15 with [31mce_loss_combined : 1.331283 [31mce_loss_c : 1.537961 [31mce_loss_g : 1.633290 [31mce_mask0 : 1.393654 [31mce_mask1 : 1.369007 [31mkl_synergy_1 : 0.302909 [31mkl_synergy_2 : 0.265707 [31mtotal : 4.662560 [94mAcc_combined: 53.95 [94mAcc_c: 41.49 [94mAcc_g: 43.60 [97mS:[93m26.8%[97m([91m7.7c[97m-[94mF1:20.0%) [97mU1:[93m68.8%[97m([91m16.7c[97m) [97mU2:[93m42.9%[97m([91m10.5c[97m) [97mR:[93m83.9%[97m([91m19.1c[97m) [97mS-L: [92m1:[96m38% [92m2:[96m18% [92m3:[96m22% [92m4:[96m21% [92m5:[96m29% [92m6:[96m34%[39m [34mF1_perclass: 60.7-66.5-47.9-45.4-56.0-66.2-31.0 [39m[39m
2026-01-15 09:07:03,088 - Agent - INFO - Total number of trainable parameters are: 22487018
2026-01-15 09:07:57,147 - Agent - INFO - [37mVal Epoch 16 step 16 with [31mce_loss_combined : 1.280530 [31mce_loss_c : 1.508353 [31mce_loss_g : 1.499719 [31mce_mask0 : 1.285802 [31mce_mask1 : 1.306396 [31mkl_synergy_1 : 0.324127 [31mkl_synergy_2 : 0.284180 [31mtotal : 4.481034 [94mAcc_combined: 57.97 [94mAcc_c: 47.15 [94mAcc_g: 42.48 [97mS:[93m39.1%[97m([91m11.6c[97m-[94mF1:30.9%) [97mU1:[93m68.9%[97m([91m16.4c[97m) [97mU2:[93m40.8%[97m([91m8.1c[97m) [97mR:[93m82.1%[97m([91m21.9c[97m) [97mS-L: [92m0:[96m25% [92m1:[96m52% [92m2:[96m27% [92m3:[96m29% [92m4:[96m20% [92m5:[96m15% [92m6:[96m53%[39m [34mF1_perclass: 66.4-70.9-50.0-52.6-61.9-70.9-38.5 [39m[39m
2026-01-15 09:07:57,163 - Agent - INFO - [37mTest Epoch 16 step 16 with [31mce_loss_combined : 1.242581 [31mce_loss_c : 1.516103 [31mce_loss_g : 1.548802 [31mce_mask0 : 1.247421 [31mce_mask1 : 1.269411 [31mkl_synergy_1 : 0.301620 [31mkl_synergy_2 : 0.258931 [31mtotal : 4.319964 [94mAcc_combined: 55.73 [94mAcc_c: 42.83 [94mAcc_g: 42.94 [97mS:[93m31.5%[97m([91m9.0c[97m-[94mF1:21.2%) [97mU1:[93m71.6%[97m([91m17.4c[97m) [97mU2:[93m44.3%[97m([91m10.8c[97m) [97mR:[93m81.5%[97m([91m18.6c[97m) [97mS-L: [92m0:[96m8% [92m1:[96m25% [92m2:[96m18% [92m3:[96m17% [92m4:[96m12% [92m5:[96m29% [92m6:[96m47%[39m [34mF1_perclass: 62.1-74.6-50.5-47.7-51.3-66.9-36.8 [39m[39m
2026-01-15 09:07:57,164 - Agent - INFO - Total number of trainable parameters are: 22487018
2026-01-15 09:08:59,034 - Agent - INFO - [37mVal Epoch 17 step 17 with [31mce_loss_combined : 1.248544 [31mce_loss_c : 1.453499 [31mce_loss_g : 1.623553 [31mce_mask0 : 1.275237 [31mce_mask1 : 1.263374 [31mkl_synergy_1 : 0.314057 [31mkl_synergy_2 : 0.279082 [31mtotal : 4.380294 [94mAcc_combined: 59.23 [94mAcc_c: 49.54 [94mAcc_g: 41.12 [97mS:[93m33.0%[97m([91m9.8c[97m-[94mF1:25.2%) [97mU1:[93m73.2%[97m([91m17.4c[97m) [97mU2:[93m44.3%[97m([91m8.8c[97m) [97mR:[93m87.2%[97m([91m23.2c[97m) [97mS-L: [92m0:[96m25% [92m1:[96m83% [92m2:[96m19% [92m3:[96m29% [92m4:[96m20% [92m5:[96m5% [92m6:[96m37%[39m [34mF1_perclass: 66.2-66.8-51.8-55.4-65.5-74.8-32.7 [39m[39m
2026-01-15 09:08:59,053 - Agent - INFO - [37mTest Epoch 17 step 17 with [31mce_loss_combined : 1.378113 [31mce_loss_c : 1.478302 [31mce_loss_g : 1.959614 [31mce_mask0 : 1.417251 [31mce_mask1 : 1.404478 [31mkl_synergy_1 : 0.292393 [31mkl_synergy_2 : 0.250719 [31mtotal : 4.742954 [94mAcc_combined: 51.28 [94mAcc_c: 42.05 [94mAcc_g: 37.71 [97mS:[93m26.5%[97m([91m7.6c[97m-[94mF1:18.3%) [97mU1:[93m59.6%[97m([91m14.5c[97m) [97mU2:[93m42.0%[97m([91m10.2c[97m) [97mR:[93m83.4%[97m([91m19.0c[97m) [97mS-L: [92m0:[96m8% [92m1:[96m38% [92m2:[96m5% [92m3:[96m14% [92m4:[96m17% [92m5:[96m29% [92m6:[96m40%[39m [34mF1_perclass: 62.3-59.6-34.0-45.2-55.9-63.9-32.7 [39m[39m
2026-01-15 09:08:59,054 - Agent - INFO - Total number of trainable parameters are: 22487018
2026-01-15 09:09:56,847 - Agent - INFO - [37mVal Epoch 18 step 18 with [31mce_loss_combined : 1.263351 [31mce_loss_c : 1.508675 [31mce_loss_g : 1.532123 [31mce_mask0 : 1.284433 [31mce_mask1 : 1.285251 [31mkl_synergy_1 : 0.317293 [31mkl_synergy_2 : 0.291007 [31mtotal : 4.441334 [94mAcc_combined: 58.54 [94mAcc_c: 47.72 [94mAcc_g: 41.23 [97mS:[93m36.0%[97m([91m10.7c[97m-[94mF1:28.6%) [97mU1:[93m73.2%[97m([91m17.4c[97m) [97mU2:[93m38.5%[97m([91m7.6c[97m) [97mR:[93m85.5%[97m([91m22.8c[97m) [97mS-L: [92m0:[96m25% [92m1:[96m57% [92m2:[96m16% [92m3:[96m26% [92m4:[96m23% [92m5:[96m10% [92m6:[96m49%[39m [34mF1_perclass: 65.4-69.3-49.1-51.9-65.0-72.7-39.0 [39m[39m
2026-01-15 09:09:56,864 - Agent - INFO - [37mTest Epoch 18 step 18 with [31mce_loss_combined : 1.248334 [31mce_loss_c : 1.528576 [31mce_loss_g : 1.589406 [31mce_mask0 : 1.269865 [31mce_mask1 : 1.272462 [31mkl_synergy_1 : 0.294307 [31mkl_synergy_2 : 0.249496 [31mtotal : 4.334465 [94mAcc_combined: 53.62 [94mAcc_c: 43.27 [94mAcc_g: 41.27 [97mS:[93m28.4%[97m([91m8.1c[97m-[94mF1:18.5%) [97mU1:[93m69.3%[97m([91m16.8c[97m) [97mU2:[93m40.2%[97m([91m9.8c[97m) [97mR:[93m82.9%[97m([91m18.9c[97m) [97mS-L: [92m0:[96m8% [92m1:[96m25% [92m2:[96m8% [92m3:[96m17% [92m4:[96m12% [92m5:[96m29% [92m6:[96m44%[39m [34mF1_perclass: 65.9-68.2-46.1-40.3-49.8-65.5-36.6 [39m[39m
2026-01-15 09:09:56,865 - Agent - INFO - Total number of trainable parameters are: 22487018
2026-01-15 09:10:51,086 - Agent - INFO - [37mVal Epoch 19 step 19 with [31mce_loss_combined : 1.361997 [31mce_loss_c : 1.502004 [31mce_loss_g : 1.724891 [31mce_mask0 : 1.372510 [31mce_mask1 : 1.370953 [31mkl_synergy_1 : 0.329957 [31mkl_synergy_2 : 0.290873 [31mtotal : 4.726289 [94mAcc_combined: 53.87 [94mAcc_c: 47.27 [94mAcc_g: 33.60 [97mS:[93m33.7%[97m([91m10.0c[97m-[94mF1:26.1%) [97mU1:[93m67.0%[97m([91m15.9c[97m) [97mU2:[93m33.3%[97m([91m6.6c[97m) [97mR:[93m79.9%[97m([91m21.3c[97m) [97mS-L: [92m0:[96m25% [92m1:[96m35% [92m2:[96m22% [92m3:[96m23% [92m4:[96m13% [92m5:[96m10% [92m6:[96m50%[39m [34mF1_perclass: 63.2-61.0-53.5-48.5-58.9-67.7-35.5 [39m[39m
2026-01-15 09:10:51,140 - Agent - INFO - [37mTest Epoch 19 step 19 with [31mce_loss_combined : 1.272682 [31mce_loss_c : 1.518893 [31mce_loss_g : 1.713267 [31mce_mask0 : 1.283229 [31mce_mask1 : 1.285685 [31mkl_synergy_1 : 0.303599 [31mkl_synergy_2 : 0.263082 [31mtotal : 4.408278 [94mAcc_combined: 54.17 [94mAcc_c: 42.05 [94mAcc_g: 36.15 [97mS:[93m34.6%[97m([91m9.9c[97m-[94mF1:20.5%) [97mU1:[93m69.7%[97m([91m16.9c[97m) [97mU2:[93m37.0%[97m([91m9.0c[97m) [97mR:[93m80.5%[97m([91m18.4c[97m) [97mS-L: [92m0:[96m17% [92m1:[96m25% [92m2:[96m13% [92m3:[96m14% [92m4:[96m8% [92m5:[96m14% [92m6:[96m59%[39m [34mF1_perclass: 64.6-71.1-43.2-42.3-49.5-65.6-42.1 [39m[39m
2026-01-15 09:10:51,141 - Agent - INFO - Total number of trainable parameters are: 22487018
2026-01-15 09:11:54,847 - Agent - INFO - [37mVal Epoch 20 step 20 with [31mce_loss_combined : 1.250167 [31mce_loss_c : 1.585735 [31mce_loss_g : 1.465807 [31mce_mask0 : 1.265128 [31mce_mask1 : 1.270285 [31mkl_synergy_1 : 0.323774 [31mkl_synergy_2 : 0.281323 [31mtotal : 4.390677 [94mAcc_combined: 57.86 [94mAcc_c: 45.67 [94mAcc_g: 44.65 [97mS:[93m43.7%[97m([91m13.0c[97m-[94mF1:33.3%) [97mU1:[93m67.9%[97m([91m16.2c[97m) [97mU2:[93m34.5%[97m([91m6.8c[97m) [97mR:[93m82.1%[97m([91m21.9c[97m) [97mS-L: [92m0:[96m25% [92m1:[96m57% [92m2:[96m16% [92m3:[96m23% [92m4:[96m20% [92m5:[96m30% [92m6:[96m65%[39m [34mF1_perclass: 66.2-70.8-48.7-43.5-62.9-73.3-41.0 [39m[39m
2026-01-15 09:11:54,869 - Agent - INFO - [37mTest Epoch 20 step 20 with [31mce_loss_combined : 1.307013 [31mce_loss_c : 1.663382 [31mce_loss_g : 1.614349 [31mce_mask0 : 1.314389 [31mce_mask1 : 1.327986 [31mkl_synergy_1 : 0.302392 [31mkl_synergy_2 : 0.255512 [31mtotal : 4.507291 [94mAcc_combined: 51.61 [94mAcc_c: 40.04 [94mAcc_g: 44.61 [97mS:[93m27.6%[97m([91m7.9c[97m-[94mF1:16.7%) [97mU1:[93m64.2%[97m([91m15.6c[97m) [97mU2:[93m39.3%[97m([91m9.6c[97m) [97mR:[93m81.5%[97m([91m18.6c[97m) [97mS-L: [92m0:[96m17% [92m1:[96m25% [92m2:[96m5% [92m3:[96m6% [92m4:[96m8% [92m5:[96m33% [92m6:[96m46%[39m [34mF1_perclass: 63.0-70.2-40.0-35.5-49.7-62.4-34.3 [39m[39m
2026-01-15 09:11:55,984 - Agent - INFO - Total number of trainable parameters are: 22487018
2026-01-15 09:12:58,499 - Agent - INFO - [37mVal Epoch 21 step 21 with [31mce_loss_combined : 1.313460 [31mce_loss_c : 1.495734 [31mce_loss_g : 1.585976 [31mce_mask0 : 1.327318 [31mce_mask1 : 1.329011 [31mkl_synergy_1 : 0.324431 [31mkl_synergy_2 : 0.288649 [31mtotal : 4.582869 [94mAcc_combined: 55.81 [94mAcc_c: 45.90 [94mAcc_g: 39.52 [97mS:[93m38.3%[97m([91m11.4c[97m-[94mF1:30.9%) [97mU1:[93m67.5%[97m([91m16.1c[97m) [97mU2:[93m36.8%[97m([91m7.3c[97m) [97mR:[93m79.1%[97m([91m21.1c[97m) [97mS-L: [92m0:[96m25% [92m1:[96m39% [92m2:[96m19% [92m3:[96m29% [92m4:[96m27% [92m5:[96m25% [92m6:[96m53%[39m [34mF1_perclass: 59.7-63.7-46.6-54.5-63.3-72.3-37.1 [39m[39m
2026-01-15 09:12:58,515 - Agent - INFO - [37mTest Epoch 21 step 21 with [31mce_loss_combined : 1.306830 [31mce_loss_c : 1.560274 [31mce_loss_g : 1.764545 [31mce_mask0 : 1.325599 [31mce_mask1 : 1.316056 [31mkl_synergy_1 : 0.307119 [31mkl_synergy_2 : 0.272459 [31mtotal : 4.528063 [94mAcc_combined: 51.39 [94mAcc_c: 40.82 [94mAcc_g: 41.82 [97mS:[93m30.7%[97m([91m8.8c[97m-[94mF1:20.9%) [97mU1:[93m68.3%[97m([91m16.6c[97m) [97mU2:[93m35.6%[97m([91m8.7c[97m) [97mR:[93m76.1%[97m([91m17.4c[97m) [97mS-L: [92m1:[96m12% [92m2:[96m21% [92m3:[96m25% [92m4:[96m12% [92m5:[96m43% [92m6:[96m42%[39m [34mF1_perclass: 54.6-70.9-51.2-43.3-46.8-62.7-33.1 [39m[39m
2026-01-15 09:12:58,516 - Agent - INFO - Total number of trainable parameters are: 22487018
2026-01-15 09:13:55,347 - Agent - INFO - [37mVal Epoch 22 step 22 with [31mce_loss_combined : 1.246800 [31mce_loss_c : 1.472293 [31mce_loss_g : 1.563317 [31mce_mask0 : 1.268551 [31mce_mask1 : 1.252043 [31mkl_synergy_1 : 0.304106 [31mkl_synergy_2 : 0.280765 [31mtotal : 4.352264 [94mAcc_combined: 59.23 [94mAcc_c: 50.57 [94mAcc_g: 41.91 [97mS:[93m32.6%[97m([91m9.7c[97m-[94mF1:30.5%) [97mU1:[93m74.6%[97m([91m17.8c[97m) [97mU2:[93m41.4%[97m([91m8.2c[97m) [97mR:[93m88.5%[97m([91m23.6c[97m) [97mS-L: [92m0:[96m25% [92m1:[96m70% [92m2:[96m30% [92m3:[96m32% [92m4:[96m27% [92m5:[96m30% [92m6:[96m28%[39m [34mF1_perclass: 64.0-70.3-49.2-56.7-64.1-73.0-29.9 [39m[39m
2026-01-15 09:13:55,363 - Agent - INFO - [37mTest Epoch 22 step 22 with [31mce_loss_combined : 1.328822 [31mce_loss_c : 1.551760 [31mce_loss_g : 1.721938 [31mce_mask0 : 1.346789 [31mce_mask1 : 1.351741 [31mkl_synergy_1 : 0.294453 [31mkl_synergy_2 : 0.259958 [31mtotal : 4.581763 [94mAcc_combined: 51.72 [94mAcc_c: 42.38 [94mAcc_g: 38.26 [97mS:[93m21.8%[97m([91m6.2c[97m-[94mF1:16.8%) [97mU1:[93m70.2%[97m([91m17.0c[97m) [97mU2:[93m37.9%[97m([91m9.2c[97m) [97mR:[93m84.4%[97m([91m19.2c[97m) [97mS-L: [92m0:[96m8% [92m1:[96m38% [92m2:[96m16% [92m3:[96m17% [92m4:[96m21% [92m5:[96m14% [92m6:[96m27%[39m [34mF1_perclass: 59.5-63.7-48.5-41.8-52.9-63.1-28.2 [39m[39m
2026-01-15 09:13:55,364 - Agent - INFO - Total number of trainable parameters are: 22487018
2026-01-15 09:14:51,039 - Agent - INFO - [37mVal Epoch 23 step 23 with [31mce_loss_combined : 1.261469 [31mce_loss_c : 1.588084 [31mce_loss_g : 1.543390 [31mce_mask0 : 1.268796 [31mce_mask1 : 1.276636 [31mkl_synergy_1 : 0.309242 [31mkl_synergy_2 : 0.274309 [31mtotal : 4.390453 [94mAcc_combined: 58.66 [94mAcc_c: 48.63 [94mAcc_g: 40.89 [97mS:[93m33.7%[97m([91m10.0c[97m-[94mF1:30.6%) [97mU1:[93m71.8%[97m([91m17.1c[97m) [97mU2:[93m40.8%[97m([91m8.1c[97m) [97mR:[93m88.0%[97m([91m23.5c[97m) [97mS-L: [92m0:[96m25% [92m1:[96m52% [92m2:[96m11% [92m3:[96m26% [92m4:[96m33% [92m5:[96m35% [92m6:[96m40%[39m [34mF1_perclass: 62.6-69.3-44.0-53.8-66.4-75.6-34.9 [39m[39m
2026-01-15 09:14:51,055 - Agent - INFO - [37mTest Epoch 23 step 23 with [31mce_loss_combined : 1.274682 [31mce_loss_c : 1.640837 [31mce_loss_g : 1.665974 [31mce_mask0 : 1.293610 [31mce_mask1 : 1.304950 [31mkl_synergy_1 : 0.298055 [31mkl_synergy_2 : 0.265397 [31mtotal : 4.436694 [94mAcc_combined: 53.84 [94mAcc_c: 42.05 [94mAcc_g: 43.60 [97mS:[93m25.3%[97m([91m7.2c[97m-[94mF1:18.2%) [97mU1:[93m72.0%[97m([91m17.5c[97m) [97mU2:[93m39.7%[97m([91m9.7c[97m) [97mR:[93m85.4%[97m([91m19.5c[97m) [97mS-L: [92m0:[96m8% [92m1:[96m38% [92m2:[96m5% [92m3:[96m17% [92m4:[96m12% [92m5:[96m43% [92m6:[96m35%[39m [34mF1_perclass: 65.5-69.1-42.7-42.2-53.3-65.0-30.9 [39m[39m
2026-01-15 09:14:51,056 - Agent - INFO - Total number of trainable parameters are: 22487018
2026-01-15 09:15:56,359 - Agent - INFO - [37mVal Epoch 24 step 24 with [31mce_loss_combined : 1.327542 [31mce_loss_c : 1.498404 [31mce_loss_g : 1.786301 [31mce_mask0 : 1.346866 [31mce_mask1 : 1.342930 [31mkl_synergy_1 : 0.312142 [31mkl_synergy_2 : 0.272266 [31mtotal : 4.601746 [94mAcc_combined: 54.90 [94mAcc_c: 47.72 [94mAcc_g: 33.71 [97mS:[93m37.5%[97m([91m11.2c[97m-[94mF1:30.5%) [97mU1:[93m65.1%[97m([91m15.5c[97m) [97mU2:[93m36.2%[97m([91m7.2c[97m) [97mR:[93m79.1%[97m([91m21.1c[97m) [97mS-L: [92m0:[96m25% [92m1:[96m35% [92m2:[96m24% [92m3:[96m29% [92m4:[96m33% [92m5:[96m20% [92m6:[96m49%[39m [34mF1_perclass: 62.6-54.5-46.2-54.4-59.9-75.3-37.3 [39m[39m
2026-01-15 09:15:56,375 - Agent - INFO - [37mTest Epoch 24 step 24 with [31mce_loss_combined : 1.327861 [31mce_loss_c : 1.551004 [31mce_loss_g : 1.860910 [31mce_mask0 : 1.343994 [31mce_mask1 : 1.362792 [31mkl_synergy_1 : 0.301239 [31mkl_synergy_2 : 0.259034 [31mtotal : 4.594921 [94mAcc_combined: 51.84 [94mAcc_c: 40.71 [94mAcc_g: 40.04 [97mS:[93m28.4%[97m([91m8.1c[97m-[94mF1:19.7%) [97mU1:[93m67.4%[97m([91m16.4c[97m) [97mU2:[93m38.8%[97m([91m9.5c[97m) [97mR:[93m78.5%[97m([91m17.9c[97m) [97mS-L: [92m0:[96m8% [92m1:[96m12% [92m2:[96m18% [92m3:[96m25% [92m4:[96m17% [92m5:[96m24% [92m6:[96m39%[39m [34mF1_perclass: 56.4-71.6-46.2-44.9-48.7-63.3-33.8 [39m[39m
2026-01-15 09:15:56,376 - Agent - INFO - Total number of trainable parameters are: 22487018
2026-01-15 09:16:54,036 - Agent - INFO - [37mVal Epoch 25 step 25 with [31mce_loss_combined : 1.241949 [31mce_loss_c : 1.487157 [31mce_loss_g : 1.493227 [31mce_mask0 : 1.249931 [31mce_mask1 : 1.248976 [31mkl_synergy_1 : 0.291757 [31mkl_synergy_2 : 0.269381 [31mtotal : 4.301993 [94mAcc_combined: 59.23 [94mAcc_c: 47.27 [94mAcc_g: 41.12 [97mS:[93m35.2%[97m([91m10.5c[97m-[94mF1:30.7%) [97mU1:[93m73.2%[97m([91m17.4c[97m) [97mU2:[93m43.7%[97m([91m8.7c[97m) [97mR:[93m85.0%[97m([91m22.7c[97m) [97mS-L: [92m0:[96m25% [92m1:[96m57% [92m2:[96m16% [92m3:[96m29% [92m4:[96m40% [92m5:[96m20% [92m6:[96m41%[39m [34mF1_perclass: 63.5-73.9-46.1-55.4-63.0-75.7-35.7 [39m[39m
2026-01-15 09:16:54,051 - Agent - INFO - [37mTest Epoch 25 step 25 with [31mce_loss_combined : 1.282603 [31mce_loss_c : 1.569624 [31mce_loss_g : 1.609428 [31mce_mask0 : 1.275838 [31mce_mask1 : 1.318385 [31mkl_synergy_1 : 0.274926 [31mkl_synergy_2 : 0.245221 [31mtotal : 4.396973 [94mAcc_combined: 53.17 [94mAcc_c: 41.38 [94mAcc_g: 42.60 [97mS:[93m25.7%[97m([91m7.3c[97m-[94mF1:18.7%) [97mU1:[93m70.2%[97m([91m17.0c[97m) [97mU2:[93m40.6%[97m([91m9.9c[97m) [97mR:[93m82.9%[97m([91m18.9c[97m) [97mS-L: [92m0:[96m8% [92m1:[96m38% [92m2:[96m11% [92m3:[96m28% [92m4:[96m17% [92m5:[96m19% [92m6:[96m34%[39m [34mF1_perclass: 60.4-66.7-42.9-45.6-54.2-66.2-32.0 [39m[39m
2026-01-15 09:16:54,052 - Agent - INFO - Total number of trainable parameters are: 22487018
2026-01-15 09:17:52,432 - Agent - INFO - [37mVal Epoch 26 step 26 with [31mce_loss_combined : 1.256407 [31mce_loss_c : 1.473397 [31mce_loss_g : 1.537893 [31mce_mask0 : 1.269700 [31mce_mask1 : 1.266839 [31mkl_synergy_1 : 0.300936 [31mkl_synergy_2 : 0.272031 [31mtotal : 4.365914 [94mAcc_combined: 59.11 [94mAcc_c: 50.23 [94mAcc_g: 39.41 [97mS:[93m32.6%[97m([91m9.7c[97m-[94mF1:30.2%) [97mU1:[93m72.7%[97m([91m17.3c[97m) [97mU2:[93m42.5%[97m([91m8.4c[97m) [97mR:[93m88.9%[97m([91m23.7c[97m) [97mS-L: [92m0:[96m25% [92m1:[96m48% [92m2:[96m19% [92m3:[96m32% [92m4:[96m33% [92m5:[96m25% [92m6:[96m35%[39m [34mF1_perclass: 65.0-68.6-50.6-56.7-61.7-73.5-34.7 [39m[39m
2026-01-15 09:17:52,448 - Agent - INFO - [37mTest Epoch 26 step 26 with [31mce_loss_combined : 1.262837 [31mce_loss_c : 1.533298 [31mce_loss_g : 1.617105 [31mce_mask0 : 1.269333 [31mce_mask1 : 1.270828 [31mkl_synergy_1 : 0.277738 [31mkl_synergy_2 : 0.259547 [31mtotal : 4.340282 [94mAcc_combined: 54.06 [94mAcc_c: 42.60 [94mAcc_g: 43.16 [97mS:[93m24.1%[97m([91m6.9c[97m-[94mF1:18.0%) [97mU1:[93m75.2%[97m([91m18.2c[97m) [97mU2:[93m41.1%[97m([91m10.0c[97m) [97mR:[93m82.9%[97m([91m18.9c[97m) [97mS-L: [92m0:[96m8% [92m1:[96m25% [92m2:[96m13% [92m3:[96m25% [92m4:[96m17% [92m5:[96m24% [92m6:[96m31%[39m [34mF1_perclass: 64.9-65.5-47.7-47.3-52.4-66.4-29.8 [39m[39m
2026-01-15 09:17:52,449 - Agent - INFO - Total number of trainable parameters are: 22487018
2026-01-15 09:18:53,425 - Agent - INFO - [37mVal Epoch 27 step 27 with [31mce_loss_combined : 1.233410 [31mce_loss_c : 1.487615 [31mce_loss_g : 1.441408 [31mce_mask0 : 1.244326 [31mce_mask1 : 1.241907 [31mkl_synergy_1 : 0.296387 [31mkl_synergy_2 : 0.274293 [31mtotal : 4.290323 [94mAcc_combined: 60.59 [94mAcc_c: 48.29 [94mAcc_g: 45.67 [97mS:[93m34.5%[97m([91m10.3c[97m-[94mF1:29.8%) [97mU1:[93m74.6%[97m([91m17.8c[97m) [97mU2:[93m44.8%[97m([91m8.9c[97m) [97mR:[93m88.9%[97m([91m23.7c[97m) [97mS-L: [92m0:[96m25% [92m1:[96m74% [92m2:[96m19% [92m3:[96m32% [92m4:[96m33% [92m5:[96m15% [92m6:[96m36%[39m [34mF1_perclass: 67.6-74.7-48.2-57.4-63.8-73.1-34.3 [39m[39m
2026-01-15 09:18:53,441 - Agent - INFO - [37mTest Epoch 27 step 27 with [31mce_loss_combined : 1.318752 [31mce_loss_c : 1.569761 [31mce_loss_g : 1.665357 [31mce_mask0 : 1.329622 [31mce_mask1 : 1.340076 [31mkl_synergy_1 : 0.268101 [31mkl_synergy_2 : 0.241622 [31mtotal : 4.498173 [94mAcc_combined: 52.84 [94mAcc_c: 41.27 [94mAcc_g: 41.38 [97mS:[93m24.9%[97m([91m7.1c[97m-[94mF1:18.2%) [97mU1:[93m66.5%[97m([91m16.1c[97m) [97mU2:[93m43.4%[97m([91m10.6c[97m) [97mR:[93m83.4%[97m([91m19.0c[97m) [97mS-L: [92m0:[96m8% [92m1:[96m50% [92m2:[96m11% [92m3:[96m25% [92m4:[96m17% [92m5:[96m14% [92m6:[96m33%[39m [34mF1_perclass: 60.8-63.7-46.5-46.6-54.4-65.2-30.9 [39m[39m
2026-01-15 09:18:53,442 - Agent - INFO - Total number of trainable parameters are: 22487018
2026-01-15 09:19:54,636 - Agent - INFO - [37mVal Epoch 28 step 28 with [31mce_loss_combined : 1.230846 [31mce_loss_c : 1.486733 [31mce_loss_g : 1.456584 [31mce_mask0 : 1.243846 [31mce_mask1 : 1.250186 [31mkl_synergy_1 : 0.294377 [31mkl_synergy_2 : 0.269038 [31mtotal : 4.288293 [94mAcc_combined: 61.28 [94mAcc_c: 47.95 [94mAcc_g: 43.85 [97mS:[93m36.8%[97m([91m10.9c[97m-[94mF1:31.9%) [97mU1:[93m74.6%[97m([91m17.8c[97m) [97mU2:[93m46.6%[97m([91m9.2c[97m) [97mR:[93m87.6%[97m([91m23.3c[97m) [97mS-L: [92m0:[96m25% [92m1:[96m78% [92m2:[96m22% [92m3:[96m29% [92m4:[96m33% [92m5:[96m20% [92m6:[96m40%[39m [34mF1_perclass: 66.7-74.7-50.6-57.3-64.1-76.2-36.3 [39m[39m
2026-01-15 09:19:54,653 - Agent - INFO - [37mTest Epoch 28 step 28 with [31mce_loss_combined : 1.305087 [31mce_loss_c : 1.564906 [31mce_loss_g : 1.660389 [31mce_mask0 : 1.337199 [31mce_mask1 : 1.345791 [31mkl_synergy_1 : 0.276224 [31mkl_synergy_2 : 0.246059 [31mtotal : 4.510360 [94mAcc_combined: 53.28 [94mAcc_c: 40.82 [94mAcc_g: 42.83 [97mS:[93m24.1%[97m([91m6.9c[97m-[94mF1:16.5%) [97mU1:[93m69.3%[97m([91m16.8c[97m) [97mU2:[93m42.9%[97m([91m10.5c[97m) [97mR:[93m83.9%[97m([91m19.1c[97m) [97mS-L: [92m0:[96m8% [92m1:[96m50% [92m2:[96m5% [92m3:[96m17% [92m4:[96m17% [92m5:[96m14% [92m6:[96m36%[39m [34mF1_perclass: 60.0-64.7-46.1-46.8-54.5-65.0-32.7 [39m[39m
2026-01-15 09:19:54,654 - Agent - INFO - Total number of trainable parameters are: 22487018
2026-01-15 09:20:50,402 - Agent - INFO - [37mVal Epoch 29 step 29 with [31mce_loss_combined : 1.216170 [31mce_loss_c : 1.484583 [31mce_loss_g : 1.465219 [31mce_mask0 : 1.230751 [31mce_mask1 : 1.224736 [31mkl_synergy_1 : 0.297231 [31mkl_synergy_2 : 0.272014 [31mtotal : 4.240901 [94mAcc_combined: 60.48 [94mAcc_c: 48.52 [94mAcc_g: 43.51 [97mS:[93m35.6%[97m([91m10.6c[97m-[94mF1:31.7%) [97mU1:[93m75.1%[97m([91m17.9c[97m) [97mU2:[93m44.3%[97m([91m8.8c[97m) [97mR:[93m87.2%[97m([91m23.2c[97m) [97mS-L: [92m0:[96m25% [92m1:[96m65% [92m2:[96m22% [92m3:[96m29% [92m4:[96m30% [92m5:[96m20% [92m6:[96m41%[39m [34mF1_perclass: 65.8-75.5-49.4-56.8-62.3-75.7-36.4 [39m[39m
2026-01-15 09:20:50,422 - Agent - INFO - [37mTest Epoch 29 step 29 with [31mce_loss_combined : 1.263154 [31mce_loss_c : 1.546376 [31mce_loss_g : 1.616912 [31mce_mask0 : 1.280222 [31mce_mask1 : 1.272548 [31mkl_synergy_1 : 0.273527 [31mkl_synergy_2 : 0.247659 [31mtotal : 4.337111 [94mAcc_combined: 53.95 [94mAcc_c: 41.49 [94mAcc_g: 44.61 [97mS:[93m25.3%[97m([91m7.2c[97m-[94mF1:19.1%) [97mU1:[93m72.5%[97m([91m17.6c[97m) [97mU2:[93m41.1%[97m([91m10.0c[97m) [97mR:[93m83.9%[97m([91m19.1c[97m) [97mS-L: [92m0:[96m8% [92m1:[96m38% [92m2:[96m16% [92m3:[96m19% [92m4:[96m17% [92m5:[96m24% [92m6:[96m33%[39m [34mF1_perclass: 63.7-67.7-47.4-45.6-52.8-66.7-31.0 [39m[39m
2026-01-15 09:20:50,424 - Agent - INFO - Total number of trainable parameters are: 22487018
2026-01-15 09:21:45,171 - Agent - INFO - [37mVal Epoch 30 step 30 with [31mce_loss_combined : 1.222404 [31mce_loss_c : 1.486338 [31mce_loss_g : 1.474286 [31mce_mask0 : 1.241512 [31mce_mask1 : 1.239904 [31mkl_synergy_1 : 0.294149 [31mkl_synergy_2 : 0.268972 [31mtotal : 4.266942 [94mAcc_combined: 60.71 [94mAcc_c: 47.84 [94mAcc_g: 43.17 [97mS:[93m34.5%[97m([91m10.3c[97m-[94mF1:30.6%) [97mU1:[93m75.6%[97m([91m18.0c[97m) [97mU2:[93m46.0%[97m([91m9.1c[97m) [97mR:[93m87.6%[97m([91m23.3c[97m) [97mS-L: [92m0:[96m25% [92m1:[96m61% [92m2:[96m24% [92m3:[96m29% [92m4:[96m30% [92m5:[96m20% [92m6:[96m38%[39m [34mF1_perclass: 66.2-75.0-49.2-57.0-63.1-75.5-36.0 [39m[39m
2026-01-15 09:21:45,225 - Agent - INFO - [37mTest Epoch 30 step 30 with [31mce_loss_combined : 1.271731 [31mce_loss_c : 1.559719 [31mce_loss_g : 1.601983 [31mce_mask0 : 1.288062 [31mce_mask1 : 1.271870 [31mkl_synergy_1 : 0.270081 [31mkl_synergy_2 : 0.256093 [31mtotal : 4.357838 [94mAcc_combined: 53.39 [94mAcc_c: 41.49 [94mAcc_g: 45.16 [97mS:[93m25.3%[97m([91m7.2c[97m-[94mF1:18.8%) [97mU1:[93m71.1%[97m([91m17.2c[97m) [97mU2:[93m40.6%[97m([91m9.9c[97m) [97mR:[93m83.4%[97m([91m19.0c[97m) [97mS-L: [92m0:[96m8% [92m1:[96m38% [92m2:[96m16% [92m3:[96m17% [92m4:[96m17% [92m5:[96m24% [92m6:[96m34%[39m [34mF1_perclass: 62.7-65.8-46.9-43.7-53.2-66.9-31.1 [39m[39m
2026-01-15 09:21:46,339 - Agent - INFO - Total number of trainable parameters are: 22487018
2026-01-15 09:22:43,174 - Agent - INFO - [37mVal Epoch 31 step 31 with [31mce_loss_combined : 1.234817 [31mce_loss_c : 1.491184 [31mce_loss_g : 1.485205 [31mce_mask0 : 1.243826 [31mce_mask1 : 1.260730 [31mkl_synergy_1 : 0.291629 [31mkl_synergy_2 : 0.270661 [31mtotal : 4.301663 [94mAcc_combined: 60.71 [94mAcc_c: 48.29 [94mAcc_g: 41.91 [97mS:[93m33.7%[97m([91m10.0c[97m-[94mF1:29.6%) [97mU1:[93m75.1%[97m([91m17.9c[97m) [97mU2:[93m46.0%[97m([91m9.1c[97m) [97mR:[93m88.9%[97m([91m23.7c[97m) [97mS-L: [92m0:[96m25% [92m1:[96m65% [92m2:[96m16% [92m3:[96m29% [92m4:[96m37% [92m5:[96m20% [92m6:[96m36%[39m [34mF1_perclass: 65.8-74.8-47.6-56.0-64.2-75.7-35.0 [39m[39m
2026-01-15 09:22:43,191 - Agent - INFO - [37mTest Epoch 31 step 31 with [31mce_loss_combined : 1.291066 [31mce_loss_c : 1.565431 [31mce_loss_g : 1.641482 [31mce_mask0 : 1.311097 [31mce_mask1 : 1.301061 [31mkl_synergy_1 : 0.275093 [31mkl_synergy_2 : 0.255005 [31mtotal : 4.433321 [94mAcc_combined: 53.62 [94mAcc_c: 41.71 [94mAcc_g: 44.27 [97mS:[93m24.5%[97m([91m7.0c[97m-[94mF1:17.6%) [97mU1:[93m71.6%[97m([91m17.4c[97m) [97mU2:[93m41.1%[97m([91m10.0c[97m) [97mR:[93m84.4%[97m([91m19.2c[97m) [97mS-L: [92m0:[96m8% [92m1:[96m38% [92m2:[96m8% [92m3:[96m19% [92m4:[96m17% [92m5:[96m24% [92m6:[96m34%[39m [34mF1_perclass: 62.9-65.5-47.8-44.4-54.7-65.5-30.8 [39m[39m
2026-01-15 09:22:43,192 - Agent - INFO - Total number of trainable parameters are: 22487018
2026-01-15 09:23:40,923 - Agent - INFO - [37mVal Epoch 32 step 32 with [31mce_loss_combined : 1.278022 [31mce_loss_c : 1.491033 [31mce_loss_g : 1.556798 [31mce_mask0 : 1.298436 [31mce_mask1 : 1.290041 [31mkl_synergy_1 : 0.282388 [31mkl_synergy_2 : 0.262331 [31mtotal : 4.411218 [94mAcc_combined: 59.23 [94mAcc_c: 47.49 [94mAcc_g: 39.18 [97mS:[93m31.8%[97m([91m9.5c[97m-[94mF1:28.6%) [97mU1:[93m76.1%[97m([91m18.1c[97m) [97mU2:[93m43.7%[97m([91m8.7c[97m) [97mR:[93m86.3%[97m([91m23.0c[97m) [97mS-L: [92m0:[96m25% [92m1:[96m65% [92m2:[96m14% [92m3:[96m32% [92m4:[96m33% [92m5:[96m35% [92m6:[96m30%[39m [34mF1_perclass: 65.9-69.3-45.1-57.4-64.9-74.6-29.8 [39m[39m
2026-01-15 09:23:40,939 - Agent - INFO - [37mTest Epoch 32 step 32 with [31mce_loss_combined : 1.353808 [31mce_loss_c : 1.627488 [31mce_loss_g : 1.724698 [31mce_mask0 : 1.364952 [31mce_mask1 : 1.358902 [31mkl_synergy_1 : 0.272108 [31mkl_synergy_2 : 0.244782 [31mtotal : 4.594553 [94mAcc_combined: 51.72 [94mAcc_c: 40.93 [94mAcc_g: 40.27 [97mS:[93m22.2%[97m([91m6.3c[97m-[94mF1:16.9%) [97mU1:[93m69.7%[97m([91m16.9c[97m) [97mU2:[93m39.3%[97m([91m9.6c[97m) [97mR:[93m82.9%[97m([91m18.9c[97m) [97mS-L: [92m0:[96m8% [92m1:[96m62% [92m2:[96m3% [92m3:[96m14% [92m4:[96m21% [92m5:[96m38% [92m6:[96m27%[39m [34mF1_perclass: 60.8-61.8-40.3-41.4-54.0-65.0-28.0 [39m[39m
2026-01-15 09:23:40,940 - Agent - INFO - Total number of trainable parameters are: 22487018
2026-01-15 09:23:49,651 - Agent - INFO - We are in the final state.
2026-01-15 09:23:49,853 - root - INFO - Loaded best model from /esat/smcdata/users/kkontras/Image_Dataset/no_backup/data/2025_data/synergy/CremadPlus/v2/SynIB_RMask_fold0_l0.1_fillema_lsparse1_lr0.0001_wd0.0001_clsmlp_bs64.pth.tar
2026-01-15 09:24:00,715 - Agent - INFO - [37mVal Epoch 32 step 0 with [31mce_loss_combined : 1.094499 [31mce_loss_c : 1.445503 [31mce_loss_g : 1.513752 [31mce_mask0 : 1.117116 [31mce_mask1 : 1.110746 [31mkl_synergy_1 : 0.348056 [31mkl_synergy_2 : 0.332386 [31mtotal : 4.002803 [94mAcc_combined: 63.67 [94mAcc_c: 48.52 [94mAcc_g: 44.76 [97mS:[93m39.1%[97m([91m11.6c[97m-[94mF1:30.8%) [97mU1:[93m72.7%[97m([91m17.3c[97m) [97mU2:[93m53.4%[97m([91m10.6c[97m) [97mR:[93m90.6%[97m([91m24.1c[97m) [97mS-L: [92m0:[96m25% [92m1:[96m87% [92m2:[96m30% [92m3:[96m35% [92m4:[96m10% [92m5:[96m20% [92m6:[96m45%[39m [34mF1_perclass: 70.3-76.8-55.8-57.1-69.4-76.1-38.8 [39m[39m
2026-01-15 09:24:11,625 - Agent - INFO - [37mTest Epoch 32 step 0 with [31mce_loss_combined : 1.291039 [31mce_loss_c : 1.507279 [31mce_loss_g : 1.673825 [31mce_mask0 : 1.283781 [31mce_mask1 : 1.312819 [31mkl_synergy_1 : 0.348860 [31mkl_synergy_2 : 0.341490 [31mtotal : 4.577989 [94mAcc_combined: 55.17 [94mAcc_c: 44.49 [94mAcc_g: 37.71 [97mS:[93m23.0%[97m([91m6.6c[97m-[94mF1:16.0%) [97mU1:[93m64.2%[97m([91m15.6c[97m) [97mU2:[93m57.5%[97m([91m14.0c[97m) [97mR:[93m83.4%[97m([91m19.0c[97m) [97mS-L: [92m0:[96m8% [92m1:[96m62% [92m2:[96m11% [92m3:[96m28% [92m5:[96m14% [92m6:[96m31%[39m [34mF1_perclass: 61.7-65.2-45.8-51.6-54.6-66.9-30.7 [39m[39m
2026-01-15 09:24:12,480 - Agent - INFO - [37mModel saved successfully at: /esat/smcdata/users/kkontras/Image_Dataset/no_backup/data/2025_data/synergy/CremadPlus/v2/SynIB_RMask_fold0_l0.1_fillema_lsparse1_lr0.0001_wd0.0001_clsmlp_bs64.pth.tar[39m
Job finished
