Starting Job
/esat/smcdata/users/kkontras/Image_Dataset/no_backup/git/Synergy/train.py
/esat/smcdata/users/kkontras/Image_Dataset/no_backup/envs/synergy_new/bin/python
Python 3.10.19
/esat/smcdata/users/kkontras/Image_Dataset/no_backup/git/Synergy
We have 1 GPU
/esat/smcdata/users/kkontras/Image_Dataset/no_backup/git/Synergy/train.py
config-./configs/CREMA_D/synergy/jan/synprom_RMask.json
Executing command: python /esat/smcdata/users/kkontras/Image_Dataset/no_backup/git/Synergy/train.py --config ./configs/CREMA_D/synergy/jan/synprom_RMask.json --default_config ./configs/CREMA_D/default_config_cremadplus_res_syn.json --fold 0 --l 10 --lr 0.0001 --wd 0.0001 --cls mlp --batch_size 64 --perturb_fill ema --perturb_lsparse 1
Namespace(config='./configs/CREMA_D/synergy/jan/synprom_RMask.json', default_config='./configs/CREMA_D/default_config_cremadplus_res_syn.json', fold='0', alpha=None, tanh_mode=None, tanh_mode_beta=None, regby=None, clip=None, batch_size='64', l='10', multil=None, l_diffsq=None, lib=None, ratio_us=None, ratio_snr=None, kmepoch=None, num_samples=None, pow=None, nstep=None, contrcoeff=None, kde_coeff=None, etube=None, temperature=None, contr_type=None, shuffle_type=None, validate_with=None, transform_type=None, trasform_before=None, num_classes=None, base_alpha=None, alpha_var=None, base_beta=None, beta_var=None, optim_method=None, ilr_c=None, ilr_g=None, mmcosine_scaling=None, ending_epoch=None, load_ongoing=None, commonlayers=None, recon_weight1=None, recon_weight2=None, recon_epochstages=None, recon_ensemblestages=None, lr='0.0001', wd='0.0001', mm=None, cls='mlp', perturb=None, perturb_fill='ema', perturb_pmax=None, perturb_pmin=None, perturb_lsparse='1', pre=False, frozen=False, tdqm_disable=False, start_over=False)
2026-01-15 08:52:55,694 - Config - INFO - ./configs/CREMA_D/synergy/jan/synprom_RMask.json
2026-01-15 08:52:55,697 - Config - INFO -  THE Configuration of your experiment ..
{'agent': 'Agent',
 'dataset': {'data_roots': '/esat/smcdata/users/kkontras/Image_Dataset/no_backup/CremaD/CREMA-D',
             'data_split': {'fold': 0, 'method': 'non_inclusive'},
             'dataloader_class': 'CramedDPlus_Dataloader',
             'fps': 1,
             'ironic_label_name': 'SARCASM',
             'ironic_modes': ['train', 'val', 'test'],
             'ironic_rate': 1.0,
             'norm': False,
             'norm_face_path': './mydatasets/CREMAD/norm_face_path_fold{}.pkl',
             'norm_wav_path': './mydatasets/CREMAD/wav_norm_22050_fold{}.pkl',
             'num_frame': 3,
             'return_data': {'audio': False,
                             'face': False,
                             'spectrogram': True,
                             'video': True},
             'sampling_rate': 22050},
 'early_stopping': {'end_of_epoch_check': True,
                    'log_interval': 10,
                    'max_epoch': 1500,
                    'n_steps_stop': 30,
                    'n_steps_stop_after': 0,
                    'save_every_step': 3000,
                    'save_every_valstep': 10,
                    'validate_after': 0,
                    'validate_every': 25,
                    'validate_with': 'accuracy'},
 'exp_name': 'CREMAD Experiment',
 'model': {'args': {'bias_infusion': {'contrcoeff': 0.0, 'l': 1.0},
                    'cls_type': 'mlp',
                    'd_model': 512,
                    'dropout': 0.1,
                    'fc_inner': 64,
                    'in_dim': 64,
                    'multi_loss': {'multi_supervised_w': {'c': 1,
                                                          'combined': 1,
                                                          'g': 1}},
                    'norm_decision': False,
                    'num_classes': 7,
                    'synergy_type': 'gaussian'},
           'ceu': {'test': './cremadplus_ceu_test_res.pkl',
                   'val': './cremadplus_ceu_val_res.pkl'},
           'encoders': [{'args': {'d_model': 512,
                                  'dropout': 0.1,
                                  'fc_inner': 64,
                                  'freeze_encoder': False,
                                  'num_classes': 7},
                         'model': 'Audio_ResNet',
                         'name': 'enc_0_modality1_encoder',
                         'pretrainedEncoder': {'dir': 'unimodal_audio_fold{}_lr0.001_wd0.0001_bs64.pth.tar',
                                               'use': True},
                         'save_encoder': False},
                        {'args': {'d_model': 512,
                                  'dropout': 0.1,
                                  'fc_inner': 64,
                                  'freeze_encoder': False,
                                  'num_classes': 7},
                         'model': 'Video_ResNet',
                         'name': 'enc_1_modality2_encoder',
                         'pretrainedEncoder': {'dir': 'unimodal_video_fold{}_lr0.0001_wd0.0001_bs64.pth.tar',
                                               'use': True},
                         'save_encoder': False},
                        {'args': {'d_model': 512,
                                  'dropout': 0.1,
                                  'fc_inner': 64,
                                  'freeze_encoder': False},
                         'model': 'FusionTrunkLinear',
                         'name': 'enc_2_fusion_trunk',
                         'pretrainedEncoder': {'dir': 'enc_2_fusion_trunk_fold{}.pth.tar',
                                               'use': False},
                         'save_encoder': False},
                        {'args': {'freeze_encoder': False,
                                  'in_dim': 64,
                                  'num_classes': 7},
                         'model': 'LinearHead',
                         'name': 'enc_3_fusion_head',
                         'pretrainedEncoder': {'dir': 'enc_3_fusion_head_fold{}.pth.tar',
                                               'use': False},
                         'save_encoder': False},
                        {'args': {'dropout': 0.1,
                                  'freeze_encoder': False,
                                  'hidden_dim': 64,
                                  'in_dim': 512,
                                  'num_classes': 7},
                         'model': 'MLPHead',
                         'name': 'enc_4_unimodal_head_1',
                         'pretrainedEncoder': {'dir': 'enc_4_unimodal1_fold{}.pth.tar',
                                               'use': False},
                         'save_encoder': False},
                        {'args': {'dropout': 0.1,
                                  'freeze_encoder': False,
                                  'hidden_dim': 64,
                                  'in_dim': 512,
                                  'num_classes': 7},
                         'model': 'MLPHead',
                         'name': 'enc_5_unimodal_head_2',
                         'pretrainedEncoder': {'dir': 'enc_5_unimodal2_fold{}.pth.tar',
                                               'use': False},
                         'save_encoder': False}],
           'load_ongoing': False,
           'model_class': 'FusionIBModel_Mask',
           'save_base_dir': '/esat/smcdata/users/kkontras/Image_Dataset/no_backup/data/2025_data/synergy/CremadPlus/v2',
           'save_dir': 'SynIB_RMask_{}.pth.tar'},
 'optimizer': {'beta1': 0.9,
               'beta2': 0.999,
               'learning_rate': 1e-05,
               'momentum': 0.9,
               'type': 'Adam',
               'weight_decay': 1e-05},
 'scheduler': {'max_lr': 0.03, 'type': 'cosanneal', 'warm_up_steps': 780},
 'training_params': {'async_loading': True,
                     'batch_size': 128,
                     'cuda': True,
                     'data_loader_workers': 8,
                     'gpu_device': [0],
                     'pin_memory': False,
                     'rec_test': True,
                     'res': True,
                     'seed': 109,
                     'tdqm_disable': False,
                     'test_batch_size': 128,
                     'test_on_bottoms': True,
                     'use_test_set': True,
                     'validation': True,
                     'verbose': True,
                     'wandb_disable': False}}
2026-01-15 08:52:55,700 - Config - INFO -  *************************************** 
2026-01-15 08:52:55,700 - Config - INFO - The experiment name is CREMAD Experiment
2026-01-15 08:52:55,700 - Config - INFO -  *************************************** 
2026-01-15 08:52:55,700 - root - INFO - save_dir: SynIB_RMask_fold0_l10_fillema_lsparse1_lr0.0001_wd0.0001_clsmlp_bs64.pth.tar
2026-01-15 08:52:55,746 - Cuda Statistics - INFO - __Python VERSION:  3.10.19 (main, Oct 21 2025, 16:43:05) [GCC 11.2.0]
2026-01-15 08:52:55,746 - Cuda Statistics - INFO - __pyTorch VERSION:  2.9.1+cu128
2026-01-15 08:52:55,746 - Cuda Statistics - INFO - __CUDA VERSION
2026-01-15 08:52:55,747 - Cuda Statistics - INFO - __CUDNN VERSION:  91002
2026-01-15 08:52:55,763 - Cuda Statistics - INFO - __Number CUDA Devices:  1
2026-01-15 08:52:55,763 - Cuda Statistics - INFO - __Devices
2026-01-15 08:52:55,763 - Cuda Statistics - INFO - index, name, driver_version, memory.total [MiB], memory.used [MiB], memory.free [MiB]
2026-01-15 08:52:55,764 - Cuda Statistics - INFO - 0, NVIDIA GeForce RTX 2080 Ti, 570.153.02, 11264 MiB, 4 MiB, 10820 MiB
2026-01-15 08:52:55,768 - Cuda Statistics - INFO - Active CUDA Device: GPU 0
2026-01-15 08:52:55,768 - Cuda Statistics - INFO - Available devices  1
2026-01-15 08:52:55,768 - Cuda Statistics - INFO - Current cuda device  0
2026-01-15 08:52:57,225 - CREMADPlusDataset - INFO - Loaded wav norm from ./mydatasets/CREMAD/wav_norm_22050_fold0.pkl
2026-01-15 08:52:57,241 - CREMADPlusDataset - INFO - [train] Ironic pairing enabled: ironic_rate=1.000, target≈673.7, requested_k=674, applied_k=674
2026-01-15 08:52:57,241 - CREMADPlusDataset - INFO - [train] Flipped-to-sarcasm counts by original class: {0: 135, 1: 143, 2: 94, 3: 111, 4: 98, 5: 93}
2026-01-15 08:52:57,241 - CREMADPlusDataset - INFO - [train] Top (orig_label -> donor_label) sarcasm pairs: [('FEA->HAP', 111), ('DIS->HAP', 98), ('SAD->HAP', 94), ('HAP->ANG', 55), ('HAP->DIS', 47), ('HAP->SAD', 41), ('ANG->HAP', 35), ('ANG->NEU', 35), ('NEU->HAP', 32), ('NEU->FEA', 28)]
2026-01-15 08:52:57,241 - CREMADPlusDataset - INFO - [train] Top donor indices reused (idx, times): [(1334, 4), (3408, 3), (2650, 3), (3255, 3), (3446, 3), (3674, 3), (1379, 3), (2982, 3), (4022, 3), (3631, 3)]
2026-01-15 08:52:57,241 - CREMADPlusDataset - INFO - [train] Label distribution after applying ironic pairs: {0: 570, 1: 695, 2: 476, 3: 512, 4: 525, 5: 590, 6: 674}
2026-01-15 08:52:57,479 - CREMADPlusDataset - INFO - Loaded wav norm from ./mydatasets/CREMAD/wav_norm_22050_fold0.pkl
2026-01-15 08:52:57,481 - CREMADPlusDataset - INFO - [val] Ironic pairing enabled: ironic_rate=1.000, target≈146.3, requested_k=146, applied_k=146
2026-01-15 08:52:57,482 - CREMADPlusDataset - INFO - [val] Flipped-to-sarcasm counts by original class: {0: 27, 1: 31, 2: 19, 3: 21, 4: 23, 5: 25}
2026-01-15 08:52:57,482 - CREMADPlusDataset - INFO - [val] Top (orig_label -> donor_label) sarcasm pairs: [('DIS->HAP', 23), ('FEA->HAP', 21), ('SAD->HAP', 19), ('HAP->DIS', 14), ('HAP->ANG', 12), ('NEU->HAP', 10), ('ANG->NEU', 9), ('ANG->SAD', 8), ('ANG->HAP', 8), ('HAP->SAD', 5)]
2026-01-15 08:52:57,482 - CREMADPlusDataset - INFO - [val] Top donor indices reused (idx, times): [(255, 3), (225, 3), (61, 2), (121, 2), (812, 2), (694, 2), (304, 2), (510, 2), (209, 2), (189, 2)]
2026-01-15 08:52:57,482 - CREMADPlusDataset - INFO - [val] Label distribution after applying ironic pairs: {0: 123, 1: 157, 2: 93, 3: 117, 4: 129, 5: 113, 6: 146}
2026-01-15 08:52:57,756 - CREMADPlusDataset - INFO - Loaded wav norm from ./mydatasets/CREMAD/wav_norm_22050_fold0.pkl
2026-01-15 08:52:57,760 - CREMADPlusDataset - INFO - [test] Ironic pairing enabled: ironic_rate=1.000, target≈149.8, requested_k=150, applied_k=150
2026-01-15 08:52:57,760 - CREMADPlusDataset - INFO - [test] Flipped-to-sarcasm counts by original class: {0: 22, 1: 28, 2: 23, 3: 18, 4: 29, 5: 30}
2026-01-15 08:52:57,760 - CREMADPlusDataset - INFO - [test] Top (orig_label -> donor_label) sarcasm pairs: [('DIS->HAP', 29), ('SAD->HAP', 23), ('FEA->HAP', 18), ('ANG->NEU', 13), ('HAP->ANG', 11), ('ANG->HAP', 11), ('HAP->SAD', 9), ('HAP->DIS', 8), ('NEU->HAP', 8), ('ANG->SAD', 6)]
2026-01-15 08:52:57,760 - CREMADPlusDataset - INFO - [test] Top donor indices reused (idx, times): [(606, 3), (246, 2), (796, 2), (75, 2), (612, 2), (686, 2), (425, 2), (281, 2), (501, 2), (115, 2)]
2026-01-15 08:52:57,760 - CREMADPlusDataset - INFO - [test] Label distribution after applying ironic pairs: {0: 125, 1: 162, 2: 95, 3: 123, 4: 109, 5: 135, 6: 150}
2026-01-15 08:52:57,761 - Agent - INFO - Device: cuda:0
2026-01-15 08:52:57,761 - Agent - INFO - Total training batches: 64, validate every 25 batches, steps per epoch: 3
2026-01-15 08:52:58,978 - Agent - INFO - Loss Weights are {'total': 1, 'combined': 1, 'c': 1, 'g': 1}
2026-01-15 08:52:59,437 - root - INFO - Loading enc best model state dict from /esat/smcdata/users/kkontras/Image_Dataset/no_backup/data/2025_data/synergy/CremadPlus/v2/unimodal_audio_fold0_lr0.001_wd0.0001_bs64.pth.tar
2026-01-15 08:52:59,837 - root - INFO - Loading enc best model state dict from /esat/smcdata/users/kkontras/Image_Dataset/no_backup/data/2025_data/synergy/CremadPlus/v2/unimodal_video_fold0_lr0.0001_wd0.0001_bs64.pth.tar
2026-01-15 08:52:59,922 - Agent - INFO - Total number of trainable parameters are: 22487018
2026-01-15 08:53:28,257 - Agent - INFO - [37mVal Epoch 0 step 0 with [31mce_loss_combined : 2.045220 [31mce_loss_c : 1.383450 [31mce_loss_g : 1.751162 [31mce_mask0 : 2.048383 [31mce_mask1 : 2.047941 [31mkl_synergy_1 : 2.978624 [31mkl_synergy_2 : 2.979474 [31mtotal : 12.099641 [94mAcc_combined: 12.19 [94mAcc_c: 53.08 [94mAcc_g: 43.28 [97mS:[93m3.8%[97m([91m1.1c[97m-[94mF1:4.1%) [97mU1:[93m13.9%[97m([91m3.3c[97m) [97mU2:[93m10.9%[97m([91m2.2c[97m) [97mR:[93m20.9%[97m([91m5.6c[97m) [97mS-L: [92m0:[96m50% [92m2:[96m3% [92m3:[96m16% [92m5:[96m5% [92m6:[96m1%[39m [34mF1_perclass: 29.3-1.7-1.8-8.4-0.0-2.4-1.3 [39m[39m
2026-01-15 08:53:28,327 - Agent - INFO - [37mTest Epoch 0 step 0 with [31mce_loss_combined : 2.022011 [31mce_loss_c : 1.492977 [31mce_loss_g : 1.984664 [31mce_mask0 : 2.022669 [31mce_mask1 : 2.034126 [31mkl_synergy_1 : 2.932056 [31mkl_synergy_2 : 2.830968 [31mtotal : 11.841830 [94mAcc_combined: 14.57 [94mAcc_c: 46.38 [94mAcc_g: 39.38 [97mS:[93m6.2%[97m([91m1.8c[97m-[94mF1:5.8%) [97mU1:[93m22.9%[97m([91m5.6c[97m) [97mU2:[93m11.0%[97m([91m2.7c[97m) [97mR:[93m20.0%[97m([91m4.6c[97m) [97mS-L: [92m0:[96m42% [92m2:[96m3% [92m3:[96m19% [92m4:[96m4% [92m5:[96m5% [92m6:[96m1%[39m [34mF1_perclass: 27.5-0.0-2.1-22.0-5.6-1.3-1.3 [39m[39m
2026-01-15 08:53:28,541 - Agent - INFO - [37mModel saved successfully at: /esat/smcdata/users/kkontras/Image_Dataset/no_backup/data/2025_data/synergy/CremadPlus/v2/SynIB_RMask_fold0_l10_fillema_lsparse1_lr0.0001_wd0.0001_clsmlp_bs64.pth.tar[39m
2026-01-15 08:53:28,542 - Agent - INFO - Total number of trainable parameters are: 22487018
2026-01-15 08:54:56,058 - Agent - INFO - [37mVal Epoch 1 step 1 with [31mce_loss_combined : 1.534086 [31mce_loss_c : 1.802556 [31mce_loss_g : 2.268157 [31mce_mask0 : 1.540059 [31mce_mask1 : 1.545242 [31mkl_synergy_1 : 6.197810 [31mkl_synergy_2 : 6.845156 [31mtotal : 17.662352 [94mAcc_combined: 53.76 [94mAcc_c: 27.45 [94mAcc_g: 11.28 [97mS:[93m23.8%[97m([91m7.1c[97m-[94mF1:20.9%) [97mU1:[93m45.9%[97m([91m10.9c[97m) [97mU2:[93m60.9%[97m([91m12.1c[97m) [97mR:[93m88.9%[97m([91m23.7c[97m) [97mS-L: [92m0:[96m25% [92m1:[96m87% [92m2:[96m14% [92m3:[96m81% [92m4:[96m3% [92m5:[96m20% [92m6:[96m5%[39m [34mF1_perclass: 57.8-71.6-30.9-45.8-62.3-73.7-7.6 [39m[39m
2026-01-15 08:54:56,138 - Agent - INFO - [37mTest Epoch 1 step 1 with [31mce_loss_combined : 1.577150 [31mce_loss_c : 2.058622 [31mce_loss_g : 2.222116 [31mce_mask0 : 1.587810 [31mce_mask1 : 1.601477 [31mkl_synergy_1 : 6.369838 [31mkl_synergy_2 : 6.971952 [31mtotal : 18.108227 [94mAcc_combined: 51.06 [94mAcc_c: 20.13 [94mAcc_g: 7.34 [97mS:[93m14.4%[97m([91m4.1c[97m-[94mF1:12.0%) [97mU1:[93m44.5%[97m([91m10.8c[97m) [97mU2:[93m70.8%[97m([91m17.2c[97m) [97mR:[93m82.9%[97m([91m18.9c[97m) [97mS-L: [92m1:[96m88% [92m2:[96m11% [92m3:[96m53% [92m5:[96m24% [92m6:[96m2%[39m [34mF1_perclass: 59.2-63.8-41.6-46.8-40.8-67.2-3.7 [39m[39m
2026-01-15 08:54:56,866 - Agent - INFO - [37mModel saved successfully at: /esat/smcdata/users/kkontras/Image_Dataset/no_backup/data/2025_data/synergy/CremadPlus/v2/SynIB_RMask_fold0_l10_fillema_lsparse1_lr0.0001_wd0.0001_clsmlp_bs64.pth.tar[39m
2026-01-15 08:54:56,875 - Agent - INFO - Total number of trainable parameters are: 22487018
2026-01-15 08:56:21,060 - Agent - INFO - [37mVal Epoch 2 step 2 with [31mce_loss_combined : 1.562916 [31mce_loss_c : 2.305185 [31mce_loss_g : 1.935287 [31mce_mask0 : 1.569789 [31mce_mask1 : 1.576180 [31mkl_synergy_1 : 5.200759 [31mkl_synergy_2 : 5.534936 [31mtotal : 15.444581 [94mAcc_combined: 56.83 [94mAcc_c: 7.52 [94mAcc_g: 11.05 [97mS:[93m21.1%[97m([91m6.3c[97m-[94mF1:19.7%) [97mU1:[93m58.4%[97m([91m13.9c[97m) [97mU2:[93m62.1%[97m([91m12.3c[97m) [97mR:[93m91.5%[97m([91m24.4c[97m) [97mS-L: [92m1:[96m83% [92m2:[96m14% [92m3:[96m58% [92m4:[96m17% [92m5:[96m30% [92m6:[96m2%[39m [34mF1_perclass: 66.1-71.7-39.4-52.4-66.4-64.3-2.6 [39m[39m
2026-01-15 08:56:21,139 - Agent - INFO - [37mTest Epoch 2 step 2 with [31mce_loss_combined : 1.653311 [31mce_loss_c : 2.310781 [31mce_loss_g : 1.946552 [31mce_mask0 : 1.627327 [31mce_mask1 : 1.649204 [31mkl_synergy_1 : 5.202931 [31mkl_synergy_2 : 5.579042 [31mtotal : 15.711817 [94mAcc_combined: 52.39 [94mAcc_c: 9.34 [94mAcc_g: 9.23 [97mS:[93m13.2%[97m([91m3.8c[97m-[94mF1:10.9%) [97mU1:[93m48.2%[97m([91m11.7c[97m) [97mU2:[93m68.5%[97m([91m16.7c[97m) [97mR:[93m88.8%[97m([91m20.2c[97m) [97mS-L: [92m0:[96m8% [92m1:[96m88% [92m2:[96m3% [92m3:[96m56% [92m4:[96m4% [92m5:[96m14% [92m6:[96m1%[39m [34mF1_perclass: 59.5-68.4-30.2-49.7-59.5-57.8-1.3 [39m[39m
2026-01-15 08:56:22,092 - Agent - INFO - [37mModel saved successfully at: /esat/smcdata/users/kkontras/Image_Dataset/no_backup/data/2025_data/synergy/CremadPlus/v2/SynIB_RMask_fold0_l10_fillema_lsparse1_lr0.0001_wd0.0001_clsmlp_bs64.pth.tar[39m
2026-01-15 08:56:22,098 - Agent - INFO - Total number of trainable parameters are: 22487018
2026-01-15 08:57:48,028 - Agent - INFO - [37mVal Epoch 3 step 3 with [31mce_loss_combined : 1.573714 [31mce_loss_c : 2.071127 [31mce_loss_g : 2.072710 [31mce_mask0 : 1.585779 [31mce_mask1 : 1.585424 [31mkl_synergy_1 : 4.343689 [31mkl_synergy_2 : 4.729946 [31mtotal : 13.818553 [94mAcc_combined: 54.56 [94mAcc_c: 14.12 [94mAcc_g: 10.71 [97mS:[93m30.3%[97m([91m9.0c[97m-[94mF1:23.6%) [97mU1:[93m49.8%[97m([91m11.8c[97m) [97mU2:[93m56.9%[97m([91m11.3c[97m) [97mR:[93m84.2%[97m([91m22.4c[97m) [97mS-L: [92m0:[96m25% [92m1:[96m61% [92m2:[96m8% [92m3:[96m65% [92m4:[96m27% [92m6:[96m28%[39m [34mF1_perclass: 68.3-74.5-35.2-49.5-69.0-48.1-28.5 [39m[39m
2026-01-15 08:57:48,103 - Agent - INFO - [37mTest Epoch 3 step 3 with [31mce_loss_combined : 1.577574 [31mce_loss_c : 2.037857 [31mce_loss_g : 2.075502 [31mce_mask0 : 1.614625 [31mce_mask1 : 1.597160 [31mkl_synergy_1 : 4.941885 [31mkl_synergy_2 : 5.071613 [31mtotal : 14.802856 [94mAcc_combined: 58.40 [94mAcc_c: 16.24 [94mAcc_g: 9.57 [97mS:[93m26.1%[97m([91m7.5c[97m-[94mF1:17.2%) [97mU1:[93m54.1%[97m([91m13.1c[97m) [97mU2:[93m72.1%[97m([91m17.6c[97m) [97mR:[93m88.8%[97m([91m20.2c[97m) [97mS-L: [92m0:[96m17% [92m1:[96m25% [92m2:[96m5% [92m3:[96m69% [92m4:[96m8% [92m5:[96m5% [92m6:[96m28%[39m [34mF1_perclass: 70.3-78.1-41.8-51.0-62.6-66.4-30.4 [39m[39m
2026-01-15 08:57:48,104 - Agent - INFO - Total number of trainable parameters are: 22487018
2026-01-15 08:59:20,678 - Agent - INFO - [37mVal Epoch 4 step 4 with [31mce_loss_combined : 1.629822 [31mce_loss_c : 1.876956 [31mce_loss_g : 2.050607 [31mce_mask0 : 1.634122 [31mce_mask1 : 1.635943 [31mkl_synergy_1 : 4.603123 [31mkl_synergy_2 : 4.899270 [31mtotal : 14.402280 [94mAcc_combined: 48.06 [94mAcc_c: 19.13 [94mAcc_g: 17.08 [97mS:[93m23.8%[97m([91m7.1c[97m-[94mF1:18.4%) [97mU1:[93m37.3%[97m([91m8.9c[97m) [97mU2:[93m58.6%[97m([91m11.6c[97m) [97mR:[93m76.9%[97m([91m20.5c[97m) [97mS-L: [92m0:[96m50% [92m1:[96m74% [92m2:[96m14% [92m3:[96m58% [92m4:[96m3% [92m6:[96m16%[39m [34mF1_perclass: 66.1-68.3-34.9-38.9-62.6-27.1-19.4 [39m[39m
2026-01-15 08:59:20,759 - Agent - INFO - [37mTest Epoch 4 step 4 with [31mce_loss_combined : 1.642033 [31mce_loss_c : 1.909315 [31mce_loss_g : 2.001028 [31mce_mask0 : 1.664834 [31mce_mask1 : 1.669852 [31mkl_synergy_1 : 4.663500 [31mkl_synergy_2 : 4.749746 [31mtotal : 14.389964 [94mAcc_combined: 51.06 [94mAcc_c: 14.46 [94mAcc_g: 20.36 [97mS:[93m20.6%[97m([91m5.9c[97m-[94mF1:14.6%) [97mU1:[93m45.4%[97m([91m11.0c[97m) [97mU2:[93m67.1%[97m([91m16.4c[97m) [97mR:[93m78.0%[97m([91m17.8c[97m) [97mS-L: [92m0:[96m25% [92m1:[96m62% [92m3:[96m72% [92m5:[96m5% [92m6:[96m15%[39m [34mF1_perclass: 63.1-70.5-31.4-44.3-57.5-53.8-20.2 [39m[39m
2026-01-15 08:59:20,761 - Agent - INFO - Total number of trainable parameters are: 22487018
2026-01-15 09:00:50,315 - Agent - INFO - [37mVal Epoch 5 step 5 with [31mce_loss_combined : 1.675945 [31mce_loss_c : 1.857551 [31mce_loss_g : 1.843415 [31mce_mask0 : 1.685448 [31mce_mask1 : 1.678857 [31mkl_synergy_1 : 3.844139 [31mkl_synergy_2 : 4.334820 [31mtotal : 13.219208 [94mAcc_combined: 47.72 [94mAcc_c: 30.30 [94mAcc_g: 27.45 [97mS:[93m15.3%[97m([91m4.6c[97m-[94mF1:13.8%) [97mU1:[93m50.7%[97m([91m12.1c[97m) [97mU2:[93m55.7%[97m([91m11.0c[97m) [97mR:[93m75.2%[97m([91m20.0c[97m) [97mS-L: [92m1:[96m65% [92m2:[96m3% [92m3:[96m19% [92m4:[96m50% [92m5:[96m10% [92m6:[96m1%[39m [34mF1_perclass: 60.0-58.4-33.1-54.7-45.9-56.0-1.3 [39m[39m
2026-01-15 09:00:50,392 - Agent - INFO - [37mTest Epoch 5 step 5 with [31mce_loss_combined : 1.707124 [31mce_loss_c : 1.915330 [31mce_loss_g : 1.869228 [31mce_mask0 : 1.714689 [31mce_mask1 : 1.695075 [31mkl_synergy_1 : 3.630485 [31mkl_synergy_2 : 4.242233 [31mtotal : 12.989605 [94mAcc_combined: 47.94 [94mAcc_c: 28.92 [94mAcc_g: 24.69 [97mS:[93m15.2%[97m([91m4.3c[97m-[94mF1:14.3%) [97mU1:[93m45.0%[97m([91m10.9c[97m) [97mU2:[93m59.8%[97m([91m14.6c[97m) [97mR:[93m79.5%[97m([91m18.1c[97m) [97mS-L: [92m0:[96m8% [92m1:[96m38% [92m2:[96m11% [92m3:[96m25% [92m4:[96m75% [92m5:[96m14% [92m6:[96m1%[39m [34mF1_perclass: 47.9-66.5-37.8-34.2-45.5-65.9-1.3 [39m[39m
2026-01-15 09:00:50,393 - Agent - INFO - Total number of trainable parameters are: 22487018
2026-01-15 09:02:23,372 - Agent - INFO - [37mVal Epoch 6 step 6 with [31mce_loss_combined : 1.664445 [31mce_loss_c : 1.905470 [31mce_loss_g : 1.897223 [31mce_mask0 : 1.672909 [31mce_mask1 : 1.673023 [31mkl_synergy_1 : 3.158552 [31mkl_synergy_2 : 3.820435 [31mtotal : 11.989364 [94mAcc_combined: 53.30 [94mAcc_c: 24.49 [94mAcc_g: 20.27 [97mS:[93m21.5%[97m([91m6.4c[97m-[94mF1:21.1%) [97mU1:[93m54.5%[97m([91m13.0c[97m) [97mU2:[93m58.6%[97m([91m11.6c[97m) [97mR:[93m83.8%[97m([91m22.3c[97m) [97mS-L: [92m0:[96m25% [92m1:[96m52% [92m2:[96m8% [92m3:[96m45% [92m4:[96m33% [92m5:[96m55% [92m6:[96m4%[39m [34mF1_perclass: 62.7-64.7-23.7-49.8-59.9-68.7-6.2 [39m[39m
2026-01-15 09:02:23,456 - Agent - INFO - [37mTest Epoch 6 step 6 with [31mce_loss_combined : 1.690839 [31mce_loss_c : 1.953815 [31mce_loss_g : 1.920896 [31mce_mask0 : 1.687528 [31mce_mask1 : 1.709770 [31mkl_synergy_1 : 3.286212 [31mkl_synergy_2 : 3.760048 [31mtotal : 12.134396 [94mAcc_combined: 53.84 [94mAcc_c: 20.13 [94mAcc_g: 21.58 [97mS:[93m19.5%[97m([91m5.6c[97m-[94mF1:14.9%) [97mU1:[93m55.5%[97m([91m13.5c[97m) [97mU2:[93m66.7%[97m([91m16.2c[97m) [97mR:[93m81.5%[97m([91m18.6c[97m) [97mS-L: [92m1:[96m38% [92m3:[96m75% [92m4:[96m33% [92m5:[96m43% [92m6:[96m3%[39m [34mF1_perclass: 51.4-72.7-24.1-56.4-62.0-59.9-3.8 [39m[39m
2026-01-15 09:02:23,457 - Agent - INFO - Total number of trainable parameters are: 22487018
2026-01-15 09:03:49,884 - Agent - INFO - [37mVal Epoch 7 step 7 with [31mce_loss_combined : 1.663195 [31mce_loss_c : 1.872447 [31mce_loss_g : 1.806765 [31mce_mask0 : 1.672710 [31mce_mask1 : 1.667759 [31mkl_synergy_1 : 2.608692 [31mkl_synergy_2 : 3.224810 [31mtotal : 10.837167 [94mAcc_combined: 53.53 [94mAcc_c: 26.77 [94mAcc_g: 29.84 [97mS:[93m19.5%[97m([91m5.8c[97m-[94mF1:17.6%) [97mU1:[93m49.8%[97m([91m11.8c[97m) [97mU2:[93m67.2%[97m([91m13.3c[97m) [97mR:[93m84.6%[97m([91m22.6c[97m) [97mS-L: [92m0:[96m25% [92m1:[96m70% [92m2:[96m8% [92m3:[96m68% [92m4:[96m13% [92m5:[96m15% [92m6:[96m3%[39m [34mF1_perclass: 63.3-67.7-29.6-42.1-73.6-70.4-4.0 [39m[39m
2026-01-15 09:03:49,909 - Agent - INFO - [37mTest Epoch 7 step 7 with [31mce_loss_combined : 1.702802 [31mce_loss_c : 1.880949 [31mce_loss_g : 1.787683 [31mce_mask0 : 1.707404 [31mce_mask1 : 1.705525 [31mkl_synergy_1 : 2.617212 [31mkl_synergy_2 : 3.055926 [31mtotal : 10.788869 [94mAcc_combined: 52.39 [94mAcc_c: 25.03 [94mAcc_g: 25.03 [97mS:[93m15.2%[97m([91m4.3c[97m-[94mF1:10.2%) [97mU1:[93m45.4%[97m([91m11.0c[97m) [97mU2:[93m74.9%[97m([91m18.2c[97m) [97mR:[93m82.4%[97m([91m18.8c[97m) [97mS-L: [92m1:[96m62% [92m2:[96m3% [92m3:[96m78% [92m4:[96m8% [92m5:[96m10% [92m6:[96m1%[39m [34mF1_perclass: 54.7-68.4-30.9-46.2-61.1-70.9-1.3 [39m[39m
2026-01-15 09:03:49,910 - Agent - INFO - Total number of trainable parameters are: 22487018
2026-01-15 09:05:20,443 - Agent - INFO - [37mVal Epoch 8 step 8 with [31mce_loss_combined : 1.678902 [31mce_loss_c : 1.879204 [31mce_loss_g : 1.873576 [31mce_mask0 : 1.688102 [31mce_mask1 : 1.689958 [31mkl_synergy_1 : 3.091380 [31mkl_synergy_2 : 4.089431 [31mtotal : 12.237773 [94mAcc_combined: 49.43 [94mAcc_c: 21.30 [94mAcc_g: 19.25 [97mS:[93m25.3%[97m([91m7.5c[97m-[94mF1:24.3%) [97mU1:[93m53.6%[97m([91m12.8c[97m) [97mU2:[93m56.3%[97m([91m11.2c[97m) [97mR:[93m67.5%[97m([91m18.0c[97m) [97mS-L: [92m0:[96m25% [92m1:[96m74% [92m2:[96m49% [92m3:[96m16% [92m4:[96m37% [92m5:[96m20% [92m6:[96m9%[39m [34mF1_perclass: 45.0-65.3-46.2-45.3-52.7-61.4-10.4 [39m[39m
2026-01-15 09:05:20,521 - Agent - INFO - [37mTest Epoch 8 step 8 with [31mce_loss_combined : 1.726509 [31mce_loss_c : 1.891309 [31mce_loss_g : 1.911507 [31mce_mask0 : 1.711124 [31mce_mask1 : 1.716026 [31mkl_synergy_1 : 3.159129 [31mkl_synergy_2 : 4.240140 [31mtotal : 12.552928 [94mAcc_combined: 47.72 [94mAcc_c: 25.25 [94mAcc_g: 16.69 [97mS:[93m16.7%[97m([91m4.8c[97m-[94mF1:12.6%) [97mU1:[93m51.4%[97m([91m12.5c[97m) [97mU2:[93m60.3%[97m([91m14.7c[97m) [97mR:[93m69.3%[97m([91m15.8c[97m) [97mS-L: [92m1:[96m62% [92m2:[96m42% [92m4:[96m38% [92m5:[96m10% [92m6:[96m9%[39m [34mF1_perclass: 29.3-68.6-45.6-18.8-53.5-59.8-13.3 [39m[39m
2026-01-15 09:05:20,523 - Agent - INFO - Total number of trainable parameters are: 22487018
2026-01-15 09:06:40,807 - Agent - INFO - [37mVal Epoch 9 step 9 with [31mce_loss_combined : 1.716714 [31mce_loss_c : 1.936480 [31mce_loss_g : 1.812404 [31mce_mask0 : 1.724857 [31mce_mask1 : 1.725631 [31mkl_synergy_1 : 2.454090 [31mkl_synergy_2 : 3.044147 [31mtotal : 10.665439 [94mAcc_combined: 45.79 [94mAcc_c: 10.59 [94mAcc_g: 21.18 [97mS:[93m16.9%[97m([91m5.0c[97m-[94mF1:16.6%) [97mU1:[93m42.6%[97m([91m10.1c[97m) [97mU2:[93m55.7%[97m([91m11.0c[97m) [97mR:[93m73.5%[97m([91m19.6c[97m) [97mS-L: [92m1:[96m17% [92m2:[96m19% [92m3:[96m45% [92m4:[96m33% [92m5:[96m40% [92m6:[96m1%[39m [34mF1_perclass: 50.0-47.9-22.6-51.3-46.9-68.1-1.3 [39m[39m
2026-01-15 09:06:40,831 - Agent - INFO - [37mTest Epoch 9 step 9 with [31mce_loss_combined : 1.728026 [31mce_loss_c : 1.942184 [31mce_loss_g : 1.852133 [31mce_mask0 : 1.731576 [31mce_mask1 : 1.727758 [31mkl_synergy_1 : 2.602642 [31mkl_synergy_2 : 2.999663 [31mtotal : 10.789665 [94mAcc_combined: 51.17 [94mAcc_c: 12.90 [94mAcc_g: 20.13 [97mS:[93m19.1%[97m([91m5.5c[97m-[94mF1:14.0%) [97mU1:[93m45.9%[97m([91m11.1c[97m) [97mU2:[93m68.5%[97m([91m16.7c[97m) [97mR:[93m78.5%[97m([91m17.9c[97m) [97mS-L: [92m1:[96m12% [92m2:[96m3% [92m3:[96m72% [92m4:[96m54% [92m5:[96m33% [92m6:[96m1%[39m [34mF1_perclass: 37.8-77.6-28.1-49.9-53.5-62.7-1.3 [39m[39m
2026-01-15 09:06:40,832 - Agent - INFO - Total number of trainable parameters are: 22487018
2026-01-15 09:08:08,412 - Agent - INFO - [37mVal Epoch 10 step 10 with [31mce_loss_combined : 1.727813 [31mce_loss_c : 1.919218 [31mce_loss_g : 1.896185 [31mce_mask0 : 1.731400 [31mce_mask1 : 1.732167 [31mkl_synergy_1 : 2.699729 [31mkl_synergy_2 : 2.899472 [31mtotal : 10.790582 [94mAcc_combined: 49.77 [94mAcc_c: 18.22 [94mAcc_g: 20.39 [97mS:[93m27.6%[97m([91m8.2c[97m-[94mF1:20.0%) [97mU1:[93m36.4%[97m([91m8.7c[97m) [97mU2:[93m60.9%[97m([91m12.1c[97m) [97mR:[93m78.2%[97m([91m20.8c[97m) [97mS-L: [92m1:[96m70% [92m3:[96m68% [92m4:[96m23% [92m5:[96m5% [92m6:[96m23%[39m [34mF1_perclass: 53.7-71.1-2.0-41.9-63.7-60.2-25.9 [39m[39m
2026-01-15 09:08:08,438 - Agent - INFO - [37mTest Epoch 10 step 10 with [31mce_loss_combined : 1.754035 [31mce_loss_c : 1.943506 [31mce_loss_g : 1.951682 [31mce_mask0 : 1.740423 [31mce_mask1 : 1.752763 [31mkl_synergy_1 : 2.637743 [31mkl_synergy_2 : 2.846753 [31mtotal : 10.731717 [94mAcc_combined: 52.06 [94mAcc_c: 20.80 [94mAcc_g: 21.58 [97mS:[93m24.5%[97m([91m7.0c[97m-[94mF1:15.9%) [97mU1:[93m33.5%[97m([91m8.1c[97m) [97mU2:[93m76.7%[97m([91m18.7c[97m) [97mR:[93m80.0%[97m([91m18.2c[97m) [97mS-L: [92m1:[96m62% [92m3:[96m72% [92m4:[96m17% [92m5:[96m10% [92m6:[96m22%[39m [34mF1_perclass: 42.1-67.1-13.6-50.9-60.2-64.6-28.3 [39m[39m
2026-01-15 09:08:09,726 - Agent - INFO - Total number of trainable parameters are: 22487018
2026-01-15 09:09:42,634 - Agent - INFO - [37mVal Epoch 11 step 11 with [31mce_loss_combined : 1.718936 [31mce_loss_c : 1.838257 [31mce_loss_g : 1.780245 [31mce_mask0 : 1.720626 [31mce_mask1 : 1.718647 [31mkl_synergy_1 : 1.821146 [31mkl_synergy_2 : 2.222463 [31mtotal : 9.201818 [94mAcc_combined: 55.13 [94mAcc_c: 23.58 [94mAcc_g: 33.14 [97mS:[93m19.2%[97m([91m5.7c[97m-[94mF1:17.1%) [97mU1:[93m50.7%[97m([91m12.1c[97m) [97mU2:[93m70.1%[97m([91m13.9c[97m) [97mR:[93m88.0%[97m([91m23.5c[97m) [97mS-L: [92m0:[96m25% [92m1:[96m65% [92m2:[96m8% [92m3:[96m55% [92m4:[96m30% [92m5:[96m5% [92m6:[96m3%[39m [34mF1_perclass: 69.1-71.7-20.0-49.1-62.6-63.6-7.3 [39m[39m
2026-01-15 09:09:42,658 - Agent - INFO - [37mTest Epoch 11 step 11 with [31mce_loss_combined : 1.736532 [31mce_loss_c : 1.854965 [31mce_loss_g : 1.804276 [31mce_mask0 : 1.732613 [31mce_mask1 : 1.730868 [31mkl_synergy_1 : 1.860867 [31mkl_synergy_2 : 2.205889 [31mtotal : 9.266769 [94mAcc_combined: 52.06 [94mAcc_c: 24.58 [94mAcc_g: 33.15 [97mS:[93m12.1%[97m([91m3.4c[97m-[94mF1:11.1%) [97mU1:[93m46.8%[97m([91m11.3c[97m) [97mU2:[93m75.8%[97m([91m18.5c[97m) [97mR:[93m82.4%[97m([91m18.8c[97m) [97mS-L: [92m0:[96m17% [92m1:[96m50% [92m2:[96m3% [92m3:[96m36% [92m4:[96m21% [92m5:[96m5% [92m6:[96m4%[39m [34mF1_perclass: 61.3-63.4-40.6-48.1-54.4-62.3-6.1 [39m[39m
2026-01-15 09:09:42,659 - Agent - INFO - Total number of trainable parameters are: 22487018
2026-01-15 09:11:03,204 - Agent - INFO - [37mVal Epoch 12 step 12 with [31mce_loss_combined : 1.767250 [31mce_loss_c : 1.852378 [31mce_loss_g : 1.806988 [31mce_mask0 : 1.769187 [31mce_mask1 : 1.769558 [31mkl_synergy_1 : 1.229244 [31mkl_synergy_2 : 1.488430 [31mtotal : 8.023668 [94mAcc_combined: 46.70 [94mAcc_c: 30.52 [94mAcc_g: 33.60 [97mS:[93m31.0%[97m([91m9.2c[97m-[94mF1:23.2%) [97mU1:[93m46.4%[97m([91m11.0c[97m) [97mU2:[93m42.0%[97m([91m8.3c[97m) [97mR:[93m67.9%[97m([91m18.1c[97m) [97mS-L: [92m0:[96m25% [92m1:[96m17% [92m2:[96m32% [92m3:[96m42% [92m4:[96m27% [92m6:[96m37%[39m [34mF1_perclass: 55.6-51.2-42.8-45.2-56.2-41.6-31.7 [39m[39m
2026-01-15 09:11:03,228 - Agent - INFO - [37mTest Epoch 12 step 12 with [31mce_loss_combined : 1.741549 [31mce_loss_c : 1.875113 [31mce_loss_g : 1.779412 [31mce_mask0 : 1.740804 [31mce_mask1 : 1.747032 [31mkl_synergy_1 : 1.308895 [31mkl_synergy_2 : 1.478845 [31mtotal : 8.017125 [94mAcc_combined: 51.61 [94mAcc_c: 25.92 [94mAcc_g: 38.15 [97mS:[93m27.2%[97m([91m7.8c[97m-[94mF1:20.7%) [97mU1:[93m59.6%[97m([91m14.5c[97m) [97mU2:[93m51.6%[97m([91m12.6c[97m) [97mR:[93m73.7%[97m([91m16.8c[97m) [97mS-L: [92m1:[96m12% [92m2:[96m16% [92m3:[96m36% [92m4:[96m42% [92m5:[96m19% [92m6:[96m31%[39m [34mF1_perclass: 60.4-64.1-50.6-50.2-53.4-54.0-31.1 [39m[39m
2026-01-15 09:11:03,230 - Agent - INFO - Total number of trainable parameters are: 22487018
2026-01-15 09:12:32,069 - Agent - INFO - [37mVal Epoch 13 step 13 with [31mce_loss_combined : 1.656174 [31mce_loss_c : 1.878458 [31mce_loss_g : 1.734892 [31mce_mask0 : 1.661745 [31mce_mask1 : 1.661950 [31mkl_synergy_1 : 2.453195 [31mkl_synergy_2 : 2.259235 [31mtotal : 9.692298 [94mAcc_combined: 59.68 [94mAcc_c: 24.03 [94mAcc_g: 37.70 [97mS:[93m26.8%[97m([91m8.0c[97m-[94mF1:28.4%) [97mU1:[93m66.5%[97m([91m15.8c[97m) [97mU2:[93m57.5%[97m([91m11.4c[97m) [97mR:[93m91.9%[97m([91m24.5c[97m) [97mS-L: [92m0:[96m50% [92m1:[96m57% [92m2:[96m22% [92m3:[96m45% [92m4:[96m17% [92m5:[96m40% [92m6:[96m17%[39m [34mF1_perclass: 65.6-71.4-41.4-55.0-69.0-78.1-21.3 [39m[39m
2026-01-15 09:12:32,120 - Agent - INFO - [37mTest Epoch 13 step 13 with [31mce_loss_combined : 1.653113 [31mce_loss_c : 1.897963 [31mce_loss_g : 1.758317 [31mce_mask0 : 1.653413 [31mce_mask1 : 1.654264 [31mkl_synergy_1 : 2.373457 [31mkl_synergy_2 : 2.206471 [31mtotal : 9.540718 [94mAcc_combined: 59.62 [94mAcc_c: 23.36 [94mAcc_g: 34.26 [97mS:[93m19.1%[97m([91m5.5c[97m-[94mF1:16.7%) [97mU1:[93m74.8%[97m([91m18.1c[97m) [97mU2:[93m60.7%[97m([91m14.8c[97m) [97mR:[93m93.2%[97m([91m21.2c[97m) [97mS-L: [92m0:[96m8% [92m1:[96m50% [92m2:[96m5% [92m3:[96m31% [92m4:[96m12% [92m5:[96m48% [92m6:[96m15%[39m [34mF1_perclass: 63.9-74.8-51.0-56.4-67.3-69.4-19.1 [39m[39m
2026-01-15 09:12:33,094 - Agent - INFO - [37mModel saved successfully at: /esat/smcdata/users/kkontras/Image_Dataset/no_backup/data/2025_data/synergy/CremadPlus/v2/SynIB_RMask_fold0_l10_fillema_lsparse1_lr0.0001_wd0.0001_clsmlp_bs64.pth.tar[39m
2026-01-15 09:12:33,099 - Agent - INFO - Total number of trainable parameters are: 22487018
2026-01-15 09:14:04,168 - Agent - INFO - [37mVal Epoch 14 step 14 with [31mce_loss_combined : 1.655092 [31mce_loss_c : 1.890943 [31mce_loss_g : 1.746671 [31mce_mask0 : 1.665090 [31mce_mask1 : 1.665203 [31mkl_synergy_1 : 2.828614 [31mkl_synergy_2 : 2.611256 [31mtotal : 10.425256 [94mAcc_combined: 57.18 [94mAcc_c: 22.89 [94mAcc_g: 36.33 [97mS:[93m24.9%[97m([91m7.4c[97m-[94mF1:22.8%) [97mU1:[93m62.2%[97m([91m14.8c[97m) [97mU2:[93m55.7%[97m([91m11.0c[97m) [97mR:[93m89.7%[97m([91m23.9c[97m) [97mS-L: [92m0:[96m25% [92m1:[96m61% [92m2:[96m16% [92m3:[96m45% [92m4:[96m10% [92m5:[96m25% [92m6:[96m19%[39m [34mF1_perclass: 64.2-68.0-39.2-49.4-70.2-75.7-22.9 [39m[39m
2026-01-15 09:14:04,193 - Agent - INFO - [37mTest Epoch 14 step 14 with [31mce_loss_combined : 1.675699 [31mce_loss_c : 1.906355 [31mce_loss_g : 1.766988 [31mce_mask0 : 1.677485 [31mce_mask1 : 1.675436 [31mkl_synergy_1 : 2.622189 [31mkl_synergy_2 : 2.447698 [31mtotal : 10.098505 [94mAcc_combined: 58.84 [94mAcc_c: 21.91 [94mAcc_g: 33.15 [97mS:[93m20.2%[97m([91m5.8c[97m-[94mF1:16.2%) [97mU1:[93m73.4%[97m([91m17.8c[97m) [97mU2:[93m61.2%[97m([91m14.9c[97m) [97mR:[93m89.3%[97m([91m20.4c[97m) [97mS-L: [92m1:[96m50% [92m2:[96m11% [92m3:[96m33% [92m4:[96m12% [92m5:[96m29% [92m6:[96m19%[39m [34mF1_perclass: 64.6-72.9-56.0-54.0-63.6-64.9-24.4 [39m[39m
2026-01-15 09:14:04,194 - Agent - INFO - Total number of trainable parameters are: 22487018
2026-01-15 09:15:28,715 - Agent - INFO - [37mVal Epoch 15 step 15 with [31mce_loss_combined : 1.660888 [31mce_loss_c : 1.892249 [31mce_loss_g : 1.769085 [31mce_mask0 : 1.662715 [31mce_mask1 : 1.665715 [31mkl_synergy_1 : 3.012269 [31mkl_synergy_2 : 2.756670 [31mtotal : 10.758256 [94mAcc_combined: 55.58 [94mAcc_c: 21.64 [94mAcc_g: 35.31 [97mS:[93m25.7%[97m([91m7.6c[97m-[94mF1:25.4%) [97mU1:[93m62.2%[97m([91m14.8c[97m) [97mU2:[93m52.9%[97m([91m10.5c[97m) [97mR:[93m85.0%[97m([91m22.7c[97m) [97mS-L: [92m0:[96m25% [92m1:[96m48% [92m2:[96m19% [92m3:[96m48% [92m4:[96m17% [92m5:[96m50% [92m6:[96m16%[39m [34mF1_perclass: 63.3-64.3-38.6-51.4-64.9-74.3-19.7 [39m[39m
2026-01-15 09:15:28,740 - Agent - INFO - [37mTest Epoch 15 step 15 with [31mce_loss_combined : 1.678145 [31mce_loss_c : 1.908638 [31mce_loss_g : 1.777874 [31mce_mask0 : 1.695459 [31mce_mask1 : 1.693891 [31mkl_synergy_1 : 2.912983 [31mkl_synergy_2 : 2.552415 [31mtotal : 10.532893 [94mAcc_combined: 57.84 [94mAcc_c: 22.25 [94mAcc_g: 32.70 [97mS:[93m18.7%[97m([91m5.3c[97m-[94mF1:15.3%) [97mU1:[93m73.4%[97m([91m17.8c[97m) [97mU2:[93m58.0%[97m([91m14.1c[97m) [97mR:[93m90.2%[97m([91m20.6c[97m) [97mS-L: [92m1:[96m50% [92m2:[96m8% [92m3:[96m31% [92m4:[96m12% [92m5:[96m33% [92m6:[96m17%[39m [34mF1_perclass: 64.0-71.3-53.8-52.9-62.9-65.3-21.8 [39m[39m
2026-01-15 09:15:28,742 - Agent - INFO - Total number of trainable parameters are: 22487018
2026-01-15 09:16:52,635 - Agent - INFO - [37mVal Epoch 16 step 16 with [31mce_loss_combined : 1.703877 [31mce_loss_c : 1.896101 [31mce_loss_g : 1.752318 [31mce_mask0 : 1.703701 [31mce_mask1 : 1.709480 [31mkl_synergy_1 : 2.330949 [31mkl_synergy_2 : 2.296753 [31mtotal : 9.744760 [94mAcc_combined: 55.01 [94mAcc_c: 21.53 [94mAcc_g: 32.92 [97mS:[93m24.9%[97m([91m7.4c[97m-[94mF1:25.0%) [97mU1:[93m62.2%[97m([91m14.8c[97m) [97mU2:[93m48.9%[97m([91m9.7c[97m) [97mR:[93m86.8%[97m([91m23.1c[97m) [97mS-L: [92m0:[96m25% [92m1:[96m61% [92m2:[96m27% [92m3:[96m32% [92m4:[96m13% [92m5:[96m55% [92m6:[96m13%[39m [34mF1_perclass: 62.5-65.3-44.2-44.1-66.4-72.3-16.3 [39m[39m
2026-01-15 09:16:52,705 - Agent - INFO - [37mTest Epoch 16 step 16 with [31mce_loss_combined : 1.745858 [31mce_loss_c : 1.902806 [31mce_loss_g : 1.779255 [31mce_mask0 : 1.744413 [31mce_mask1 : 1.756661 [31mkl_synergy_1 : 2.112507 [31mkl_synergy_2 : 2.064756 [31mtotal : 9.424195 [94mAcc_combined: 53.50 [94mAcc_c: 22.47 [94mAcc_g: 30.70 [97mS:[93m19.5%[97m([91m5.6c[97m-[94mF1:18.1%) [97mU1:[93m64.7%[97m([91m15.7c[97m) [97mU2:[93m53.4%[97m([91m13.0c[97m) [97mR:[93m84.4%[97m([91m19.2c[97m) [97mS-L: [92m0:[96m17% [92m1:[96m62% [92m2:[96m21% [92m3:[96m11% [92m4:[96m17% [92m5:[96m43% [92m6:[96m15%[39m [34mF1_perclass: 60.5-63.4-53.8-43.9-57.7-63.2-18.3 [39m[39m
2026-01-15 09:16:52,706 - Agent - INFO - Total number of trainable parameters are: 22487018
2026-01-15 09:18:21,412 - Agent - INFO - [37mVal Epoch 17 step 17 with [31mce_loss_combined : 1.731894 [31mce_loss_c : 1.869088 [31mce_loss_g : 1.922524 [31mce_mask0 : 1.738065 [31mce_mask1 : 1.735690 [31mkl_synergy_1 : 2.037120 [31mkl_synergy_2 : 2.609143 [31mtotal : 9.851912 [94mAcc_combined: 47.49 [94mAcc_c: 26.20 [94mAcc_g: 22.78 [97mS:[93m24.5%[97m([91m7.3c[97m-[94mF1:15.4%) [97mU1:[93m36.8%[97m([91m8.8c[97m) [97mU2:[93m62.6%[97m([91m12.4c[97m) [97mR:[93m71.4%[97m([91m19.0c[97m) [97mS-L: [92m1:[96m100% [92m2:[96m3% [92m3:[96m58% [92m4:[96m10% [92m6:[96m16%[39m [34mF1_perclass: 36.9-60.7-15.9-45.1-65.8-54.4-19.2 [39m[39m
2026-01-15 09:18:21,489 - Agent - INFO - [37mTest Epoch 17 step 17 with [31mce_loss_combined : 1.766999 [31mce_loss_c : 1.865848 [31mce_loss_g : 1.920498 [31mce_mask0 : 1.779092 [31mce_mask1 : 1.765330 [31mkl_synergy_1 : 2.080891 [31mkl_synergy_2 : 2.495570 [31mtotal : 9.887882 [94mAcc_combined: 48.72 [94mAcc_c: 24.69 [94mAcc_g: 24.03 [97mS:[93m16.3%[97m([91m4.7c[97m-[94mF1:10.7%) [97mU1:[93m40.4%[97m([91m9.8c[97m) [97mU2:[93m66.7%[97m([91m16.2c[97m) [97mR:[93m79.0%[97m([91m18.0c[97m) [97mS-L: [92m1:[96m75% [92m3:[96m58% [92m4:[96m8% [92m5:[96m5% [92m6:[96m10%[39m [34mF1_perclass: 38.8-56.8-19.6-48.8-59.2-66.7-15.8 [39m[39m
2026-01-15 09:18:21,491 - Agent - INFO - Total number of trainable parameters are: 22487018
2026-01-15 09:19:44,202 - Agent - INFO - [37mVal Epoch 18 step 18 with [31mce_loss_combined : 1.727557 [31mce_loss_c : 1.927658 [31mce_loss_g : 1.888086 [31mce_mask0 : 1.730626 [31mce_mask1 : 1.732824 [31mkl_synergy_1 : 2.045251 [31mkl_synergy_2 : 2.283841 [31mtotal : 9.520101 [94mAcc_combined: 50.34 [94mAcc_c: 16.86 [94mAcc_g: 20.27 [97mS:[93m19.2%[97m([91m5.7c[97m-[94mF1:20.3%) [97mU1:[93m54.1%[97m([91m12.9c[97m) [97mU2:[93m58.0%[97m([91m11.5c[97m) [97mR:[93m76.1%[97m([91m20.3c[97m) [97mS-L: [92m0:[96m25% [92m1:[96m39% [92m2:[96m19% [92m3:[96m58% [92m4:[96m33% [92m5:[96m20% [92m6:[96m1%[39m [34mF1_perclass: 61.4-56.8-38.7-45.7-63.5-66.1-3.5 [39m[39m
2026-01-15 09:19:44,227 - Agent - INFO - [37mTest Epoch 18 step 18 with [31mce_loss_combined : 1.751585 [31mce_loss_c : 1.954006 [31mce_loss_g : 1.945001 [31mce_mask0 : 1.759337 [31mce_mask1 : 1.761208 [31mkl_synergy_1 : 1.989582 [31mkl_synergy_2 : 2.204371 [31mtotal : 9.466083 [94mAcc_combined: 51.72 [94mAcc_c: 17.46 [94mAcc_g: 16.57 [97mS:[93m20.6%[97m([91m5.9c[97m-[94mF1:15.7%) [97mU1:[93m55.5%[97m([91m13.5c[97m) [97mU2:[93m58.4%[97m([91m14.2c[97m) [97mR:[93m79.5%[97m([91m18.1c[97m) [97mS-L: [92m0:[96m8% [92m2:[96m8% [92m3:[96m69% [92m4:[96m38% [92m5:[96m29% [92m6:[96m8%[39m [34mF1_perclass: 48.6-67.4-42.6-48.3-58.2-68.2-11.5 [39m[39m
2026-01-15 09:19:44,228 - Agent - INFO - Total number of trainable parameters are: 22487018
2026-01-15 09:21:22,351 - Agent - INFO - [37mVal Epoch 19 step 19 with [31mce_loss_combined : 1.744684 [31mce_loss_c : 1.859131 [31mce_loss_g : 1.743418 [31mce_mask0 : 1.746238 [31mce_mask1 : 1.744053 [31mkl_synergy_1 : 1.530254 [31mkl_synergy_2 : 1.760135 [31mtotal : 8.525365 [94mAcc_combined: 52.16 [94mAcc_c: 29.16 [94mAcc_g: 27.33 [97mS:[93m24.9%[97m([91m7.4c[97m-[94mF1:18.4%) [97mU1:[93m43.1%[97m([91m10.3c[97m) [97mU2:[93m64.4%[97m([91m12.8c[97m) [97mR:[93m81.6%[97m([91m21.8c[97m) [97mS-L: [92m1:[96m83% [92m3:[96m45% [92m4:[96m50% [92m6:[96m15%[39m [34mF1_perclass: 55.9-73.6-14.8-43.6-65.2-62.0-18.1 [39m[39m
2026-01-15 09:21:22,376 - Agent - INFO - [37mTest Epoch 19 step 19 with [31mce_loss_combined : 1.781040 [31mce_loss_c : 1.849584 [31mce_loss_g : 1.818280 [31mce_mask0 : 1.780220 [31mce_mask1 : 1.776576 [31mkl_synergy_1 : 1.430572 [31mkl_synergy_2 : 1.503263 [31mtotal : 8.271671 [94mAcc_combined: 49.50 [94mAcc_c: 29.70 [94mAcc_g: 24.03 [97mS:[93m18.3%[97m([91m5.2c[97m-[94mF1:14.1%) [97mU1:[93m40.8%[97m([91m9.9c[97m) [97mU2:[93m63.5%[97m([91m15.5c[97m) [97mR:[93m82.9%[97m([91m18.9c[97m) [97mS-L: [92m0:[96m8% [92m1:[96m75% [92m3:[96m56% [92m4:[96m33% [92m5:[96m5% [92m6:[96m9%[39m [34mF1_perclass: 44.8-66.5-22.8-46.8-55.6-65.5-12.7 [39m[39m
2026-01-15 09:21:22,377 - Agent - INFO - Total number of trainable parameters are: 22487018
2026-01-15 09:22:46,877 - Agent - INFO - [37mVal Epoch 20 step 20 with [31mce_loss_combined : 1.736966 [31mce_loss_c : 1.868469 [31mce_loss_g : 1.739747 [31mce_mask0 : 1.739101 [31mce_mask1 : 1.745215 [31mkl_synergy_1 : 1.490475 [31mkl_synergy_2 : 1.673175 [31mtotal : 8.384933 [94mAcc_combined: 53.64 [94mAcc_c: 25.97 [94mAcc_g: 34.28 [97mS:[93m29.9%[97m([91m8.9c[97m-[94mF1:20.2%) [97mU1:[93m53.1%[97m([91m12.6c[97m) [97mU2:[93m51.1%[97m([91m10.1c[97m) [97mR:[93m82.5%[97m([91m22.0c[97m) [97mS-L: [92m0:[96m25% [92m1:[96m35% [92m2:[96m5% [92m3:[96m55% [92m4:[96m10% [92m6:[96m41%[39m [34mF1_perclass: 60.7-74.1-24.3-44.0-65.8-70.1-32.5 [39m[39m
2026-01-15 09:22:46,954 - Agent - INFO - [37mTest Epoch 20 step 20 with [31mce_loss_combined : 1.737331 [31mce_loss_c : 1.856684 [31mce_loss_g : 1.763984 [31mce_mask0 : 1.742553 [31mce_mask1 : 1.741756 [31mkl_synergy_1 : 1.606026 [31mkl_synergy_2 : 1.549690 [31mtotal : 8.377356 [94mAcc_combined: 55.39 [94mAcc_c: 25.25 [94mAcc_g: 33.37 [97mS:[93m25.7%[97m([91m7.3c[97m-[94mF1:17.2%) [97mU1:[93m54.6%[97m([91m13.2c[97m) [97mU2:[93m62.6%[97m([91m15.2c[97m) [97mR:[93m85.9%[97m([91m19.6c[97m) [97mS-L: [92m0:[96m25% [92m1:[96m38% [92m3:[96m56% [92m4:[96m4% [92m5:[96m10% [92m6:[96m31%[39m [34mF1_perclass: 63.2-78.0-18.3-49.2-56.8-67.6-31.9 [39m[39m
2026-01-15 09:22:48,102 - Agent - INFO - Total number of trainable parameters are: 22487018
2026-01-15 09:24:14,431 - Agent - INFO - [37mVal Epoch 21 step 21 with [31mce_loss_combined : 1.744375 [31mce_loss_c : 1.888048 [31mce_loss_g : 1.735009 [31mce_mask0 : 1.747641 [31mce_mask1 : 1.748955 [31mkl_synergy_1 : 1.848931 [31mkl_synergy_2 : 2.081902 [31mtotal : 9.171804 [94mAcc_combined: 51.71 [94mAcc_c: 19.70 [94mAcc_g: 38.61 [97mS:[93m13.4%[97m([91m4.0c[97m-[94mF1:11.4%) [97mU1:[93m50.2%[97m([91m12.0c[97m) [97mU2:[93m60.3%[97m([91m12.0c[97m) [97mR:[93m89.3%[97m([91m23.8c[97m) [97mS-L: [92m0:[96m25% [92m1:[96m78% [92m2:[96m3% [92m3:[96m35% [92m4:[96m3% [92m5:[96m15%[39m [34mF1_perclass: 60.8-56.9-11.8-60.4-54.4-66.4-0.0 [39m[39m
2026-01-15 09:24:14,504 - Agent - INFO - [37mTest Epoch 21 step 21 with [31mce_loss_combined : 1.781637 [31mce_loss_c : 1.884131 [31mce_loss_g : 1.792200 [31mce_mask0 : 1.798149 [31mce_mask1 : 1.784147 [31mkl_synergy_1 : 1.781009 [31mkl_synergy_2 : 2.158384 [31mtotal : 9.303326 [94mAcc_combined: 48.83 [94mAcc_c: 16.80 [94mAcc_g: 35.71 [97mS:[93m11.7%[97m([91m3.3c[97m-[94mF1:10.0%) [97mU1:[93m41.7%[97m([91m10.1c[97m) [97mU2:[93m68.0%[97m([91m16.6c[97m) [97mR:[93m82.4%[97m([91m18.8c[97m) [97mS-L: [92m0:[96m17% [92m1:[96m88% [92m3:[96m47% [92m5:[96m19%[39m [34mF1_perclass: 59.3-55.7-11.7-54.3-42.7-62.0-0.0 [39m[39m
2026-01-15 09:24:14,505 - Agent - INFO - Total number of trainable parameters are: 22487018
2026-01-15 09:25:47,289 - Agent - INFO - [37mVal Epoch 22 step 22 with [31mce_loss_combined : 1.754491 [31mce_loss_c : 1.868098 [31mce_loss_g : 1.856823 [31mce_mask0 : 1.753661 [31mce_mask1 : 1.757739 [31mkl_synergy_1 : 1.467679 [31mkl_synergy_2 : 1.448308 [31mtotal : 8.181878 [94mAcc_combined: 53.53 [94mAcc_c: 28.02 [94mAcc_g: 21.41 [97mS:[93m21.8%[97m([91m6.5c[97m-[94mF1:17.7%) [97mU1:[93m49.3%[97m([91m11.7c[97m) [97mU2:[93m68.4%[97m([91m13.6c[97m) [97mR:[93m81.6%[97m([91m21.8c[97m) [97mS-L: [92m0:[96m25% [92m1:[96m57% [92m3:[96m58% [92m4:[96m27% [92m5:[96m5% [92m6:[96m14%[39m [34mF1_perclass: 65.9-69.7-21.8-49.7-66.9-50.3-17.9 [39m[39m
2026-01-15 09:25:47,315 - Agent - INFO - [37mTest Epoch 22 step 22 with [31mce_loss_combined : 1.780293 [31mce_loss_c : 1.864716 [31mce_loss_g : 1.853015 [31mce_mask0 : 1.780678 [31mce_mask1 : 1.782681 [31mkl_synergy_1 : 1.452343 [31mkl_synergy_2 : 1.408083 [31mtotal : 8.204077 [94mAcc_combined: 54.39 [94mAcc_c: 28.03 [94mAcc_g: 20.24 [97mS:[93m17.9%[97m([91m5.1c[97m-[94mF1:15.3%) [97mU1:[93m54.1%[97m([91m13.1c[97m) [97mU2:[93m71.2%[97m([91m17.4c[97m) [97mR:[93m82.4%[97m([91m18.8c[97m) [97mS-L: [92m0:[96m17% [92m1:[96m50% [92m2:[96m3% [92m3:[96m56% [92m4:[96m29% [92m5:[96m10% [92m6:[96m8%[39m [34mF1_perclass: 66.4-70.6-32.0-50.1-61.0-57.5-13.0 [39m[39m
2026-01-15 09:25:47,316 - Agent - INFO - Total number of trainable parameters are: 22487018
2026-01-15 09:27:13,490 - Agent - INFO - [37mVal Epoch 23 step 23 with [31mce_loss_combined : 1.785498 [31mce_loss_c : 1.908404 [31mce_loss_g : 1.921145 [31mce_mask0 : 1.788182 [31mce_mask1 : 1.786602 [31mkl_synergy_1 : 1.416230 [31mkl_synergy_2 : 1.796053 [31mtotal : 8.572566 [94mAcc_combined: 43.96 [94mAcc_c: 23.12 [94mAcc_g: 30.75 [97mS:[93m15.7%[97m([91m4.7c[97m-[94mF1:12.7%) [97mU1:[93m34.0%[97m([91m8.1c[97m) [97mU2:[93m58.0%[97m([91m11.5c[97m) [97mR:[93m73.9%[97m([91m19.7c[97m) [97mS-L: [92m1:[96m43% [92m2:[96m3% [92m3:[96m81% [92m4:[96m10% [92m5:[96m5% [92m6:[96m1%[39m [34mF1_perclass: 50.5-63.2-24.6-35.8-64.5-54.4-2.6 [39m[39m
2026-01-15 09:27:13,560 - Agent - INFO - [37mTest Epoch 23 step 23 with [31mce_loss_combined : 1.784142 [31mce_loss_c : 1.909215 [31mce_loss_g : 1.890395 [31mce_mask0 : 1.788538 [31mce_mask1 : 1.794721 [31mkl_synergy_1 : 1.618406 [31mkl_synergy_2 : 1.780189 [31mtotal : 8.765996 [94mAcc_combined: 46.72 [94mAcc_c: 24.58 [94mAcc_g: 27.70 [97mS:[93m17.1%[97m([91m4.9c[97m-[94mF1:13.2%) [97mU1:[93m32.1%[97m([91m7.8c[97m) [97mU2:[93m66.2%[97m([91m16.1c[97m) [97mR:[93m78.5%[97m([91m17.9c[97m) [97mS-L: [92m1:[96m50% [92m2:[96m3% [92m3:[96m83% [92m4:[96m12% [92m5:[96m19% [92m6:[96m2%[39m [34mF1_perclass: 44.9-72.8-27.6-39.7-57.1-61.2-2.6 [39m[39m
2026-01-15 09:27:13,561 - Agent - INFO - Total number of trainable parameters are: 22487018
2026-01-15 09:28:38,541 - Agent - INFO - [37mVal Epoch 24 step 24 with [31mce_loss_combined : 1.740528 [31mce_loss_c : 1.878607 [31mce_loss_g : 1.702392 [31mce_mask0 : 1.745950 [31mce_mask1 : 1.737295 [31mkl_synergy_1 : 1.498540 [31mkl_synergy_2 : 1.532000 [31mtotal : 8.254313 [94mAcc_combined: 54.33 [94mAcc_c: 30.30 [94mAcc_g: 37.59 [97mS:[93m23.8%[97m([91m7.1c[97m-[94mF1:23.7%) [97mU1:[93m62.2%[97m([91m14.8c[97m) [97mU2:[93m51.7%[97m([91m10.3c[97m) [97mR:[93m83.3%[97m([91m22.2c[97m) [97mS-L: [92m0:[96m25% [92m1:[96m43% [92m2:[96m11% [92m3:[96m48% [92m4:[96m40% [92m5:[96m20% [92m6:[96m14%[39m [34mF1_perclass: 61.8-67.7-36.0-55.4-55.4-73.7-17.6 [39m[39m
2026-01-15 09:28:38,629 - Agent - INFO - [37mTest Epoch 24 step 24 with [31mce_loss_combined : 1.769707 [31mce_loss_c : 1.887865 [31mce_loss_g : 1.738646 [31mce_mask0 : 1.786820 [31mce_mask1 : 1.774262 [31mkl_synergy_1 : 1.417780 [31mkl_synergy_2 : 1.431460 [31mtotal : 8.180030 [94mAcc_combined: 51.50 [94mAcc_c: 30.81 [94mAcc_g: 35.82 [97mS:[93m19.1%[97m([91m5.5c[97m-[94mF1:15.0%) [97mU1:[93m56.0%[97m([91m13.6c[97m) [97mU2:[93m57.1%[97m([91m13.9c[97m) [97mR:[93m81.5%[97m([91m18.6c[97m) [97mS-L: [92m1:[96m12% [92m2:[96m5% [92m3:[96m42% [92m4:[96m42% [92m5:[96m38% [92m6:[96m11%[39m [34mF1_perclass: 53.3-65.5-41.1-53.6-53.8-60.4-16.1 [39m[39m
2026-01-15 09:28:38,630 - Agent - INFO - Total number of trainable parameters are: 22487018
2026-01-15 09:30:07,329 - Agent - INFO - [37mVal Epoch 25 step 25 with [31mce_loss_combined : 1.772693 [31mce_loss_c : 1.856456 [31mce_loss_g : 1.727482 [31mce_mask0 : 1.775080 [31mce_mask1 : 1.775073 [31mkl_synergy_1 : 1.231060 [31mkl_synergy_2 : 1.296496 [31mtotal : 7.850402 [94mAcc_combined: 51.37 [94mAcc_c: 30.64 [94mAcc_g: 39.07 [97mS:[93m29.5%[97m([91m8.8c[97m-[94mF1:23.8%) [97mU1:[93m49.3%[97m([91m11.7c[97m) [97mU2:[93m53.4%[97m([91m10.6c[97m) [97mR:[93m76.1%[97m([91m20.3c[97m) [97mS-L: [92m1:[96m43% [92m2:[96m19% [92m3:[96m55% [92m4:[96m33% [92m6:[96m28%[39m [34mF1_perclass: 49.5-69.5-35.4-46.1-64.6-66.7-26.3 [39m[39m
2026-01-15 09:30:07,352 - Agent - INFO - [37mTest Epoch 25 step 25 with [31mce_loss_combined : 1.780457 [31mce_loss_c : 1.858801 [31mce_loss_g : 1.731914 [31mce_mask0 : 1.774129 [31mce_mask1 : 1.793561 [31mkl_synergy_1 : 1.182755 [31mkl_synergy_2 : 1.227242 [31mtotal : 7.758143 [94mAcc_combined: 50.17 [94mAcc_c: 28.92 [94mAcc_g: 38.71 [97mS:[93m23.0%[97m([91m6.6c[97m-[94mF1:16.4%) [97mU1:[93m45.4%[97m([91m11.0c[97m) [97mU2:[93m61.6%[97m([91m15.0c[97m) [97mR:[93m77.1%[97m([91m17.6c[97m) [97mS-L: [92m1:[96m12% [92m2:[96m13% [92m3:[96m69% [92m4:[96m21% [92m5:[96m14% [92m6:[96m17%[39m [34mF1_perclass: 34.1-71.4-38.9-47.4-53.5-64.9-25.9 [39m[39m
2026-01-15 09:30:07,353 - Agent - INFO - Total number of trainable parameters are: 22487018
2026-01-15 09:31:33,399 - Agent - INFO - [37mVal Epoch 26 step 26 with [31mce_loss_combined : 1.772114 [31mce_loss_c : 1.856184 [31mce_loss_g : 1.731131 [31mce_mask0 : 1.772720 [31mce_mask1 : 1.775277 [31mkl_synergy_1 : 1.199831 [31mkl_synergy_2 : 1.271048 [31mtotal : 7.790990 [94mAcc_combined: 52.39 [94mAcc_c: 28.93 [94mAcc_g: 41.12 [97mS:[93m26.4%[97m([91m7.9c[97m-[94mF1:21.2%) [97mU1:[93m47.8%[97m([91m11.4c[97m) [97mU2:[93m58.6%[97m([91m11.6c[97m) [97mR:[93m80.8%[97m([91m21.5c[97m) [97mS-L: [92m1:[96m48% [92m2:[96m16% [92m3:[96m55% [92m4:[96m20% [92m6:[96m25%[39m [34mF1_perclass: 62.3-73.4-31.9-43.5-67.7-60.6-26.1 [39m[39m
2026-01-15 09:31:33,479 - Agent - INFO - [37mTest Epoch 26 step 26 with [31mce_loss_combined : 1.786851 [31mce_loss_c : 1.871010 [31mce_loss_g : 1.749774 [31mce_mask0 : 1.787784 [31mce_mask1 : 1.778089 [31mkl_synergy_1 : 1.263000 [31mkl_synergy_2 : 1.260646 [31mtotal : 7.876370 [94mAcc_combined: 53.06 [94mAcc_c: 29.25 [94mAcc_g: 40.82 [97mS:[93m22.2%[97m([91m6.3c[97m-[94mF1:17.6%) [97mU1:[93m45.0%[97m([91m10.9c[97m) [97mU2:[93m69.4%[97m([91m16.9c[97m) [97mR:[93m82.9%[97m([91m18.9c[97m) [97mS-L: [92m1:[96m50% [92m2:[96m11% [92m3:[96m67% [92m4:[96m12% [92m5:[96m19% [92m6:[96m15%[39m [34mF1_perclass: 45.9-74.9-40.3-47.9-59.8-67.2-23.2 [39m[39m
2026-01-15 09:31:33,480 - Agent - INFO - Total number of trainable parameters are: 22487018
2026-01-15 09:33:05,746 - Agent - INFO - [37mVal Epoch 27 step 27 with [31mce_loss_combined : 1.776396 [31mce_loss_c : 1.864576 [31mce_loss_g : 1.740753 [31mce_mask0 : 1.778295 [31mce_mask1 : 1.777228 [31mkl_synergy_1 : 1.015827 [31mkl_synergy_2 : 1.056799 [31mtotal : 7.404545 [94mAcc_combined: 56.83 [94mAcc_c: 26.77 [94mAcc_g: 38.72 [97mS:[93m33.3%[97m([91m9.9c[97m-[94mF1:26.7%) [97mU1:[93m53.6%[97m([91m12.8c[97m) [97mU2:[93m56.9%[97m([91m11.3c[97m) [97mR:[93m85.9%[97m([91m22.9c[97m) [97mS-L: [92m0:[96m25% [92m1:[96m57% [92m2:[96m24% [92m3:[96m48% [92m4:[96m33% [92m6:[96m34%[39m [34mF1_perclass: 65.5-72.8-34.3-52.7-67.4-69.3-31.8 [39m[39m
2026-01-15 09:33:05,823 - Agent - INFO - [37mTest Epoch 27 step 27 with [31mce_loss_combined : 1.788303 [31mce_loss_c : 1.875200 [31mce_loss_g : 1.764225 [31mce_mask0 : 1.789614 [31mce_mask1 : 1.782619 [31mkl_synergy_1 : 0.981793 [31mkl_synergy_2 : 0.976391 [31mtotal : 7.318721 [94mAcc_combined: 55.84 [94mAcc_c: 26.81 [94mAcc_g: 37.26 [97mS:[93m23.7%[97m([91m6.8c[97m-[94mF1:19.0%) [97mU1:[93m56.9%[97m([91m13.8c[97m) [97mU2:[93m64.8%[97m([91m15.8c[97m) [97mR:[93m85.4%[97m([91m19.5c[97m) [97mS-L: [92m1:[96m62% [92m2:[96m16% [92m3:[96m36% [92m4:[96m17% [92m5:[96m19% [92m6:[96m25%[39m [34mF1_perclass: 57.4-74.8-41.3-53.4-58.5-66.0-28.9 [39m[39m
2026-01-15 09:33:05,825 - Agent - INFO - Total number of trainable parameters are: 22487018
2026-01-15 09:34:24,744 - Agent - INFO - [37mVal Epoch 28 step 28 with [31mce_loss_combined : 1.769461 [31mce_loss_c : 1.864124 [31mce_loss_g : 1.777347 [31mce_mask0 : 1.772689 [31mce_mask1 : 1.771253 [31mkl_synergy_1 : 1.166887 [31mkl_synergy_2 : 1.146862 [31mtotal : 7.627152 [94mAcc_combined: 55.58 [94mAcc_c: 26.08 [94mAcc_g: 36.45 [97mS:[93m25.7%[97m([91m7.6c[97m-[94mF1:20.7%) [97mU1:[93m58.4%[97m([91m13.9c[97m) [97mU2:[93m62.6%[97m([91m12.4c[97m) [97mR:[93m81.2%[97m([91m21.6c[97m) [97mS-L: [92m1:[96m61% [92m2:[96m22% [92m3:[96m45% [92m4:[96m30% [92m6:[96m19%[39m [34mF1_perclass: 58.7-71.4-39.3-53.9-67.8-66.3-20.3 [39m[39m
2026-01-15 09:34:24,770 - Agent - INFO - [37mTest Epoch 28 step 28 with [31mce_loss_combined : 1.770934 [31mce_loss_c : 1.878790 [31mce_loss_g : 1.801987 [31mce_mask0 : 1.777164 [31mce_mask1 : 1.776249 [31mkl_synergy_1 : 1.167351 [31mkl_synergy_2 : 1.147000 [31mtotal : 7.638697 [94mAcc_combined: 56.28 [94mAcc_c: 26.03 [94mAcc_g: 34.82 [97mS:[93m24.9%[97m([91m7.1c[97m-[94mF1:20.1%) [97mU1:[93m55.5%[97m([91m13.5c[97m) [97mU2:[93m67.1%[97m([91m16.4c[97m) [97mR:[93m84.9%[97m([91m19.4c[97m) [97mS-L: [92m0:[96m8% [92m1:[96m50% [92m2:[96m11% [92m3:[96m50% [92m4:[96m12% [92m5:[96m24% [92m6:[96m25%[39m [34mF1_perclass: 55.0-74.3-47.5-54.4-57.8-70.2-26.1 [39m[39m
2026-01-15 09:34:24,772 - Agent - INFO - Total number of trainable parameters are: 22487018
2026-01-15 09:35:48,159 - Agent - INFO - [37mVal Epoch 29 step 29 with [31mce_loss_combined : 1.763143 [31mce_loss_c : 1.860129 [31mce_loss_g : 1.788628 [31mce_mask0 : 1.763201 [31mce_mask1 : 1.762043 [31mkl_synergy_1 : 1.166224 [31mkl_synergy_2 : 1.157080 [31mtotal : 7.611691 [94mAcc_combined: 57.52 [94mAcc_c: 28.02 [94mAcc_g: 31.55 [97mS:[93m29.5%[97m([91m8.8c[97m-[94mF1:23.9%) [97mU1:[93m58.4%[97m([91m13.9c[97m) [97mU2:[93m60.9%[97m([91m12.1c[97m) [97mR:[93m85.5%[97m([91m22.8c[97m) [97mS-L: [92m1:[96m65% [92m2:[96m22% [92m3:[96m35% [92m4:[96m40% [92m5:[96m5% [92m6:[96m26%[39m [34mF1_perclass: 59.9-72.8-42.4-55.9-68.5-69.0-25.9 [39m[39m
2026-01-15 09:35:48,182 - Agent - INFO - [37mTest Epoch 29 step 29 with [31mce_loss_combined : 1.773911 [31mce_loss_c : 1.872487 [31mce_loss_g : 1.830738 [31mce_mask0 : 1.772562 [31mce_mask1 : 1.773571 [31mkl_synergy_1 : 1.239891 [31mkl_synergy_2 : 1.200311 [31mtotal : 7.760246 [94mAcc_combined: 56.17 [94mAcc_c: 27.25 [94mAcc_g: 31.03 [97mS:[93m26.8%[97m([91m7.7c[97m-[94mF1:19.6%) [97mU1:[93m57.3%[97m([91m13.9c[97m) [97mU2:[93m63.0%[97m([91m15.4c[97m) [97mR:[93m84.4%[97m([91m19.2c[97m) [97mS-L: [92m1:[96m50% [92m2:[96m11% [92m3:[96m33% [92m4:[96m25% [92m5:[96m19% [92m6:[96m33%[39m [34mF1_perclass: 57.1-72.7-43.4-54.5-60.6-69.2-29.9 [39m[39m
2026-01-15 09:35:48,183 - Agent - INFO - Total number of trainable parameters are: 22487018
2026-01-15 09:37:13,277 - Agent - INFO - [37mVal Epoch 30 step 30 with [31mce_loss_combined : 1.768180 [31mce_loss_c : 1.858022 [31mce_loss_g : 1.809790 [31mce_mask0 : 1.770894 [31mce_mask1 : 1.772057 [31mkl_synergy_1 : 1.160486 [31mkl_synergy_2 : 1.166023 [31mtotal : 7.637640 [94mAcc_combined: 56.26 [94mAcc_c: 28.13 [94mAcc_g: 31.78 [97mS:[93m25.7%[97m([91m7.6c[97m-[94mF1:23.1%) [97mU1:[93m56.9%[97m([91m13.6c[97m) [97mU2:[93m62.1%[97m([91m12.3c[97m) [97mR:[93m85.5%[97m([91m22.8c[97m) [97mS-L: [92m1:[96m61% [92m2:[96m22% [92m3:[96m48% [92m4:[96m37% [92m5:[96m15% [92m6:[96m14%[39m [34mF1_perclass: 59.6-74.4-39.1-52.6-66.0-70.2-17.0 [39m[39m
2026-01-15 09:37:13,302 - Agent - INFO - [37mTest Epoch 30 step 30 with [31mce_loss_combined : 1.770360 [31mce_loss_c : 1.870513 [31mce_loss_g : 1.830362 [31mce_mask0 : 1.771225 [31mce_mask1 : 1.765719 [31mkl_synergy_1 : 1.208290 [31mkl_synergy_2 : 1.119287 [31mtotal : 7.634880 [94mAcc_combined: 55.28 [94mAcc_c: 27.47 [94mAcc_g: 34.15 [97mS:[93m22.2%[97m([91m6.3c[97m-[94mF1:17.9%) [97mU1:[93m58.3%[97m([91m14.1c[97m) [97mU2:[93m62.6%[97m([91m15.2c[97m) [97mR:[93m85.9%[97m([91m19.6c[97m) [97mS-L: [92m1:[96m50% [92m2:[96m13% [92m3:[96m47% [92m4:[96m12% [92m5:[96m24% [92m6:[96m19%[39m [34mF1_perclass: 58.1-71.1-43.6-53.6-57.5-69.2-22.5 [39m[39m
2026-01-15 09:37:14,439 - Agent - INFO - Total number of trainable parameters are: 22487018
2026-01-15 09:38:41,541 - Agent - INFO - [37mVal Epoch 31 step 31 with [31mce_loss_combined : 1.770182 [31mce_loss_c : 1.856073 [31mce_loss_g : 1.800816 [31mce_mask0 : 1.767482 [31mce_mask1 : 1.773859 [31mkl_synergy_1 : 1.144776 [31mkl_synergy_2 : 1.135261 [31mtotal : 7.591560 [94mAcc_combined: 57.18 [94mAcc_c: 28.59 [94mAcc_g: 31.44 [97mS:[93m24.1%[97m([91m7.2c[97m-[94mF1:21.6%) [97mU1:[93m58.9%[97m([91m14.0c[97m) [97mU2:[93m63.2%[97m([91m12.5c[97m) [97mR:[93m88.0%[97m([91m23.5c[97m) [97mS-L: [92m1:[96m61% [92m2:[96m16% [92m3:[96m45% [92m4:[96m37% [92m5:[96m15% [92m6:[96m13%[39m [34mF1_perclass: 62.9-73.3-37.3-55.0-63.7-73.3-15.8 [39m[39m
2026-01-15 09:38:41,615 - Agent - INFO - [37mTest Epoch 31 step 31 with [31mce_loss_combined : 1.774897 [31mce_loss_c : 1.867558 [31mce_loss_g : 1.833678 [31mce_mask0 : 1.774557 [31mce_mask1 : 1.775466 [31mkl_synergy_1 : 1.156025 [31mkl_synergy_2 : 1.079564 [31mtotal : 7.560508 [94mAcc_combined: 55.06 [94mAcc_c: 28.36 [94mAcc_g: 32.48 [97mS:[93m22.6%[97m([91m6.5c[97m-[94mF1:19.6%) [97mU1:[93m56.4%[97m([91m13.7c[97m) [97mU2:[93m63.0%[97m([91m15.4c[97m) [97mR:[93m85.9%[97m([91m19.6c[97m) [97mS-L: [92m0:[96m8% [92m1:[96m62% [92m2:[96m11% [92m3:[96m47% [92m4:[96m25% [92m5:[96m24% [92m6:[96m17%[39m [34mF1_perclass: 54.7-71.5-42.8-53.4-58.6-67.8-21.0 [39m[39m
2026-01-15 09:38:41,616 - Agent - INFO - Total number of trainable parameters are: 22487018
2026-01-15 09:40:12,318 - Agent - INFO - [37mVal Epoch 32 step 32 with [31mce_loss_combined : 1.814696 [31mce_loss_c : 1.866038 [31mce_loss_g : 1.811050 [31mce_mask0 : 1.815994 [31mce_mask1 : 1.816627 [31mkl_synergy_1 : 0.965647 [31mkl_synergy_2 : 1.057887 [31mtotal : 7.470851 [94mAcc_combined: 48.18 [94mAcc_c: 29.38 [94mAcc_g: 30.87 [97mS:[93m27.2%[97m([91m8.1c[97m-[94mF1:22.4%) [97mU1:[93m44.0%[97m([91m10.5c[97m) [97mU2:[93m52.3%[97m([91m10.4c[97m) [97mR:[93m72.2%[97m([91m19.2c[97m) [97mS-L: [92m0:[96m25% [92m1:[96m65% [92m2:[96m8% [92m3:[96m16% [92m4:[96m47% [92m5:[96m10% [92m6:[96m27%[39m [34mF1_perclass: 43.2-72.2-13.5-50.5-52.2-61.9-22.4 [39m[39m
2026-01-15 09:40:12,348 - Agent - INFO - [37mTest Epoch 32 step 32 with [31mce_loss_combined : 1.834416 [31mce_loss_c : 1.882447 [31mce_loss_g : 1.841423 [31mce_mask0 : 1.832047 [31mce_mask1 : 1.831817 [31mkl_synergy_1 : 0.926784 [31mkl_synergy_2 : 0.991533 [31mtotal : 7.416597 [94mAcc_combined: 46.50 [94mAcc_c: 25.03 [94mAcc_g: 30.14 [97mS:[93m17.9%[97m([91m5.1c[97m-[94mF1:12.8%) [97mU1:[93m39.4%[97m([91m9.6c[97m) [97mU2:[93m60.3%[97m([91m14.7c[97m) [97mR:[93m75.1%[97m([91m17.1c[97m) [97mS-L: [92m1:[96m62% [92m3:[96m8% [92m4:[96m46% [92m5:[96m14% [92m6:[96m20%[39m [34mF1_perclass: 34.1-75.5-13.3-41.3-53.3-59.0-17.6 [39m[39m
2026-01-15 09:40:12,349 - Agent - INFO - Total number of trainable parameters are: 22487018
2026-01-15 09:41:30,831 - Agent - INFO - [37mVal Epoch 33 step 33 with [31mce_loss_combined : 1.805251 [31mce_loss_c : 1.836684 [31mce_loss_g : 1.725113 [31mce_mask0 : 1.809768 [31mce_mask1 : 1.806359 [31mkl_synergy_1 : 0.680401 [31mkl_synergy_2 : 0.714283 [31mtotal : 6.816062 [94mAcc_combined: 52.28 [94mAcc_c: 28.25 [94mAcc_g: 41.57 [97mS:[93m25.7%[97m([91m7.6c[97m-[94mF1:21.5%) [97mU1:[93m49.8%[97m([91m11.8c[97m) [97mU2:[93m57.5%[97m([91m11.4c[97m) [97mR:[93m80.3%[97m([91m21.4c[97m) [97mS-L: [92m0:[96m25% [92m1:[96m39% [92m2:[96m5% [92m3:[96m61% [92m4:[96m17% [92m5:[96m10% [92m6:[96m25%[39m [34mF1_perclass: 59.6-65.9-28.1-46.2-70.3-62.9-25.4 [39m[39m
2026-01-15 09:41:30,863 - Agent - INFO - [37mTest Epoch 33 step 33 with [31mce_loss_combined : 1.815860 [31mce_loss_c : 1.814095 [31mce_loss_g : 1.795450 [31mce_mask0 : 1.816082 [31mce_mask1 : 1.813223 [31mkl_synergy_1 : 0.676324 [31mkl_synergy_2 : 0.723924 [31mtotal : 6.845412 [94mAcc_combined: 51.61 [94mAcc_c: 30.14 [94mAcc_g: 38.26 [97mS:[93m20.6%[97m([91m5.9c[97m-[94mF1:14.4%) [97mU1:[93m52.8%[97m([91m12.8c[97m) [97mU2:[93m58.9%[97m([91m14.3c[97m) [97mR:[93m81.5%[97m([91m18.6c[97m) [97mS-L: [92m1:[96m25% [92m3:[96m58% [92m4:[96m12% [92m5:[96m33% [92m6:[96m17%[39m [34mF1_perclass: 57.4-62.9-24.3-53.6-63.6-55.6-22.4 [39m[39m
2026-01-15 09:41:30,864 - Agent - INFO - Total number of trainable parameters are: 22487018
2026-01-15 09:42:55,672 - Agent - INFO - [37mVal Epoch 34 step 34 with [31mce_loss_combined : 1.805512 [31mce_loss_c : 1.853460 [31mce_loss_g : 1.724398 [31mce_mask0 : 1.811418 [31mce_mask1 : 1.805632 [31mkl_synergy_1 : 0.690766 [31mkl_synergy_2 : 0.722639 [31mtotal : 6.835968 [94mAcc_combined: 53.30 [94mAcc_c: 26.65 [94mAcc_g: 35.65 [97mS:[93m37.9%[97m([91m11.3c[97m-[94mF1:25.7%) [97mU1:[93m52.6%[97m([91m12.5c[97m) [97mU2:[93m53.4%[97m([91m10.6c[97m) [97mR:[93m70.9%[97m([91m18.9c[97m) [97mS-L: [92m1:[96m61% [92m2:[96m11% [92m3:[96m19% [92m4:[96m20% [92m5:[96m10% [92m6:[96m58%[39m [34mF1_perclass: 38.3-76.3-38.9-47.8-68.4-66.9-34.9 [39m[39m
2026-01-15 09:42:55,696 - Agent - INFO - [37mTest Epoch 34 step 34 with [31mce_loss_combined : 1.814075 [31mce_loss_c : 1.850568 [31mce_loss_g : 1.743601 [31mce_mask0 : 1.812693 [31mce_mask1 : 1.810642 [31mkl_synergy_1 : 0.686903 [31mkl_synergy_2 : 0.689675 [31mtotal : 6.813988 [94mAcc_combined: 53.62 [94mAcc_c: 27.59 [94mAcc_g: 38.82 [97mS:[93m27.2%[97m([91m7.8c[97m-[94mF1:16.4%) [97mU1:[93m55.5%[97m([91m13.5c[97m) [97mU2:[93m59.4%[97m([91m14.5c[97m) [97mR:[93m78.5%[97m([91m17.9c[97m) [97mS-L: [92m1:[96m38% [92m2:[96m3% [92m3:[96m17% [92m4:[96m17% [92m5:[96m24% [92m6:[96m43%[39m [34mF1_perclass: 31.8-82.4-40.3-41.9-61.7-63.3-33.2 [39m[39m
2026-01-15 09:42:55,697 - Agent - INFO - Total number of trainable parameters are: 22487018
2026-01-15 09:44:17,679 - Agent - INFO - [37mVal Epoch 35 step 35 with [31mce_loss_combined : 1.808792 [31mce_loss_c : 1.889647 [31mce_loss_g : 1.708300 [31mce_mask0 : 1.810690 [31mce_mask1 : 1.813338 [31mkl_synergy_1 : 0.719091 [31mkl_synergy_2 : 0.780361 [31mtotal : 6.932271 [94mAcc_combined: 55.58 [94mAcc_c: 20.62 [94mAcc_g: 37.70 [97mS:[93m30.3%[97m([91m9.0c[97m-[94mF1:27.1%) [97mU1:[93m65.6%[97m([91m15.6c[97m) [97mU2:[93m51.7%[97m([91m10.3c[97m) [97mR:[93m77.8%[97m([91m20.7c[97m) [97mS-L: [92m1:[96m57% [92m2:[96m30% [92m3:[96m19% [92m4:[96m43% [92m5:[96m55% [92m6:[96m22%[39m [34mF1_perclass: 52.8-72.2-46.1-54.5-62.0-61.4-25.5 [39m[39m
2026-01-15 09:44:17,755 - Agent - INFO - [37mTest Epoch 35 step 35 with [31mce_loss_combined : 1.832362 [31mce_loss_c : 1.909050 [31mce_loss_g : 1.784156 [31mce_mask0 : 1.839518 [31mce_mask1 : 1.839595 [31mkl_synergy_1 : 0.734868 [31mkl_synergy_2 : 0.815584 [31mtotal : 7.061927 [94mAcc_combined: 47.72 [94mAcc_c: 17.35 [94mAcc_g: 37.04 [97mS:[93m16.7%[97m([91m4.8c[97m-[94mF1:14.3%) [97mU1:[93m58.7%[97m([91m14.2c[97m) [97mU2:[93m44.7%[97m([91m10.9c[97m) [97mR:[93m78.0%[97m([91m17.8c[97m) [97mS-L: [92m1:[96m25% [92m2:[96m16% [92m3:[96m25% [92m4:[96m12% [92m5:[96m38% [92m6:[96m13%[39m [34mF1_perclass: 39.0-66.9-45.1-41.7-49.2-52.0-16.0 [39m[39m
2026-01-15 09:44:17,757 - Agent - INFO - Total number of trainable parameters are: 22487018
2026-01-15 09:45:36,182 - Agent - INFO - [37mVal Epoch 36 step 36 with [31mce_loss_combined : 1.819190 [31mce_loss_c : 1.870251 [31mce_loss_g : 1.786309 [31mce_mask0 : 1.822778 [31mce_mask1 : 1.822824 [31mkl_synergy_1 : 0.676401 [31mkl_synergy_2 : 0.867578 [31mtotal : 7.008771 [94mAcc_combined: 48.86 [94mAcc_c: 24.94 [94mAcc_g: 37.02 [97mS:[93m19.2%[97m([91m5.7c[97m-[94mF1:18.3%) [97mU1:[93m40.2%[97m([91m9.6c[97m) [97mU2:[93m55.7%[97m([91m11.0c[97m) [97mR:[93m84.6%[97m([91m22.6c[97m) [97mS-L: [92m1:[96m65% [92m2:[96m3% [92m3:[96m55% [92m4:[96m7% [92m5:[96m70% [92m6:[96m1%[39m [34mF1_perclass: 57.9-70.1-6.0-44.1-64.5-54.6-1.3 [39m[39m
2026-01-15 09:45:36,207 - Agent - INFO - [37mTest Epoch 36 step 36 with [31mce_loss_combined : 1.828561 [31mce_loss_c : 1.912344 [31mce_loss_g : 1.828247 [31mce_mask0 : 1.829884 [31mce_mask1 : 1.831899 [31mkl_synergy_1 : 0.732463 [31mkl_synergy_2 : 0.884740 [31mtotal : 7.107547 [94mAcc_combined: 47.72 [94mAcc_c: 24.03 [94mAcc_g: 38.49 [97mS:[93m18.3%[97m([91m5.2c[97m-[94mF1:14.0%) [97mU1:[93m36.2%[97m([91m8.8c[97m) [97mU2:[93m62.6%[97m([91m15.2c[97m) [97mR:[93m81.0%[97m([91m18.5c[97m) [97mS-L: [92m1:[96m38% [92m3:[96m56% [92m4:[96m12% [92m5:[96m67% [92m6:[96m6%[39m [34mF1_perclass: 47.3-70.5-6.1-46.9-59.8-51.0-9.6 [39m[39m
2026-01-15 09:45:36,208 - Agent - INFO - Total number of trainable parameters are: 22487018
2026-01-15 09:46:59,046 - Agent - INFO - [37mVal Epoch 37 step 37 with [31mce_loss_combined : 1.834307 [31mce_loss_c : 1.839429 [31mce_loss_g : 1.776484 [31mce_mask0 : 1.832979 [31mce_mask1 : 1.836297 [31mkl_synergy_1 : 0.604777 [31mkl_synergy_2 : 0.627677 [31mtotal : 6.736038 [94mAcc_combined: 49.09 [94mAcc_c: 31.32 [94mAcc_g: 41.69 [97mS:[93m28.4%[97m([91m8.4c[97m-[94mF1:23.5%) [97mU1:[93m46.4%[97m([91m11.0c[97m) [97mU2:[93m46.6%[97m([91m9.2c[97m) [97mR:[93m76.5%[97m([91m20.4c[97m) [97mS-L: [92m0:[96m25% [92m1:[96m30% [92m2:[96m5% [92m3:[96m35% [92m4:[96m43% [92m5:[96m20% [92m6:[96m31%[39m [34mF1_perclass: 56.8-59.1-28.8-46.7-55.1-63.5-28.4 [39m[39m
2026-01-15 09:46:59,071 - Agent - INFO - [37mTest Epoch 37 step 37 with [31mce_loss_combined : 1.843645 [31mce_loss_c : 1.834289 [31mce_loss_g : 1.802154 [31mce_mask0 : 1.844599 [31mce_mask1 : 1.855471 [31mkl_synergy_1 : 0.590381 [31mkl_synergy_2 : 0.596369 [31mtotal : 6.730465 [94mAcc_combined: 48.83 [94mAcc_c: 30.14 [94mAcc_g: 37.37 [97mS:[93m23.0%[97m([91m6.6c[97m-[94mF1:15.4%) [97mU1:[93m53.2%[97m([91m12.9c[97m) [97mU2:[93m49.3%[97m([91m12.0c[97m) [97mR:[93m76.1%[97m([91m17.4c[97m) [97mS-L: [92m1:[96m12% [92m3:[96m28% [92m4:[96m50% [92m5:[96m24% [92m6:[96m26%[39m [34mF1_perclass: 51.0-62.5-35.3-42.0-52.9-64.5-26.7 [39m[39m
2026-01-15 09:46:59,072 - Agent - INFO - Total number of trainable parameters are: 22487018
2026-01-15 09:48:21,881 - Agent - INFO - [37mVal Epoch 38 step 38 with [31mce_loss_combined : 1.845524 [31mce_loss_c : 1.835627 [31mce_loss_g : 1.768904 [31mce_mask0 : 1.843812 [31mce_mask1 : 1.848849 [31mkl_synergy_1 : 0.676471 [31mkl_synergy_2 : 0.688303 [31mtotal : 6.902958 [94mAcc_combined: 39.07 [94mAcc_c: 29.38 [94mAcc_g: 33.94 [97mS:[93m18.8%[97m([91m5.6c[97m-[94mF1:13.8%) [97mU1:[93m34.0%[97m([91m8.1c[97m) [97mU2:[93m44.3%[97m([91m8.8c[97m) [97mR:[93m62.4%[97m([91m16.6c[97m) [97mS-L: [92m1:[96m9% [92m2:[96m8% [92m3:[96m94% [92m4:[96m10% [92m5:[96m15% [92m6:[96m8%[39m [34mF1_perclass: 41.8-31.4-17.2-35.5-58.7-68.7-13.3 [39m[39m
2026-01-15 09:48:21,926 - Agent - INFO - [37mTest Epoch 38 step 38 with [31mce_loss_combined : 1.837166 [31mce_loss_c : 1.843098 [31mce_loss_g : 1.797656 [31mce_mask0 : 1.838291 [31mce_mask1 : 1.840011 [31mkl_synergy_1 : 0.736787 [31mkl_synergy_2 : 0.734005 [31mtotal : 6.986259 [94mAcc_combined: 41.05 [94mAcc_c: 29.14 [94mAcc_g: 36.82 [97mS:[93m19.1%[97m([91m5.5c[97m-[94mF1:12.5%) [97mU1:[93m36.7%[97m([91m8.9c[97m) [97mU2:[93m49.3%[97m([91m12.0c[97m) [97mR:[93m64.4%[97m([91m14.7c[97m) [97mS-L: [92m1:[96m12% [92m2:[96m3% [92m3:[96m89% [92m4:[96m8% [92m5:[96m19% [92m6:[96m8%[39m [34mF1_perclass: 37.3-50.0-25.6-36.3-50.6-64.5-11.7 [39m[39m
2026-01-15 09:48:21,928 - Agent - INFO - Total number of trainable parameters are: 22487018
2026-01-15 09:49:47,463 - Agent - INFO - [37mVal Epoch 39 step 39 with [31mce_loss_combined : 1.827454 [31mce_loss_c : 1.808677 [31mce_loss_g : 1.660090 [31mce_mask0 : 1.829102 [31mce_mask1 : 1.831638 [31mkl_synergy_1 : 0.584100 [31mkl_synergy_2 : 0.574326 [31mtotal : 6.646621 [94mAcc_combined: 53.08 [94mAcc_c: 38.84 [94mAcc_g: 39.75 [97mS:[93m26.1%[97m([91m7.7c[97m-[94mF1:22.9%) [97mU1:[93m58.9%[97m([91m14.0c[97m) [97mU2:[93m49.4%[97m([91m9.8c[97m) [97mR:[93m80.8%[97m([91m21.5c[97m) [97mS-L: [92m1:[96m52% [92m2:[96m11% [92m3:[96m48% [92m4:[96m10% [92m5:[96m60% [92m6:[96m19%[39m [34mF1_perclass: 60.6-67.9-36.2-57.7-62.3-55.6-20.0 [39m[39m
2026-01-15 09:49:47,487 - Agent - INFO - [37mTest Epoch 39 step 39 with [31mce_loss_combined : 1.841682 [31mce_loss_c : 1.802411 [31mce_loss_g : 1.725477 [31mce_mask0 : 1.841757 [31mce_mask1 : 1.837777 [31mkl_synergy_1 : 0.595159 [31mkl_synergy_2 : 0.557976 [31mtotal : 6.674351 [94mAcc_combined: 50.17 [94mAcc_c: 35.15 [94mAcc_g: 39.27 [97mS:[93m17.5%[97m([91m5.0c[97m-[94mF1:13.7%) [97mU1:[93m60.6%[97m([91m14.7c[97m) [97mU2:[93m48.9%[97m([91m11.9c[97m) [97mR:[93m81.5%[97m([91m18.6c[97m) [97mS-L: [92m1:[96m62% [92m2:[96m3% [92m3:[96m36% [92m4:[96m4% [92m5:[96m67% [92m6:[96m9%[39m [34mF1_perclass: 51.0-67.7-47.2-53.1-47.4-51.5-14.7 [39m[39m
2026-01-15 09:49:47,488 - Agent - INFO - Total number of trainable parameters are: 22487018
2026-01-15 09:51:07,543 - Agent - INFO - [37mVal Epoch 40 step 40 with [31mce_loss_combined : 1.838185 [31mce_loss_c : 1.826749 [31mce_loss_g : 1.625976 [31mce_mask0 : 1.839810 [31mce_mask1 : 1.839253 [31mkl_synergy_1 : 0.467119 [31mkl_synergy_2 : 0.454625 [31mtotal : 6.438993 [94mAcc_combined: 56.26 [94mAcc_c: 24.94 [94mAcc_g: 43.74 [97mS:[93m26.1%[97m([91m7.7c[97m-[94mF1:24.4%) [97mU1:[93m62.2%[97m([91m14.8c[97m) [97mU2:[93m55.7%[97m([91m11.0c[97m) [97mR:[93m85.0%[97m([91m22.7c[97m) [97mS-L: [92m0:[96m25% [92m1:[96m52% [92m2:[96m19% [92m3:[96m58% [92m4:[96m13% [92m5:[96m25% [92m6:[96m18%[39m [34mF1_perclass: 61.1-69.5-41.9-53.2-71.7-69.4-19.3 [39m[39m
2026-01-15 09:51:07,624 - Agent - INFO - [37mTest Epoch 40 step 40 with [31mce_loss_combined : 1.849381 [31mce_loss_c : 1.843168 [31mce_loss_g : 1.715294 [31mce_mask0 : 1.850508 [31mce_mask1 : 1.847583 [31mkl_synergy_1 : 0.508231 [31mkl_synergy_2 : 0.481935 [31mtotal : 6.537638 [94mAcc_combined: 54.51 [94mAcc_c: 25.14 [94mAcc_g: 36.37 [97mS:[93m20.2%[97m([91m5.8c[97m-[94mF1:16.7%) [97mU1:[93m59.2%[97m([91m14.3c[97m) [97mU2:[93m60.7%[97m([91m14.8c[97m) [97mR:[93m85.9%[97m([91m19.6c[97m) [97mS-L: [92m1:[96m62% [92m2:[96m5% [92m3:[96m58% [92m4:[96m12% [92m5:[96m29% [92m6:[96m13%[39m [34mF1_perclass: 54.5-72.7-37.3-53.5-56.9-68.2-16.7 [39m[39m
2026-01-15 09:51:08,758 - Agent - INFO - Total number of trainable parameters are: 22487018
2026-01-15 09:52:31,348 - Agent - INFO - [37mVal Epoch 41 step 41 with [31mce_loss_combined : 1.835628 [31mce_loss_c : 1.828398 [31mce_loss_g : 1.677910 [31mce_mask0 : 1.837752 [31mce_mask1 : 1.836457 [31mkl_synergy_1 : 0.501814 [31mkl_synergy_2 : 0.504864 [31mtotal : 6.516514 [94mAcc_combined: 56.61 [94mAcc_c: 31.78 [94mAcc_g: 42.60 [97mS:[93m24.1%[97m([91m7.2c[97m-[94mF1:23.4%) [97mU1:[93m66.5%[97m([91m15.8c[97m) [97mU2:[93m48.9%[97m([91m9.7c[97m) [97mR:[93m89.7%[97m([91m23.9c[97m) [97mS-L: [92m0:[96m25% [92m1:[96m43% [92m2:[96m14% [92m3:[96m26% [92m4:[96m37% [92m5:[96m20% [92m6:[96m21%[39m [34mF1_perclass: 66.7-73.3-42.6-55.3-60.6-68.5-22.7 [39m[39m
2026-01-15 09:52:31,425 - Agent - INFO - [37mTest Epoch 41 step 41 with [31mce_loss_combined : 1.848871 [31mce_loss_c : 1.848880 [31mce_loss_g : 1.766591 [31mce_mask0 : 1.850261 [31mce_mask1 : 1.851317 [31mkl_synergy_1 : 0.481338 [31mkl_synergy_2 : 0.449716 [31mtotal : 6.481503 [94mAcc_combined: 54.95 [94mAcc_c: 29.81 [94mAcc_g: 35.37 [97mS:[93m16.7%[97m([91m4.8c[97m-[94mF1:14.6%) [97mU1:[93m69.7%[97m([91m16.9c[97m) [97mU2:[93m53.9%[97m([91m13.1c[97m) [97mR:[93m88.3%[97m([91m20.1c[97m) [97mS-L: [92m0:[96m8% [92m1:[96m50% [92m2:[96m3% [92m3:[96m28% [92m4:[96m25% [92m5:[96m19% [92m6:[96m14%[39m [34mF1_perclass: 61.9-72.8-38.3-46.8-53.5-69.2-23.1 [39m[39m
2026-01-15 09:52:31,427 - Agent - INFO - Total number of trainable parameters are: 22487018
2026-01-15 09:53:55,142 - Agent - INFO - [37mVal Epoch 42 step 42 with [31mce_loss_combined : 1.842255 [31mce_loss_c : 1.861960 [31mce_loss_g : 1.712589 [31mce_mask0 : 1.846102 [31mce_mask1 : 1.840899 [31mkl_synergy_1 : 0.548734 [31mkl_synergy_2 : 0.508548 [31mtotal : 6.586539 [94mAcc_combined: 50.80 [94mAcc_c: 26.65 [94mAcc_g: 34.62 [97mS:[93m19.9%[97m([91m5.9c[97m-[94mF1:20.7%) [97mU1:[93m53.6%[97m([91m12.8c[97m) [97mU2:[93m56.3%[97m([91m11.2c[97m) [97mR:[93m78.6%[97m([91m21.0c[97m) [97mS-L: [92m1:[96m35% [92m2:[96m16% [92m3:[96m42% [92m4:[96m17% [92m5:[96m40% [92m6:[96m10%[39m [34mF1_perclass: 54.5-61.6-42.7-51.4-68.3-50.8-16.0 [39m[39m
2026-01-15 09:53:55,218 - Agent - INFO - [37mTest Epoch 42 step 42 with [31mce_loss_combined : 1.845689 [31mce_loss_c : 1.850440 [31mce_loss_g : 1.739572 [31mce_mask0 : 1.860859 [31mce_mask1 : 1.844503 [31mkl_synergy_1 : 0.547742 [31mkl_synergy_2 : 0.545013 [31mtotal : 6.643806 [94mAcc_combined: 50.72 [94mAcc_c: 25.58 [94mAcc_g: 38.38 [97mS:[93m14.8%[97m([91m4.2c[97m-[94mF1:13.5%) [97mU1:[93m56.0%[97m([91m13.6c[97m) [97mU2:[93m58.9%[97m([91m14.3c[97m) [97mR:[93m81.5%[97m([91m18.6c[97m) [97mS-L: [92m1:[96m38% [92m2:[96m5% [92m3:[96m47% [92m4:[96m12% [92m5:[96m43% [92m6:[96m3%[39m [34mF1_perclass: 55.8-71.3-44.4-51.2-55.3-51.5-8.1 [39m[39m
2026-01-15 09:53:55,219 - Agent - INFO - Total number of trainable parameters are: 22487018
2026-01-15 09:53:59,789 - Agent - INFO - We are in the final state.
2026-01-15 09:54:00,074 - root - INFO - Loaded best model from /esat/smcdata/users/kkontras/Image_Dataset/no_backup/data/2025_data/synergy/CremadPlus/v2/SynIB_RMask_fold0_l10_fillema_lsparse1_lr0.0001_wd0.0001_clsmlp_bs64.pth.tar
2026-01-15 09:54:13,647 - Agent - INFO - [37mVal Epoch 42 step 0 with [31mce_loss_combined : 1.656174 [31mce_loss_c : 1.878458 [31mce_loss_g : 1.734892 [31mce_mask0 : 1.661644 [31mce_mask1 : 1.657577 [31mkl_synergy_1 : 2.511410 [31mkl_synergy_2 : 2.337204 [31mtotal : 9.824008 [94mAcc_combined: 59.68 [94mAcc_c: 24.03 [94mAcc_g: 37.70 [97mS:[93m26.8%[97m([91m8.0c[97m-[94mF1:28.4%) [97mU1:[93m66.5%[97m([91m15.8c[97m) [97mU2:[93m57.5%[97m([91m11.4c[97m) [97mR:[93m91.9%[97m([91m24.5c[97m) [97mS-L: [92m0:[96m50% [92m1:[96m57% [92m2:[96m22% [92m3:[96m45% [92m4:[96m17% [92m5:[96m40% [92m6:[96m17%[39m [34mF1_perclass: 65.6-71.4-41.4-55.0-69.0-78.1-21.3 [39m[39m
2026-01-15 09:54:22,532 - Agent - INFO - [37mTest Epoch 42 step 0 with [31mce_loss_combined : 1.653113 [31mce_loss_c : 1.897963 [31mce_loss_g : 1.758317 [31mce_mask0 : 1.655311 [31mce_mask1 : 1.663754 [31mkl_synergy_1 : 2.543282 [31mkl_synergy_2 : 2.219266 [31mtotal : 9.734726 [94mAcc_combined: 59.62 [94mAcc_c: 23.36 [94mAcc_g: 34.26 [97mS:[93m19.1%[97m([91m5.5c[97m-[94mF1:16.7%) [97mU1:[93m74.8%[97m([91m18.1c[97m) [97mU2:[93m60.7%[97m([91m14.8c[97m) [97mR:[93m93.2%[97m([91m21.2c[97m) [97mS-L: [92m0:[96m8% [92m1:[96m50% [92m2:[96m5% [92m3:[96m31% [92m4:[96m12% [92m5:[96m48% [92m6:[96m15%[39m [34mF1_perclass: 63.9-74.8-51.0-56.4-67.3-69.4-19.1 [39m[39m
2026-01-15 09:54:23,582 - Agent - INFO - [37mModel saved successfully at: /esat/smcdata/users/kkontras/Image_Dataset/no_backup/data/2025_data/synergy/CremadPlus/v2/SynIB_RMask_fold0_l10_fillema_lsparse1_lr0.0001_wd0.0001_clsmlp_bs64.pth.tar[39m
Job finished
