000 (005.005.000) 2026-01-15 08:52:21 Job submitted from host: <10.87.28.151:9618?addrs=10.87.28.151-9618&alias=brigand.esat.kuleuven.be&noUDP&sock=schedd_1447_19a1>
...
001 (005.005.000) 2026-01-15 08:52:31 Job executing on host: <10.87.28.118:9618?addrs=10.87.28.118-9618&alias=stadius-nc-5.esat.kuleuven.be&noUDP&sock=startd_3360_424e>
	SlotName: slot1_2@stadius-nc-5.esat.kuleuven.be
	AvailableGPUs = { GPUs_GPU_1ac4d924 }
	CondorScratchDir = "/volume1/condor/execute/dir_3403924/scratch"
	Cpus = 8
	Disk = 1048576
	GPUs = 1
	GPUs_GPU_1ac4d924 = [ Id = "GPU-1ac4d924"; ClockMhz = 1545.0; Capability = 7.5; CoresPerCU = 64; DeviceName = "NVIDIA GeForce RTX 2080 Ti"; DeviceUuid = "1ac4d924-e4b1-b88f-268d-a11d924627fd"; ECCEnabled = false; ComputeUnits = 68; NvidiaDriver = "570.153.02"; DriverVersion = 12.8; DevicePciBusId = "0000:5B:00.0"; GlobalMemoryMb = 10823; MaxSupportedVersion = 12080 ]
	Memory = 71680
...
006 (005.005.000) 2026-01-15 08:52:39 Image size of job updated: 391380
	383  -  MemoryUsage of job (MB)
	391380  -  ResidentSetSize of job (KB)
...
006 (005.005.000) 2026-01-15 08:57:39 Image size of job updated: 8719448
	4143  -  MemoryUsage of job (MB)
	4242192  -  ResidentSetSize of job (KB)
...
006 (005.005.000) 2026-01-15 09:02:39 Image size of job updated: 8719448
	8301  -  MemoryUsage of job (MB)
	8499448  -  ResidentSetSize of job (KB)
...
006 (005.005.000) 2026-01-15 09:12:40 Image size of job updated: 8719448
	8504  -  MemoryUsage of job (MB)
	8707940  -  ResidentSetSize of job (KB)
...
006 (005.005.000) 2026-01-15 09:17:42 Image size of job updated: 8927780
	8504  -  MemoryUsage of job (MB)
	8707944  -  ResidentSetSize of job (KB)
...
006 (005.005.000) 2026-01-15 09:27:42 Image size of job updated: 8985072
	8504  -  MemoryUsage of job (MB)
	8707944  -  ResidentSetSize of job (KB)
...
005 (005.005.000) 2026-01-15 09:54:27 Job terminated.
	(1) Normal termination (return value 0)
		Usr 0 01:51:06, Sys 0 00:39:25  -  Run Remote Usage
		Usr 0 00:00:00, Sys 0 00:00:00  -  Run Local Usage
		Usr 0 01:51:06, Sys 0 00:39:25  -  Total Remote Usage
		Usr 0 00:00:00, Sys 0 00:00:00  -  Total Local Usage
	0  -  Run Bytes Sent By Job
	0  -  Run Bytes Received By Job
	0  -  Total Bytes Sent By Job
	0  -  Total Bytes Received By Job
	Partitionable Resources :    Usage  Request Allocated Assigned
	   Cpus                 :     4.98        8         8 
	   Disk (KB)            :     2     1048576   1048576 
	   GPUs                 :     0.65        1         1 "GPU-1ac4d924"
	   GpusMemory (MB)      :  7541                       
	   Memory (MB)          :  8504       71680     71680 
	   TimeExecute (s)      :  3716                       
	   TimeSlotBusy (s)     :  3716                       
...
