Starting Job
/esat/smcdata/users/kkontras/Image_Dataset/no_backup/git/Synergy/train.py
/esat/smcdata/users/kkontras/Image_Dataset/no_backup/envs/synergy_new/bin/python
Python 3.10.19
/esat/smcdata/users/kkontras/Image_Dataset/no_backup/git/Synergy
We have 1 GPU
/esat/smcdata/users/kkontras/Image_Dataset/no_backup/git/Synergy/train.py
config-./configs/CREMA_D/synergy/jan/synprom_RMask.json
Executing command: python /esat/smcdata/users/kkontras/Image_Dataset/no_backup/git/Synergy/train.py --config ./configs/CREMA_D/synergy/jan/synprom_RMask.json --default_config ./configs/CREMA_D/default_config_cremadplus_res_syn.json --fold 0 --l 1 --lr 0.0001 --wd 0.0001 --cls mlp --batch_size 64 --perturb_fill ema --perturb_lsparse 0.1
Namespace(config='./configs/CREMA_D/synergy/jan/synprom_RMask.json', default_config='./configs/CREMA_D/default_config_cremadplus_res_syn.json', fold='0', alpha=None, tanh_mode=None, tanh_mode_beta=None, regby=None, clip=None, batch_size='64', l='1', multil=None, l_diffsq=None, lib=None, ratio_us=None, ratio_snr=None, kmepoch=None, num_samples=None, pow=None, nstep=None, contrcoeff=None, kde_coeff=None, etube=None, temperature=None, contr_type=None, shuffle_type=None, validate_with=None, transform_type=None, trasform_before=None, num_classes=None, base_alpha=None, alpha_var=None, base_beta=None, beta_var=None, optim_method=None, ilr_c=None, ilr_g=None, mmcosine_scaling=None, ending_epoch=None, load_ongoing=None, commonlayers=None, recon_weight1=None, recon_weight2=None, recon_epochstages=None, recon_ensemblestages=None, lr='0.0001', wd='0.0001', mm=None, cls='mlp', perturb=None, perturb_fill='ema', perturb_pmax=None, perturb_pmin=None, perturb_lsparse='0.1', pre=False, frozen=False, tdqm_disable=False, start_over=False)
2026-01-15 18:58:56,330 - Config - INFO - ./configs/CREMA_D/synergy/jan/synprom_RMask.json
2026-01-15 18:58:56,333 - Config - INFO -  THE Configuration of your experiment ..
{'agent': 'Agent',
 'dataset': {'data_roots': '/esat/smcdata/users/kkontras/Image_Dataset/no_backup/CremaD/CREMA-D',
             'data_split': {'fold': 0, 'method': 'non_inclusive'},
             'dataloader_class': 'CramedDPlus_Dataloader',
             'fps': 1,
             'ironic_label_name': 'SARCASM',
             'ironic_modes': ['train', 'val', 'test'],
             'ironic_rate': 1.0,
             'norm': False,
             'norm_face_path': './mydatasets/CREMAD/norm_face_path_fold{}.pkl',
             'norm_wav_path': './mydatasets/CREMAD/wav_norm_22050_fold{}.pkl',
             'num_frame': 3,
             'return_data': {'audio': False,
                             'face': False,
                             'spectrogram': True,
                             'video': True},
             'sampling_rate': 22050},
 'early_stopping': {'end_of_epoch_check': True,
                    'log_interval': 10,
                    'max_epoch': 1500,
                    'n_steps_stop': 30,
                    'n_steps_stop_after': 0,
                    'save_every_step': 3000,
                    'save_every_valstep': 10,
                    'validate_after': 0,
                    'validate_every': 25,
                    'validate_with': 'accuracy'},
 'exp_name': 'CREMAD Experiment',
 'model': {'args': {'bias_infusion': {'contrcoeff': 0.0, 'l': 1.0},
                    'cls_type': 'mlp',
                    'd_model': 512,
                    'dropout': 0.1,
                    'fc_inner': 64,
                    'in_dim': 64,
                    'multi_loss': {'multi_supervised_w': {'c': 1,
                                                          'combined': 1,
                                                          'g': 1}},
                    'norm_decision': False,
                    'num_classes': 7,
                    'synergy_type': 'gaussian'},
           'ceu': {'test': './cremadplus_ceu_test_res.pkl',
                   'val': './cremadplus_ceu_val_res.pkl'},
           'encoders': [{'args': {'d_model': 512,
                                  'dropout': 0.1,
                                  'fc_inner': 64,
                                  'freeze_encoder': False,
                                  'num_classes': 7},
                         'model': 'Audio_ResNet',
                         'name': 'enc_0_modality1_encoder',
                         'pretrainedEncoder': {'dir': 'unimodal_audio_fold{}_lr0.001_wd0.0001_bs64.pth.tar',
                                               'use': True},
                         'save_encoder': False},
                        {'args': {'d_model': 512,
                                  'dropout': 0.1,
                                  'fc_inner': 64,
                                  'freeze_encoder': False,
                                  'num_classes': 7},
                         'model': 'Video_ResNet',
                         'name': 'enc_1_modality2_encoder',
                         'pretrainedEncoder': {'dir': 'unimodal_video_fold{}_lr0.0001_wd0.0001_bs64.pth.tar',
                                               'use': True},
                         'save_encoder': False},
                        {'args': {'d_model': 512,
                                  'dropout': 0.1,
                                  'fc_inner': 64,
                                  'freeze_encoder': False},
                         'model': 'FusionTrunkLinear',
                         'name': 'enc_2_fusion_trunk',
                         'pretrainedEncoder': {'dir': 'enc_2_fusion_trunk_fold{}.pth.tar',
                                               'use': False},
                         'save_encoder': False},
                        {'args': {'freeze_encoder': False,
                                  'in_dim': 64,
                                  'num_classes': 7},
                         'model': 'LinearHead',
                         'name': 'enc_3_fusion_head',
                         'pretrainedEncoder': {'dir': 'enc_3_fusion_head_fold{}.pth.tar',
                                               'use': False},
                         'save_encoder': False},
                        {'args': {'dropout': 0.1,
                                  'freeze_encoder': False,
                                  'hidden_dim': 64,
                                  'in_dim': 512,
                                  'num_classes': 7},
                         'model': 'MLPHead',
                         'name': 'enc_4_unimodal_head_1',
                         'pretrainedEncoder': {'dir': 'enc_4_unimodal1_fold{}.pth.tar',
                                               'use': False},
                         'save_encoder': False},
                        {'args': {'dropout': 0.1,
                                  'freeze_encoder': False,
                                  'hidden_dim': 64,
                                  'in_dim': 512,
                                  'num_classes': 7},
                         'model': 'MLPHead',
                         'name': 'enc_5_unimodal_head_2',
                         'pretrainedEncoder': {'dir': 'enc_5_unimodal2_fold{}.pth.tar',
                                               'use': False},
                         'save_encoder': False}],
           'load_ongoing': False,
           'model_class': 'FusionIBModel_Mask',
           'save_base_dir': '/esat/smcdata/users/kkontras/Image_Dataset/no_backup/data/2025_data/synergy/CremadPlus/v2',
           'save_dir': 'SynIB_RMask_{}.pth.tar'},
 'optimizer': {'beta1': 0.9,
               'beta2': 0.999,
               'learning_rate': 1e-05,
               'momentum': 0.9,
               'type': 'Adam',
               'weight_decay': 1e-05},
 'scheduler': {'max_lr': 0.03, 'type': 'cosanneal', 'warm_up_steps': 780},
 'training_params': {'async_loading': True,
                     'batch_size': 128,
                     'cuda': True,
                     'data_loader_workers': 8,
                     'gpu_device': [0],
                     'pin_memory': False,
                     'rec_test': True,
                     'res': True,
                     'seed': 109,
                     'tdqm_disable': False,
                     'test_batch_size': 128,
                     'test_on_bottoms': True,
                     'use_test_set': True,
                     'validation': True,
                     'verbose': True,
                     'wandb_disable': False}}
2026-01-15 18:58:56,341 - Config - INFO -  *************************************** 
2026-01-15 18:58:56,341 - Config - INFO - The experiment name is CREMAD Experiment
2026-01-15 18:58:56,341 - Config - INFO -  *************************************** 
2026-01-15 18:58:56,341 - root - INFO - save_dir: SynIB_RMask_fold0_l1_fillema_lsparse0.1_lr0.0001_wd0.0001_clsmlp_bs64.pth.tar
2026-01-15 18:58:56,409 - Cuda Statistics - INFO - __Python VERSION:  3.10.19 (main, Oct 21 2025, 16:43:05) [GCC 11.2.0]
2026-01-15 18:58:56,409 - Cuda Statistics - INFO - __pyTorch VERSION:  2.9.1+cu128
2026-01-15 18:58:56,409 - Cuda Statistics - INFO - __CUDA VERSION
2026-01-15 18:58:56,411 - Cuda Statistics - INFO - __CUDNN VERSION:  91002
2026-01-15 18:58:56,434 - Cuda Statistics - INFO - __Number CUDA Devices:  1
2026-01-15 18:58:56,434 - Cuda Statistics - INFO - __Devices
2026-01-15 18:58:56,434 - Cuda Statistics - INFO - index, name, driver_version, memory.total [MiB], memory.used [MiB], memory.free [MiB]
2026-01-15 18:58:56,434 - Cuda Statistics - INFO - 0, NVIDIA GeForce RTX 2080 Ti, 570.153.02, 11264 MiB, 4 MiB, 10820 MiB
2026-01-15 18:58:56,440 - Cuda Statistics - INFO - Active CUDA Device: GPU 0
2026-01-15 18:58:56,441 - Cuda Statistics - INFO - Available devices  1
2026-01-15 18:58:56,441 - Cuda Statistics - INFO - Current cuda device  0
2026-01-15 18:58:57,439 - CREMADPlusDataset - INFO - Loaded wav norm from ./mydatasets/CREMAD/wav_norm_22050_fold0.pkl
2026-01-15 18:58:57,471 - CREMADPlusDataset - INFO - [train] Ironic pairing enabled: ironic_rate=1.000, target≈673.7, requested_k=674, applied_k=674
2026-01-15 18:58:57,471 - CREMADPlusDataset - INFO - [train] Flipped-to-sarcasm counts by original class: {0: 135, 1: 143, 2: 94, 3: 111, 4: 98, 5: 93}
2026-01-15 18:58:57,471 - CREMADPlusDataset - INFO - [train] Top (orig_label -> donor_label) sarcasm pairs: [('FEA->HAP', 111), ('DIS->HAP', 98), ('SAD->HAP', 94), ('HAP->ANG', 55), ('HAP->DIS', 47), ('HAP->SAD', 41), ('ANG->HAP', 35), ('ANG->NEU', 35), ('NEU->HAP', 32), ('NEU->FEA', 28)]
2026-01-15 18:58:57,471 - CREMADPlusDataset - INFO - [train] Top donor indices reused (idx, times): [(1334, 4), (3408, 3), (2650, 3), (3255, 3), (3446, 3), (3674, 3), (1379, 3), (2982, 3), (4022, 3), (3631, 3)]
2026-01-15 18:58:57,471 - CREMADPlusDataset - INFO - [train] Label distribution after applying ironic pairs: {0: 570, 1: 695, 2: 476, 3: 512, 4: 525, 5: 590, 6: 674}
2026-01-15 18:58:57,883 - CREMADPlusDataset - INFO - Loaded wav norm from ./mydatasets/CREMAD/wav_norm_22050_fold0.pkl
2026-01-15 18:58:57,890 - CREMADPlusDataset - INFO - [val] Ironic pairing enabled: ironic_rate=1.000, target≈146.3, requested_k=146, applied_k=146
2026-01-15 18:58:57,890 - CREMADPlusDataset - INFO - [val] Flipped-to-sarcasm counts by original class: {0: 27, 1: 31, 2: 19, 3: 21, 4: 23, 5: 25}
2026-01-15 18:58:57,890 - CREMADPlusDataset - INFO - [val] Top (orig_label -> donor_label) sarcasm pairs: [('DIS->HAP', 23), ('FEA->HAP', 21), ('SAD->HAP', 19), ('HAP->DIS', 14), ('HAP->ANG', 12), ('NEU->HAP', 10), ('ANG->NEU', 9), ('ANG->SAD', 8), ('ANG->HAP', 8), ('HAP->SAD', 5)]
2026-01-15 18:58:57,890 - CREMADPlusDataset - INFO - [val] Top donor indices reused (idx, times): [(255, 3), (225, 3), (61, 2), (121, 2), (812, 2), (694, 2), (304, 2), (510, 2), (209, 2), (189, 2)]
2026-01-15 18:58:57,890 - CREMADPlusDataset - INFO - [val] Label distribution after applying ironic pairs: {0: 123, 1: 157, 2: 93, 3: 117, 4: 129, 5: 113, 6: 146}
2026-01-15 18:58:58,318 - CREMADPlusDataset - INFO - Loaded wav norm from ./mydatasets/CREMAD/wav_norm_22050_fold0.pkl
2026-01-15 18:58:58,324 - CREMADPlusDataset - INFO - [test] Ironic pairing enabled: ironic_rate=1.000, target≈149.8, requested_k=150, applied_k=150
2026-01-15 18:58:58,324 - CREMADPlusDataset - INFO - [test] Flipped-to-sarcasm counts by original class: {0: 22, 1: 28, 2: 23, 3: 18, 4: 29, 5: 30}
2026-01-15 18:58:58,324 - CREMADPlusDataset - INFO - [test] Top (orig_label -> donor_label) sarcasm pairs: [('DIS->HAP', 29), ('SAD->HAP', 23), ('FEA->HAP', 18), ('ANG->NEU', 13), ('HAP->ANG', 11), ('ANG->HAP', 11), ('HAP->SAD', 9), ('HAP->DIS', 8), ('NEU->HAP', 8), ('ANG->SAD', 6)]
2026-01-15 18:58:58,324 - CREMADPlusDataset - INFO - [test] Top donor indices reused (idx, times): [(606, 3), (246, 2), (796, 2), (75, 2), (612, 2), (686, 2), (425, 2), (281, 2), (501, 2), (115, 2)]
2026-01-15 18:58:58,324 - CREMADPlusDataset - INFO - [test] Label distribution after applying ironic pairs: {0: 125, 1: 162, 2: 95, 3: 123, 4: 109, 5: 135, 6: 150}
2026-01-15 18:58:58,326 - Agent - INFO - Device: cuda:0
2026-01-15 18:58:58,326 - Agent - INFO - Total training batches: 64, validate every 25 batches, steps per epoch: 3
2026-01-15 18:59:00,183 - Agent - INFO - Loss Weights are {'total': 1, 'combined': 1, 'c': 1, 'g': 1}
2026-01-15 18:59:01,006 - root - INFO - Loading enc best model state dict from /esat/smcdata/users/kkontras/Image_Dataset/no_backup/data/2025_data/synergy/CremadPlus/v2/unimodal_audio_fold0_lr0.001_wd0.0001_bs64.pth.tar
2026-01-15 18:59:02,163 - root - INFO - Loading enc best model state dict from /esat/smcdata/users/kkontras/Image_Dataset/no_backup/data/2025_data/synergy/CremadPlus/v2/unimodal_video_fold0_lr0.0001_wd0.0001_bs64.pth.tar
2026-01-15 18:59:02,685 - Agent - INFO - Total number of trainable parameters are: 22487018
2026-01-15 19:00:04,920 - Agent - INFO - [37mVal Epoch 0 step 0 with [31mce_loss_combined : 2.045220 [31mce_loss_c : 1.383450 [31mce_loss_g : 1.751162 [31mce_mask0 : 2.048383 [31mce_mask1 : 2.047941 [31mkl_synergy_1 : 0.290768 [31mkl_synergy_2 : 0.287624 [31mtotal : 6.719937 [94mAcc_combined: 12.19 [94mAcc_c: 53.08 [94mAcc_g: 43.28 [97mS:[93m3.8%[97m([91m1.1c[97m-[94mF1:4.1%) [97mU1:[93m13.9%[97m([91m3.3c[97m) [97mU2:[93m10.9%[97m([91m2.2c[97m) [97mR:[93m20.9%[97m([91m5.6c[97m) [97mS-L: [92m0:[96m50% [92m2:[96m3% [92m3:[96m16% [92m5:[96m5% [92m6:[96m1%[39m [34mF1_perclass: 29.3-1.7-1.8-8.4-0.0-2.4-1.3 [39m[39m
2026-01-15 19:00:04,973 - Agent - INFO - [37mTest Epoch 0 step 0 with [31mce_loss_combined : 2.022011 [31mce_loss_c : 1.492977 [31mce_loss_g : 1.984664 [31mce_mask0 : 2.022669 [31mce_mask1 : 2.034126 [31mkl_synergy_1 : 0.289953 [31mkl_synergy_2 : 0.278176 [31mtotal : 6.646936 [94mAcc_combined: 14.57 [94mAcc_c: 46.38 [94mAcc_g: 39.38 [97mS:[93m6.2%[97m([91m1.8c[97m-[94mF1:5.8%) [97mU1:[93m22.9%[97m([91m5.6c[97m) [97mU2:[93m11.0%[97m([91m2.7c[97m) [97mR:[93m20.0%[97m([91m4.6c[97m) [97mS-L: [92m0:[96m42% [92m2:[96m3% [92m3:[96m19% [92m4:[96m4% [92m5:[96m5% [92m6:[96m1%[39m [34mF1_perclass: 27.5-0.0-2.1-22.0-5.6-1.3-1.3 [39m[39m
2026-01-15 19:00:05,289 - Agent - INFO - [37mModel saved successfully at: /esat/smcdata/users/kkontras/Image_Dataset/no_backup/data/2025_data/synergy/CremadPlus/v2/SynIB_RMask_fold0_l1_fillema_lsparse0.1_lr0.0001_wd0.0001_clsmlp_bs64.pth.tar[39m
2026-01-15 19:00:05,294 - Agent - INFO - Total number of trainable parameters are: 22487018
2026-01-15 19:03:01,172 - Agent - INFO - [37mVal Epoch 1 step 1 with [31mce_loss_combined : 1.427995 [31mce_loss_c : 1.498485 [31mce_loss_g : 2.024088 [31mce_mask0 : 1.432739 [31mce_mask1 : 1.440223 [31mkl_synergy_1 : 0.850983 [31mkl_synergy_2 : 0.854533 [31mtotal : 6.006472 [94mAcc_combined: 56.15 [94mAcc_c: 45.90 [94mAcc_g: 22.89 [97mS:[93m23.4%[97m([91m6.9c[97m-[94mF1:20.6%) [97mU1:[93m57.4%[97m([91m13.7c[97m) [97mU2:[93m60.3%[97m([91m12.0c[97m) [97mR:[93m88.5%[97m([91m23.6c[97m) [97mS-L: [92m0:[96m25% [92m1:[96m100% [92m2:[96m22% [92m3:[96m48% [92m4:[96m7% [92m5:[96m15% [92m6:[96m8%[39m [34mF1_perclass: 59.0-67.0-45.9-48.3-67.3-73.6-10.5 [39m[39m
2026-01-15 19:03:01,311 - Agent - INFO - [37mTest Epoch 1 step 1 with [31mce_loss_combined : 1.504249 [31mce_loss_c : 1.718100 [31mce_loss_g : 1.856277 [31mce_mask0 : 1.513683 [31mce_mask1 : 1.532312 [31mkl_synergy_1 : 0.853799 [31mkl_synergy_2 : 0.838657 [31mtotal : 6.242700 [94mAcc_combined: 52.84 [94mAcc_c: 39.38 [94mAcc_g: 25.14 [97mS:[93m13.2%[97m([91m3.8c[97m-[94mF1:11.1%) [97mU1:[93m55.5%[97m([91m13.5c[97m) [97mU2:[93m66.2%[97m([91m16.1c[97m) [97mR:[93m85.4%[97m([91m19.5c[97m) [97mS-L: [92m1:[96m88% [92m2:[96m8% [92m3:[96m33% [92m5:[96m19% [92m6:[96m7%[39m [34mF1_perclass: 63.4-58.6-46.6-50.2-48.8-67.2-12.6 [39m[39m
2026-01-15 19:03:02,750 - Agent - INFO - [37mModel saved successfully at: /esat/smcdata/users/kkontras/Image_Dataset/no_backup/data/2025_data/synergy/CremadPlus/v2/SynIB_RMask_fold0_l1_fillema_lsparse0.1_lr0.0001_wd0.0001_clsmlp_bs64.pth.tar[39m
2026-01-15 19:03:02,781 - Agent - INFO - Total number of trainable parameters are: 22487018
2026-01-15 19:05:34,127 - Agent - INFO - [37mVal Epoch 2 step 2 with [31mce_loss_combined : 1.406072 [31mce_loss_c : 1.684630 [31mce_loss_g : 1.727243 [31mce_mask0 : 1.413608 [31mce_mask1 : 1.417042 [31mkl_synergy_1 : 0.714638 [31mkl_synergy_2 : 0.630357 [31mtotal : 5.581716 [94mAcc_combined: 62.64 [94mAcc_c: 37.59 [94mAcc_g: 31.66 [97mS:[93m29.5%[97m([91m8.8c[97m-[94mF1:28.6%) [97mU1:[93m66.5%[97m([91m15.8c[97m) [97mU2:[93m62.6%[97m([91m12.4c[97m) [97mR:[93m96.2%[97m([91m25.6c[97m) [97mS-L: [92m0:[96m25% [92m1:[96m91% [92m2:[96m22% [92m3:[96m42% [92m4:[96m20% [92m5:[96m60% [92m6:[96m14%[39m [34mF1_perclass: 66.9-76.8-48.4-59.8-68.8-73.3-17.9 [39m[39m
2026-01-15 19:05:34,272 - Agent - INFO - [37mTest Epoch 2 step 2 with [31mce_loss_combined : 1.549777 [31mce_loss_c : 1.725059 [31mce_loss_g : 1.725323 [31mce_mask0 : 1.528947 [31mce_mask1 : 1.556194 [31mkl_synergy_1 : 0.683969 [31mkl_synergy_2 : 0.633902 [31mtotal : 5.952788 [94mAcc_combined: 53.28 [94mAcc_c: 34.48 [94mAcc_g: 33.37 [97mS:[93m15.6%[97m([91m4.4c[97m-[94mF1:13.2%) [97mU1:[93m57.8%[97m([91m14.0c[97m) [97mU2:[93m58.4%[97m([91m14.2c[97m) [97mR:[93m90.2%[97m([91m20.6c[97m) [97mS-L: [92m1:[96m75% [92m2:[96m3% [92m3:[96m36% [92m4:[96m12% [92m5:[96m33% [92m6:[96m8%[39m [34mF1_perclass: 62.0-63.8-38.4-48.7-60.5-58.9-12.9 [39m[39m
2026-01-15 19:05:36,147 - Agent - INFO - [37mModel saved successfully at: /esat/smcdata/users/kkontras/Image_Dataset/no_backup/data/2025_data/synergy/CremadPlus/v2/SynIB_RMask_fold0_l1_fillema_lsparse0.1_lr0.0001_wd0.0001_clsmlp_bs64.pth.tar[39m
2026-01-15 19:05:36,180 - Agent - INFO - Total number of trainable parameters are: 22487018
2026-01-15 19:07:55,058 - Agent - INFO - [37mVal Epoch 3 step 3 with [31mce_loss_combined : 1.448021 [31mce_loss_c : 1.825789 [31mce_loss_g : 1.754546 [31mce_mask0 : 1.459951 [31mce_mask1 : 1.453487 [31mkl_synergy_1 : 0.602855 [31mkl_synergy_2 : 0.593617 [31mtotal : 5.557930 [94mAcc_combined: 58.88 [94mAcc_c: 27.56 [94mAcc_g: 31.21 [97mS:[93m34.1%[97m([91m10.1c[97m-[94mF1:28.1%) [97mU1:[93m66.0%[97m([91m15.7c[97m) [97mU2:[93m48.9%[97m([91m9.7c[97m) [97mR:[93m87.6%[97m([91m23.3c[97m) [97mS-L: [92m0:[96m25% [92m1:[96m83% [92m2:[96m22% [92m3:[96m26% [92m4:[96m20% [92m5:[96m20% [92m6:[96m37%[39m [34mF1_perclass: 69.7-75.9-48.8-46.5-66.4-76.3-30.9 [39m[39m
2026-01-15 19:07:55,192 - Agent - INFO - [37mTest Epoch 3 step 3 with [31mce_loss_combined : 1.511017 [31mce_loss_c : 1.800566 [31mce_loss_g : 1.729602 [31mce_mask0 : 1.526871 [31mce_mask1 : 1.526719 [31mkl_synergy_1 : 0.634041 [31mkl_synergy_2 : 0.613426 [31mtotal : 5.812074 [94mAcc_combined: 55.39 [94mAcc_c: 25.36 [94mAcc_g: 31.59 [97mS:[93m26.1%[97m([91m7.5c[97m-[94mF1:14.9%) [97mU1:[93m60.1%[97m([91m14.6c[97m) [97mU2:[93m55.3%[97m([91m13.5c[97m) [97mR:[93m87.3%[97m([91m19.9c[97m) [97mS-L: [92m1:[96m50% [92m2:[96m8% [92m3:[96m42% [92m5:[96m5% [92m6:[96m37%[39m [34mF1_perclass: 60.8-70.2-44.3-49.3-55.4-67.4-32.9 [39m[39m
2026-01-15 19:07:55,198 - Agent - INFO - Total number of trainable parameters are: 22487018
2026-01-15 19:10:09,943 - Agent - INFO - [37mVal Epoch 4 step 4 with [31mce_loss_combined : 1.537757 [31mce_loss_c : 1.680915 [31mce_loss_g : 1.746039 [31mce_mask0 : 1.548114 [31mce_mask1 : 1.542900 [31mkl_synergy_1 : 0.655923 [31mkl_synergy_2 : 0.707703 [31mtotal : 5.992397 [94mAcc_combined: 48.29 [94mAcc_c: 33.83 [94mAcc_g: 29.16 [97mS:[93m28.4%[97m([91m8.4c[97m-[94mF1:21.1%) [97mU1:[93m43.1%[97m([91m10.3c[97m) [97mU2:[93m41.4%[97m([91m8.2c[97m) [97mR:[93m80.3%[97m([91m21.4c[97m) [97mS-L: [92m0:[96m25% [92m1:[96m74% [92m2:[96m8% [92m3:[96m55% [92m5:[96m15% [92m6:[96m28%[39m [34mF1_perclass: 63.8-67.5-31.2-39.4-51.7-57.0-25.1 [39m[39m
2026-01-15 19:10:10,055 - Agent - INFO - [37mTest Epoch 4 step 4 with [31mce_loss_combined : 1.603681 [31mce_loss_c : 1.662529 [31mce_loss_g : 1.791164 [31mce_mask0 : 1.623954 [31mce_mask1 : 1.612973 [31mkl_synergy_1 : 0.732132 [31mkl_synergy_2 : 0.720573 [31mtotal : 6.293311 [94mAcc_combined: 47.27 [94mAcc_c: 33.82 [94mAcc_g: 29.25 [97mS:[93m24.9%[97m([91m7.1c[97m-[94mF1:12.8%) [97mU1:[93m42.7%[97m([91m10.3c[97m) [97mU2:[93m50.2%[97m([91m12.2c[97m) [97mR:[93m77.1%[97m([91m17.6c[97m) [97mS-L: [92m1:[96m50% [92m3:[96m64% [92m5:[96m5% [92m6:[96m31%[39m [34mF1_perclass: 54.8-65.2-13.0-43.7-38.8-58.6-30.1 [39m[39m
2026-01-15 19:10:10,057 - Agent - INFO - Total number of trainable parameters are: 22487018
2026-01-15 19:12:46,913 - Agent - INFO - [37mVal Epoch 5 step 5 with [31mce_loss_combined : 1.514113 [31mce_loss_c : 1.557417 [31mce_loss_g : 1.664464 [31mce_mask0 : 1.521526 [31mce_mask1 : 1.527178 [31mkl_synergy_1 : 0.620280 [31mkl_synergy_2 : 0.605718 [31mtotal : 5.788815 [94mAcc_combined: 53.64 [94mAcc_c: 45.79 [94mAcc_g: 31.66 [97mS:[93m23.8%[97m([91m7.1c[97m-[94mF1:21.3%) [97mU1:[93m63.2%[97m([91m15.0c[97m) [97mU2:[93m47.7%[97m([91m9.5c[97m) [97mR:[93m82.9%[97m([91m22.1c[97m) [97mS-L: [92m0:[96m25% [92m1:[96m52% [92m2:[96m11% [92m3:[96m29% [92m4:[96m63% [92m5:[96m10% [92m6:[96m13%[39m [34mF1_perclass: 69.0-64.4-38.4-56.9-50.3-68.8-16.9 [39m[39m
2026-01-15 19:12:46,963 - Agent - INFO - [37mTest Epoch 5 step 5 with [31mce_loss_combined : 1.552099 [31mce_loss_c : 1.588629 [31mce_loss_g : 1.686922 [31mce_mask0 : 1.563262 [31mce_mask1 : 1.563492 [31mkl_synergy_1 : 0.616884 [31mkl_synergy_2 : 0.566231 [31mtotal : 5.861967 [94mAcc_combined: 53.62 [94mAcc_c: 41.71 [94mAcc_g: 32.04 [97mS:[93m19.1%[97m([91m5.5c[97m-[94mF1:17.0%) [97mU1:[93m62.8%[97m([91m15.2c[97m) [97mU2:[93m55.7%[97m([91m13.6c[97m) [97mR:[93m84.9%[97m([91m19.4c[97m) [97mS-L: [92m0:[96m8% [92m1:[96m50% [92m2:[96m16% [92m3:[96m25% [92m4:[96m50% [92m5:[96m10% [92m6:[96m13%[39m [34mF1_perclass: 62.9-75.5-45.0-40.2-52.5-66.1-17.1 [39m[39m
2026-01-15 19:12:46,966 - Agent - INFO - Total number of trainable parameters are: 22487018
2026-01-15 19:15:30,322 - Agent - INFO - [37mVal Epoch 6 step 6 with [31mce_loss_combined : 1.434298 [31mce_loss_c : 1.510510 [31mce_loss_g : 1.487091 [31mce_mask0 : 1.439964 [31mce_mask1 : 1.450416 [31mkl_synergy_1 : 0.597651 [31mkl_synergy_2 : 0.590923 [31mtotal : 5.513252 [94mAcc_combined: 60.48 [94mAcc_c: 46.36 [94mAcc_g: 44.65 [97mS:[93m28.7%[97m([91m8.5c[97m-[94mF1:26.7%) [97mU1:[93m66.5%[97m([91m15.8c[97m) [97mU2:[93m56.3%[97m([91m11.2c[97m) [97mR:[93m93.6%[97m([91m24.9c[97m) [97mS-L: [92m0:[96m25% [92m1:[96m52% [92m2:[96m3% [92m3:[96m52% [92m4:[96m27% [92m5:[96m55% [92m6:[96m22%[39m [34mF1_perclass: 67.9-76.5-35.3-55.4-66.9-76.1-26.4 [39m[39m
2026-01-15 19:15:30,440 - Agent - INFO - [37mTest Epoch 6 step 6 with [31mce_loss_combined : 1.531271 [31mce_loss_c : 1.570003 [31mce_loss_g : 1.583656 [31mce_mask0 : 1.543656 [31mce_mask1 : 1.565462 [31mkl_synergy_1 : 0.613237 [31mkl_synergy_2 : 0.600414 [31mtotal : 5.854040 [94mAcc_combined: 56.95 [94mAcc_c: 41.94 [94mAcc_g: 44.49 [97mS:[93m21.0%[97m([91m6.0c[97m-[94mF1:15.1%) [97mU1:[93m64.7%[97m([91m15.7c[97m) [97mU2:[93m59.8%[97m([91m14.6c[97m) [97mR:[93m90.7%[97m([91m20.7c[97m) [97mS-L: [92m1:[96m38% [92m3:[96m58% [92m4:[96m8% [92m5:[96m43% [92m6:[96m16%[39m [34mF1_perclass: 63.3-76.5-33.1-54.3-58.0-63.9-24.2 [39m[39m
2026-01-15 19:15:30,444 - Agent - INFO - Total number of trainable parameters are: 22487018
2026-01-15 19:18:12,520 - Agent - INFO - [37mVal Epoch 7 step 7 with [31mce_loss_combined : 1.434004 [31mce_loss_c : 1.484889 [31mce_loss_g : 1.577625 [31mce_mask0 : 1.439437 [31mce_mask1 : 1.441207 [31mkl_synergy_1 : 0.506098 [31mkl_synergy_2 : 0.455243 [31mtotal : 5.275990 [94mAcc_combined: 61.73 [94mAcc_c: 47.84 [94mAcc_g: 39.86 [97mS:[93m33.0%[97m([91m9.8c[97m-[94mF1:28.0%) [97mU1:[93m74.2%[97m([91m17.7c[97m) [97mU2:[93m50.6%[97m([91m10.0c[97m) [97mR:[93m91.0%[97m([91m24.3c[97m) [97mS-L: [92m0:[96m25% [92m1:[96m78% [92m2:[96m27% [92m3:[96m35% [92m4:[96m10% [92m5:[96m25% [92m6:[96m33%[39m [34mF1_perclass: 67.2-75.1-51.6-60.2-63.6-77.0-31.2 [39m[39m
2026-01-15 19:18:12,653 - Agent - INFO - [37mTest Epoch 7 step 7 with [31mce_loss_combined : 1.519276 [31mce_loss_c : 1.536602 [31mce_loss_g : 1.665043 [31mce_mask0 : 1.520835 [31mce_mask1 : 1.533381 [31mkl_synergy_1 : 0.516588 [31mkl_synergy_2 : 0.448266 [31mtotal : 5.538346 [94mAcc_combined: 54.51 [94mAcc_c: 43.38 [94mAcc_g: 38.15 [97mS:[93m19.5%[97m([91m5.6c[97m-[94mF1:13.8%) [97mU1:[93m65.1%[97m([91m15.8c[97m) [97mU2:[93m53.9%[97m([91m13.1c[97m) [97mR:[93m87.8%[97m([91m20.0c[97m) [97mS-L: [92m0:[96m8% [92m1:[96m50% [92m2:[96m3% [92m3:[96m25% [92m4:[96m4% [92m5:[96m24% [92m6:[96m25%[39m [34mF1_perclass: 60.4-68.0-44.8-49.0-52.2-64.6-29.8 [39m[39m
2026-01-15 19:18:12,660 - Agent - INFO - Total number of trainable parameters are: 22487018
2026-01-15 19:21:14,796 - Agent - INFO - [37mVal Epoch 8 step 8 with [31mce_loss_combined : 1.427485 [31mce_loss_c : 1.421228 [31mce_loss_g : 1.469206 [31mce_mask0 : 1.439114 [31mce_mask1 : 1.432754 [31mkl_synergy_1 : 0.571003 [31mkl_synergy_2 : 0.517140 [31mtotal : 5.387497 [94mAcc_combined: 60.82 [94mAcc_c: 49.54 [94mAcc_g: 45.90 [97mS:[93m33.7%[97m([91m10.0c[97m-[94mF1:31.4%) [97mU1:[93m74.6%[97m([91m17.8c[97m) [97mU2:[93m50.6%[97m([91m10.0c[97m) [97mR:[93m86.3%[97m([91m23.0c[97m) [97mS-L: [92m0:[96m25% [92m1:[96m74% [92m2:[96m43% [92m3:[96m29% [92m4:[96m30% [92m5:[96m30% [92m6:[96m26%[39m [34mF1_perclass: 62.3-75.8-51.5-55.5-66.7-76.1-29.6 [39m[39m
2026-01-15 19:21:14,851 - Agent - INFO - [37mTest Epoch 8 step 8 with [31mce_loss_combined : 1.542412 [31mce_loss_c : 1.485642 [31mce_loss_g : 1.605742 [31mce_mask0 : 1.541012 [31mce_mask1 : 1.554734 [31mkl_synergy_1 : 0.582815 [31mkl_synergy_2 : 0.543444 [31mtotal : 5.764418 [94mAcc_combined: 54.28 [94mAcc_c: 43.27 [94mAcc_g: 43.49 [97mS:[93m25.3%[97m([91m7.2c[97m-[94mF1:19.8%) [97mU1:[93m64.2%[97m([91m15.6c[97m) [97mU2:[93m50.7%[97m([91m12.3c[97m) [97mR:[93m83.9%[97m([91m19.1c[97m) [97mS-L: [92m1:[96m62% [92m2:[96m53% [92m3:[96m8% [92m4:[96m21% [92m5:[96m24% [92m6:[96m23%[39m [34mF1_perclass: 57.7-71.7-50.3-27.7-60.5-66.9-25.6 [39m[39m
2026-01-15 19:21:14,853 - Agent - INFO - Total number of trainable parameters are: 22487018
2026-01-15 19:24:14,021 - Agent - INFO - [37mVal Epoch 9 step 9 with [31mce_loss_combined : 1.476264 [31mce_loss_c : 1.473669 [31mce_loss_g : 1.814466 [31mce_mask0 : 1.490145 [31mce_mask1 : 1.482661 [31mkl_synergy_1 : 0.608972 [31mkl_synergy_2 : 0.540730 [31mtotal : 5.598771 [94mAcc_combined: 57.52 [94mAcc_c: 47.04 [94mAcc_g: 31.32 [97mS:[93m31.4%[97m([91m9.3c[97m-[94mF1:27.5%) [97mU1:[93m69.9%[97m([91m16.6c[97m) [97mU2:[93m40.2%[97m([91m8.0c[97m) [97mR:[93m88.5%[97m([91m23.6c[97m) [97mS-L: [92m0:[96m25% [92m1:[96m43% [92m2:[96m14% [92m3:[96m39% [92m4:[96m7% [92m5:[96m60% [92m6:[96m34%[39m [34mF1_perclass: 65.4-71.7-44.0-55.3-58.4-65.0-33.7 [39m[39m
2026-01-15 19:24:14,323 - Agent - INFO - [37mTest Epoch 9 step 9 with [31mce_loss_combined : 1.524879 [31mce_loss_c : 1.544538 [31mce_loss_g : 1.950105 [31mce_mask0 : 1.531688 [31mce_mask1 : 1.512710 [31mkl_synergy_1 : 0.617802 [31mkl_synergy_2 : 0.548927 [31mtotal : 5.736006 [94mAcc_combined: 52.39 [94mAcc_c: 41.38 [94mAcc_g: 33.70 [97mS:[93m24.5%[97m([91m7.0c[97m-[94mF1:15.0%) [97mU1:[93m62.4%[97m([91m15.1c[97m) [97mU2:[93m45.2%[97m([91m11.0c[97m) [97mR:[93m84.4%[97m([91m19.2c[97m) [97mS-L: [92m1:[96m12% [92m2:[96m5% [92m3:[96m28% [92m5:[96m52% [92m6:[96m33%[39m [34mF1_perclass: 63.9-68.5-34.9-45.6-47.1-57.0-35.2 [39m[39m
2026-01-15 19:24:14,334 - Agent - INFO - Total number of trainable parameters are: 22487018
2026-01-15 19:26:53,956 - Agent - INFO - [37mVal Epoch 10 step 10 with [31mce_loss_combined : 1.442735 [31mce_loss_c : 1.446251 [31mce_loss_g : 1.451234 [31mce_mask0 : 1.454802 [31mce_mask1 : 1.449245 [31mkl_synergy_1 : 0.536963 [31mkl_synergy_2 : 0.480658 [31mtotal : 5.364403 [94mAcc_combined: 60.93 [94mAcc_c: 50.46 [94mAcc_g: 43.28 [97mS:[93m36.8%[97m([91m10.9c[97m-[94mF1:31.4%) [97mU1:[93m72.7%[97m([91m17.3c[97m) [97mU2:[93m44.8%[97m([91m8.9c[97m) [97mR:[93m89.3%[97m([91m23.8c[97m) [97mS-L: [92m0:[96m25% [92m1:[96m65% [92m2:[96m24% [92m3:[96m32% [92m4:[96m23% [92m5:[96m30% [92m6:[96m41%[39m [34mF1_perclass: 64.8-71.3-51.3-60.1-64.7-76.6-36.9 [39m[39m
2026-01-15 19:26:54,190 - Agent - INFO - [37mTest Epoch 10 step 10 with [31mce_loss_combined : 1.518742 [31mce_loss_c : 1.466871 [31mce_loss_g : 1.763736 [31mce_mask0 : 1.514711 [31mce_mask1 : 1.536548 [31mkl_synergy_1 : 0.499450 [31mkl_synergy_2 : 0.449329 [31mtotal : 5.518780 [94mAcc_combined: 54.28 [94mAcc_c: 44.72 [94mAcc_g: 41.16 [97mS:[93m29.2%[97m([91m8.3c[97m-[94mF1:20.8%) [97mU1:[93m62.4%[97m([91m15.1c[97m) [97mU2:[93m47.9%[97m([91m11.7c[97m) [97mR:[93m83.9%[97m([91m19.1c[97m) [97mS-L: [92m0:[96m8% [92m1:[96m38% [92m2:[96m16% [92m3:[96m28% [92m4:[96m8% [92m5:[96m33% [92m6:[96m39%[39m [34mF1_perclass: 61.2-62.8-49.7-50.0-59.9-65.9-33.0 [39m[39m
2026-01-15 19:26:58,070 - Agent - INFO - Total number of trainable parameters are: 22487018
2026-01-15 19:30:03,573 - Agent - INFO - [37mVal Epoch 11 step 11 with [31mce_loss_combined : 1.511854 [31mce_loss_c : 1.452666 [31mce_loss_g : 1.729024 [31mce_mask0 : 1.516548 [31mce_mask1 : 1.518596 [31mkl_synergy_1 : 0.469840 [31mkl_synergy_2 : 0.391719 [31mtotal : 5.408558 [94mAcc_combined: 59.68 [94mAcc_c: 47.61 [94mAcc_g: 35.65 [97mS:[93m30.7%[97m([91m9.1c[97m-[94mF1:28.0%) [97mU1:[93m73.2%[97m([91m17.4c[97m) [97mU2:[93m46.6%[97m([91m9.2c[97m) [97mR:[93m89.7%[97m([91m23.9c[97m) [97mS-L: [92m0:[96m25% [92m1:[96m48% [92m2:[96m14% [92m3:[96m32% [92m4:[96m33% [92m5:[96m30% [92m6:[96m32%[39m [34mF1_perclass: 64.4-71.3-43.7-60.7-61.7-75.7-31.5 [39m[39m
2026-01-15 19:30:03,736 - Agent - INFO - [37mTest Epoch 11 step 11 with [31mce_loss_combined : 1.510963 [31mce_loss_c : 1.454271 [31mce_loss_g : 1.712815 [31mce_mask0 : 1.509502 [31mce_mask1 : 1.498546 [31mkl_synergy_1 : 0.470600 [31mkl_synergy_2 : 0.410834 [31mtotal : 5.400445 [94mAcc_combined: 57.06 [94mAcc_c: 43.05 [94mAcc_g: 41.38 [97mS:[93m27.6%[97m([91m7.9c[97m-[94mF1:22.1%) [97mU1:[93m68.8%[97m([91m16.7c[97m) [97mU2:[93m50.2%[97m([91m12.2c[97m) [97mR:[93m88.8%[97m([91m20.2c[97m) [97mS-L: [92m0:[96m17% [92m1:[96m62% [92m2:[96m11% [92m3:[96m22% [92m4:[96m29% [92m5:[96m29% [92m6:[96m33%[39m [34mF1_perclass: 66.2-70.8-45.2-47.4-55.4-67.6-34.4 [39m[39m
2026-01-15 19:30:03,739 - Agent - INFO - Total number of trainable parameters are: 22487018
2026-01-15 19:33:14,003 - Agent - INFO - [37mVal Epoch 12 step 12 with [31mce_loss_combined : 1.523913 [31mce_loss_c : 1.447932 [31mce_loss_g : 1.628344 [31mce_mask0 : 1.530516 [31mce_mask1 : 1.532513 [31mkl_synergy_1 : 0.544202 [31mkl_synergy_2 : 0.474715 [31mtotal : 5.605860 [94mAcc_combined: 56.15 [94mAcc_c: 50.57 [94mAcc_g: 40.66 [97mS:[93m31.4%[97m([91m9.3c[97m-[94mF1:30.1%) [97mU1:[93m71.3%[97m([91m17.0c[97m) [97mU2:[93m35.1%[97m([91m6.9c[97m) [97mR:[93m85.9%[97m([91m22.9c[97m) [97mS-L: [92m0:[96m50% [92m1:[96m43% [92m2:[96m11% [92m3:[96m29% [92m4:[96m23% [92m5:[96m35% [92m6:[96m37%[39m [34mF1_perclass: 55.9-65.0-49.4-55.8-64.3-73.4-33.8 [39m[39m
2026-01-15 19:33:14,404 - Agent - INFO - [37mTest Epoch 12 step 12 with [31mce_loss_combined : 1.533319 [31mce_loss_c : 1.470852 [31mce_loss_g : 1.671215 [31mce_mask0 : 1.527474 [31mce_mask1 : 1.534849 [31mkl_synergy_1 : 0.483309 [31mkl_synergy_2 : 0.444192 [31mtotal : 5.523144 [94mAcc_combined: 52.61 [94mAcc_c: 43.60 [94mAcc_g: 38.82 [97mS:[93m27.2%[97m([91m7.8c[97m-[94mF1:18.9%) [97mU1:[93m67.4%[97m([91m16.4c[97m) [97mU2:[93m37.9%[97m([91m9.2c[97m) [97mR:[93m84.4%[97m([91m19.2c[97m) [97mS-L: [92m0:[96m33% [92m1:[96m25% [92m2:[96m5% [92m3:[96m17% [92m4:[96m8% [92m5:[96m29% [92m6:[96m41%[39m [34mF1_perclass: 62.9-60.8-36.2-47.3-52.6-66.4-33.7 [39m[39m
2026-01-15 19:33:14,442 - Agent - INFO - Total number of trainable parameters are: 22487018
2026-01-15 19:35:55,301 - Agent - INFO - [37mVal Epoch 13 step 13 with [31mce_loss_combined : 1.448965 [31mce_loss_c : 1.462499 [31mce_loss_g : 1.463959 [31mce_mask0 : 1.459770 [31mce_mask1 : 1.461941 [31mkl_synergy_1 : 0.591729 [31mkl_synergy_2 : 0.460693 [31mtotal : 5.423097 [94mAcc_combined: 59.57 [94mAcc_c: 47.38 [94mAcc_g: 43.96 [97mS:[93m36.0%[97m([91m10.7c[97m-[94mF1:33.3%) [97mU1:[93m72.7%[97m([91m17.3c[97m) [97mU2:[93m42.0%[97m([91m8.3c[97m) [97mR:[93m87.2%[97m([91m23.2c[97m) [97mS-L: [92m0:[96m25% [92m1:[96m52% [92m2:[96m24% [92m3:[96m35% [92m4:[96m23% [92m5:[96m45% [92m6:[96m39%[39m [34mF1_perclass: 65.5-68.7-47.3-59.8-65.6-74.8-34.5 [39m[39m
2026-01-15 19:35:55,489 - Agent - INFO - [37mTest Epoch 13 step 13 with [31mce_loss_combined : 1.465434 [31mce_loss_c : 1.492461 [31mce_loss_g : 1.547753 [31mce_mask0 : 1.486762 [31mce_mask1 : 1.471021 [31mkl_synergy_1 : 0.553609 [31mkl_synergy_2 : 0.441740 [31mtotal : 5.418565 [94mAcc_combined: 56.28 [94mAcc_c: 42.60 [94mAcc_g: 45.05 [97mS:[93m30.0%[97m([91m8.6c[97m-[94mF1:21.2%) [97mU1:[93m72.9%[97m([91m17.7c[97m) [97mU2:[93m45.2%[97m([91m11.0c[97m) [97mR:[93m83.4%[97m([91m19.0c[97m) [97mS-L: [92m1:[96m25% [92m2:[96m11% [92m3:[96m42% [92m4:[96m12% [92m5:[96m43% [92m6:[96m37%[39m [34mF1_perclass: 66.4-63.2-49.4-52.4-56.4-68.5-35.8 [39m[39m
2026-01-15 19:35:55,493 - Agent - INFO - Total number of trainable parameters are: 22487018
2026-01-15 19:38:36,671 - Agent - INFO - [37mVal Epoch 14 step 14 with [31mce_loss_combined : 1.438810 [31mce_loss_c : 1.474518 [31mce_loss_g : 1.433695 [31mce_mask0 : 1.449101 [31mce_mask1 : 1.450152 [31mkl_synergy_1 : 0.583215 [31mkl_synergy_2 : 0.451300 [31mtotal : 5.372579 [94mAcc_combined: 60.71 [94mAcc_c: 49.09 [94mAcc_g: 44.65 [97mS:[93m37.5%[97m([91m11.2c[97m-[94mF1:32.6%) [97mU1:[93m74.6%[97m([91m17.8c[97m) [97mU2:[93m43.1%[97m([91m8.5c[97m) [97mR:[93m87.2%[97m([91m23.2c[97m) [97mS-L: [92m0:[96m25% [92m1:[96m57% [92m2:[96m27% [92m3:[96m35% [92m4:[96m30% [92m5:[96m25% [92m6:[96m42%[39m [34mF1_perclass: 64.1-72.6-50.3-57.7-65.9-77.1-36.9 [39m[39m
2026-01-15 19:38:36,713 - Agent - INFO - [37mTest Epoch 14 step 14 with [31mce_loss_combined : 1.484663 [31mce_loss_c : 1.477884 [31mce_loss_g : 1.593283 [31mce_mask0 : 1.481672 [31mce_mask1 : 1.492368 [31mkl_synergy_1 : 0.547085 [31mkl_synergy_2 : 0.414460 [31mtotal : 5.420249 [94mAcc_combined: 55.28 [94mAcc_c: 42.60 [94mAcc_g: 45.61 [97mS:[93m29.2%[97m([91m8.3c[97m-[94mF1:21.1%) [97mU1:[93m69.3%[97m([91m16.8c[97m) [97mU2:[93m45.2%[97m([91m11.0c[97m) [97mR:[93m83.9%[97m([91m19.1c[97m) [97mS-L: [92m1:[96m38% [92m2:[96m13% [92m3:[96m33% [92m4:[96m17% [92m5:[96m33% [92m6:[96m37%[39m [34mF1_perclass: 58.0-67.1-46.2-49.4-58.5-70.3-34.8 [39m[39m
2026-01-15 19:38:36,716 - Agent - INFO - Total number of trainable parameters are: 22487018
2026-01-15 19:41:04,719 - Agent - INFO - [37mVal Epoch 15 step 15 with [31mce_loss_combined : 1.448476 [31mce_loss_c : 1.479767 [31mce_loss_g : 1.459075 [31mce_mask0 : 1.455466 [31mce_mask1 : 1.461219 [31mkl_synergy_1 : 0.579305 [31mkl_synergy_2 : 0.445990 [31mtotal : 5.390457 [94mAcc_combined: 60.48 [94mAcc_c: 47.49 [94mAcc_g: 43.39 [97mS:[93m37.5%[97m([91m11.2c[97m-[94mF1:34.1%) [97mU1:[93m73.2%[97m([91m17.4c[97m) [97mU2:[93m44.3%[97m([91m8.8c[97m) [97mR:[93m86.8%[97m([91m23.1c[97m) [97mS-L: [92m0:[96m25% [92m1:[96m57% [92m2:[96m27% [92m3:[96m35% [92m4:[96m30% [92m5:[96m40% [92m6:[96m40%[39m [34mF1_perclass: 60.9-73.0-48.8-58.9-65.2-77.8-35.5 [39m[39m
2026-01-15 19:41:04,836 - Agent - INFO - [37mTest Epoch 15 step 15 with [31mce_loss_combined : 1.473694 [31mce_loss_c : 1.484076 [31mce_loss_g : 1.582503 [31mce_mask0 : 1.499794 [31mce_mask1 : 1.478009 [31mkl_synergy_1 : 0.580402 [31mkl_synergy_2 : 0.432495 [31mtotal : 5.464393 [94mAcc_combined: 55.39 [94mAcc_c: 43.05 [94mAcc_g: 45.94 [97mS:[93m27.2%[97m([91m7.8c[97m-[94mF1:19.8%) [97mU1:[93m70.2%[97m([91m17.0c[97m) [97mU2:[93m48.4%[97m([91m11.8c[97m) [97mR:[93m82.4%[97m([91m18.8c[97m) [97mS-L: [92m1:[96m38% [92m2:[96m13% [92m3:[96m28% [92m4:[96m17% [92m5:[96m33% [92m6:[96m35%[39m [34mF1_perclass: 57.0-65.3-49.5-47.2-60.5-68.7-35.2 [39m[39m
2026-01-15 19:41:04,839 - Agent - INFO - Total number of trainable parameters are: 22487018
2026-01-15 19:43:30,487 - Agent - INFO - [37mVal Epoch 16 step 16 with [31mce_loss_combined : 1.510908 [31mce_loss_c : 1.516183 [31mce_loss_g : 1.581545 [31mce_mask0 : 1.516378 [31mce_mask1 : 1.519965 [31mkl_synergy_1 : 0.645635 [31mkl_synergy_2 : 0.482075 [31mtotal : 5.674962 [94mAcc_combined: 53.08 [94mAcc_c: 46.24 [94mAcc_g: 36.67 [97mS:[93m39.8%[97m([91m11.8c[97m-[94mF1:30.9%) [97mU1:[93m63.6%[97m([91m15.1c[97m) [97mU2:[93m31.0%[97m([91m6.2c[97m) [97mR:[93m74.8%[97m([91m19.9c[97m) [97mS-L: [92m0:[96m25% [92m1:[96m35% [92m2:[96m24% [92m3:[96m19% [92m4:[96m17% [92m5:[96m25% [92m6:[96m60%[39m [34mF1_perclass: 61.1-63.4-54.1-42.4-58.3-65.9-37.2 [39m[39m
2026-01-15 19:43:30,596 - Agent - INFO - [37mTest Epoch 16 step 16 with [31mce_loss_combined : 1.486888 [31mce_loss_c : 1.491729 [31mce_loss_g : 1.617895 [31mce_mask0 : 1.487966 [31mce_mask1 : 1.506299 [31mkl_synergy_1 : 0.580652 [31mkl_synergy_2 : 0.433827 [31mtotal : 5.495633 [94mAcc_combined: 55.62 [94mAcc_c: 41.05 [94mAcc_g: 39.60 [97mS:[93m36.6%[97m([91m10.5c[97m-[94mF1:22.3%) [97mU1:[93m68.8%[97m([91m16.7c[97m) [97mU2:[93m42.9%[97m([91m10.5c[97m) [97mR:[93m79.0%[97m([91m18.0c[97m) [97mS-L: [92m0:[96m8% [92m1:[96m38% [92m2:[96m16% [92m3:[96m11% [92m4:[96m8% [92m5:[96m24% [92m6:[96m62%[39m [34mF1_perclass: 61.1-75.6-49.0-35.2-54.7-68.9-42.9 [39m[39m
2026-01-15 19:43:30,601 - Agent - INFO - Total number of trainable parameters are: 22487018
2026-01-15 19:45:56,970 - Agent - INFO - [37mVal Epoch 17 step 17 with [31mce_loss_combined : 1.485680 [31mce_loss_c : 1.498025 [31mce_loss_g : 1.621855 [31mce_mask0 : 1.500507 [31mce_mask1 : 1.494835 [31mkl_synergy_1 : 0.563787 [31mkl_synergy_2 : 0.474674 [31mtotal : 5.519482 [94mAcc_combined: 57.06 [94mAcc_c: 46.24 [94mAcc_g: 38.95 [97mS:[93m27.6%[97m([91m8.2c[97m-[94mF1:28.4%) [97mU1:[93m70.3%[97m([91m16.7c[97m) [97mU2:[93m42.0%[97m([91m8.3c[97m) [97mR:[93m89.3%[97m([91m23.8c[97m) [97mS-L: [92m0:[96m25% [92m1:[96m57% [92m2:[96m11% [92m3:[96m39% [92m4:[96m27% [92m5:[96m45% [92m6:[96m22%[39m [34mF1_perclass: 62.5-67.7-42.8-55.1-62.9-71.6-25.1 [39m[39m
2026-01-15 19:45:57,098 - Agent - INFO - [37mTest Epoch 17 step 17 with [31mce_loss_combined : 1.531603 [31mce_loss_c : 1.524110 [31mce_loss_g : 1.827032 [31mce_mask0 : 1.558695 [31mce_mask1 : 1.549750 [31mkl_synergy_1 : 0.546025 [31mkl_synergy_2 : 0.448093 [31mtotal : 5.634165 [94mAcc_combined: 53.17 [94mAcc_c: 41.49 [94mAcc_g: 39.15 [97mS:[93m23.0%[97m([91m6.6c[97m-[94mF1:16.9%) [97mU1:[93m67.4%[97m([91m16.4c[97m) [97mU2:[93m45.2%[97m([91m11.0c[97m) [97mR:[93m84.4%[97m([91m19.2c[97m) [97mS-L: [92m1:[96m38% [92m2:[96m5% [92m3:[96m31% [92m4:[96m4% [92m5:[96m43% [92m6:[96m28%[39m [34mF1_perclass: 59.8-66.9-32.1-50.0-51.5-62.7-32.0 [39m[39m
2026-01-15 19:45:57,105 - Agent - INFO - Total number of trainable parameters are: 22487018
2026-01-15 19:48:44,940 - Agent - INFO - [37mVal Epoch 18 step 18 with [31mce_loss_combined : 1.501258 [31mce_loss_c : 1.556438 [31mce_loss_g : 1.563358 [31mce_mask0 : 1.508490 [31mce_mask1 : 1.513935 [31mkl_synergy_1 : 0.503694 [31mkl_synergy_2 : 0.467537 [31mtotal : 5.494915 [94mAcc_combined: 54.44 [94mAcc_c: 41.46 [94mAcc_g: 42.60 [97mS:[93m33.7%[97m([91m10.0c[97m-[94mF1:25.2%) [97mU1:[93m59.3%[97m([91m14.1c[97m) [97mU2:[93m44.8%[97m([91m8.9c[97m) [97mR:[93m80.3%[97m([91m21.4c[97m) [97mS-L: [92m0:[96m25% [92m1:[96m74% [92m2:[96m11% [92m3:[96m29% [92m4:[96m30% [92m5:[96m5% [92m6:[96m41%[39m [34mF1_perclass: 63.2-67.5-43.1-50.9-65.4-52.4-30.7 [39m[39m
2026-01-15 19:48:45,099 - Agent - INFO - [37mTest Epoch 18 step 18 with [31mce_loss_combined : 1.576947 [31mce_loss_c : 1.554592 [31mce_loss_g : 1.959085 [31mce_mask0 : 1.605901 [31mce_mask1 : 1.595296 [31mkl_synergy_1 : 0.528286 [31mkl_synergy_2 : 0.476751 [31mtotal : 5.783181 [94mAcc_combined: 50.39 [94mAcc_c: 37.93 [94mAcc_g: 39.04 [97mS:[93m28.0%[97m([91m8.0c[97m-[94mF1:15.3%) [97mU1:[93m54.6%[97m([91m13.2c[97m) [97mU2:[93m51.1%[97m([91m12.5c[97m) [97mR:[93m73.2%[97m([91m16.7c[97m) [97mS-L: [92m1:[96m50% [92m2:[96m3% [92m3:[96m25% [92m4:[96m8% [92m5:[96m5% [92m6:[96m47%[39m [34mF1_perclass: 55.0-60.6-43.7-43.6-53.7-51.5-38.4 [39m[39m
2026-01-15 19:48:45,112 - Agent - INFO - Total number of trainable parameters are: 22487018
2026-01-15 19:51:23,433 - Agent - INFO - [37mVal Epoch 19 step 19 with [31mce_loss_combined : 1.547688 [31mce_loss_c : 1.558014 [31mce_loss_g : 1.665353 [31mce_mask0 : 1.548129 [31mce_mask1 : 1.550455 [31mkl_synergy_1 : 0.541493 [31mkl_synergy_2 : 0.446144 [31mtotal : 5.633909 [94mAcc_combined: 52.62 [94mAcc_c: 44.76 [94mAcc_g: 35.42 [97mS:[93m27.6%[97m([91m8.2c[97m-[94mF1:24.7%) [97mU1:[93m57.4%[97m([91m13.7c[97m) [97mU2:[93m42.0%[97m([91m8.3c[97m) [97mR:[93m84.2%[97m([91m22.4c[97m) [97mS-L: [92m0:[96m25% [92m1:[96m39% [92m2:[96m5% [92m3:[96m52% [92m4:[96m23% [92m5:[96m15% [92m6:[96m29%[39m [34mF1_perclass: 62.9-60.7-24.1-49.3-60.3-73.3-28.9 [39m[39m
2026-01-15 19:51:23,559 - Agent - INFO - [37mTest Epoch 19 step 19 with [31mce_loss_combined : 1.516014 [31mce_loss_c : 1.562536 [31mce_loss_g : 1.672144 [31mce_mask0 : 1.531791 [31mce_mask1 : 1.524400 [31mkl_synergy_1 : 0.559818 [31mkl_synergy_2 : 0.451521 [31mtotal : 5.583544 [94mAcc_combined: 51.72 [94mAcc_c: 39.82 [94mAcc_g: 38.60 [97mS:[93m24.5%[97m([91m7.0c[97m-[94mF1:16.2%) [97mU1:[93m62.4%[97m([91m15.1c[97m) [97mU2:[93m46.6%[97m([91m11.3c[97m) [97mR:[93m80.0%[97m([91m18.2c[97m) [97mS-L: [92m0:[96m17% [92m1:[96m25% [92m3:[96m47% [92m4:[96m4% [92m5:[96m14% [92m6:[96m32%[39m [34mF1_perclass: 63.1-67.7-31.7-43.2-46.8-65.6-36.0 [39m[39m
2026-01-15 19:51:23,561 - Agent - INFO - Total number of trainable parameters are: 22487018
2026-01-15 19:53:32,526 - Agent - INFO - [37mVal Epoch 20 step 20 with [31mce_loss_combined : 1.425858 [31mce_loss_c : 1.540979 [31mce_loss_g : 1.479511 [31mce_mask0 : 1.436688 [31mce_mask1 : 1.436460 [31mkl_synergy_1 : 0.561915 [31mkl_synergy_2 : 0.452893 [31mtotal : 5.313813 [94mAcc_combined: 59.68 [94mAcc_c: 42.37 [94mAcc_g: 43.28 [97mS:[93m37.5%[97m([91m11.2c[97m-[94mF1:31.3%) [97mU1:[93m72.7%[97m([91m17.3c[97m) [97mU2:[93m43.7%[97m([91m8.7c[97m) [97mR:[93m84.6%[97m([91m22.6c[97m) [97mS-L: [92m0:[96m25% [92m1:[96m70% [92m2:[96m19% [92m3:[96m23% [92m4:[96m23% [92m5:[96m25% [92m6:[96m47%[39m [34mF1_perclass: 66.9-74.1-49.1-49.5-64.8-76.1-36.5 [39m[39m
2026-01-15 19:53:32,601 - Agent - INFO - [37mTest Epoch 20 step 20 with [31mce_loss_combined : 1.455645 [31mce_loss_c : 1.534235 [31mce_loss_g : 1.592014 [31mce_mask0 : 1.462502 [31mce_mask1 : 1.464469 [31mkl_synergy_1 : 0.537321 [31mkl_synergy_2 : 0.431414 [31mtotal : 5.351352 [94mAcc_combined: 56.51 [94mAcc_c: 38.60 [94mAcc_g: 45.61 [97mS:[93m24.9%[97m([91m7.1c[97m-[94mF1:16.6%) [97mU1:[93m71.6%[97m([91m17.4c[97m) [97mU2:[93m47.9%[97m([91m11.7c[97m) [97mR:[93m89.3%[97m([91m20.4c[97m) [97mS-L: [92m0:[96m8% [92m1:[96m50% [92m2:[96m11% [92m3:[96m11% [92m4:[96m4% [92m5:[96m29% [92m6:[96m37%[39m [34mF1_perclass: 65.4-74.5-50.3-38.6-53.6-67.8-34.4 [39m[39m
2026-01-15 19:53:36,043 - Agent - INFO - Total number of trainable parameters are: 22487018
2026-01-15 19:56:36,008 - Agent - INFO - [37mVal Epoch 21 step 21 with [31mce_loss_combined : 1.480627 [31mce_loss_c : 1.517788 [31mce_loss_g : 1.698770 [31mce_mask0 : 1.487487 [31mce_mask1 : 1.497890 [31mkl_synergy_1 : 0.607401 [31mkl_synergy_2 : 0.547513 [31mtotal : 5.620919 [94mAcc_combined: 56.38 [94mAcc_c: 46.13 [94mAcc_g: 38.95 [97mS:[93m34.5%[97m([91m10.3c[97m-[94mF1:30.5%) [97mU1:[93m70.3%[97m([91m16.7c[97m) [97mU2:[93m37.9%[97m([91m7.5c[97m) [97mR:[93m82.1%[97m([91m21.9c[97m) [97mS-L: [92m0:[96m50% [92m1:[96m65% [92m2:[96m16% [92m3:[96m19% [92m4:[96m13% [92m5:[96m35% [92m6:[96m43%[39m [34mF1_perclass: 56.7-72.2-47.9-50.0-58.7-70.7-37.0 [39m[39m
2026-01-15 19:56:36,112 - Agent - INFO - [37mTest Epoch 21 step 21 with [31mce_loss_combined : 1.541152 [31mce_loss_c : 1.528882 [31mce_loss_g : 1.858163 [31mce_mask0 : 1.573323 [31mce_mask1 : 1.557670 [31mkl_synergy_1 : 0.546273 [31mkl_synergy_2 : 0.494341 [31mtotal : 5.712759 [94mAcc_combined: 52.06 [94mAcc_c: 40.93 [94mAcc_g: 38.15 [97mS:[93m26.5%[97m([91m7.6c[97m-[94mF1:18.2%) [97mU1:[93m64.7%[97m([91m15.7c[97m) [97mU2:[93m41.6%[97m([91m10.1c[97m) [97mR:[93m82.0%[97m([91m18.7c[97m) [97mS-L: [92m0:[96m17% [92m1:[96m38% [92m2:[96m8% [92m3:[96m14% [92m4:[96m4% [92m5:[96m43% [92m6:[96m38%[39m [34mF1_perclass: 61.0-65.0-44.0-41.0-41.0-64.8-34.4 [39m[39m
2026-01-15 19:56:36,114 - Agent - INFO - Total number of trainable parameters are: 22487018
2026-01-15 19:59:23,596 - Agent - INFO - [37mVal Epoch 22 step 22 with [31mce_loss_combined : 1.515551 [31mce_loss_c : 1.519282 [31mce_loss_g : 1.555869 [31mce_mask0 : 1.525329 [31mce_mask1 : 1.525273 [31mkl_synergy_1 : 0.518773 [31mkl_synergy_2 : 0.421436 [31mtotal : 5.506362 [94mAcc_combined: 57.86 [94mAcc_c: 48.18 [94mAcc_g: 43.96 [97mS:[93m38.3%[97m([91m11.4c[97m-[94mF1:31.2%) [97mU1:[93m72.7%[97m([91m17.3c[97m) [97mU2:[93m37.9%[97m([91m7.5c[97m) [97mR:[93m81.2%[97m([91m21.6c[97m) [97mS-L: [92m0:[96m25% [92m1:[96m74% [92m2:[96m27% [92m3:[96m26% [92m4:[96m33% [92m5:[96m15% [92m6:[96m44%[39m [34mF1_perclass: 65.5-67.7-48.7-52.1-64.5-66.0-38.3 [39m[39m
2026-01-15 19:59:23,662 - Agent - INFO - [37mTest Epoch 22 step 22 with [31mce_loss_combined : 1.619733 [31mce_loss_c : 1.521864 [31mce_loss_g : 1.837392 [31mce_mask0 : 1.659859 [31mce_mask1 : 1.610901 [31mkl_synergy_1 : 0.563588 [31mkl_synergy_2 : 0.446388 [31mtotal : 5.900470 [94mAcc_combined: 48.16 [94mAcc_c: 42.60 [94mAcc_g: 37.82 [97mS:[93m26.1%[97m([91m7.5c[97m-[94mF1:16.4%) [97mU1:[93m57.3%[97m([91m13.9c[97m) [97mU2:[93m39.7%[97m([91m9.7c[97m) [97mR:[93m75.1%[97m([91m17.1c[97m) [97mS-L: [92m1:[96m25% [92m2:[96m13% [92m3:[96m11% [92m4:[96m12% [92m5:[96m24% [92m6:[96m41%[39m [34mF1_perclass: 60.0-53.4-44.2-44.8-60.2-53.6-29.7 [39m[39m
2026-01-15 19:59:23,665 - Agent - INFO - Total number of trainable parameters are: 22487018
2026-01-15 20:02:11,155 - Agent - INFO - [37mVal Epoch 23 step 23 with [31mce_loss_combined : 1.481961 [31mce_loss_c : 1.516486 [31mce_loss_g : 1.656677 [31mce_mask0 : 1.488602 [31mce_mask1 : 1.490018 [31mkl_synergy_1 : 0.486916 [31mkl_synergy_2 : 0.407837 [31mtotal : 5.355336 [94mAcc_combined: 59.91 [94mAcc_c: 45.67 [94mAcc_g: 38.72 [97mS:[93m36.0%[97m([91m10.7c[97m-[94mF1:30.5%) [97mU1:[93m71.8%[97m([91m17.1c[97m) [97mU2:[93m43.7%[97m([91m8.7c[97m) [97mR:[93m88.0%[97m([91m23.5c[97m) [97mS-L: [92m0:[96m50% [92m1:[96m48% [92m2:[96m16% [92m3:[96m32% [92m4:[96m27% [92m5:[96m20% [92m6:[96m46%[39m [34mF1_perclass: 67.3-71.4-45.5-52.0-64.7-79.6-38.7 [39m[39m
2026-01-15 20:02:11,209 - Agent - INFO - [37mTest Epoch 23 step 23 with [31mce_loss_combined : 1.470271 [31mce_loss_c : 1.515698 [31mce_loss_g : 1.597769 [31mce_mask0 : 1.493975 [31mce_mask1 : 1.499026 [31mkl_synergy_1 : 0.480652 [31mkl_synergy_2 : 0.426296 [31mtotal : 5.370220 [94mAcc_combined: 55.84 [94mAcc_c: 41.71 [94mAcc_g: 42.49 [97mS:[93m27.6%[97m([91m7.9c[97m-[94mF1:18.9%) [97mU1:[93m69.3%[97m([91m16.8c[97m) [97mU2:[93m47.5%[97m([91m11.6c[97m) [97mR:[93m85.9%[97m([91m19.6c[97m) [97mS-L: [92m0:[96m25% [92m1:[96m25% [92m2:[96m5% [92m3:[96m28% [92m4:[96m8% [92m5:[96m24% [92m6:[96m40%[39m [34mF1_perclass: 65.4-73.7-43.2-42.5-55.7-70.6-35.2 [39m[39m
2026-01-15 20:02:11,215 - Agent - INFO - Total number of trainable parameters are: 22487018
2026-01-15 20:04:38,468 - Agent - INFO - [37mVal Epoch 24 step 24 with [31mce_loss_combined : 1.482668 [31mce_loss_c : 1.508658 [31mce_loss_g : 1.613063 [31mce_mask0 : 1.492955 [31mce_mask1 : 1.489461 [31mkl_synergy_1 : 0.494667 [31mkl_synergy_2 : 0.377549 [31mtotal : 5.337299 [94mAcc_combined: 59.11 [94mAcc_c: 49.43 [94mAcc_g: 39.18 [97mS:[93m40.2%[97m([91m12.0c[97m-[94mF1:35.3%) [97mU1:[93m69.9%[97m([91m16.6c[97m) [97mU2:[93m39.1%[97m([91m7.7c[97m) [97mR:[93m85.5%[97m([91m22.8c[97m) [97mS-L: [92m0:[96m25% [92m1:[96m48% [92m2:[96m27% [92m3:[96m29% [92m4:[96m37% [92m5:[96m35% [92m6:[96m48%[39m [34mF1_perclass: 63.2-66.4-47.9-58.0-60.8-76.7-41.2 [39m[39m
2026-01-15 20:04:38,732 - Agent - INFO - [37mTest Epoch 24 step 24 with [31mce_loss_combined : 1.539965 [31mce_loss_c : 1.507251 [31mce_loss_g : 1.734056 [31mce_mask0 : 1.560419 [31mce_mask1 : 1.554462 [31mkl_synergy_1 : 0.466553 [31mkl_synergy_2 : 0.358301 [31mtotal : 5.479699 [94mAcc_combined: 52.28 [94mAcc_c: 44.05 [94mAcc_g: 44.16 [97mS:[93m28.8%[97m([91m8.2c[97m-[94mF1:21.5%) [97mU1:[93m67.0%[97m([91m16.2c[97m) [97mU2:[93m39.7%[97m([91m9.7c[97m) [97mR:[93m79.5%[97m([91m18.1c[97m) [97mS-L: [92m1:[96m25% [92m2:[96m18% [92m3:[96m22% [92m4:[96m25% [92m5:[96m43% [92m6:[96m36%[39m [34mF1_perclass: 52.7-64.4-49.8-41.9-53.7-67.7-33.8 [39m[39m
2026-01-15 20:04:38,741 - Agent - INFO - Total number of trainable parameters are: 22487018
2026-01-15 20:07:23,007 - Agent - INFO - [37mVal Epoch 25 step 25 with [31mce_loss_combined : 1.507346 [31mce_loss_c : 1.546266 [31mce_loss_g : 1.689019 [31mce_mask0 : 1.510073 [31mce_mask1 : 1.512302 [31mkl_synergy_1 : 0.543979 [31mkl_synergy_2 : 0.416546 [31mtotal : 5.490246 [94mAcc_combined: 53.87 [94mAcc_c: 47.38 [94mAcc_g: 36.33 [97mS:[93m33.3%[97m([91m9.9c[97m-[94mF1:29.9%) [97mU1:[93m65.1%[97m([91m15.5c[97m) [97mU2:[93m34.5%[97m([91m6.8c[97m) [97mR:[93m81.2%[97m([91m21.6c[97m) [97mS-L: [92m1:[96m48% [92m2:[96m35% [92m3:[96m35% [92m4:[96m23% [92m5:[96m30% [92m6:[96m34%[39m [34mF1_perclass: 59.0-62.8-44.0-54.1-56.3-73.2-29.6 [39m[39m
2026-01-15 20:07:23,286 - Agent - INFO - [37mTest Epoch 25 step 25 with [31mce_loss_combined : 1.521557 [31mce_loss_c : 1.540694 [31mce_loss_g : 1.739583 [31mce_mask0 : 1.515498 [31mce_mask1 : 1.526421 [31mkl_synergy_1 : 0.532398 [31mkl_synergy_2 : 0.407681 [31mtotal : 5.503554 [94mAcc_combined: 52.28 [94mAcc_c: 41.49 [94mAcc_g: 41.05 [97mS:[93m26.1%[97m([91m7.5c[97m-[94mF1:19.0%) [97mU1:[93m67.0%[97m([91m16.2c[97m) [97mU2:[93m42.0%[97m([91m10.2c[97m) [97mR:[93m80.5%[97m([91m18.4c[97m) [97mS-L: [92m1:[96m25% [92m2:[96m24% [92m3:[96m28% [92m4:[96m4% [92m5:[96m38% [92m6:[96m31%[39m [34mF1_perclass: 52.7-65.7-49.8-45.0-48.8-67.7-33.8 [39m[39m
2026-01-15 20:07:23,294 - Agent - INFO - Total number of trainable parameters are: 22487018
2026-01-15 20:10:11,914 - Agent - INFO - [37mVal Epoch 26 step 26 with [31mce_loss_combined : 1.486118 [31mce_loss_c : 1.552270 [31mce_loss_g : 1.645299 [31mce_mask0 : 1.494321 [31mce_mask1 : 1.494919 [31mkl_synergy_1 : 0.526872 [31mkl_synergy_2 : 0.402052 [31mtotal : 5.404281 [94mAcc_combined: 58.20 [94mAcc_c: 45.56 [94mAcc_g: 38.50 [97mS:[93m37.5%[97m([91m11.2c[97m-[94mF1:32.7%) [97mU1:[93m68.9%[97m([91m16.4c[97m) [97mU2:[93m41.4%[97m([91m8.2c[97m) [97mR:[93m84.2%[97m([91m22.4c[97m) [97mS-L: [92m0:[96m25% [92m1:[96m52% [92m2:[96m22% [92m3:[96m29% [92m4:[96m33% [92m5:[96m35% [92m6:[96m44%[39m [34mF1_perclass: 62.5-70.5-44.7-54.5-59.5-76.4-38.9 [39m[39m
2026-01-15 20:10:11,980 - Agent - INFO - [37mTest Epoch 26 step 26 with [31mce_loss_combined : 1.552583 [31mce_loss_c : 1.562329 [31mce_loss_g : 1.697340 [31mce_mask0 : 1.564604 [31mce_mask1 : 1.546804 [31mkl_synergy_1 : 0.509526 [31mkl_synergy_2 : 0.411883 [31mtotal : 5.585399 [94mAcc_combined: 54.51 [94mAcc_c: 41.94 [94mAcc_g: 42.71 [97mS:[93m28.4%[97m([91m8.1c[97m-[94mF1:20.9%) [97mU1:[93m67.0%[97m([91m16.2c[97m) [97mU2:[93m46.1%[97m([91m11.2c[97m) [97mR:[93m82.9%[97m([91m18.9c[97m) [97mS-L: [92m0:[96m8% [92m1:[96m38% [92m2:[96m21% [92m3:[96m28% [92m4:[96m12% [92m5:[96m24% [92m6:[96m36%[39m [34mF1_perclass: 60.8-65.3-48.6-47.1-54.0-69.9-35.0 [39m[39m
2026-01-15 20:10:11,984 - Agent - INFO - Total number of trainable parameters are: 22487018
2026-01-15 20:12:42,121 - Agent - INFO - [37mVal Epoch 27 step 27 with [31mce_loss_combined : 1.456510 [31mce_loss_c : 1.561335 [31mce_loss_g : 1.457049 [31mce_mask0 : 1.465067 [31mce_mask1 : 1.463301 [31mkl_synergy_1 : 0.551955 [31mkl_synergy_2 : 0.417268 [31mtotal : 5.354102 [94mAcc_combined: 59.11 [94mAcc_c: 47.04 [94mAcc_g: 43.96 [97mS:[93m38.3%[97m([91m11.4c[97m-[94mF1:32.4%) [97mU1:[93m69.9%[97m([91m16.6c[97m) [97mU2:[93m42.5%[97m([91m8.4c[97m) [97mR:[93m85.0%[97m([91m22.7c[97m) [97mS-L: [92m1:[96m61% [92m2:[96m24% [92m3:[96m32% [92m4:[96m30% [92m5:[96m30% [92m6:[96m45%[39m [34mF1_perclass: 61.0-74.7-45.5-53.7-60.9-76.4-40.1 [39m[39m
2026-01-15 20:12:42,339 - Agent - INFO - [37mTest Epoch 27 step 27 with [31mce_loss_combined : 1.544757 [31mce_loss_c : 1.562761 [31mce_loss_g : 1.599213 [31mce_mask0 : 1.556632 [31mce_mask1 : 1.560102 [31mkl_synergy_1 : 0.531613 [31mkl_synergy_2 : 0.444476 [31mtotal : 5.637580 [94mAcc_combined: 54.84 [94mAcc_c: 41.82 [94mAcc_g: 47.05 [97mS:[93m26.8%[97m([91m7.7c[97m-[94mF1:18.9%) [97mU1:[93m64.2%[97m([91m15.6c[97m) [97mU2:[93m49.3%[97m([91m12.0c[97m) [97mR:[93m85.9%[97m([91m19.6c[97m) [97mS-L: [92m1:[96m50% [92m2:[96m24% [92m3:[96m19% [92m4:[96m8% [92m5:[96m24% [92m6:[96m36%[39m [34mF1_perclass: 58.4-67.5-49.0-48.1-54.8-69.6-34.0 [39m[39m
2026-01-15 20:12:42,344 - Agent - INFO - Total number of trainable parameters are: 22487018
2026-01-15 20:15:25,308 - Agent - INFO - [37mVal Epoch 28 step 28 with [31mce_loss_combined : 1.467054 [31mce_loss_c : 1.560310 [31mce_loss_g : 1.493203 [31mce_mask0 : 1.471176 [31mce_mask1 : 1.478462 [31mkl_synergy_1 : 0.539400 [31mkl_synergy_2 : 0.406791 [31mtotal : 5.362884 [94mAcc_combined: 59.23 [94mAcc_c: 46.01 [94mAcc_g: 42.37 [97mS:[93m38.3%[97m([91m11.4c[97m-[94mF1:31.4%) [97mU1:[93m70.8%[97m([91m16.9c[97m) [97mU2:[93m43.7%[97m([91m8.7c[97m) [97mR:[93m83.8%[97m([91m22.3c[97m) [97mS-L: [92m1:[96m61% [92m2:[96m27% [92m3:[96m32% [92m4:[96m37% [92m5:[96m20% [92m6:[96m44%[39m [34mF1_perclass: 62.0-75.5-47.1-58.1-59.5-73.8-39.0 [39m[39m
2026-01-15 20:15:25,733 - Agent - INFO - [37mTest Epoch 28 step 28 with [31mce_loss_combined : 1.539271 [31mce_loss_c : 1.566934 [31mce_loss_g : 1.595072 [31mce_mask0 : 1.535851 [31mce_mask1 : 1.554696 [31mkl_synergy_1 : 0.541095 [31mkl_synergy_2 : 0.413843 [31mtotal : 5.584757 [94mAcc_combined: 55.62 [94mAcc_c: 41.60 [94mAcc_g: 45.94 [97mS:[93m28.4%[97m([91m8.1c[97m-[94mF1:20.5%) [97mU1:[93m68.8%[97m([91m16.7c[97m) [97mU2:[93m51.1%[97m([91m12.5c[97m) [97mR:[93m80.5%[97m([91m18.4c[97m) [97mS-L: [92m1:[96m50% [92m2:[96m21% [92m3:[96m33% [92m4:[96m8% [92m5:[96m24% [92m6:[96m36%[39m [34mF1_perclass: 53.1-69.6-49.1-50.8-54.0-70.8-37.5 [39m[39m
2026-01-15 20:15:25,752 - Agent - INFO - Total number of trainable parameters are: 22487018
2026-01-15 20:18:08,699 - Agent - INFO - [37mVal Epoch 29 step 29 with [31mce_loss_combined : 1.448923 [31mce_loss_c : 1.569361 [31mce_loss_g : 1.430050 [31mce_mask0 : 1.463915 [31mce_mask1 : 1.458941 [31mkl_synergy_1 : 0.528643 [31mkl_synergy_2 : 0.414900 [31mtotal : 5.315322 [94mAcc_combined: 59.91 [94mAcc_c: 46.01 [94mAcc_g: 44.53 [97mS:[93m38.3%[97m([91m11.4c[97m-[94mF1:31.6%) [97mU1:[93m71.3%[97m([91m17.0c[97m) [97mU2:[93m44.3%[97m([91m8.8c[97m) [97mR:[93m85.5%[97m([91m22.8c[97m) [97mS-L: [92m1:[96m65% [92m2:[96m24% [92m3:[96m29% [92m4:[96m27% [92m5:[96m25% [92m6:[96m47%[39m [34mF1_perclass: 61.5-77.5-49.7-57.0-60.9-74.7-38.4 [39m[39m
2026-01-15 20:18:08,845 - Agent - INFO - [37mTest Epoch 29 step 29 with [31mce_loss_combined : 1.528698 [31mce_loss_c : 1.575867 [31mce_loss_g : 1.587912 [31mce_mask0 : 1.539651 [31mce_mask1 : 1.539963 [31mkl_synergy_1 : 0.527334 [31mkl_synergy_2 : 0.417195 [31mtotal : 5.552841 [94mAcc_combined: 55.39 [94mAcc_c: 41.60 [94mAcc_g: 47.16 [97mS:[93m28.8%[97m([91m8.2c[97m-[94mF1:19.4%) [97mU1:[93m66.1%[97m([91m16.0c[97m) [97mU2:[93m48.9%[97m([91m11.9c[97m) [97mR:[93m84.4%[97m([91m19.2c[97m) [97mS-L: [92m1:[96m50% [92m2:[96m21% [92m3:[96m19% [92m4:[96m8% [92m5:[96m24% [92m6:[96m41%[39m [34mF1_perclass: 58.0-68.9-47.2-47.2-55.3-70.2-37.6 [39m[39m
2026-01-15 20:18:08,861 - Agent - INFO - Total number of trainable parameters are: 22487018
2026-01-15 20:20:48,851 - Agent - INFO - [37mVal Epoch 30 step 30 with [31mce_loss_combined : 1.456826 [31mce_loss_c : 1.567068 [31mce_loss_g : 1.469002 [31mce_mask0 : 1.470996 [31mce_mask1 : 1.463295 [31mkl_synergy_1 : 0.527680 [31mkl_synergy_2 : 0.415197 [31mtotal : 5.333995 [94mAcc_combined: 60.59 [94mAcc_c: 47.49 [94mAcc_g: 42.71 [97mS:[93m39.8%[97m([91m11.8c[97m-[94mF1:33.8%) [97mU1:[93m72.2%[97m([91m17.2c[97m) [97mU2:[93m46.6%[97m([91m9.2c[97m) [97mR:[93m83.8%[97m([91m22.3c[97m) [97mS-L: [92m1:[96m65% [92m2:[96m30% [92m3:[96m32% [92m4:[96m33% [92m5:[96m30% [92m6:[96m45%[39m [34mF1_perclass: 61.2-77.0-48.8-58.1-60.5-76.6-40.7 [39m[39m
2026-01-15 20:20:48,906 - Agent - INFO - [37mTest Epoch 30 step 30 with [31mce_loss_combined : 1.522184 [31mce_loss_c : 1.572324 [31mce_loss_g : 1.588938 [31mce_mask0 : 1.543860 [31mce_mask1 : 1.530993 [31mkl_synergy_1 : 0.514827 [31mkl_synergy_2 : 0.424666 [31mtotal : 5.536530 [94mAcc_combined: 55.17 [94mAcc_c: 41.27 [94mAcc_g: 46.72 [97mS:[93m27.6%[97m([91m7.9c[97m-[94mF1:19.1%) [97mU1:[93m69.3%[97m([91m16.8c[97m) [97mU2:[93m47.9%[97m([91m11.7c[97m) [97mR:[93m82.4%[97m([91m18.8c[97m) [97mS-L: [92m1:[96m50% [92m2:[96m21% [92m3:[96m22% [92m4:[96m8% [92m5:[96m24% [92m6:[96m37%[39m [34mF1_perclass: 57.1-67.7-50.2-46.6-54.9-69.0-36.9 [39m[39m
2026-01-15 20:20:51,059 - Agent - INFO - Total number of trainable parameters are: 22487018
2026-01-15 20:23:10,392 - Agent - INFO - [37mVal Epoch 31 step 31 with [31mce_loss_combined : 1.457394 [31mce_loss_c : 1.566825 [31mce_loss_g : 1.450513 [31mce_mask0 : 1.466238 [31mce_mask1 : 1.465516 [31mkl_synergy_1 : 0.534961 [31mkl_synergy_2 : 0.411900 [31mtotal : 5.336010 [94mAcc_combined: 60.59 [94mAcc_c: 46.70 [94mAcc_g: 42.94 [97mS:[93m39.1%[97m([91m11.6c[97m-[94mF1:33.4%) [97mU1:[93m71.3%[97m([91m17.0c[97m) [97mU2:[93m46.6%[97m([91m9.2c[97m) [97mR:[93m85.5%[97m([91m22.8c[97m) [97mS-L: [92m0:[96m25% [92m1:[96m65% [92m2:[96m24% [92m3:[96m32% [92m4:[96m33% [92m5:[96m30% [92m6:[96m44%[39m [34mF1_perclass: 61.4-77.5-48.1-57.6-60.8-75.5-39.7 [39m[39m
2026-01-15 20:23:10,425 - Agent - INFO - [37mTest Epoch 31 step 31 with [31mce_loss_combined : 1.542192 [31mce_loss_c : 1.574080 [31mce_loss_g : 1.608671 [31mce_mask0 : 1.557411 [31mce_mask1 : 1.561617 [31mkl_synergy_1 : 0.515725 [31mkl_synergy_2 : 0.428042 [31mtotal : 5.604986 [94mAcc_combined: 55.17 [94mAcc_c: 41.16 [94mAcc_g: 47.16 [97mS:[93m26.8%[97m([91m7.7c[97m-[94mF1:19.0%) [97mU1:[93m66.1%[97m([91m16.0c[97m) [97mU2:[93m50.7%[97m([91m12.3c[97m) [97mR:[93m83.9%[97m([91m19.1c[97m) [97mS-L: [92m1:[96m50% [92m2:[96m21% [92m3:[96m19% [92m4:[96m12% [92m5:[96m24% [92m6:[96m36%[39m [34mF1_perclass: 54.1-67.8-48.5-47.0-57.9-68.7-36.4 [39m[39m
2026-01-15 20:23:10,426 - Agent - INFO - Total number of trainable parameters are: 22487018
2026-01-15 20:23:24,684 - Agent - INFO - We are in the final state.
2026-01-15 20:23:25,196 - root - INFO - Loaded best model from /esat/smcdata/users/kkontras/Image_Dataset/no_backup/data/2025_data/synergy/CremadPlus/v2/SynIB_RMask_fold0_l1_fillema_lsparse0.1_lr0.0001_wd0.0001_clsmlp_bs64.pth.tar
2026-01-15 20:23:42,935 - Agent - INFO - [37mVal Epoch 31 step 0 with [31mce_loss_combined : 1.406072 [31mce_loss_c : 1.684630 [31mce_loss_g : 1.727243 [31mce_mask0 : 1.423163 [31mce_mask1 : 1.411561 [31mkl_synergy_1 : 0.731414 [31mkl_synergy_2 : 0.646860 [31mtotal : 5.619069 [94mAcc_combined: 62.64 [94mAcc_c: 37.59 [94mAcc_g: 31.66 [97mS:[93m29.5%[97m([91m8.8c[97m-[94mF1:28.6%) [97mU1:[93m66.5%[97m([91m15.8c[97m) [97mU2:[93m62.6%[97m([91m12.4c[97m) [97mR:[93m96.2%[97m([91m25.6c[97m) [97mS-L: [92m0:[96m25% [92m1:[96m91% [92m2:[96m22% [92m3:[96m42% [92m4:[96m20% [92m5:[96m60% [92m6:[96m14%[39m [34mF1_perclass: 66.9-76.8-48.4-59.8-68.8-73.3-17.9 [39m[39m
2026-01-15 20:24:04,093 - Agent - INFO - [37mTest Epoch 31 step 0 with [31mce_loss_combined : 1.549777 [31mce_loss_c : 1.725059 [31mce_loss_g : 1.725323 [31mce_mask0 : 1.562080 [31mce_mask1 : 1.562590 [31mkl_synergy_1 : 0.692947 [31mkl_synergy_2 : 0.651224 [31mtotal : 6.018618 [94mAcc_combined: 53.28 [94mAcc_c: 34.48 [94mAcc_g: 33.37 [97mS:[93m15.6%[97m([91m4.4c[97m-[94mF1:13.2%) [97mU1:[93m57.8%[97m([91m14.0c[97m) [97mU2:[93m58.4%[97m([91m14.2c[97m) [97mR:[93m90.2%[97m([91m20.6c[97m) [97mS-L: [92m1:[96m75% [92m2:[96m3% [92m3:[96m36% [92m4:[96m12% [92m5:[96m33% [92m6:[96m8%[39m [34mF1_perclass: 62.0-63.8-38.4-48.7-60.5-58.9-12.9 [39m[39m
2026-01-15 20:24:06,033 - Agent - INFO - [37mModel saved successfully at: /esat/smcdata/users/kkontras/Image_Dataset/no_backup/data/2025_data/synergy/CremadPlus/v2/SynIB_RMask_fold0_l1_fillema_lsparse0.1_lr0.0001_wd0.0001_clsmlp_bs64.pth.tar[39m
Job finished
