000 (006.000.000) 2026-01-15 18:58:24 Job submitted from host: <10.87.28.151:9618?addrs=10.87.28.151-9618&alias=brigand.esat.kuleuven.be&noUDP&sock=schedd_1447_19a1>
...
001 (006.000.000) 2026-01-15 18:58:26 Job executing on host: <10.87.28.117:9618?addrs=10.87.28.117-9618&alias=stadius-nc-4.esat.kuleuven.be&noUDP&sock=startd_3356_83ed>
	SlotName: slot1_1@stadius-nc-4.esat.kuleuven.be
	AvailableGPUs = { GPUs_GPU_1236270c }
	CondorScratchDir = "/volume1/condor/execute/dir_2623006/scratch"
	Cpus = 8
	Disk = 1048576
	GPUs = 1
	GPUs_GPU_1236270c = [ Id = "GPU-1236270c"; ClockMhz = 1545.0; Capability = 7.5; CoresPerCU = 64; DeviceName = "NVIDIA GeForce RTX 2080 Ti"; DeviceUuid = "1236270c-ad23-648a-e65a-80b2ab2cf0c3"; ECCEnabled = false; ComputeUnits = 68; NvidiaDriver = "570.153.02"; DriverVersion = 12.8; DevicePciBusId = "0000:25:00.0"; GlobalMemoryMb = 10823; MaxSupportedVersion = 12080 ]
	Memory = 71680
...
006 (006.000.000) 2026-01-15 18:58:34 Image size of job updated: 220084
	215  -  MemoryUsage of job (MB)
	220084  -  ResidentSetSize of job (KB)
...
006 (006.000.000) 2026-01-15 19:03:34 Image size of job updated: 8135828
	7796  -  MemoryUsage of job (MB)
	7982904  -  ResidentSetSize of job (KB)
...
006 (006.000.000) 2026-01-15 19:08:34 Image size of job updated: 8656788
	7958  -  MemoryUsage of job (MB)
	8148828  -  ResidentSetSize of job (KB)
...
006 (006.000.000) 2026-01-15 19:13:34 Image size of job updated: 8656788
	8217  -  MemoryUsage of job (MB)
	8413200  -  ResidentSetSize of job (KB)
...
006 (006.000.000) 2026-01-15 19:18:34 Image size of job updated: 8656788
	8332  -  MemoryUsage of job (MB)
	8531708  -  ResidentSetSize of job (KB)
...
006 (006.000.000) 2026-01-15 19:23:34 Image size of job updated: 8656788
	8332  -  MemoryUsage of job (MB)
	8531712  -  ResidentSetSize of job (KB)
...
006 (006.000.000) 2026-01-15 19:28:34 Image size of job updated: 8761360
	8332  -  MemoryUsage of job (MB)
	8531712  -  ResidentSetSize of job (KB)
...
006 (006.000.000) 2026-01-15 19:38:35 Image size of job updated: 8776276
	8332  -  MemoryUsage of job (MB)
	8531712  -  ResidentSetSize of job (KB)
...
005 (006.000.000) 2026-01-15 20:24:12 Job terminated.
	(1) Normal termination (return value 0)
		Usr 0 04:20:57, Sys 0 01:02:25  -  Run Remote Usage
		Usr 0 00:00:00, Sys 0 00:00:00  -  Run Local Usage
		Usr 0 04:20:57, Sys 0 01:02:25  -  Total Remote Usage
		Usr 0 00:00:00, Sys 0 00:00:00  -  Total Local Usage
	0  -  Run Bytes Sent By Job
	0  -  Run Bytes Received By Job
	0  -  Total Bytes Sent By Job
	0  -  Total Bytes Received By Job
	Partitionable Resources :    Usage  Request Allocated Assigned
	   Cpus                 :     3.36        8         8 
	   Disk (KB)            :     2     1048576   1048576 
	   GPUs                 :     0.35        1         1 "GPU-1236270c"
	   GpusMemory (MB)      :  7541                       
	   Memory (MB)          :  8332       71680     71680 
	   TimeExecute (s)      :  5146                       
	   TimeSlotBusy (s)     :  5146                       
...
