000 (006.001.000) 2026-01-15 18:58:24 Job submitted from host: <10.87.28.151:9618?addrs=10.87.28.151-9618&alias=brigand.esat.kuleuven.be&noUDP&sock=schedd_1447_19a1>
...
001 (006.001.000) 2026-01-15 18:58:27 Job executing on host: <10.87.28.117:9618?addrs=10.87.28.117-9618&alias=stadius-nc-4.esat.kuleuven.be&noUDP&sock=startd_3356_83ed>
	SlotName: slot1_4@stadius-nc-4.esat.kuleuven.be
	AvailableGPUs = { GPUs_GPU_8c3c8db2 }
	CondorScratchDir = "/volume1/condor/execute/dir_2623055/scratch"
	Cpus = 8
	Disk = 1048576
	GPUs = 1
	GPUs_GPU_8c3c8db2 = [ Id = "GPU-8c3c8db2"; ClockMhz = 1545.0; Capability = 7.5; CoresPerCU = 64; DeviceName = "NVIDIA GeForce RTX 2080 Ti"; DeviceUuid = "8c3c8db2-06a6-9e0e-a6ee-a948fb2f7f27"; ECCEnabled = false; ComputeUnits = 68; NvidiaDriver = "570.153.02"; DriverVersion = 12.8; DevicePciBusId = "0000:5B:00.0"; GlobalMemoryMb = 10823; MaxSupportedVersion = 12080 ]
	Memory = 71680
...
006 (006.001.000) 2026-01-15 18:58:36 Image size of job updated: 328612
	321  -  MemoryUsage of job (MB)
	328612  -  ResidentSetSize of job (KB)
...
006 (006.001.000) 2026-01-15 19:03:37 Image size of job updated: 8044496
	7856  -  MemoryUsage of job (MB)
	8044496  -  ResidentSetSize of job (KB)
...
006 (006.001.000) 2026-01-15 19:08:38 Image size of job updated: 8539944
	8072  -  MemoryUsage of job (MB)
	8264764  -  ResidentSetSize of job (KB)
...
006 (006.001.000) 2026-01-15 19:13:39 Image size of job updated: 8539944
	8074  -  MemoryUsage of job (MB)
	8266812  -  ResidentSetSize of job (KB)
...
006 (006.001.000) 2026-01-15 19:18:40 Image size of job updated: 8539944
	8176  -  MemoryUsage of job (MB)
	8371392  -  ResidentSetSize of job (KB)
...
006 (006.001.000) 2026-01-15 19:23:41 Image size of job updated: 8560092
	8178  -  MemoryUsage of job (MB)
	8373440  -  ResidentSetSize of job (KB)
...
006 (006.001.000) 2026-01-15 19:33:43 Image size of job updated: 8638048
	8178  -  MemoryUsage of job (MB)
	8373440  -  ResidentSetSize of job (KB)
...
006 (006.001.000) 2026-01-15 19:48:45 Image size of job updated: 8638048
	8323  -  MemoryUsage of job (MB)
	8522752  -  ResidentSetSize of job (KB)
...
006 (006.001.000) 2026-01-15 19:53:45 Image size of job updated: 8700236
	8326  -  MemoryUsage of job (MB)
	8525800  -  ResidentSetSize of job (KB)
...
005 (006.001.000) 2026-01-15 20:23:46 Job terminated.
	(1) Normal termination (return value 0)
		Usr 0 04:41:38, Sys 0 01:06:48  -  Run Remote Usage
		Usr 0 00:00:00, Sys 0 00:00:00  -  Run Local Usage
		Usr 0 04:41:38, Sys 0 01:06:48  -  Total Remote Usage
		Usr 0 00:00:00, Sys 0 00:00:00  -  Total Local Usage
	0  -  Run Bytes Sent By Job
	0  -  Run Bytes Received By Job
	0  -  Total Bytes Sent By Job
	0  -  Total Bytes Received By Job
	Partitionable Resources :    Usage  Request Allocated Assigned
	   Cpus                 :     3.20        8         8 
	   Disk (KB)            :     2     1048576   1048576 
	   GPUs                 :     0.35        1         1 "GPU-8c3c8db2"
	   GpusMemory (MB)      :  7541                       
	   Memory (MB)          :  8326       71680     71680 
	   TimeExecute (s)      :  5119                       
	   TimeSlotBusy (s)     :  5119                       
...
