Starting Job
/esat/smcdata/users/kkontras/Image_Dataset/no_backup/git/Synergy/train.py
/esat/smcdata/users/kkontras/Image_Dataset/no_backup/envs/synergy_new/bin/python
Python 3.10.19
/esat/smcdata/users/kkontras/Image_Dataset/no_backup/git/Synergy
We have 1 GPU
/esat/smcdata/users/kkontras/Image_Dataset/no_backup/git/Synergy/train.py
config-./configs/CREMA_D/synergy/jan/synprom_RMask.json
Executing command: python /esat/smcdata/users/kkontras/Image_Dataset/no_backup/git/Synergy/train.py --config ./configs/CREMA_D/synergy/jan/synprom_RMask.json --default_config ./configs/CREMA_D/default_config_cremadplus_res_syn.json --fold 0 --l 1 --lr 0.0001 --wd 0.0001 --cls mlp --batch_size 64 --perturb_fill ema --perturb_lsparse 5
Namespace(config='./configs/CREMA_D/synergy/jan/synprom_RMask.json', default_config='./configs/CREMA_D/default_config_cremadplus_res_syn.json', fold='0', alpha=None, tanh_mode=None, tanh_mode_beta=None, regby=None, clip=None, batch_size='64', l='1', multil=None, l_diffsq=None, lib=None, ratio_us=None, ratio_snr=None, kmepoch=None, num_samples=None, pow=None, nstep=None, contrcoeff=None, kde_coeff=None, etube=None, temperature=None, contr_type=None, shuffle_type=None, validate_with=None, transform_type=None, trasform_before=None, num_classes=None, base_alpha=None, alpha_var=None, base_beta=None, beta_var=None, optim_method=None, ilr_c=None, ilr_g=None, mmcosine_scaling=None, ending_epoch=None, load_ongoing=None, commonlayers=None, recon_weight1=None, recon_weight2=None, recon_epochstages=None, recon_ensemblestages=None, lr='0.0001', wd='0.0001', mm=None, cls='mlp', perturb=None, perturb_fill='ema', perturb_pmax=None, perturb_pmin=None, perturb_lsparse='5', pre=False, frozen=False, tdqm_disable=False, start_over=False)
2026-01-15 18:58:55,569 - Config - INFO - ./configs/CREMA_D/synergy/jan/synprom_RMask.json
2026-01-15 18:58:55,572 - Config - INFO -  THE Configuration of your experiment ..
{'agent': 'Agent',
 'dataset': {'data_roots': '/esat/smcdata/users/kkontras/Image_Dataset/no_backup/CremaD/CREMA-D',
             'data_split': {'fold': 0, 'method': 'non_inclusive'},
             'dataloader_class': 'CramedDPlus_Dataloader',
             'fps': 1,
             'ironic_label_name': 'SARCASM',
             'ironic_modes': ['train', 'val', 'test'],
             'ironic_rate': 1.0,
             'norm': False,
             'norm_face_path': './mydatasets/CREMAD/norm_face_path_fold{}.pkl',
             'norm_wav_path': './mydatasets/CREMAD/wav_norm_22050_fold{}.pkl',
             'num_frame': 3,
             'return_data': {'audio': False,
                             'face': False,
                             'spectrogram': True,
                             'video': True},
             'sampling_rate': 22050},
 'early_stopping': {'end_of_epoch_check': True,
                    'log_interval': 10,
                    'max_epoch': 1500,
                    'n_steps_stop': 30,
                    'n_steps_stop_after': 0,
                    'save_every_step': 3000,
                    'save_every_valstep': 10,
                    'validate_after': 0,
                    'validate_every': 25,
                    'validate_with': 'accuracy'},
 'exp_name': 'CREMAD Experiment',
 'model': {'args': {'bias_infusion': {'contrcoeff': 0.0, 'l': 1.0},
                    'cls_type': 'mlp',
                    'd_model': 512,
                    'dropout': 0.1,
                    'fc_inner': 64,
                    'in_dim': 64,
                    'multi_loss': {'multi_supervised_w': {'c': 1,
                                                          'combined': 1,
                                                          'g': 1}},
                    'norm_decision': False,
                    'num_classes': 7,
                    'synergy_type': 'gaussian'},
           'ceu': {'test': './cremadplus_ceu_test_res.pkl',
                   'val': './cremadplus_ceu_val_res.pkl'},
           'encoders': [{'args': {'d_model': 512,
                                  'dropout': 0.1,
                                  'fc_inner': 64,
                                  'freeze_encoder': False,
                                  'num_classes': 7},
                         'model': 'Audio_ResNet',
                         'name': 'enc_0_modality1_encoder',
                         'pretrainedEncoder': {'dir': 'unimodal_audio_fold{}_lr0.001_wd0.0001_bs64.pth.tar',
                                               'use': True},
                         'save_encoder': False},
                        {'args': {'d_model': 512,
                                  'dropout': 0.1,
                                  'fc_inner': 64,
                                  'freeze_encoder': False,
                                  'num_classes': 7},
                         'model': 'Video_ResNet',
                         'name': 'enc_1_modality2_encoder',
                         'pretrainedEncoder': {'dir': 'unimodal_video_fold{}_lr0.0001_wd0.0001_bs64.pth.tar',
                                               'use': True},
                         'save_encoder': False},
                        {'args': {'d_model': 512,
                                  'dropout': 0.1,
                                  'fc_inner': 64,
                                  'freeze_encoder': False},
                         'model': 'FusionTrunkLinear',
                         'name': 'enc_2_fusion_trunk',
                         'pretrainedEncoder': {'dir': 'enc_2_fusion_trunk_fold{}.pth.tar',
                                               'use': False},
                         'save_encoder': False},
                        {'args': {'freeze_encoder': False,
                                  'in_dim': 64,
                                  'num_classes': 7},
                         'model': 'LinearHead',
                         'name': 'enc_3_fusion_head',
                         'pretrainedEncoder': {'dir': 'enc_3_fusion_head_fold{}.pth.tar',
                                               'use': False},
                         'save_encoder': False},
                        {'args': {'dropout': 0.1,
                                  'freeze_encoder': False,
                                  'hidden_dim': 64,
                                  'in_dim': 512,
                                  'num_classes': 7},
                         'model': 'MLPHead',
                         'name': 'enc_4_unimodal_head_1',
                         'pretrainedEncoder': {'dir': 'enc_4_unimodal1_fold{}.pth.tar',
                                               'use': False},
                         'save_encoder': False},
                        {'args': {'dropout': 0.1,
                                  'freeze_encoder': False,
                                  'hidden_dim': 64,
                                  'in_dim': 512,
                                  'num_classes': 7},
                         'model': 'MLPHead',
                         'name': 'enc_5_unimodal_head_2',
                         'pretrainedEncoder': {'dir': 'enc_5_unimodal2_fold{}.pth.tar',
                                               'use': False},
                         'save_encoder': False}],
           'load_ongoing': False,
           'model_class': 'FusionIBModel_Mask',
           'save_base_dir': '/esat/smcdata/users/kkontras/Image_Dataset/no_backup/data/2025_data/synergy/CremadPlus/v2',
           'save_dir': 'SynIB_RMask_{}.pth.tar'},
 'optimizer': {'beta1': 0.9,
               'beta2': 0.999,
               'learning_rate': 1e-05,
               'momentum': 0.9,
               'type': 'Adam',
               'weight_decay': 1e-05},
 'scheduler': {'max_lr': 0.03, 'type': 'cosanneal', 'warm_up_steps': 780},
 'training_params': {'async_loading': True,
                     'batch_size': 128,
                     'cuda': True,
                     'data_loader_workers': 8,
                     'gpu_device': [0],
                     'pin_memory': False,
                     'rec_test': True,
                     'res': True,
                     'seed': 109,
                     'tdqm_disable': False,
                     'test_batch_size': 128,
                     'test_on_bottoms': True,
                     'use_test_set': True,
                     'validation': True,
                     'verbose': True,
                     'wandb_disable': False}}
2026-01-15 18:58:55,576 - Config - INFO -  *************************************** 
2026-01-15 18:58:55,576 - Config - INFO - The experiment name is CREMAD Experiment
2026-01-15 18:58:55,576 - Config - INFO -  *************************************** 
2026-01-15 18:58:55,576 - root - INFO - save_dir: SynIB_RMask_fold0_l1_fillema_lsparse5_lr0.0001_wd0.0001_clsmlp_bs64.pth.tar
2026-01-15 18:58:55,639 - Cuda Statistics - INFO - __Python VERSION:  3.10.19 (main, Oct 21 2025, 16:43:05) [GCC 11.2.0]
2026-01-15 18:58:55,639 - Cuda Statistics - INFO - __pyTorch VERSION:  2.9.1+cu128
2026-01-15 18:58:55,639 - Cuda Statistics - INFO - __CUDA VERSION
2026-01-15 18:58:55,645 - Cuda Statistics - INFO - __CUDNN VERSION:  91002
2026-01-15 18:58:55,662 - Cuda Statistics - INFO - __Number CUDA Devices:  1
2026-01-15 18:58:55,663 - Cuda Statistics - INFO - __Devices
2026-01-15 18:58:55,663 - Cuda Statistics - INFO - index, name, driver_version, memory.total [MiB], memory.used [MiB], memory.free [MiB]
2026-01-15 18:58:55,663 - Cuda Statistics - INFO - 0, NVIDIA GeForce RTX 2080 Ti, 570.153.02, 11264 MiB, 4 MiB, 10820 MiB
2026-01-15 18:58:55,668 - Cuda Statistics - INFO - Active CUDA Device: GPU 0
2026-01-15 18:58:55,668 - Cuda Statistics - INFO - Available devices  1
2026-01-15 18:58:55,668 - Cuda Statistics - INFO - Current cuda device  0
2026-01-15 18:58:57,439 - CREMADPlusDataset - INFO - Loaded wav norm from ./mydatasets/CREMAD/wav_norm_22050_fold0.pkl
2026-01-15 18:58:57,477 - CREMADPlusDataset - INFO - [train] Ironic pairing enabled: ironic_rate=1.000, target≈673.7, requested_k=674, applied_k=674
2026-01-15 18:58:57,477 - CREMADPlusDataset - INFO - [train] Flipped-to-sarcasm counts by original class: {0: 135, 1: 143, 2: 94, 3: 111, 4: 98, 5: 93}
2026-01-15 18:58:57,477 - CREMADPlusDataset - INFO - [train] Top (orig_label -> donor_label) sarcasm pairs: [('FEA->HAP', 111), ('DIS->HAP', 98), ('SAD->HAP', 94), ('HAP->ANG', 55), ('HAP->DIS', 47), ('HAP->SAD', 41), ('ANG->HAP', 35), ('ANG->NEU', 35), ('NEU->HAP', 32), ('NEU->FEA', 28)]
2026-01-15 18:58:57,478 - CREMADPlusDataset - INFO - [train] Top donor indices reused (idx, times): [(1334, 4), (3408, 3), (2650, 3), (3255, 3), (3446, 3), (3674, 3), (1379, 3), (2982, 3), (4022, 3), (3631, 3)]
2026-01-15 18:58:57,478 - CREMADPlusDataset - INFO - [train] Label distribution after applying ironic pairs: {0: 570, 1: 695, 2: 476, 3: 512, 4: 525, 5: 590, 6: 674}
2026-01-15 18:58:57,883 - CREMADPlusDataset - INFO - Loaded wav norm from ./mydatasets/CREMAD/wav_norm_22050_fold0.pkl
2026-01-15 18:58:57,893 - CREMADPlusDataset - INFO - [val] Ironic pairing enabled: ironic_rate=1.000, target≈146.3, requested_k=146, applied_k=146
2026-01-15 18:58:57,893 - CREMADPlusDataset - INFO - [val] Flipped-to-sarcasm counts by original class: {0: 27, 1: 31, 2: 19, 3: 21, 4: 23, 5: 25}
2026-01-15 18:58:57,893 - CREMADPlusDataset - INFO - [val] Top (orig_label -> donor_label) sarcasm pairs: [('DIS->HAP', 23), ('FEA->HAP', 21), ('SAD->HAP', 19), ('HAP->DIS', 14), ('HAP->ANG', 12), ('NEU->HAP', 10), ('ANG->NEU', 9), ('ANG->SAD', 8), ('ANG->HAP', 8), ('HAP->SAD', 5)]
2026-01-15 18:58:57,893 - CREMADPlusDataset - INFO - [val] Top donor indices reused (idx, times): [(255, 3), (225, 3), (61, 2), (121, 2), (812, 2), (694, 2), (304, 2), (510, 2), (209, 2), (189, 2)]
2026-01-15 18:58:57,893 - CREMADPlusDataset - INFO - [val] Label distribution after applying ironic pairs: {0: 123, 1: 157, 2: 93, 3: 117, 4: 129, 5: 113, 6: 146}
2026-01-15 18:58:58,318 - CREMADPlusDataset - INFO - Loaded wav norm from ./mydatasets/CREMAD/wav_norm_22050_fold0.pkl
2026-01-15 18:58:58,324 - CREMADPlusDataset - INFO - [test] Ironic pairing enabled: ironic_rate=1.000, target≈149.8, requested_k=150, applied_k=150
2026-01-15 18:58:58,324 - CREMADPlusDataset - INFO - [test] Flipped-to-sarcasm counts by original class: {0: 22, 1: 28, 2: 23, 3: 18, 4: 29, 5: 30}
2026-01-15 18:58:58,324 - CREMADPlusDataset - INFO - [test] Top (orig_label -> donor_label) sarcasm pairs: [('DIS->HAP', 29), ('SAD->HAP', 23), ('FEA->HAP', 18), ('ANG->NEU', 13), ('HAP->ANG', 11), ('ANG->HAP', 11), ('HAP->SAD', 9), ('HAP->DIS', 8), ('NEU->HAP', 8), ('ANG->SAD', 6)]
2026-01-15 18:58:58,324 - CREMADPlusDataset - INFO - [test] Top donor indices reused (idx, times): [(606, 3), (246, 2), (796, 2), (75, 2), (612, 2), (686, 2), (425, 2), (281, 2), (501, 2), (115, 2)]
2026-01-15 18:58:58,324 - CREMADPlusDataset - INFO - [test] Label distribution after applying ironic pairs: {0: 125, 1: 162, 2: 95, 3: 123, 4: 109, 5: 135, 6: 150}
2026-01-15 18:58:58,327 - Agent - INFO - Device: cuda:0
2026-01-15 18:58:58,327 - Agent - INFO - Total training batches: 64, validate every 25 batches, steps per epoch: 3
2026-01-15 18:59:02,322 - Agent - INFO - Loss Weights are {'total': 1, 'combined': 1, 'c': 1, 'g': 1}
2026-01-15 18:59:03,595 - root - INFO - Loading enc best model state dict from /esat/smcdata/users/kkontras/Image_Dataset/no_backup/data/2025_data/synergy/CremadPlus/v2/unimodal_audio_fold0_lr0.001_wd0.0001_bs64.pth.tar
2026-01-15 18:59:04,242 - root - INFO - Loading enc best model state dict from /esat/smcdata/users/kkontras/Image_Dataset/no_backup/data/2025_data/synergy/CremadPlus/v2/unimodal_video_fold0_lr0.0001_wd0.0001_bs64.pth.tar
2026-01-15 18:59:04,434 - Agent - INFO - Total number of trainable parameters are: 22487018
2026-01-15 19:00:02,748 - Agent - INFO - [37mVal Epoch 0 step 0 with [31mce_loss_combined : 2.045220 [31mce_loss_c : 1.383450 [31mce_loss_g : 1.751162 [31mce_mask0 : 2.048383 [31mce_mask1 : 2.047941 [31mkl_synergy_1 : 0.305473 [31mkl_synergy_2 : 0.305061 [31mtotal : 6.752079 [94mAcc_combined: 12.19 [94mAcc_c: 53.08 [94mAcc_g: 43.28 [97mS:[93m3.8%[97m([91m1.1c[97m-[94mF1:4.1%) [97mU1:[93m13.9%[97m([91m3.3c[97m) [97mU2:[93m10.9%[97m([91m2.2c[97m) [97mR:[93m20.9%[97m([91m5.6c[97m) [97mS-L: [92m0:[96m50% [92m2:[96m3% [92m3:[96m16% [92m5:[96m5% [92m6:[96m1%[39m [34mF1_perclass: 29.3-1.7-1.8-8.4-0.0-2.4-1.3 [39m[39m
2026-01-15 19:00:02,899 - Agent - INFO - [37mTest Epoch 0 step 0 with [31mce_loss_combined : 2.022011 [31mce_loss_c : 1.492977 [31mce_loss_g : 1.984664 [31mce_mask0 : 2.022669 [31mce_mask1 : 2.034126 [31mkl_synergy_1 : 0.297536 [31mkl_synergy_2 : 0.292826 [31mtotal : 6.669169 [94mAcc_combined: 14.57 [94mAcc_c: 46.38 [94mAcc_g: 39.38 [97mS:[93m6.2%[97m([91m1.8c[97m-[94mF1:5.8%) [97mU1:[93m22.9%[97m([91m5.6c[97m) [97mU2:[93m11.0%[97m([91m2.7c[97m) [97mR:[93m20.0%[97m([91m4.6c[97m) [97mS-L: [92m0:[96m42% [92m2:[96m3% [92m3:[96m19% [92m4:[96m4% [92m5:[96m5% [92m6:[96m1%[39m [34mF1_perclass: 27.5-0.0-2.1-22.0-5.6-1.3-1.3 [39m[39m
2026-01-15 19:00:03,292 - Agent - INFO - [37mModel saved successfully at: /esat/smcdata/users/kkontras/Image_Dataset/no_backup/data/2025_data/synergy/CremadPlus/v2/SynIB_RMask_fold0_l1_fillema_lsparse5_lr0.0001_wd0.0001_clsmlp_bs64.pth.tar[39m
2026-01-15 19:00:03,296 - Agent - INFO - Total number of trainable parameters are: 22487018
2026-01-15 19:03:09,537 - Agent - INFO - [37mVal Epoch 1 step 1 with [31mce_loss_combined : 1.455884 [31mce_loss_c : 1.565950 [31mce_loss_g : 2.039036 [31mce_mask0 : 1.460199 [31mce_mask1 : 1.467134 [31mkl_synergy_1 : 0.876191 [31mkl_synergy_2 : 0.939776 [31mtotal : 6.199184 [94mAcc_combined: 54.67 [94mAcc_c: 40.55 [94mAcc_g: 20.84 [97mS:[93m22.2%[97m([91m6.6c[97m-[94mF1:19.9%) [97mU1:[93m53.1%[97m([91m12.6c[97m) [97mU2:[93m60.9%[97m([91m12.1c[97m) [97mR:[93m87.6%[97m([91m23.3c[97m) [97mS-L: [92m0:[96m25% [92m1:[96m96% [92m2:[96m22% [92m3:[96m45% [92m4:[96m7% [92m5:[96m15% [92m6:[96m7%[39m [34mF1_perclass: 56.8-63.6-46.3-50.0-62.7-72.2-9.4 [39m[39m
2026-01-15 19:03:09,700 - Agent - INFO - [37mTest Epoch 1 step 1 with [31mce_loss_combined : 1.533744 [31mce_loss_c : 1.796327 [31mce_loss_g : 1.909756 [31mce_mask0 : 1.545784 [31mce_mask1 : 1.562490 [31mkl_synergy_1 : 0.899238 [31mkl_synergy_2 : 0.938059 [31mtotal : 6.479314 [94mAcc_combined: 49.72 [94mAcc_c: 35.26 [94mAcc_g: 19.80 [97mS:[93m10.9%[97m([91m3.1c[97m-[94mF1:11.0%) [97mU1:[93m49.1%[97m([91m11.9c[97m) [97mU2:[93m65.3%[97m([91m15.9c[97m) [97mR:[93m82.4%[97m([91m18.8c[97m) [97mS-L: [92m0:[96m17% [92m1:[96m88% [92m2:[96m11% [92m3:[96m17% [92m5:[96m19% [92m6:[96m4%[39m [34mF1_perclass: 57.1-54.1-53.2-46.0-44.3-64.9-8.2 [39m[39m
2026-01-15 19:03:12,408 - Agent - INFO - [37mModel saved successfully at: /esat/smcdata/users/kkontras/Image_Dataset/no_backup/data/2025_data/synergy/CremadPlus/v2/SynIB_RMask_fold0_l1_fillema_lsparse5_lr0.0001_wd0.0001_clsmlp_bs64.pth.tar[39m
2026-01-15 19:03:12,441 - Agent - INFO - Total number of trainable parameters are: 22487018
2026-01-15 19:05:45,431 - Agent - INFO - [37mVal Epoch 2 step 2 with [31mce_loss_combined : 1.425927 [31mce_loss_c : 1.872224 [31mce_loss_g : 1.834414 [31mce_mask0 : 1.432733 [31mce_mask1 : 1.438162 [31mkl_synergy_1 : 0.743742 [31mkl_synergy_2 : 0.714462 [31mtotal : 5.755025 [94mAcc_combined: 62.07 [94mAcc_c: 24.15 [94mAcc_g: 28.02 [97mS:[93m28.0%[97m([91m8.3c[97m-[94mF1:27.3%) [97mU1:[93m66.0%[97m([91m15.7c[97m) [97mU2:[93m63.8%[97m([91m12.6c[97m) [97mR:[93m95.3%[97m([91m25.4c[97m) [97mS-L: [92m0:[96m25% [92m1:[96m78% [92m2:[96m19% [92m3:[96m45% [92m4:[96m17% [92m5:[96m50% [92m6:[96m16%[39m [34mF1_perclass: 64.7-76.6-42.5-59.0-67.5-76.0-20.7 [39m[39m
2026-01-15 19:05:45,570 - Agent - INFO - [37mTest Epoch 2 step 2 with [31mce_loss_combined : 1.533157 [31mce_loss_c : 1.883715 [31mce_loss_g : 1.808469 [31mce_mask0 : 1.520567 [31mce_mask1 : 1.538881 [31mkl_synergy_1 : 0.713347 [31mkl_synergy_2 : 0.684783 [31mtotal : 5.990736 [94mAcc_combined: 56.06 [94mAcc_c: 24.81 [94mAcc_g: 30.37 [97mS:[93m15.2%[97m([91m4.3c[97m-[94mF1:12.8%) [97mU1:[93m59.6%[97m([91m14.5c[97m) [97mU2:[93m67.6%[97m([91m16.5c[97m) [97mR:[93m91.2%[97m([91m20.8c[97m) [97mS-L: [92m1:[96m75% [92m2:[96m3% [92m3:[96m44% [92m4:[96m8% [92m5:[96m33% [92m6:[96m6%[39m [34mF1_perclass: 64.4-67.6-40.6-53.6-62.4-62.2-8.6 [39m[39m
2026-01-15 19:05:46,984 - Agent - INFO - [37mModel saved successfully at: /esat/smcdata/users/kkontras/Image_Dataset/no_backup/data/2025_data/synergy/CremadPlus/v2/SynIB_RMask_fold0_l1_fillema_lsparse5_lr0.0001_wd0.0001_clsmlp_bs64.pth.tar[39m
2026-01-15 19:05:47,004 - Agent - INFO - Total number of trainable parameters are: 22487018
2026-01-15 19:08:04,762 - Agent - INFO - [37mVal Epoch 3 step 3 with [31mce_loss_combined : 1.491396 [31mce_loss_c : 2.033168 [31mce_loss_g : 1.854820 [31mce_mask0 : 1.502019 [31mce_mask1 : 1.495438 [31mkl_synergy_1 : 0.629109 [31mkl_synergy_2 : 0.615926 [31mtotal : 5.733889 [94mAcc_combined: 57.63 [94mAcc_c: 19.13 [94mAcc_g: 25.74 [97mS:[93m36.0%[97m([91m10.7c[97m-[94mF1:28.2%) [97mU1:[93m62.7%[97m([91m14.9c[97m) [97mU2:[93m48.9%[97m([91m9.7c[97m) [97mR:[93m83.8%[97m([91m22.3c[97m) [97mS-L: [92m0:[96m25% [92m1:[96m87% [92m2:[96m27% [92m3:[96m26% [92m4:[96m23% [92m5:[96m10% [92m6:[96m40%[39m [34mF1_perclass: 59.7-75.3-52.9-44.9-68.6-73.2-31.5 [39m[39m
2026-01-15 19:08:04,866 - Agent - INFO - [37mTest Epoch 3 step 3 with [31mce_loss_combined : 1.553875 [31mce_loss_c : 1.995004 [31mce_loss_g : 1.820250 [31mce_mask0 : 1.579704 [31mce_mask1 : 1.570094 [31mkl_synergy_1 : 0.644599 [31mkl_synergy_2 : 0.664013 [31mtotal : 6.012284 [94mAcc_combined: 56.06 [94mAcc_c: 19.69 [94mAcc_g: 23.25 [97mS:[93m24.1%[97m([91m6.9c[97m-[94mF1:14.7%) [97mU1:[93m62.4%[97m([91m15.1c[97m) [97mU2:[93m59.8%[97m([91m14.6c[97m) [97mR:[93m85.4%[97m([91m19.5c[97m) [97mS-L: [92m1:[96m62% [92m2:[96m11% [92m3:[96m36% [92m5:[96m5% [92m6:[96m33%[39m [34mF1_perclass: 58.3-68.8-52.2-50.2-59.9-68.0-30.4 [39m[39m
2026-01-15 19:08:04,868 - Agent - INFO - Total number of trainable parameters are: 22487018
2026-01-15 19:10:18,254 - Agent - INFO - [37mVal Epoch 4 step 4 with [31mce_loss_combined : 1.542717 [31mce_loss_c : 1.742084 [31mce_loss_g : 1.771886 [31mce_mask0 : 1.551471 [31mce_mask1 : 1.548306 [31mkl_synergy_1 : 0.700903 [31mkl_synergy_2 : 0.732767 [31mtotal : 6.076164 [94mAcc_combined: 48.06 [94mAcc_c: 34.62 [94mAcc_g: 29.04 [97mS:[93m31.4%[97m([91m9.3c[97m-[94mF1:23.2%) [97mU1:[93m38.3%[97m([91m9.1c[97m) [97mU2:[93m48.3%[97m([91m9.6c[97m) [97mR:[93m75.2%[97m([91m20.0c[97m) [97mS-L: [92m0:[96m25% [92m1:[96m83% [92m2:[96m8% [92m3:[96m61% [92m4:[96m3% [92m5:[96m10% [92m6:[96m32%[39m [34mF1_perclass: 56.3-68.6-27.9-39.3-59.3-52.4-29.8 [39m[39m
2026-01-15 19:10:18,370 - Agent - INFO - [37mTest Epoch 4 step 4 with [31mce_loss_combined : 1.606687 [31mce_loss_c : 1.692869 [31mce_loss_g : 1.793718 [31mce_mask0 : 1.623358 [31mce_mask1 : 1.626176 [31mkl_synergy_1 : 0.754327 [31mkl_synergy_2 : 0.750711 [31mtotal : 6.361259 [94mAcc_combined: 46.50 [94mAcc_c: 33.70 [94mAcc_g: 28.59 [97mS:[93m21.4%[97m([91m6.1c[97m-[94mF1:11.5%) [97mU1:[93m41.7%[97m([91m10.1c[97m) [97mU2:[93m52.1%[97m([91m12.7c[97m) [97mR:[93m77.1%[97m([91m17.6c[97m) [97mS-L: [92m1:[96m62% [92m3:[96m64% [92m5:[96m5% [92m6:[96m22%[39m [34mF1_perclass: 56.2-62.9-13.1-42.1-41.1-60.4-23.3 [39m[39m
2026-01-15 19:10:18,373 - Agent - INFO - Total number of trainable parameters are: 22487018
2026-01-15 19:12:49,030 - Agent - INFO - [37mVal Epoch 5 step 5 with [31mce_loss_combined : 1.513358 [31mce_loss_c : 1.665134 [31mce_loss_g : 1.754309 [31mce_mask0 : 1.519244 [31mce_mask1 : 1.530116 [31mkl_synergy_1 : 0.676462 [31mkl_synergy_2 : 0.693444 [31mtotal : 5.932625 [94mAcc_combined: 55.58 [94mAcc_c: 38.84 [94mAcc_g: 34.28 [97mS:[93m26.1%[97m([91m7.7c[97m-[94mF1:24.0%) [97mU1:[93m63.6%[97m([91m15.1c[97m) [97mU2:[93m50.6%[97m([91m10.0c[97m) [97mR:[93m85.0%[97m([91m22.7c[97m) [97mS-L: [92m0:[96m25% [92m1:[96m43% [92m2:[96m22% [92m3:[96m26% [92m4:[96m63% [92m5:[96m15% [92m6:[96m16%[39m [34mF1_perclass: 67.2-67.1-45.9-56.5-51.4-72.3-23.2 [39m[39m
2026-01-15 19:12:49,243 - Agent - INFO - [37mTest Epoch 5 step 5 with [31mce_loss_combined : 1.560864 [31mce_loss_c : 1.685667 [31mce_loss_g : 1.767302 [31mce_mask0 : 1.580543 [31mce_mask1 : 1.563366 [31mkl_synergy_1 : 0.667369 [31mkl_synergy_2 : 0.663923 [31mtotal : 6.036065 [94mAcc_combined: 54.28 [94mAcc_c: 36.37 [94mAcc_g: 32.48 [97mS:[93m19.8%[97m([91m5.7c[97m-[94mF1:16.4%) [97mU1:[93m64.2%[97m([91m15.6c[97m) [97mU2:[93m58.9%[97m([91m14.3c[97m) [97mR:[93m82.0%[97m([91m18.7c[97m) [97mS-L: [92m0:[96m8% [92m1:[96m25% [92m2:[96m13% [92m3:[96m25% [92m4:[96m58% [92m5:[96m10% [92m6:[96m15%[39m [34mF1_perclass: 62.1-77.7-44.7-43.6-47.4-68.9-21.3 [39m[39m
2026-01-15 19:12:49,256 - Agent - INFO - Total number of trainable parameters are: 22487018
2026-01-15 19:15:26,042 - Agent - INFO - [37mVal Epoch 6 step 6 with [31mce_loss_combined : 1.494600 [31mce_loss_c : 1.614756 [31mce_loss_g : 1.676052 [31mce_mask0 : 1.502806 [31mce_mask1 : 1.511095 [31mkl_synergy_1 : 0.555529 [31mkl_synergy_2 : 0.546937 [31mtotal : 5.610967 [94mAcc_combined: 60.02 [94mAcc_c: 43.28 [94mAcc_g: 40.21 [97mS:[93m28.7%[97m([91m8.5c[97m-[94mF1:26.4%) [97mU1:[93m67.0%[97m([91m15.9c[97m) [97mU2:[93m54.6%[97m([91m10.8c[97m) [97mR:[93m92.7%[97m([91m24.7c[97m) [97mS-L: [92m0:[96m25% [92m1:[96m61% [92m2:[96m3% [92m3:[96m48% [92m4:[96m17% [92m5:[96m60% [92m6:[96m23%[39m [34mF1_perclass: 71.7-74.5-25.6-56.4-66.7-75.1-25.4 [39m[39m
2026-01-15 19:15:26,159 - Agent - INFO - [37mTest Epoch 6 step 6 with [31mce_loss_combined : 1.550698 [31mce_loss_c : 1.662268 [31mce_loss_g : 1.712254 [31mce_mask0 : 1.561346 [31mce_mask1 : 1.580111 [31mkl_synergy_1 : 0.583495 [31mkl_synergy_2 : 0.551945 [31mtotal : 5.827596 [94mAcc_combined: 56.73 [94mAcc_c: 39.15 [94mAcc_g: 36.48 [97mS:[93m21.0%[97m([91m6.0c[97m-[94mF1:15.4%) [97mU1:[93m64.7%[97m([91m15.7c[97m) [97mU2:[93m60.3%[97m([91m14.7c[97m) [97mR:[93m89.3%[97m([91m20.4c[97m) [97mS-L: [92m1:[96m38% [92m3:[96m53% [92m4:[96m12% [92m5:[96m38% [92m6:[96m18%[39m [34mF1_perclass: 67.6-75.6-28.1-54.4-59.9-62.0-24.5 [39m[39m
2026-01-15 19:15:26,162 - Agent - INFO - Total number of trainable parameters are: 22487018
2026-01-15 19:17:57,627 - Agent - INFO - [37mVal Epoch 7 step 7 with [31mce_loss_combined : 1.483914 [31mce_loss_c : 1.667477 [31mce_loss_g : 1.629148 [31mce_mask0 : 1.485032 [31mce_mask1 : 1.497349 [31mkl_synergy_1 : 0.629732 [31mkl_synergy_2 : 0.585918 [31mtotal : 5.681945 [94mAcc_combined: 59.91 [94mAcc_c: 41.57 [94mAcc_g: 44.31 [97mS:[93m26.1%[97m([91m7.7c[97m-[94mF1:23.6%) [97mU1:[93m73.7%[97m([91m17.5c[97m) [97mU2:[93m54.0%[97m([91m10.7c[97m) [97mR:[93m89.7%[97m([91m23.9c[97m) [97mS-L: [92m0:[96m25% [92m1:[96m74% [92m2:[96m38% [92m3:[96m29% [92m4:[96m20% [92m5:[96m15% [92m6:[96m16%[39m [34mF1_perclass: 67.2-70.9-49.4-54.5-67.7-77.1-20.0 [39m[39m
2026-01-15 19:17:57,775 - Agent - INFO - [37mTest Epoch 7 step 7 with [31mce_loss_combined : 1.565019 [31mce_loss_c : 1.699264 [31mce_loss_g : 1.684633 [31mce_mask0 : 1.580400 [31mce_mask1 : 1.569724 [31mkl_synergy_1 : 0.619290 [31mkl_synergy_2 : 0.570512 [31mtotal : 5.904946 [94mAcc_combined: 54.73 [94mAcc_c: 38.38 [94mAcc_g: 36.26 [97mS:[93m16.7%[97m([91m4.8c[97m-[94mF1:14.1%) [97mU1:[93m63.8%[97m([91m15.5c[97m) [97mU2:[93m61.6%[97m([91m15.0c[97m) [97mR:[93m85.4%[97m([91m19.5c[97m) [97mS-L: [92m1:[96m75% [92m2:[96m32% [92m3:[96m28% [92m4:[96m4% [92m5:[96m10% [92m6:[96m10%[39m [34mF1_perclass: 56.3-63.9-54.1-47.4-58.2-70.2-16.1 [39m[39m
2026-01-15 19:17:57,779 - Agent - INFO - Total number of trainable parameters are: 22487018
2026-01-15 19:20:57,839 - Agent - INFO - [37mVal Epoch 8 step 8 with [31mce_loss_combined : 1.524843 [31mce_loss_c : 1.628646 [31mce_loss_g : 1.654064 [31mce_mask0 : 1.536276 [31mce_mask1 : 1.529663 [31mkl_synergy_1 : 0.583964 [31mkl_synergy_2 : 0.549035 [31mtotal : 5.723781 [94mAcc_combined: 56.26 [94mAcc_c: 46.36 [94mAcc_g: 39.18 [97mS:[93m26.1%[97m([91m7.7c[97m-[94mF1:25.3%) [97mU1:[93m74.2%[97m([91m17.7c[97m) [97mU2:[93m47.7%[97m([91m9.5c[97m) [97mR:[93m80.3%[97m([91m21.4c[97m) [97mS-L: [92m0:[96m25% [92m1:[96m65% [92m2:[96m59% [92m3:[96m13% [92m4:[96m33% [92m5:[96m45% [92m6:[96m6%[39m [34mF1_perclass: 59.3-71.5-47.0-50.0-62.7-73.2-9.6 [39m[39m
2026-01-15 19:20:57,946 - Agent - INFO - [37mTest Epoch 8 step 8 with [31mce_loss_combined : 1.598626 [31mce_loss_c : 1.662209 [31mce_loss_g : 1.672961 [31mce_mask0 : 1.599669 [31mce_mask1 : 1.604702 [31mkl_synergy_1 : 0.585184 [31mkl_synergy_2 : 0.551788 [31mtotal : 5.939968 [94mAcc_combined: 49.17 [94mAcc_c: 42.38 [94mAcc_g: 42.38 [97mS:[93m17.1%[97m([91m4.9c[97m-[94mF1:14.2%) [97mU1:[93m65.1%[97m([91m15.8c[97m) [97mU2:[93m42.5%[97m([91m10.3c[97m) [97mR:[93m79.5%[97m([91m18.1c[97m) [97mS-L: [92m1:[96m50% [92m2:[96m50% [92m3:[96m6% [92m4:[96m25% [92m5:[96m14% [92m6:[96m8%[39m [34mF1_perclass: 49.2-67.6-45.5-21.2-55.1-62.6-10.9 [39m[39m
2026-01-15 19:20:57,949 - Agent - INFO - Total number of trainable parameters are: 22487018
2026-01-15 19:23:45,522 - Agent - INFO - [37mVal Epoch 9 step 9 with [31mce_loss_combined : 1.544195 [31mce_loss_c : 1.583086 [31mce_loss_g : 1.567329 [31mce_mask0 : 1.556021 [31mce_mask1 : 1.557021 [31mkl_synergy_1 : 0.486525 [31mkl_synergy_2 : 0.478824 [31mtotal : 5.622587 [94mAcc_combined: 60.71 [94mAcc_c: 44.19 [94mAcc_g: 40.89 [97mS:[93m28.7%[97m([91m8.5c[97m-[94mF1:26.8%) [97mU1:[93m75.1%[97m([91m17.9c[97m) [97mU2:[93m51.1%[97m([91m10.1c[97m) [97mR:[93m90.6%[97m([91m24.1c[97m) [97mS-L: [92m1:[96m61% [92m2:[96m19% [92m3:[96m32% [92m4:[96m27% [92m5:[96m60% [92m6:[96m21%[39m [34mF1_perclass: 67.9-71.7-55.2-58.4-67.1-67.6-24.3 [39m[39m
2026-01-15 19:23:45,647 - Agent - INFO - [37mTest Epoch 9 step 9 with [31mce_loss_combined : 1.579157 [31mce_loss_c : 1.638687 [31mce_loss_g : 1.668603 [31mce_mask0 : 1.586439 [31mce_mask1 : 1.574445 [31mkl_synergy_1 : 0.467223 [31mkl_synergy_2 : 0.468893 [31mtotal : 5.676157 [94mAcc_combined: 56.17 [94mAcc_c: 40.60 [94mAcc_g: 40.16 [97mS:[93m22.2%[97m([91m6.3c[97m-[94mF1:18.2%) [97mU1:[93m67.0%[97m([91m16.2c[97m) [97mU2:[93m54.8%[97m([91m13.3c[97m) [97mR:[93m88.8%[97m([91m20.2c[97m) [97mS-L: [92m1:[96m38% [92m2:[96m16% [92m3:[96m25% [92m4:[96m21% [92m5:[96m43% [92m6:[96m21%[39m [34mF1_perclass: 60.0-69.7-51.5-49.8-61.4-60.1-28.2 [39m[39m
2026-01-15 19:23:45,652 - Agent - INFO - Total number of trainable parameters are: 22487018
2026-01-15 19:26:19,387 - Agent - INFO - [37mVal Epoch 10 step 10 with [31mce_loss_combined : 1.539008 [31mce_loss_c : 1.546077 [31mce_loss_g : 1.530214 [31mce_mask0 : 1.540061 [31mce_mask1 : 1.540718 [31mkl_synergy_1 : 0.463150 [31mkl_synergy_2 : 0.413425 [31mtotal : 5.496362 [94mAcc_combined: 59.45 [94mAcc_c: 47.84 [94mAcc_g: 40.32 [97mS:[93m33.7%[97m([91m10.0c[97m-[94mF1:27.2%) [97mU1:[93m69.4%[97m([91m16.5c[97m) [97mU2:[93m48.3%[97m([91m9.6c[97m) [97mR:[93m87.6%[97m([91m23.3c[97m) [97mS-L: [92m0:[96m25% [92m1:[96m65% [92m2:[96m22% [92m3:[96m29% [92m4:[96m30% [92m5:[96m10% [92m6:[96m38%[39m [34mF1_perclass: 62.7-72.3-47.8-58.4-64.2-75.1-33.1 [39m[39m
2026-01-15 19:26:19,522 - Agent - INFO - [37mTest Epoch 10 step 10 with [31mce_loss_combined : 1.551652 [31mce_loss_c : 1.549116 [31mce_loss_g : 1.665703 [31mce_mask0 : 1.544931 [31mce_mask1 : 1.560680 [31mkl_synergy_1 : 0.459817 [31mkl_synergy_2 : 0.404329 [31mtotal : 5.521408 [94mAcc_combined: 57.06 [94mAcc_c: 45.72 [94mAcc_g: 39.71 [97mS:[93m28.8%[97m([91m8.2c[97m-[94mF1:19.8%) [97mU1:[93m67.9%[97m([91m16.5c[97m) [97mU2:[93m53.9%[97m([91m13.1c[97m) [97mR:[93m84.4%[97m([91m19.2c[97m) [97mS-L: [92m1:[96m50% [92m2:[96m16% [92m3:[96m39% [92m4:[96m17% [92m5:[96m10% [92m6:[96m37%[39m [34mF1_perclass: 60.2-69.5-52.6-50.9-59.4-65.9-36.2 [39m[39m
2026-01-15 19:26:21,318 - Agent - INFO - Total number of trainable parameters are: 22487018
2026-01-15 19:29:02,420 - Agent - INFO - [37mVal Epoch 11 step 11 with [31mce_loss_combined : 1.566257 [31mce_loss_c : 1.573606 [31mce_loss_g : 1.552239 [31mce_mask0 : 1.567227 [31mce_mask1 : 1.568579 [31mkl_synergy_1 : 0.442616 [31mkl_synergy_2 : 0.381674 [31mtotal : 5.526354 [94mAcc_combined: 57.18 [94mAcc_c: 43.74 [94mAcc_g: 41.34 [97mS:[93m30.3%[97m([91m9.0c[97m-[94mF1:26.3%) [97mU1:[93m68.4%[97m([91m16.3c[97m) [97mU2:[93m44.3%[97m([91m8.8c[97m) [97mR:[93m86.8%[97m([91m23.1c[97m) [97mS-L: [92m0:[96m25% [92m1:[96m52% [92m2:[96m5% [92m3:[96m19% [92m4:[96m40% [92m5:[96m30% [92m6:[96m34%[39m [34mF1_perclass: 64.1-72.3-29.2-51.3-60.6-77.4-30.1 [39m[39m
2026-01-15 19:29:02,525 - Agent - INFO - [37mTest Epoch 11 step 11 with [31mce_loss_combined : 1.592088 [31mce_loss_c : 1.599517 [31mce_loss_g : 1.665263 [31mce_mask0 : 1.593750 [31mce_mask1 : 1.581437 [31mkl_synergy_1 : 0.414516 [31mkl_synergy_2 : 0.351197 [31mtotal : 5.532987 [94mAcc_combined: 54.84 [94mAcc_c: 41.27 [94mAcc_g: 38.60 [97mS:[93m26.5%[97m([91m7.6c[97m-[94mF1:18.2%) [97mU1:[93m66.5%[97m([91m16.1c[97m) [97mU2:[93m45.7%[97m([91m11.1c[97m) [97mR:[93m87.8%[97m([91m20.0c[97m) [97mS-L: [92m0:[96m17% [92m1:[96m62% [92m2:[96m3% [92m3:[96m14% [92m4:[96m21% [92m5:[96m19% [92m6:[96m39%[39m [34mF1_perclass: 64.6-68.9-31.8-41.4-54.6-68.3-35.8 [39m[39m
2026-01-15 19:29:02,535 - Agent - INFO - Total number of trainable parameters are: 22487018
2026-01-15 19:31:30,791 - Agent - INFO - [37mVal Epoch 12 step 12 with [31mce_loss_combined : 1.554429 [31mce_loss_c : 1.584190 [31mce_loss_g : 1.623210 [31mce_mask0 : 1.560439 [31mce_mask1 : 1.559610 [31mkl_synergy_1 : 0.529481 [31mkl_synergy_2 : 0.437511 [31mtotal : 5.641471 [94mAcc_combined: 55.47 [94mAcc_c: 46.47 [94mAcc_g: 41.12 [97mS:[93m30.7%[97m([91m9.1c[97m-[94mF1:28.4%) [97mU1:[93m69.9%[97m([91m16.6c[97m) [97mU2:[93m34.5%[97m([91m6.8c[97m) [97mR:[93m85.9%[97m([91m22.9c[97m) [97mS-L: [92m0:[96m50% [92m1:[96m39% [92m2:[96m16% [92m3:[96m26% [92m4:[96m10% [92m5:[96m40% [92m6:[96m38%[39m [34mF1_perclass: 57.2-68.0-45.2-50.5-63.7-70.8-33.4 [39m[39m
2026-01-15 19:31:30,988 - Agent - INFO - [37mTest Epoch 12 step 12 with [31mce_loss_combined : 1.532588 [31mce_loss_c : 1.601714 [31mce_loss_g : 1.644316 [31mce_mask0 : 1.525730 [31mce_mask1 : 1.529392 [31mkl_synergy_1 : 0.516299 [31mkl_synergy_2 : 0.402478 [31mtotal : 5.506487 [94mAcc_combined: 54.62 [94mAcc_c: 42.60 [94mAcc_g: 41.49 [97mS:[93m29.2%[97m([91m8.3c[97m-[94mF1:18.8%) [97mU1:[93m72.5%[97m([91m17.6c[97m) [97mU2:[93m41.6%[97m([91m10.1c[97m) [97mR:[93m81.5%[97m([91m18.6c[97m) [97mS-L: [92m0:[96m42% [92m1:[96m12% [92m2:[96m3% [92m3:[96m19% [92m4:[96m4% [92m5:[96m48% [92m6:[96m42%[39m [34mF1_perclass: 64.0-60.9-47.2-47.4-50.9-69.5-35.9 [39m[39m
2026-01-15 19:31:30,993 - Agent - INFO - Total number of trainable parameters are: 22487018
2026-01-15 19:34:25,186 - Agent - INFO - [37mVal Epoch 13 step 13 with [31mce_loss_combined : 1.524094 [31mce_loss_c : 1.631345 [31mce_loss_g : 1.494759 [31mce_mask0 : 1.540049 [31mce_mask1 : 1.533450 [31mkl_synergy_1 : 0.541690 [31mkl_synergy_2 : 0.421113 [31mtotal : 5.560394 [94mAcc_combined: 57.97 [94mAcc_c: 47.95 [94mAcc_g: 46.70 [97mS:[93m30.3%[97m([91m9.0c[97m-[94mF1:28.9%) [97mU1:[93m71.8%[97m([91m17.1c[97m) [97mU2:[93m43.1%[97m([91m8.5c[97m) [97mR:[93m87.6%[97m([91m23.3c[97m) [97mS-L: [92m0:[96m25% [92m1:[96m43% [92m2:[96m27% [92m3:[96m42% [92m4:[96m13% [92m5:[96m55% [92m6:[96m26%[39m [34mF1_perclass: 63.8-65.9-49.2-57.3-67.3-71.2-27.5 [39m[39m
2026-01-15 19:34:25,302 - Agent - INFO - [37mTest Epoch 13 step 13 with [31mce_loss_combined : 1.530305 [31mce_loss_c : 1.635538 [31mce_loss_g : 1.570414 [31mce_mask0 : 1.530223 [31mce_mask1 : 1.527474 [31mkl_synergy_1 : 0.518542 [31mkl_synergy_2 : 0.413855 [31mtotal : 5.520398 [94mAcc_combined: 55.06 [94mAcc_c: 43.72 [94mAcc_g: 46.72 [97mS:[93m28.0%[97m([91m8.0c[97m-[94mF1:20.5%) [97mU1:[93m72.9%[97m([91m17.7c[97m) [97mU2:[93m44.7%[97m([91m10.9c[97m) [97mR:[93m81.0%[97m([91m18.5c[97m) [97mS-L: [92m1:[96m25% [92m2:[96m18% [92m3:[96m39% [92m4:[96m8% [92m5:[96m38% [92m6:[96m33%[39m [34mF1_perclass: 64.2-60.2-55.7-49.7-55.2-65.7-33.5 [39m[39m
2026-01-15 19:34:25,305 - Agent - INFO - Total number of trainable parameters are: 22487018
2026-01-15 19:37:01,951 - Agent - INFO - [37mVal Epoch 14 step 14 with [31mce_loss_combined : 1.520713 [31mce_loss_c : 1.637936 [31mce_loss_g : 1.475250 [31mce_mask0 : 1.533399 [31mce_mask1 : 1.536892 [31mkl_synergy_1 : 0.538515 [31mkl_synergy_2 : 0.420622 [31mtotal : 5.550140 [94mAcc_combined: 60.25 [94mAcc_c: 47.15 [94mAcc_g: 45.10 [97mS:[93m34.9%[97m([91m10.4c[97m-[94mF1:32.1%) [97mU1:[93m76.1%[97m([91m18.1c[97m) [97mU2:[93m40.8%[97m([91m8.1c[97m) [97mR:[93m88.9%[97m([91m23.7c[97m) [97mS-L: [92m0:[96m25% [92m1:[96m65% [92m2:[96m24% [92m3:[96m29% [92m4:[96m27% [92m5:[96m40% [92m6:[96m35%[39m [34mF1_perclass: 66.0-72.1-50.6-56.4-65.1-76.5-32.6 [39m[39m
2026-01-15 19:37:02,071 - Agent - INFO - [37mTest Epoch 14 step 14 with [31mce_loss_combined : 1.543860 [31mce_loss_c : 1.636580 [31mce_loss_g : 1.623389 [31mce_mask0 : 1.537258 [31mce_mask1 : 1.545942 [31mkl_synergy_1 : 0.500522 [31mkl_synergy_2 : 0.386471 [31mtotal : 5.514052 [94mAcc_combined: 54.51 [94mAcc_c: 43.38 [94mAcc_g: 41.94 [97mS:[93m27.6%[97m([91m7.9c[97m-[94mF1:20.2%) [97mU1:[93m71.6%[97m([91m17.4c[97m) [97mU2:[93m41.6%[97m([91m10.1c[97m) [97mR:[93m83.9%[97m([91m19.1c[97m) [97mS-L: [92m1:[96m50% [92m2:[96m16% [92m3:[96m33% [92m4:[96m12% [92m5:[96m24% [92m6:[96m35%[39m [34mF1_perclass: 60.3-63.2-50.8-47.7-54.3-66.9-35.2 [39m[39m
2026-01-15 19:37:02,075 - Agent - INFO - Total number of trainable parameters are: 22487018
2026-01-15 19:39:30,706 - Agent - INFO - [37mVal Epoch 15 step 15 with [31mce_loss_combined : 1.531983 [31mce_loss_c : 1.646158 [31mce_loss_g : 1.481127 [31mce_mask0 : 1.532940 [31mce_mask1 : 1.537796 [31mkl_synergy_1 : 0.522802 [31mkl_synergy_2 : 0.401087 [31mtotal : 5.526608 [94mAcc_combined: 58.88 [94mAcc_c: 46.13 [94mAcc_g: 44.87 [97mS:[93m31.8%[97m([91m9.5c[97m-[94mF1:29.5%) [97mU1:[93m73.7%[97m([91m17.5c[97m) [97mU2:[93m42.0%[97m([91m8.3c[97m) [97mR:[93m88.5%[97m([91m23.6c[97m) [97mS-L: [92m0:[96m25% [92m1:[96m57% [92m2:[96m22% [92m3:[96m29% [92m4:[96m27% [92m5:[96m45% [92m6:[96m30%[39m [34mF1_perclass: 63.9-68.4-48.2-56.5-64.1-76.2-29.0 [39m[39m
2026-01-15 19:39:30,764 - Agent - INFO - [37mTest Epoch 15 step 15 with [31mce_loss_combined : 1.543764 [31mce_loss_c : 1.645793 [31mce_loss_g : 1.596769 [31mce_mask0 : 1.564518 [31mce_mask1 : 1.564327 [31mkl_synergy_1 : 0.510729 [31mkl_synergy_2 : 0.387916 [31mtotal : 5.571254 [94mAcc_combined: 55.39 [94mAcc_c: 43.49 [94mAcc_g: 43.38 [97mS:[93m26.5%[97m([91m7.6c[97m-[94mF1:20.0%) [97mU1:[93m73.4%[97m([91m17.8c[97m) [97mU2:[93m44.3%[97m([91m10.8c[97m) [97mR:[93m84.4%[97m([91m19.2c[97m) [97mS-L: [92m1:[96m50% [92m2:[96m16% [92m3:[96m33% [92m4:[96m17% [92m5:[96m24% [92m6:[96m31%[39m [34mF1_perclass: 61.2-61.5-50.6-49.6-57.0-68.6-34.1 [39m[39m
2026-01-15 19:39:30,769 - Agent - INFO - Total number of trainable parameters are: 22487018
2026-01-15 19:41:56,015 - Agent - INFO - [37mVal Epoch 16 step 16 with [31mce_loss_combined : 1.614169 [31mce_loss_c : 1.657269 [31mce_loss_g : 1.578352 [31mce_mask0 : 1.616893 [31mce_mask1 : 1.617713 [31mkl_synergy_1 : 0.542405 [31mkl_synergy_2 : 0.414268 [31mtotal : 5.805449 [94mAcc_combined: 49.77 [94mAcc_c: 44.53 [94mAcc_g: 37.02 [97mS:[93m36.8%[97m([91m10.9c[97m-[94mF1:26.8%) [97mU1:[93m62.7%[97m([91m14.9c[97m) [97mU2:[93m26.4%[97m([91m5.2c[97m) [97mR:[93m70.1%[97m([91m18.7c[97m) [97mS-L: [92m0:[96m25% [92m1:[96m35% [92m2:[96m16% [92m3:[96m19% [92m4:[96m17% [92m5:[96m10% [92m6:[96m59%[39m [34mF1_perclass: 61.1-53.1-51.5-40.7-58.3-59.1-34.8 [39m[39m
2026-01-15 19:41:56,111 - Agent - INFO - [37mTest Epoch 16 step 16 with [31mce_loss_combined : 1.602270 [31mce_loss_c : 1.654759 [31mce_loss_g : 1.617367 [31mce_mask0 : 1.590638 [31mce_mask1 : 1.613770 [31mkl_synergy_1 : 0.471690 [31mkl_synergy_2 : 0.364472 [31mtotal : 5.642841 [94mAcc_combined: 51.72 [94mAcc_c: 41.60 [94mAcc_g: 38.71 [97mS:[93m35.4%[97m([91m10.1c[97m-[94mF1:20.4%) [97mU1:[93m65.6%[97m([91m15.9c[97m) [97mU2:[93m37.4%[97m([91m9.1c[97m) [97mR:[93m72.7%[97m([91m16.6c[97m) [97mS-L: [92m0:[96m17% [92m1:[96m25% [92m2:[96m18% [92m3:[96m11% [92m4:[96m17% [92m5:[96m5% [92m6:[96m60%[39m [34mF1_perclass: 62.8-64.7-51.7-37.0-50.7-61.3-39.1 [39m[39m
2026-01-15 19:41:56,113 - Agent - INFO - Total number of trainable parameters are: 22487018
2026-01-15 19:45:00,144 - Agent - INFO - [37mVal Epoch 17 step 17 with [31mce_loss_combined : 1.554199 [31mce_loss_c : 1.624262 [31mce_loss_g : 1.606432 [31mce_mask0 : 1.555346 [31mce_mask1 : 1.558178 [31mkl_synergy_1 : 0.505750 [31mkl_synergy_2 : 0.413502 [31mtotal : 5.586975 [94mAcc_combined: 56.15 [94mAcc_c: 46.92 [94mAcc_g: 41.80 [97mS:[93m26.8%[97m([91m8.0c[97m-[94mF1:24.8%) [97mU1:[93m67.5%[97m([91m16.1c[97m) [97mU2:[93m44.8%[97m([91m8.9c[97m) [97mR:[93m87.2%[97m([91m23.2c[97m) [97mS-L: [92m0:[96m25% [92m1:[96m74% [92m2:[96m11% [92m3:[96m45% [92m4:[96m17% [92m5:[96m30% [92m6:[96m20%[39m [34mF1_perclass: 64.6-66.3-36.9-51.3-62.9-72.1-25.2 [39m[39m
2026-01-15 19:45:00,363 - Agent - INFO - [37mTest Epoch 17 step 17 with [31mce_loss_combined : 1.599733 [31mce_loss_c : 1.619307 [31mce_loss_g : 1.857785 [31mce_mask0 : 1.614172 [31mce_mask1 : 1.628657 [31mkl_synergy_1 : 0.477022 [31mkl_synergy_2 : 0.402880 [31mtotal : 5.722464 [94mAcc_combined: 49.50 [94mAcc_c: 42.83 [94mAcc_g: 38.15 [97mS:[93m24.5%[97m([91m7.0c[97m-[94mF1:16.6%) [97mU1:[93m59.2%[97m([91m14.3c[97m) [97mU2:[93m42.5%[97m([91m10.3c[97m) [97mR:[93m78.0%[97m([91m17.8c[97m) [97mS-L: [92m1:[96m38% [92m2:[96m5% [92m3:[96m50% [92m4:[96m4% [92m5:[96m29% [92m6:[96m28%[39m [34mF1_perclass: 59.0-54.9-34.4-45.5-48.4-61.6-31.1 [39m[39m
2026-01-15 19:45:00,374 - Agent - INFO - Total number of trainable parameters are: 22487018
2026-01-15 19:48:04,999 - Agent - INFO - [37mVal Epoch 18 step 18 with [31mce_loss_combined : 1.532585 [31mce_loss_c : 1.669527 [31mce_loss_g : 1.504719 [31mce_mask0 : 1.538040 [31mce_mask1 : 1.539340 [31mkl_synergy_1 : 0.501587 [31mkl_synergy_2 : 0.417586 [31mtotal : 5.529138 [94mAcc_combined: 57.63 [94mAcc_c: 41.91 [94mAcc_g: 43.39 [97mS:[93m38.7%[97m([91m11.5c[97m-[94mF1:31.2%) [97mU1:[93m69.4%[97m([91m16.5c[97m) [97mU2:[93m40.2%[97m([91m8.0c[97m) [97mR:[93m81.2%[97m([91m21.6c[97m) [97mS-L: [92m0:[96m25% [92m1:[96m65% [92m2:[96m19% [92m3:[96m23% [92m4:[96m30% [92m5:[96m25% [92m6:[96m49%[39m [34mF1_perclass: 64.9-68.8-49.1-44.3-67.4-74.6-35.8 [39m[39m
2026-01-15 19:48:05,284 - Agent - INFO - [37mTest Epoch 18 step 18 with [31mce_loss_combined : 1.579547 [31mce_loss_c : 1.675438 [31mce_loss_g : 1.638374 [31mce_mask0 : 1.595791 [31mce_mask1 : 1.598135 [31mkl_synergy_1 : 0.510682 [31mkl_synergy_2 : 0.425166 [31mtotal : 5.709320 [94mAcc_combined: 51.17 [94mAcc_c: 35.93 [94mAcc_g: 40.16 [97mS:[93m32.7%[97m([91m9.3c[97m-[94mF1:19.3%) [97mU1:[93m61.0%[97m([91m14.8c[97m) [97mU2:[93m38.8%[97m([91m9.5c[97m) [97mR:[93m77.1%[97m([91m17.6c[97m) [97mS-L: [92m1:[96m50% [92m2:[96m8% [92m3:[96m14% [92m4:[96m21% [92m5:[96m14% [92m6:[96m54%[39m [34mF1_perclass: 59.0-58.2-45.5-37.9-61.1-61.2-38.1 [39m[39m
2026-01-15 19:48:05,287 - Agent - INFO - Total number of trainable parameters are: 22487018
2026-01-15 19:51:16,628 - Agent - INFO - [37mVal Epoch 19 step 19 with [31mce_loss_combined : 1.530106 [31mce_loss_c : 1.670794 [31mce_loss_g : 1.585443 [31mce_mask0 : 1.534004 [31mce_mask1 : 1.533484 [31mkl_synergy_1 : 0.521014 [31mkl_synergy_2 : 0.419949 [31mtotal : 5.538558 [94mAcc_combined: 57.06 [94mAcc_c: 44.99 [94mAcc_g: 38.72 [97mS:[93m34.1%[97m([91m10.1c[97m-[94mF1:28.8%) [97mU1:[93m68.9%[97m([91m16.4c[97m) [97mU2:[93m38.5%[97m([91m7.6c[97m) [97mR:[93m85.9%[97m([91m22.9c[97m) [97mS-L: [92m0:[96m50% [92m1:[96m61% [92m2:[96m11% [92m3:[96m32% [92m4:[96m20% [92m5:[96m15% [92m6:[96m43%[39m [34mF1_perclass: 61.9-68.1-41.7-54.3-62.1-74.1-37.3 [39m[39m
2026-01-15 19:51:16,742 - Agent - INFO - [37mTest Epoch 19 step 19 with [31mce_loss_combined : 1.513021 [31mce_loss_c : 1.663696 [31mce_loss_g : 1.609919 [31mce_mask0 : 1.528395 [31mce_mask1 : 1.526076 [31mkl_synergy_1 : 0.508864 [31mkl_synergy_2 : 0.414709 [31mtotal : 5.491066 [94mAcc_combined: 53.50 [94mAcc_c: 39.49 [94mAcc_g: 42.16 [97mS:[93m26.1%[97m([91m7.5c[97m-[94mF1:17.0%) [97mU1:[93m70.2%[97m([91m17.0c[97m) [97mU2:[93m42.0%[97m([91m10.2c[97m) [97mR:[93m82.4%[97m([91m18.8c[97m) [97mS-L: [92m0:[96m8% [92m1:[96m25% [92m2:[96m11% [92m3:[96m22% [92m4:[96m4% [92m5:[96m19% [92m6:[96m40%[39m [34mF1_perclass: 60.5-64.8-43.7-46.8-50.3-70.9-36.0 [39m[39m
2026-01-15 19:51:16,746 - Agent - INFO - Total number of trainable parameters are: 22487018
2026-01-15 19:53:39,348 - Agent - INFO - [37mVal Epoch 20 step 20 with [31mce_loss_combined : 1.505735 [31mce_loss_c : 1.611951 [31mce_loss_g : 1.505037 [31mce_mask0 : 1.514768 [31mce_mask1 : 1.512121 [31mkl_synergy_1 : 0.518544 [31mkl_synergy_2 : 0.384225 [31mtotal : 5.435392 [94mAcc_combined: 57.97 [94mAcc_c: 43.85 [94mAcc_g: 44.76 [97mS:[93m39.1%[97m([91m11.6c[97m-[94mF1:31.0%) [97mU1:[93m72.7%[97m([91m17.3c[97m) [97mU2:[93m33.3%[97m([91m6.6c[97m) [97mR:[93m84.2%[97m([91m22.4c[97m) [97mS-L: [92m0:[96m50% [92m1:[96m52% [92m2:[96m19% [92m3:[96m23% [92m4:[96m10% [92m5:[96m40% [92m6:[96m54%[39m [34mF1_perclass: 67.8-70.3-51.9-48.7-55.9-74.4-37.6 [39m[39m
2026-01-15 19:53:39,519 - Agent - INFO - [37mTest Epoch 20 step 20 with [31mce_loss_combined : 1.528228 [31mce_loss_c : 1.630962 [31mce_loss_g : 1.592397 [31mce_mask0 : 1.534596 [31mce_mask1 : 1.541142 [31mkl_synergy_1 : 0.482537 [31mkl_synergy_2 : 0.356043 [31mtotal : 5.442546 [94mAcc_combined: 55.39 [94mAcc_c: 40.27 [94mAcc_g: 41.94 [97mS:[93m26.8%[97m([91m7.7c[97m-[94mF1:15.2%) [97mU1:[93m76.1%[97m([91m18.5c[97m) [97mU2:[93m42.9%[97m([91m10.5c[97m) [97mR:[93m82.4%[97m([91m18.8c[97m) [97mS-L: [92m0:[96m8% [92m1:[96m25% [92m2:[96m8% [92m3:[96m8% [92m5:[96m33% [92m6:[96m45%[39m [34mF1_perclass: 66.9-70.5-49.7-42.9-44.2-66.1-38.4 [39m[39m
2026-01-15 19:53:44,377 - Agent - INFO - Total number of trainable parameters are: 22487018
2026-01-15 19:56:41,187 - Agent - INFO - [37mVal Epoch 21 step 21 with [31mce_loss_combined : 1.518820 [31mce_loss_c : 1.637583 [31mce_loss_g : 1.608943 [31mce_mask0 : 1.526783 [31mce_mask1 : 1.529217 [31mkl_synergy_1 : 0.562324 [31mkl_synergy_2 : 0.381827 [31mtotal : 5.518970 [94mAcc_combined: 57.52 [94mAcc_c: 45.10 [94mAcc_g: 38.50 [97mS:[93m29.1%[97m([91m8.7c[97m-[94mF1:25.7%) [97mU1:[93m74.2%[97m([91m17.7c[97m) [97mU2:[93m39.7%[97m([91m7.9c[97m) [97mR:[93m87.6%[97m([91m23.3c[97m) [97mS-L: [92m0:[96m50% [92m1:[96m52% [92m2:[96m22% [92m3:[96m26% [92m4:[96m10% [92m5:[96m40% [92m6:[96m30%[39m [34mF1_perclass: 62.9-67.3-50.5-54.0-58.7-71.5-31.7 [39m[39m
2026-01-15 19:56:41,353 - Agent - INFO - [37mTest Epoch 21 step 21 with [31mce_loss_combined : 1.532179 [31mce_loss_c : 1.629153 [31mce_loss_g : 1.801888 [31mce_mask0 : 1.548891 [31mce_mask1 : 1.548562 [31mkl_synergy_1 : 0.525937 [31mkl_synergy_2 : 0.355583 [31mtotal : 5.511152 [94mAcc_combined: 52.84 [94mAcc_c: 41.60 [94mAcc_g: 37.15 [97mS:[93m21.4%[97m([91m6.1c[97m-[94mF1:16.0%) [97mU1:[93m72.0%[97m([91m17.5c[97m) [97mU2:[93m45.2%[97m([91m11.0c[97m) [97mR:[93m80.0%[97m([91m18.2c[97m) [97mS-L: [92m0:[96m17% [92m1:[96m38% [92m2:[96m16% [92m3:[96m11% [92m4:[96m4% [92m5:[96m33% [92m6:[96m27%[39m [34mF1_perclass: 64.4-64.9-49.2-43.2-41.0-63.6-29.4 [39m[39m
2026-01-15 19:56:41,357 - Agent - INFO - Total number of trainable parameters are: 22487018
2026-01-15 19:59:24,436 - Agent - INFO - [37mVal Epoch 22 step 22 with [31mce_loss_combined : 1.510819 [31mce_loss_c : 1.669167 [31mce_loss_g : 1.485240 [31mce_mask0 : 1.518449 [31mce_mask1 : 1.513952 [31mkl_synergy_1 : 0.516680 [31mkl_synergy_2 : 0.371784 [31mtotal : 5.431684 [94mAcc_combined: 57.63 [94mAcc_c: 46.01 [94mAcc_g: 44.31 [97mS:[93m34.9%[97m([91m10.4c[97m-[94mF1:31.9%) [97mU1:[93m76.1%[97m([91m18.1c[97m) [97mU2:[93m37.9%[97m([91m7.5c[97m) [97mR:[93m81.2%[97m([91m21.6c[97m) [97mS-L: [92m0:[96m25% [92m1:[96m52% [92m2:[96m19% [92m3:[96m32% [92m4:[96m37% [92m5:[96m40% [92m6:[96m36%[39m [34mF1_perclass: 61.2-63.0-46.9-57.5-65.1-74.9-34.4 [39m[39m
2026-01-15 19:59:24,556 - Agent - INFO - [37mTest Epoch 22 step 22 with [31mce_loss_combined : 1.564763 [31mce_loss_c : 1.691265 [31mce_loss_g : 1.594581 [31mce_mask0 : 1.585111 [31mce_mask1 : 1.571313 [31mkl_synergy_1 : 0.508327 [31mkl_synergy_2 : 0.378313 [31mtotal : 5.607827 [94mAcc_combined: 52.06 [94mAcc_c: 41.60 [94mAcc_g: 43.83 [97mS:[93m25.7%[97m([91m7.3c[97m-[94mF1:16.0%) [97mU1:[93m72.0%[97m([91m17.5c[97m) [97mU2:[93m37.0%[97m([91m9.0c[97m) [97mR:[93m80.0%[97m([91m18.2c[97m) [97mS-L: [92m1:[96m12% [92m2:[96m11% [92m3:[96m14% [92m4:[96m17% [92m5:[96m24% [92m6:[96m40%[39m [34mF1_perclass: 62.6-52.9-46.8-47.8-58.7-65.3-32.6 [39m[39m
2026-01-15 19:59:24,559 - Agent - INFO - Total number of trainable parameters are: 22487018
2026-01-15 20:02:06,410 - Agent - INFO - [37mVal Epoch 23 step 23 with [31mce_loss_combined : 1.515258 [31mce_loss_c : 1.641748 [31mce_loss_g : 1.602354 [31mce_mask0 : 1.518566 [31mce_mask1 : 1.524235 [31mkl_synergy_1 : 0.522116 [31mkl_synergy_2 : 0.377873 [31mtotal : 5.458049 [94mAcc_combined: 57.06 [94mAcc_c: 45.10 [94mAcc_g: 41.23 [97mS:[93m29.9%[97m([91m8.9c[97m-[94mF1:27.9%) [97mU1:[93m74.2%[97m([91m17.7c[97m) [97mU2:[93m34.5%[97m([91m6.8c[97m) [97mR:[93m88.9%[97m([91m23.7c[97m) [97mS-L: [92m0:[96m50% [92m1:[96m48% [92m2:[96m16% [92m3:[96m39% [92m4:[96m17% [92m5:[96m40% [92m6:[96m29%[39m [34mF1_perclass: 62.2-65.2-47.8-53.5-63.1-75.0-28.6 [39m[39m
2026-01-15 20:02:06,512 - Agent - INFO - [37mTest Epoch 23 step 23 with [31mce_loss_combined : 1.500376 [31mce_loss_c : 1.658012 [31mce_loss_g : 1.603090 [31mce_mask0 : 1.502039 [31mce_mask1 : 1.507973 [31mkl_synergy_1 : 0.544134 [31mkl_synergy_2 : 0.383018 [31mtotal : 5.437540 [94mAcc_combined: 53.39 [94mAcc_c: 39.60 [94mAcc_g: 44.72 [97mS:[93m22.6%[97m([91m6.5c[97m-[94mF1:16.8%) [97mU1:[93m76.1%[97m([91m18.5c[97m) [97mU2:[93m38.8%[97m([91m9.5c[97m) [97mR:[93m83.4%[97m([91m19.0c[97m) [97mS-L: [92m0:[96m25% [92m1:[96m25% [92m2:[96m8% [92m3:[96m25% [92m4:[96m4% [92m5:[96m33% [92m6:[96m28%[39m [34mF1_perclass: 66.2-61.7-46.9-44.5-50.0-66.5-31.1 [39m[39m
2026-01-15 20:02:06,514 - Agent - INFO - Total number of trainable parameters are: 22487018
2026-01-15 20:04:28,304 - Agent - INFO - [37mVal Epoch 24 step 24 with [31mce_loss_combined : 1.505587 [31mce_loss_c : 1.663219 [31mce_loss_g : 1.644603 [31mce_mask0 : 1.514042 [31mce_mask1 : 1.509513 [31mkl_synergy_1 : 0.500401 [31mkl_synergy_2 : 0.359551 [31mtotal : 5.389094 [94mAcc_combined: 59.00 [94mAcc_c: 47.49 [94mAcc_g: 38.15 [97mS:[93m33.7%[97m([91m10.0c[97m-[94mF1:30.8%) [97mU1:[93m73.7%[97m([91m17.5c[97m) [97mU2:[93m42.5%[97m([91m8.4c[97m) [97mR:[93m86.3%[97m([91m23.0c[97m) [97mS-L: [92m0:[96m50% [92m1:[96m48% [92m2:[96m24% [92m3:[96m35% [92m4:[96m27% [92m5:[96m35% [92m6:[96m34%[39m [34mF1_perclass: 62.6-70.5-48.8-59.3-62.4-71.9-34.1 [39m[39m
2026-01-15 20:04:28,420 - Agent - INFO - [37mTest Epoch 24 step 24 with [31mce_loss_combined : 1.500429 [31mce_loss_c : 1.673864 [31mce_loss_g : 1.694120 [31mce_mask0 : 1.522391 [31mce_mask1 : 1.511034 [31mkl_synergy_1 : 0.519541 [31mkl_synergy_2 : 0.353473 [31mtotal : 5.406868 [94mAcc_combined: 54.28 [94mAcc_c: 39.38 [94mAcc_g: 42.49 [97mS:[93m24.5%[97m([91m7.0c[97m-[94mF1:18.3%) [97mU1:[93m76.1%[97m([91m18.5c[97m) [97mU2:[93m41.6%[97m([91m10.1c[97m) [97mR:[93m82.0%[97m([91m18.7c[97m) [97mS-L: [92m1:[96m25% [92m2:[96m18% [92m3:[96m17% [92m4:[96m25% [92m5:[96m29% [92m6:[96m31%[39m [34mF1_perclass: 57.7-65.1-49.5-45.0-57.0-69.0-32.7 [39m[39m
2026-01-15 20:04:28,424 - Agent - INFO - Total number of trainable parameters are: 22487018
2026-01-15 20:07:05,177 - Agent - INFO - [37mVal Epoch 25 step 25 with [31mce_loss_combined : 1.505720 [31mce_loss_c : 1.684772 [31mce_loss_g : 1.649611 [31mce_mask0 : 1.511568 [31mce_mask1 : 1.512709 [31mkl_synergy_1 : 0.534380 [31mkl_synergy_2 : 0.396413 [31mtotal : 5.460790 [94mAcc_combined: 57.63 [94mAcc_c: 43.62 [94mAcc_g: 36.67 [97mS:[93m34.1%[97m([91m10.1c[97m-[94mF1:30.6%) [97mU1:[93m71.8%[97m([91m17.1c[97m) [97mU2:[93m43.1%[97m([91m8.5c[97m) [97mR:[93m82.1%[97m([91m21.9c[97m) [97mS-L: [92m0:[96m25% [92m1:[96m43% [92m2:[96m22% [92m3:[96m32% [92m4:[96m47% [92m5:[96m20% [92m6:[96m36%[39m [34mF1_perclass: 61.1-68.7-46.1-57.7-61.4-73.1-33.6 [39m[39m
2026-01-15 20:07:05,244 - Agent - INFO - [37mTest Epoch 25 step 25 with [31mce_loss_combined : 1.501238 [31mce_loss_c : 1.691038 [31mce_loss_g : 1.659903 [31mce_mask0 : 1.499714 [31mce_mask1 : 1.523482 [31mkl_synergy_1 : 0.533515 [31mkl_synergy_2 : 0.386047 [31mtotal : 5.443996 [94mAcc_combined: 53.73 [94mAcc_c: 37.26 [94mAcc_g: 44.38 [97mS:[93m23.0%[97m([91m6.6c[97m-[94mF1:16.5%) [97mU1:[93m73.4%[97m([91m17.8c[97m) [97mU2:[93m41.6%[97m([91m10.1c[97m) [97mR:[93m84.4%[97m([91m19.2c[97m) [97mS-L: [92m0:[96m8% [92m1:[96m25% [92m2:[96m16% [92m3:[96m14% [92m4:[96m21% [92m5:[96m14% [92m6:[96m31%[39m [34mF1_perclass: 62.0-66.4-47.4-41.2-54.6-65.8-34.2 [39m[39m
2026-01-15 20:07:05,246 - Agent - INFO - Total number of trainable parameters are: 22487018
2026-01-15 20:09:41,697 - Agent - INFO - [37mVal Epoch 26 step 26 with [31mce_loss_combined : 1.503744 [31mce_loss_c : 1.688925 [31mce_loss_g : 1.588725 [31mce_mask0 : 1.511476 [31mce_mask1 : 1.503095 [31mkl_synergy_1 : 0.575819 [31mkl_synergy_2 : 0.403912 [31mtotal : 5.498046 [94mAcc_combined: 57.52 [94mAcc_c: 44.42 [94mAcc_g: 37.81 [97mS:[93m35.2%[97m([91m10.5c[97m-[94mF1:30.1%) [97mU1:[93m71.3%[97m([91m17.0c[97m) [97mU2:[93m39.1%[97m([91m7.7c[97m) [97mR:[93m83.8%[97m([91m22.3c[97m) [97mS-L: [92m0:[96m50% [92m1:[96m39% [92m2:[96m16% [92m3:[96m32% [92m4:[96m27% [92m5:[96m25% [92m6:[96m45%[39m [34mF1_perclass: 62.9-64.6-48.6-56.2-60.8-75.3-37.4 [39m[39m
2026-01-15 20:09:42,008 - Agent - INFO - [37mTest Epoch 26 step 26 with [31mce_loss_combined : 1.510149 [31mce_loss_c : 1.692359 [31mce_loss_g : 1.622666 [31mce_mask0 : 1.519442 [31mce_mask1 : 1.513315 [31mkl_synergy_1 : 0.556110 [31mkl_synergy_2 : 0.384587 [31mtotal : 5.483602 [94mAcc_combined: 52.73 [94mAcc_c: 39.04 [94mAcc_g: 43.38 [97mS:[93m23.3%[97m([91m6.7c[97m-[94mF1:14.1%) [97mU1:[93m73.4%[97m([91m17.8c[97m) [97mU2:[93m39.3%[97m([91m9.6c[97m) [97mR:[93m82.0%[97m([91m18.7c[97m) [97mS-L: [92m1:[96m12% [92m2:[96m11% [92m3:[96m14% [92m4:[96m8% [92m5:[96m19% [92m6:[96m37%[39m [34mF1_perclass: 62.7-60.6-45.7-41.6-58.3-66.2-34.8 [39m[39m
2026-01-15 20:09:42,013 - Agent - INFO - Total number of trainable parameters are: 22487018
2026-01-15 20:12:13,304 - Agent - INFO - [37mVal Epoch 27 step 27 with [31mce_loss_combined : 1.476477 [31mce_loss_c : 1.673270 [31mce_loss_g : 1.490852 [31mce_mask0 : 1.484675 [31mce_mask1 : 1.477318 [31mkl_synergy_1 : 0.590293 [31mkl_synergy_2 : 0.427006 [31mtotal : 5.455768 [94mAcc_combined: 59.11 [94mAcc_c: 46.70 [94mAcc_g: 45.33 [97mS:[93m32.2%[97m([91m9.6c[97m-[94mF1:28.3%) [97mU1:[93m73.7%[97m([91m17.5c[97m) [97mU2:[93m42.5%[97m([91m8.4c[97m) [97mR:[93m88.5%[97m([91m23.6c[97m) [97mS-L: [92m0:[96m50% [92m1:[96m48% [92m2:[96m14% [92m3:[96m32% [92m4:[96m23% [92m5:[96m20% [92m6:[96m39%[39m [34mF1_perclass: 62.7-71.7-48.4-55.7-64.4-73.7-35.2 [39m[39m
2026-01-15 20:12:13,515 - Agent - INFO - [37mTest Epoch 27 step 27 with [31mce_loss_combined : 1.513563 [31mce_loss_c : 1.682475 [31mce_loss_g : 1.582723 [31mce_mask0 : 1.506177 [31mce_mask1 : 1.513094 [31mkl_synergy_1 : 0.553723 [31mkl_synergy_2 : 0.392199 [31mtotal : 5.478756 [94mAcc_combined: 53.84 [94mAcc_c: 40.82 [94mAcc_g: 45.49 [97mS:[93m27.2%[97m([91m7.8c[97m-[94mF1:19.5%) [97mU1:[93m71.6%[97m([91m17.4c[97m) [97mU2:[93m38.8%[97m([91m9.5c[97m) [97mR:[93m84.4%[97m([91m19.2c[97m) [97mS-L: [92m0:[96m17% [92m1:[96m50% [92m2:[96m5% [92m3:[96m22% [92m4:[96m12% [92m5:[96m24% [92m6:[96m39%[39m [34mF1_perclass: 62.4-61.5-43.4-45.1-59.5-67.1-35.3 [39m[39m
2026-01-15 20:12:13,522 - Agent - INFO - Total number of trainable parameters are: 22487018
2026-01-15 20:14:49,148 - Agent - INFO - [37mVal Epoch 28 step 28 with [31mce_loss_combined : 1.470509 [31mce_loss_c : 1.670027 [31mce_loss_g : 1.509434 [31mce_mask0 : 1.481249 [31mce_mask1 : 1.479276 [31mkl_synergy_1 : 0.576642 [31mkl_synergy_2 : 0.414785 [31mtotal : 5.422460 [94mAcc_combined: 60.59 [94mAcc_c: 46.24 [94mAcc_g: 44.08 [97mS:[93m37.2%[97m([91m11.0c[97m-[94mF1:33.7%) [97mU1:[93m72.2%[97m([91m17.2c[97m) [97mU2:[93m46.0%[97m([91m9.1c[97m) [97mR:[93m87.2%[97m([91m23.2c[97m) [97mS-L: [92m0:[96m25% [92m1:[96m61% [92m2:[96m16% [92m3:[96m32% [92m4:[96m37% [92m5:[96m35% [92m6:[96m41%[39m [34mF1_perclass: 62.8-76.5-48.3-59.4-63.8-75.2-37.2 [39m[39m
2026-01-15 20:14:49,308 - Agent - INFO - [37mTest Epoch 28 step 28 with [31mce_loss_combined : 1.509827 [31mce_loss_c : 1.679340 [31mce_loss_g : 1.571563 [31mce_mask0 : 1.521350 [31mce_mask1 : 1.522713 [31mkl_synergy_1 : 0.545158 [31mkl_synergy_2 : 0.393685 [31mtotal : 5.492732 [94mAcc_combined: 54.06 [94mAcc_c: 38.82 [94mAcc_g: 45.05 [97mS:[93m26.5%[97m([91m7.6c[97m-[94mF1:18.4%) [97mU1:[93m74.8%[97m([91m18.1c[97m) [97mU2:[93m39.3%[97m([91m9.6c[97m) [97mR:[93m82.4%[97m([91m18.8c[97m) [97mS-L: [92m1:[96m50% [92m2:[96m13% [92m3:[96m19% [92m4:[96m12% [92m5:[96m19% [92m6:[96m38%[39m [34mF1_perclass: 57.9-61.7-49.2-45.6-58.7-68.7-36.2 [39m[39m
2026-01-15 20:14:49,310 - Agent - INFO - Total number of trainable parameters are: 22487018
2026-01-15 20:17:30,556 - Agent - INFO - [37mVal Epoch 29 step 29 with [31mce_loss_combined : 1.472186 [31mce_loss_c : 1.663503 [31mce_loss_g : 1.518574 [31mce_mask0 : 1.480307 [31mce_mask1 : 1.470731 [31mkl_synergy_1 : 0.560619 [31mkl_synergy_2 : 0.428636 [31mtotal : 5.412480 [94mAcc_combined: 60.02 [94mAcc_c: 48.18 [94mAcc_g: 43.05 [97mS:[93m35.6%[97m([91m10.6c[97m-[94mF1:32.8%) [97mU1:[93m71.3%[97m([91m17.0c[97m) [97mU2:[93m44.3%[97m([91m8.8c[97m) [97mR:[93m88.9%[97m([91m23.7c[97m) [97mS-L: [92m0:[96m50% [92m1:[96m65% [92m2:[96m16% [92m3:[96m32% [92m4:[96m30% [92m5:[96m35% [92m6:[96m38%[39m [34mF1_perclass: 63.7-75.4-45.9-56.4-64.7-73.5-35.6 [39m[39m
2026-01-15 20:17:30,673 - Agent - INFO - [37mTest Epoch 29 step 29 with [31mce_loss_combined : 1.511616 [31mce_loss_c : 1.673724 [31mce_loss_g : 1.588914 [31mce_mask0 : 1.514952 [31mce_mask1 : 1.505378 [31mkl_synergy_1 : 0.526620 [31mkl_synergy_2 : 0.395983 [31mtotal : 5.454548 [94mAcc_combined: 54.39 [94mAcc_c: 40.38 [94mAcc_g: 46.72 [97mS:[93m26.8%[97m([91m7.7c[97m-[94mF1:19.1%) [97mU1:[93m73.4%[97m([91m17.8c[97m) [97mU2:[93m41.1%[97m([91m10.0c[97m) [97mR:[93m82.9%[97m([91m18.9c[97m) [97mS-L: [92m1:[96m38% [92m2:[96m13% [92m3:[96m19% [92m4:[96m17% [92m5:[96m29% [92m6:[96m37%[39m [34mF1_perclass: 58.5-64.0-46.4-43.1-59.0-70.6-35.6 [39m[39m
2026-01-15 20:17:30,677 - Agent - INFO - Total number of trainable parameters are: 22487018
2026-01-15 20:20:05,386 - Agent - INFO - [37mVal Epoch 30 step 30 with [31mce_loss_combined : 1.473223 [31mce_loss_c : 1.667508 [31mce_loss_g : 1.528316 [31mce_mask0 : 1.487616 [31mce_mask1 : 1.480792 [31mkl_synergy_1 : 0.559666 [31mkl_synergy_2 : 0.410522 [31mtotal : 5.411819 [94mAcc_combined: 61.16 [94mAcc_c: 47.04 [94mAcc_g: 42.60 [97mS:[93m38.7%[97m([91m11.5c[97m-[94mF1:35.0%) [97mU1:[93m74.6%[97m([91m17.8c[97m) [97mU2:[93m43.7%[97m([91m8.7c[97m) [97mR:[93m87.2%[97m([91m23.2c[97m) [97mS-L: [92m0:[96m50% [92m1:[96m70% [92m2:[96m19% [92m3:[96m32% [92m4:[96m33% [92m5:[96m40% [92m6:[96m41%[39m [34mF1_perclass: 64.1-75.2-48.1-57.0-65.4-75.3-38.5 [39m[39m
2026-01-15 20:20:05,555 - Agent - INFO - [37mTest Epoch 30 step 30 with [31mce_loss_combined : 1.518052 [31mce_loss_c : 1.680662 [31mce_loss_g : 1.590464 [31mce_mask0 : 1.530606 [31mce_mask1 : 1.519977 [31mkl_synergy_1 : 0.542179 [31mkl_synergy_2 : 0.396192 [31mtotal : 5.507007 [94mAcc_combined: 54.51 [94mAcc_c: 39.49 [94mAcc_g: 45.94 [97mS:[93m25.7%[97m([91m7.3c[97m-[94mF1:17.6%) [97mU1:[93m72.9%[97m([91m17.7c[97m) [97mU2:[93m42.0%[97m([91m10.2c[97m) [97mR:[93m84.4%[97m([91m19.2c[97m) [97mS-L: [92m1:[96m50% [92m2:[96m13% [92m3:[96m17% [92m4:[96m12% [92m5:[96m19% [92m6:[96m37%[39m [34mF1_perclass: 60.7-63.8-48.4-42.0-56.3-69.4-36.3 [39m[39m
2026-01-15 20:20:08,640 - Agent - INFO - Total number of trainable parameters are: 22487018
2026-01-15 20:22:42,127 - Agent - INFO - [37mVal Epoch 31 step 31 with [31mce_loss_combined : 1.476466 [31mce_loss_c : 1.668579 [31mce_loss_g : 1.528912 [31mce_mask0 : 1.482408 [31mce_mask1 : 1.484242 [31mkl_synergy_1 : 0.576261 [31mkl_synergy_2 : 0.418819 [31mtotal : 5.438196 [94mAcc_combined: 60.02 [94mAcc_c: 46.13 [94mAcc_g: 43.05 [97mS:[93m34.9%[97m([91m10.4c[97m-[94mF1:32.2%) [97mU1:[93m73.2%[97m([91m17.4c[97m) [97mU2:[93m44.8%[97m([91m8.9c[97m) [97mR:[93m87.6%[97m([91m23.3c[97m) [97mS-L: [92m0:[96m50% [92m1:[96m70% [92m2:[96m14% [92m3:[96m32% [92m4:[96m33% [92m5:[96m40% [92m6:[96m34%[39m [34mF1_perclass: 62.4-74.0-45.1-57.8-63.3-75.4-34.2 [39m[39m
2026-01-15 20:22:42,254 - Agent - INFO - [37mTest Epoch 31 step 31 with [31mce_loss_combined : 1.527157 [31mce_loss_c : 1.682825 [31mce_loss_g : 1.611665 [31mce_mask0 : 1.529081 [31mce_mask1 : 1.546585 [31mkl_synergy_1 : 0.551456 [31mkl_synergy_2 : 0.423777 [31mtotal : 5.578057 [94mAcc_combined: 54.17 [94mAcc_c: 39.60 [94mAcc_g: 45.38 [97mS:[93m25.7%[97m([91m7.3c[97m-[94mF1:18.3%) [97mU1:[93m71.1%[97m([91m17.2c[97m) [97mU2:[93m40.6%[97m([91m9.9c[97m) [97mR:[93m86.3%[97m([91m19.7c[97m) [97mS-L: [92m1:[96m50% [92m2:[96m13% [92m3:[96m17% [92m4:[96m17% [92m5:[96m24% [92m6:[96m36%[39m [34mF1_perclass: 59.8-63.4-44.4-42.0-57.0-70.4-34.2 [39m[39m
2026-01-15 20:22:42,259 - Agent - INFO - Total number of trainable parameters are: 22487018
2026-01-15 20:23:02,185 - Agent - INFO - We are in the final state.
2026-01-15 20:23:03,189 - root - INFO - Loaded best model from /esat/smcdata/users/kkontras/Image_Dataset/no_backup/data/2025_data/synergy/CremadPlus/v2/SynIB_RMask_fold0_l1_fillema_lsparse5_lr0.0001_wd0.0001_clsmlp_bs64.pth.tar
2026-01-15 20:23:19,508 - Agent - INFO - [37mVal Epoch 31 step 0 with [31mce_loss_combined : 1.425927 [31mce_loss_c : 1.872224 [31mce_loss_g : 1.834414 [31mce_mask0 : 1.439095 [31mce_mask1 : 1.431983 [31mkl_synergy_1 : 0.760840 [31mkl_synergy_2 : 0.727977 [31mtotal : 5.785822 [94mAcc_combined: 62.07 [94mAcc_c: 24.15 [94mAcc_g: 28.02 [97mS:[93m28.0%[97m([91m8.3c[97m-[94mF1:27.3%) [97mU1:[93m66.0%[97m([91m15.7c[97m) [97mU2:[93m63.8%[97m([91m12.6c[97m) [97mR:[93m95.3%[97m([91m25.4c[97m) [97mS-L: [92m0:[96m25% [92m1:[96m78% [92m2:[96m19% [92m3:[96m45% [92m4:[96m17% [92m5:[96m50% [92m6:[96m16%[39m [34mF1_perclass: 64.7-76.6-42.5-59.0-67.5-76.0-20.7 [39m[39m
2026-01-15 20:23:36,638 - Agent - INFO - [37mTest Epoch 31 step 0 with [31mce_loss_combined : 1.533157 [31mce_loss_c : 1.883715 [31mce_loss_g : 1.808469 [31mce_mask0 : 1.544048 [31mce_mask1 : 1.548392 [31mkl_synergy_1 : 0.727564 [31mkl_synergy_2 : 0.710745 [31mtotal : 6.063907 [94mAcc_combined: 56.06 [94mAcc_c: 24.81 [94mAcc_g: 30.37 [97mS:[93m15.2%[97m([91m4.3c[97m-[94mF1:12.8%) [97mU1:[93m59.6%[97m([91m14.5c[97m) [97mU2:[93m67.6%[97m([91m16.5c[97m) [97mR:[93m91.2%[97m([91m20.8c[97m) [97mS-L: [92m1:[96m75% [92m2:[96m3% [92m3:[96m44% [92m4:[96m8% [92m5:[96m33% [92m6:[96m6%[39m [34mF1_perclass: 64.4-67.6-40.6-53.6-62.4-62.2-8.6 [39m[39m
2026-01-15 20:23:39,002 - Agent - INFO - [37mModel saved successfully at: /esat/smcdata/users/kkontras/Image_Dataset/no_backup/data/2025_data/synergy/CremadPlus/v2/SynIB_RMask_fold0_l1_fillema_lsparse5_lr0.0001_wd0.0001_clsmlp_bs64.pth.tar[39m
Job finished
