000 (006.012.000) 2026-01-15 18:58:24 Job submitted from host: <10.87.28.151:9618?addrs=10.87.28.151-9618&alias=brigand.esat.kuleuven.be&noUDP&sock=schedd_1447_19a1>
...
001 (006.012.000) 2026-01-15 19:18:10 Job executing on host: <10.87.24.25:9618?addrs=10.87.24.25-9618+[--1]-9618&alias=estragon.esat.kuleuven.be&noUDP&sock=startd_2104_bf5a>
	SlotName: slot1_1@estragon.esat.kuleuven.be
	AvailableGPUs = { GPUs_GPU_fd0ce06a }
	CondorScratchDir = "/usr/data/condor/execute/dir_3441279/scratch"
	Cpus = 8
	Disk = 1048576
	GPUs = 1
	GPUs_GPU_fd0ce06a = [ Id = "GPU-fd0ce06a"; ClockMhz = 1328.5; Capability = 6.0; CoresPerCU = 64; DeviceName = "Tesla P100-PCIE-16GB"; DeviceUuid = "fd0ce06a-713e-f0de-00ac-18e3e9780412"; ECCEnabled = true; ComputeUnits = 56; NvidiaDriver = "580.119.02"; DriverVersion = 13.0; DevicePciBusId = "0000:08:00.0"; GlobalMemoryMb = 16269; MaxSupportedVersion = 13000 ]
	Memory = 71680
...
006 (006.012.000) 2026-01-15 19:18:18 Image size of job updated: 377872
	370  -  MemoryUsage of job (MB)
	377872  -  ResidentSetSize of job (KB)
...
006 (006.012.000) 2026-01-15 19:18:43 Image size of job updated: 4798184
	370  -  MemoryUsage of job (MB)
	377872  -  ResidentSetSize of job (KB)
...
005 (006.012.000) 2026-01-15 19:18:43 Job terminated.
	(1) Normal termination (return value 0)
		Usr 0 00:00:46, Sys 0 00:00:12  -  Run Remote Usage
		Usr 0 00:00:00, Sys 0 00:00:00  -  Run Local Usage
		Usr 0 00:00:46, Sys 0 00:00:12  -  Total Remote Usage
		Usr 0 00:00:00, Sys 0 00:00:00  -  Total Local Usage
	0  -  Run Bytes Sent By Job
	0  -  Run Bytes Received By Job
	0  -  Total Bytes Sent By Job
	0  -  Total Bytes Received By Job
	Partitionable Resources :    Usage  Request Allocated Assigned
	   Cpus                 :     0           8         8 
	   Disk (KB)            :     2     1048576   1048576 
	   GPUs                 :     0.01        1         1 "GPU-fd0ce06a"
	   GpusMemory (MB)      :  1107                       
	   Memory (MB)          :   370       71680     71680 
	   TimeExecute (s)      :    33                       
	   TimeSlotBusy (s)     :    33                       
...
