000 (006.003.000) 2026-01-15 18:58:24 Job submitted from host: <10.87.28.151:9618?addrs=10.87.28.151-9618&alias=brigand.esat.kuleuven.be&noUDP&sock=schedd_1447_19a1>
...
001 (006.003.000) 2026-01-15 18:58:28 Job executing on host: <10.87.28.118:9618?addrs=10.87.28.118-9618&alias=stadius-nc-5.esat.kuleuven.be&noUDP&sock=startd_3360_424e>
	SlotName: slot1_1@stadius-nc-5.esat.kuleuven.be
	AvailableGPUs = { GPUs_GPU_b9c5c232 }
	CondorScratchDir = "/volume1/condor/execute/dir_3463958/scratch"
	Cpus = 8
	Disk = 1048576
	GPUs = 1
	GPUs_GPU_b9c5c232 = [ Id = "GPU-b9c5c232"; ClockMhz = 1545.0; Capability = 7.5; CoresPerCU = 64; DeviceName = "NVIDIA GeForce RTX 2080 Ti"; DeviceUuid = "b9c5c232-fa4f-fa60-fe41-a2b4f313930f"; ECCEnabled = false; ComputeUnits = 68; NvidiaDriver = "570.153.02"; DriverVersion = 12.8; DevicePciBusId = "0000:25:00.0"; GlobalMemoryMb = 10823; MaxSupportedVersion = 12080 ]
	Memory = 71680
...
006 (006.003.000) 2026-01-15 18:58:37 Image size of job updated: 316116
	309  -  MemoryUsage of job (MB)
	316116  -  ResidentSetSize of job (KB)
...
006 (006.003.000) 2026-01-15 19:03:38 Image size of job updated: 8743108
	5754  -  MemoryUsage of job (MB)
	5891820  -  ResidentSetSize of job (KB)
...
006 (006.003.000) 2026-01-15 19:08:38 Image size of job updated: 8743108
	8069  -  MemoryUsage of job (MB)
	8262616  -  ResidentSetSize of job (KB)
...
006 (006.003.000) 2026-01-15 19:18:39 Image size of job updated: 8743108
	8102  -  MemoryUsage of job (MB)
	8295444  -  ResidentSetSize of job (KB)
...
006 (006.003.000) 2026-01-15 19:23:39 Image size of job updated: 8799196
	8394  -  MemoryUsage of job (MB)
	8594824  -  ResidentSetSize of job (KB)
...
006 (006.003.000) 2026-01-15 20:03:44 Image size of job updated: 9377036
	8695  -  MemoryUsage of job (MB)
	8903600  -  ResidentSetSize of job (KB)
...
006 (006.003.000) 2026-01-15 20:08:45 Image size of job updated: 10509904
	8695  -  MemoryUsage of job (MB)
	8903600  -  ResidentSetSize of job (KB)
...
006 (006.003.000) 2026-01-15 20:13:45 Image size of job updated: 10509904
	8720  -  MemoryUsage of job (MB)
	8928792  -  ResidentSetSize of job (KB)
...
006 (006.003.000) 2026-01-15 20:18:45 Image size of job updated: 10509904
	8726  -  MemoryUsage of job (MB)
	8934936  -  ResidentSetSize of job (KB)
...
006 (006.003.000) 2026-01-15 20:23:46 Image size of job updated: 10509904
	8833  -  MemoryUsage of job (MB)
	9044808  -  ResidentSetSize of job (KB)
...
005 (006.003.000) 2026-01-15 20:49:54 Job terminated.
	(1) Normal termination (return value 0)
		Usr 0 03:24:30, Sys 0 01:10:00  -  Run Remote Usage
		Usr 0 00:00:00, Sys 0 00:00:00  -  Run Local Usage
		Usr 0 03:24:30, Sys 0 01:10:00  -  Total Remote Usage
		Usr 0 00:00:00, Sys 0 00:00:00  -  Total Local Usage
	0  -  Run Bytes Sent By Job
	0  -  Run Bytes Received By Job
	0  -  Total Bytes Sent By Job
	0  -  Total Bytes Received By Job
	Partitionable Resources :    Usage  Request Allocated Assigned
	   Cpus                 :     1.14        8         8 
	   Disk (KB)            :     2     1048576   1048576 
	   GPUs                 :     0.66        1         1 "GPU-b9c5c232"
	   GpusMemory (MB)      :  7541                       
	   Memory (MB)          :  8833       71680     71680 
	   TimeExecute (s)      :  6686                       
	   TimeSlotBusy (s)     :  6686                       
...
