000 (006.004.000) 2026-01-15 18:58:24 Job submitted from host: <10.87.28.151:9618?addrs=10.87.28.151-9618&alias=brigand.esat.kuleuven.be&noUDP&sock=schedd_1447_19a1>
...
001 (006.004.000) 2026-01-15 18:58:29 Job executing on host: <10.87.24.221:9618?addrs=10.87.24.221-9618&alias=pythagoras.esat.kuleuven.be&noUDP&sock=startd_6252_ee32>
	SlotName: slot1_4@pythagoras.esat.kuleuven.be
	AvailableGPUs = { GPUs_GPU_fc2ca538 }
	CondorScratchDir = "/usr/data/condor/execute/dir_516297/scratch"
	Cpus = 8
	Disk = 1048576
	GPUs = 1
	GPUs_GPU_fc2ca538 = [ Id = "GPU-fc2ca538"; ClockMhz = 2520.0; Capability = 8.9; CoresPerCU = 128; DeviceName = "NVIDIA L40S"; DeviceUuid = "fc2ca538-24e4-677a-427c-706ba81bad21"; ECCEnabled = true; ComputeUnits = 142; NvidiaDriver = "580.119.02"; DriverVersion = 13.0; DevicePciBusId = "0000:61:00.0"; GlobalMemoryMb = 45458; MaxSupportedVersion = 13000 ]
	Memory = 71680
...
006 (006.004.000) 2026-01-15 18:58:38 Image size of job updated: 445000
	435  -  MemoryUsage of job (MB)
	445000  -  ResidentSetSize of job (KB)
...
006 (006.004.000) 2026-01-15 19:03:38 Image size of job updated: 8291060
	7707  -  MemoryUsage of job (MB)
	7891400  -  ResidentSetSize of job (KB)
...
006 (006.004.000) 2026-01-15 19:18:39 Image size of job updated: 8721340
	7707  -  MemoryUsage of job (MB)
	7891400  -  ResidentSetSize of job (KB)
...
006 (006.004.000) 2026-01-15 19:48:43 Image size of job updated: 8721340
	8182  -  MemoryUsage of job (MB)
	8378220  -  ResidentSetSize of job (KB)
...
006 (006.004.000) 2026-01-15 19:53:43 Image size of job updated: 8721340
	8273  -  MemoryUsage of job (MB)
	8471060  -  ResidentSetSize of job (KB)
...
006 (006.004.000) 2026-01-15 19:58:45 Image size of job updated: 8824160
	8396  -  MemoryUsage of job (MB)
	8596756  -  ResidentSetSize of job (KB)
...
006 (006.004.000) 2026-01-15 20:28:47 Image size of job updated: 9317284
	8555  -  MemoryUsage of job (MB)
	8759492  -  ResidentSetSize of job (KB)
...
005 (006.004.000) 2026-01-15 21:02:16 Job terminated.
	(1) Normal termination (return value 0)
		Usr 0 03:13:52, Sys 0 01:24:47  -  Run Remote Usage
		Usr 0 00:00:00, Sys 0 00:00:00  -  Run Local Usage
		Usr 0 03:13:52, Sys 0 01:24:47  -  Total Remote Usage
		Usr 0 00:00:00, Sys 0 00:00:00  -  Total Local Usage
	0  -  Run Bytes Sent By Job
	0  -  Run Bytes Received By Job
	0  -  Total Bytes Sent By Job
	0  -  Total Bytes Received By Job
	Partitionable Resources :    Usage  Request Allocated Assigned
	   Cpus                 :     2.27        8         8 
	   Disk (KB)            :     2     1048576   1048576 
	   GPUs                 :     0.45        1         1 "GPU-fc2ca538"
	   GpusMemory (MB)      :  8031                       
	   Memory (MB)          :  8555       71680     71680 
	   TimeExecute (s)      :  7427                       
	   TimeSlotBusy (s)     :  7427                       
...
