000 (007.000.000) 2026-01-16 21:39:18 Job submitted from host: <10.87.28.151:9618?addrs=10.87.28.151-9618&alias=brigand.esat.kuleuven.be&noUDP&sock=schedd_1447_19a1>
...
001 (007.000.000) 2026-01-16 21:39:19 Job executing on host: <10.87.24.130:9618?addrs=10.87.24.130-9618&alias=hematite.esat.kuleuven.be&noUDP&sock=startd_1494_5694>
	SlotName: slot1_1@hematite.esat.kuleuven.be
	AvailableGPUs = { GPUs_GPU_787d0d0e }
	CondorScratchDir = "/usr/data/condor/execute/dir_203492/scratch"
	Cpus = 8
	Disk = 1048576
	GPUs = 1
	GPUs_GPU_787d0d0e = [ Id = "GPU-787d0d0e"; ClockMhz = 1770.0; Capability = 7.5; CoresPerCU = 64; DeviceName = "NVIDIA TITAN RTX"; DeviceUuid = "787d0d0e-3d6d-1bda-8204-741fb672d243"; ECCEnabled = false; ComputeUnits = 72; NvidiaDriver = "580.119.02"; DriverVersion = 13.0; DevicePciBusId = "0000:01:00.0"; GlobalMemoryMb = 24023; MaxSupportedVersion = 13000 ]
	Memory = 20480
...
006 (007.000.000) 2026-01-16 21:39:28 Image size of job updated: 153168
	150  -  MemoryUsage of job (MB)
	153168  -  ResidentSetSize of job (KB)
...
006 (007.000.000) 2026-01-16 21:44:29 Image size of job updated: 819040
	796  -  MemoryUsage of job (MB)
	815076  -  ResidentSetSize of job (KB)
...
006 (007.000.000) 2026-01-16 21:49:29 Image size of job updated: 823220
	800  -  MemoryUsage of job (MB)
	818720  -  ResidentSetSize of job (KB)
...
006 (007.000.000) 2026-01-16 21:59:30 Image size of job updated: 824864
	800  -  MemoryUsage of job (MB)
	818956  -  ResidentSetSize of job (KB)
...
006 (007.000.000) 2026-01-16 22:24:31 Image size of job updated: 834300
	800  -  MemoryUsage of job (MB)
	818956  -  ResidentSetSize of job (KB)
...
006 (007.000.000) 2026-01-16 22:29:32 Image size of job updated: 834300
	800  -  MemoryUsage of job (MB)
	818980  -  ResidentSetSize of job (KB)
...
006 (007.000.000) 2026-01-16 22:49:33 Image size of job updated: 843336
	800  -  MemoryUsage of job (MB)
	818980  -  ResidentSetSize of job (KB)
...
005 (007.000.000) 2026-01-16 22:59:17 Job terminated.
	(1) Normal termination (return value 0)
		Usr 0 01:18:54, Sys 0 00:00:29  -  Run Remote Usage
		Usr 0 00:00:00, Sys 0 00:00:00  -  Run Local Usage
		Usr 0 01:18:54, Sys 0 00:00:29  -  Total Remote Usage
		Usr 0 00:00:00, Sys 0 00:00:00  -  Total Local Usage
	0  -  Run Bytes Sent By Job
	0  -  Run Bytes Received By Job
	0  -  Total Bytes Sent By Job
	0  -  Total Bytes Received By Job
	Partitionable Resources :    Usage  Request Allocated Assigned
	   Cpus                 :     1.00        8         8 
	   Disk (KB)            :     2     1048576   1048576 
	   GPUs                 :     0.20        1         1 "GPU-787d0d0e"
	   GpusMemory (MB)      :   948                       
	   Memory (MB)          :   800       20480     20480 
	   TimeExecute (s)      :  4798                       
	   TimeSlotBusy (s)     :  4798                       
...
