Starting Job
/esat/smcdata/users/kkontras/Image_Dataset/no_backup/git/Synergy/mydatasets/Xor/Xor_PID3Main_MaskSynIB_Search.py
/esat/smcdata/users/kkontras/Image_Dataset/no_backup/envs/synergy_new/bin/python
Python 3.10.19
/esat/smcdata/users/kkontras/Image_Dataset/no_backup/git/Synergy
We have 1 GPU
/esat/smcdata/users/kkontras/Image_Dataset/no_backup/git/Synergy/mydatasets/Xor/Xor_PID3Main_MaskSynIB_Search.py

Executing command: python /esat/smcdata/users/kkontras/Image_Dataset/no_backup/git/Synergy/mydatasets/Xor/Xor_PID3Main_MaskSynIB_Search.py
[LOAD] path=pid_synthetic_tuning/maintuned_valacc_nlrwddr.jsonl
[LOAD] abs_path=/esat/smcdata/users/kkontras/Image_Dataset/no_backup/git/Synergy/pid_synthetic_tuning/maintuned_valacc_nlrwddr.jsonl
[LOAD] file does not exist -> returning empty
==============================================================================================================
[DEFAULT CONFIG]
  dims: dim0=32 dim1=32
  blocks0: unique=6 red=6 syn=6 noise=14 | random_pos=False
  blocks1: unique=6 red=6 syn=6 noise=14 | random_pos=False
  SNR: unique_strength=3 red_strength=3 syn_strength=3 noise_std=1
  train: n_train=2000 n_test=4000 batch=64 epochs=30 lr=3.0e-04
  loss: lambda_uni=1 lambda_kl=10 lambda_shortcut_inv=0
  probs: u1=0.3, u2=0.3, red=0.3, syn=0.1
==============================================================================================================
[RUN] sweep non-overlap source probs (u1/u2/red/syn)
[LOG] append/dedupe json: pid_synthetic_tuning/maintuned_valacc_nlrwddr.jsonl
pu1 pu2 pred psyn | MainTot SynIBTot | Main(u1,u2,red,syn) | SynIB(u1,u2,red,syn) | det | status
---------------------------------------------------------------------------------------------------
[TUNE main] lr=3.00e-04 wd=1.00e-05 dr=0.30 | val_acc=1.0000 val_syn_cc=nan val_loss=0.0070 | test_acc=0.9962 test_syn_cc=nan| score=1.0000
0.55 0.00 0.45 0.00 | 1.000±0.000 | nan±nan | 0.996±0.001 | nan±nan | best lr=3.00e-04 wd=1.00e-05 dr=0.30 | ADD
[TUNE main] lr=3.00e-04 wd=1.00e-05 dr=0.30 | val_acc=0.9783 val_syn_cc=0.9397 val_loss=0.0697 | test_acc=0.9763 test_syn_cc=0.9257| score=0.9783
0.40 0.00 0.35 0.25 | 0.978±0.008 | 0.940±0.037 | 0.976±0.006 | 0.926±0.020 | best lr=3.00e-04 wd=1.00e-05 dr=0.30 | ADD
[TUNE main] lr=3.00e-04 wd=1.00e-05 dr=0.30 | val_acc=0.9983 val_syn_cc=0.9968 val_loss=0.0218 | test_acc=0.9882 test_syn_cc=0.9840| score=0.9983
0.45 0.00 0.00 0.55 | 0.998±0.003 | 0.997±0.006 | 0.988±0.003 | 0.984±0.006 | best lr=3.00e-04 wd=1.00e-05 dr=0.30 | ADD
[TUNE main] lr=3.00e-04 wd=1.00e-05 dr=0.30 | val_acc=0.9767 val_syn_cc=0.6355 val_loss=0.0836 | test_acc=0.9650 test_syn_cc=0.4648| score=0.9767
0.20 0.00 0.75 0.05 | 0.977±0.013 | 0.636±0.118 | 0.965±0.001 | 0.465±0.019 | best lr=3.00e-04 wd=1.00e-05 dr=0.30 | ADD
[TUNE main] lr=3.00e-04 wd=1.00e-05 dr=0.30 | val_acc=0.9683 val_syn_cc=0.7402 val_loss=0.1354 | test_acc=0.9428 test_syn_cc=0.5474| score=0.9683
0.35 0.00 0.55 0.10 | 0.968±0.010 | 0.740±0.031 | 0.943±0.012 | 0.547±0.055 | best lr=3.00e-04 wd=1.00e-05 dr=0.30 | ADD
[TUNE main] lr=3.00e-04 wd=1.00e-05 dr=0.30 | val_acc=0.9817 val_syn_cc=0.9763 val_loss=0.0836 | test_acc=0.9805 test_syn_cc=0.9570| score=0.9817
0.55 0.00 0.10 0.35 | 0.982±0.014 | 0.976±0.030 | 0.981±0.004 | 0.957±0.014 | best lr=3.00e-04 wd=1.00e-05 dr=0.30 | ADD
[TUNE main] lr=3.00e-04 wd=1.00e-05 dr=0.30 | val_acc=0.9933 val_syn_cc=0.9927 val_loss=0.0244 | test_acc=0.9818 test_syn_cc=0.9688| score=0.9933
0.35 0.00 0.25 0.40 | 0.993±0.003 | 0.993±0.013 | 0.982±0.007 | 0.969±0.016 | best lr=3.00e-04 wd=1.00e-05 dr=0.30 | ADD
[TUNE main] lr=3.00e-04 wd=1.00e-05 dr=0.30 | val_acc=0.9700 val_syn_cc=0.7771 val_loss=0.1212 | test_acc=0.9549 test_syn_cc=0.6043| score=0.9700
0.60 0.00 0.30 0.10 | 0.970±0.005 | 0.777±0.044 | 0.955±0.008 | 0.604±0.072 | best lr=3.00e-04 wd=1.00e-05 dr=0.30 | ADD
[TUNE main] lr=3.00e-04 wd=1.00e-05 dr=0.30 | val_acc=0.9600 val_syn_cc=0.7819 val_loss=0.2245 | test_acc=0.9377 test_syn_cc=0.6315| score=0.9600
0.35 0.00 0.50 0.15 | 0.960±0.023 | 0.782±0.086 | 0.938±0.011 | 0.631±0.065 | best lr=3.00e-04 wd=1.00e-05 dr=0.30 | ADD
[TUNE main] lr=3.00e-04 wd=1.00e-05 dr=0.30 | val_acc=0.9933 val_syn_cc=0.9876 val_loss=0.0426 | test_acc=0.9874 test_syn_cc=0.9808| score=0.9933
0.15 0.00 0.40 0.45 | 0.993±0.006 | 0.988±0.013 | 0.987±0.003 | 0.981±0.007 | best lr=3.00e-04 wd=1.00e-05 dr=0.30 | ADD
[TUNE main] lr=3.00e-04 wd=1.00e-05 dr=0.30 | val_acc=0.9967 val_syn_cc=1.0000 val_loss=0.0431 | test_acc=0.9937 test_syn_cc=0.9954| score=0.9967
0.05 0.00 -0.00 0.95 | 0.997±0.003 | 1.000±0.000 | 0.994±0.002 | 0.995±0.002 | best lr=3.00e-04 wd=1.00e-05 dr=0.30 | ADD
[TUNE main] lr=3.00e-04 wd=1.00e-05 dr=0.30 | val_acc=0.9833 val_syn_cc=0.9764 val_loss=0.0674 | test_acc=0.9828 test_syn_cc=0.9644| score=0.9833
0.05 0.00 0.60 0.35 | 0.983±0.008 | 0.976±0.014 | 0.983±0.004 | 0.964±0.009 | best lr=3.00e-04 wd=1.00e-05 dr=0.30 | ADD
[TUNE main] lr=3.00e-04 wd=1.00e-05 dr=0.30 | val_acc=1.0000 val_syn_cc=1.0000 val_loss=0.0090 | test_acc=0.9889 test_syn_cc=0.9790| score=1.0000
0.00 0.00 0.55 0.45 | 1.000±0.000 | 1.000±0.000 | 0.989±0.001 | 0.979±0.003 | best lr=3.00e-04 wd=1.00e-05 dr=0.30 | ADD
[TUNE main] lr=3.00e-04 wd=1.00e-05 dr=0.30 | val_acc=0.9700 val_syn_cc=0.8212 val_loss=0.1034 | test_acc=0.9530 test_syn_cc=0.7379| score=0.9700
0.65 0.00 0.20 0.15 | 0.970±0.015 | 0.821±0.110 | 0.953±0.015 | 0.738±0.101 | best lr=3.00e-04 wd=1.00e-05 dr=0.30 | ADD
[TUNE main] lr=3.00e-04 wd=1.00e-05 dr=0.30 | val_acc=0.9883 val_syn_cc=0.9807 val_loss=0.0341 | test_acc=0.9786 test_syn_cc=0.9421| score=0.9883
0.05 0.00 0.65 0.30 | 0.988±0.003 | 0.981±0.020 | 0.979±0.006 | 0.942±0.022 | best lr=3.00e-04 wd=1.00e-05 dr=0.30 | ADD
[TUNE main] lr=3.00e-04 wd=1.00e-05 dr=0.30 | val_acc=0.9783 val_syn_cc=0.9327 val_loss=0.0768 | test_acc=0.9690 test_syn_cc=0.9001| score=0.9783
0.60 0.00 0.15 0.25 | 0.978±0.008 | 0.933±0.023 | 0.969±0.012 | 0.900±0.044 | best lr=3.00e-04 wd=1.00e-05 dr=0.30 | ADD
[TUNE main] lr=3.00e-04 wd=1.00e-05 dr=0.30 | val_acc=1.0000 val_syn_cc=1.0000 val_loss=0.0219 | test_acc=0.9867 test_syn_cc=0.9832| score=1.0000
0.40 0.00 0.05 0.55 | 1.000±0.000 | 1.000±0.000 | 0.987±0.000 | 0.983±0.003 | best lr=3.00e-04 wd=1.00e-05 dr=0.30 | ADD
[TUNE main] lr=3.00e-04 wd=1.00e-05 dr=0.30 | val_acc=0.9733 val_syn_cc=0.8647 val_loss=0.1348 | test_acc=0.9568 test_syn_cc=0.7443| score=0.9733
0.75 0.00 0.10 0.15 | 0.973±0.010 | 0.865±0.009 | 0.957±0.009 | 0.744±0.056 | best lr=3.00e-04 wd=1.00e-05 dr=0.30 | ADD
[TUNE main] lr=3.00e-04 wd=1.00e-05 dr=0.30 | val_acc=0.9933 val_syn_cc=0.9935 val_loss=0.0241 | test_acc=0.9843 test_syn_cc=0.9752| score=0.9933
0.45 0.00 0.10 0.45 | 0.993±0.008 | 0.993±0.011 | 0.984±0.005 | 0.975±0.013 | best lr=3.00e-04 wd=1.00e-05 dr=0.30 | ADD
[TUNE main] lr=3.00e-04 wd=1.00e-05 dr=0.30 | val_acc=0.9833 val_syn_cc=0.9797 val_loss=0.0569 | test_acc=0.9837 test_syn_cc=0.9714| score=0.9833
0.15 0.00 0.45 0.40 | 0.983±0.016 | 0.980±0.014 | 0.984±0.003 | 0.971±0.006 | best lr=3.00e-04 wd=1.00e-05 dr=0.30 | ADD
[TUNE main] lr=3.00e-04 wd=1.00e-05 dr=0.30 | val_acc=0.9667 val_syn_cc=0.7389 val_loss=0.1549 | test_acc=0.9533 test_syn_cc=0.5843| score=0.9667
0.80 0.00 0.10 0.10 | 0.967±0.012 | 0.739±0.067 | 0.953±0.006 | 0.584±0.087 | best lr=3.00e-04 wd=1.00e-05 dr=0.30 | ADD
[TUNE main] lr=3.00e-04 wd=1.00e-05 dr=0.30 | val_acc=0.9900 val_syn_cc=0.9972 val_loss=0.0379 | test_acc=0.9868 test_syn_cc=0.9851| score=0.9900
0.10 0.00 0.30 0.60 | 0.990±0.000 | 0.997±0.005 | 0.987±0.005 | 0.985±0.007 | best lr=3.00e-04 wd=1.00e-05 dr=0.30 | ADD
[TUNE main] lr=3.00e-04 wd=1.00e-05 dr=0.30 | val_acc=0.9950 val_syn_cc=1.0000 val_loss=0.0228 | test_acc=0.9897 test_syn_cc=0.9929| score=0.9950
0.05 0.00 0.10 0.85 | 0.995±0.005 | 1.000±0.000 | 0.990±0.004 | 0.993±0.004 | best lr=3.00e-04 wd=1.00e-05 dr=0.30 | ADD
[TUNE main] lr=3.00e-04 wd=1.00e-05 dr=0.30 | val_acc=1.0000 val_syn_cc=1.0000 val_loss=0.0114 | test_acc=0.9904 test_syn_cc=0.9790| score=1.0000
0.00 0.00 0.60 0.40 | 1.000±0.000 | 1.000±0.000 | 0.990±0.000 | 0.979±0.001 | best lr=3.00e-04 wd=1.00e-05 dr=0.30 | ADD
[TUNE main] lr=3.00e-04 wd=1.00e-05 dr=0.30 | val_acc=0.9833 val_syn_cc=0.9753 val_loss=0.0488 | test_acc=0.9849 test_syn_cc=0.9765| score=0.9833
0.20 0.00 0.40 0.40 | 0.983±0.008 | 0.975±0.012 | 0.985±0.004 | 0.976±0.007 | best lr=3.00e-04 wd=1.00e-05 dr=0.30 | ADD
[TUNE main] lr=3.00e-04 wd=1.00e-05 dr=0.30 | val_acc=0.9900 val_syn_cc=0.9972 val_loss=0.0324 | test_acc=0.9858 test_syn_cc=0.9858| score=0.9900
0.35 0.00 0.05 0.60 | 0.990±0.009 | 0.997±0.005 | 0.986±0.006 | 0.986±0.009 | best lr=3.00e-04 wd=1.00e-05 dr=0.30 | ADD
[TUNE main] lr=3.00e-04 wd=1.00e-05 dr=0.30 | val_acc=0.9717 val_syn_cc=0.8606 val_loss=0.1151 | test_acc=0.9597 test_syn_cc=0.7613| score=0.9717
0.85 0.00 -0.00 0.15 | 0.972±0.020 | 0.861±0.100 | 0.960±0.015 | 0.761±0.080 | best lr=3.00e-04 wd=1.00e-05 dr=0.30 | ADD
[TUNE main] lr=3.00e-04 wd=1.00e-05 dr=0.30 | val_acc=0.9817 val_syn_cc=0.9410 val_loss=0.0621 | test_acc=0.9677 test_syn_cc=0.8650| score=0.9817
0.35 0.00 0.45 0.20 | 0.982±0.010 | 0.941±0.038 | 0.968±0.009 | 0.865±0.039 | best lr=3.00e-04 wd=1.00e-05 dr=0.30 | ADD
[TUNE main] lr=3.00e-04 wd=1.00e-05 dr=0.30 | val_acc=0.9900 val_syn_cc=0.9808 val_loss=0.0405 | test_acc=0.9812 test_syn_cc=0.9622| score=0.9900
0.50 0.00 0.10 0.40 | 0.990±0.005 | 0.981±0.014 | 0.981±0.006 | 0.962±0.015 | best lr=3.00e-04 wd=1.00e-05 dr=0.30 | ADD
[TUNE main] lr=3.00e-04 wd=1.00e-05 dr=0.30 | val_acc=0.9633 val_syn_cc=0.8689 val_loss=0.1241 | test_acc=0.9625 test_syn_cc=0.8405| score=0.9633
0.30 0.00 0.50 0.20 | 0.963±0.003 | 0.869±0.069 | 0.963±0.011 | 0.840±0.056 | best lr=3.00e-04 wd=1.00e-05 dr=0.30 | ADD
[TUNE main] lr=3.00e-04 wd=1.00e-05 dr=0.30 | val_acc=0.9833 val_syn_cc=0.5794 val_loss=0.0632 | test_acc=0.9625 test_syn_cc=0.5169| score=0.9833
0.45 0.00 0.50 0.05 | 0.983±0.008 | 0.579±0.084 | 0.963±0.011 | 0.517±0.071 | best lr=3.00e-04 wd=1.00e-05 dr=0.30 | ADD
[TUNE main] lr=3.00e-04 wd=1.00e-05 dr=0.30 | val_acc=0.9600 val_syn_cc=0.7599 val_loss=0.1751 | test_acc=0.9456 test_syn_cc=0.5497| score=0.9600
0.40 0.00 0.50 0.10 | 0.960±0.018 | 0.760±0.219 | 0.946±0.007 | 0.550±0.043 | best lr=3.00e-04 wd=1.00e-05 dr=0.30 | ADD
[TUNE main] lr=3.00e-04 wd=1.00e-05 dr=0.30 | val_acc=0.9817 val_syn_cc=0.9310 val_loss=0.0890 | test_acc=0.9822 test_syn_cc=0.9355| score=0.9817
0.75 0.00 0.00 0.25 | 0.982±0.013 | 0.931±0.054 | 0.982±0.004 | 0.936±0.014 | best lr=3.00e-04 wd=1.00e-05 dr=0.30 | ADD
[TUNE main] lr=3.00e-04 wd=1.00e-05 dr=0.30 | val_acc=0.9650 val_syn_cc=0.6745 val_loss=0.1428 | test_acc=0.9486 test_syn_cc=0.5360| score=0.9650
0.85 0.00 0.05 0.10 | 0.965±0.009 | 0.674±0.045 | 0.949±0.003 | 0.536±0.041 | best lr=3.00e-04 wd=1.00e-05 dr=0.30 | ADD
[TUNE main] lr=3.00e-04 wd=1.00e-05 dr=0.30 | val_acc=0.9933 val_syn_cc=0.9903 val_loss=0.0308 | test_acc=0.9870 test_syn_cc=0.9818| score=0.9933
0.45 0.00 0.05 0.50 | 0.993±0.003 | 0.990±0.010 | 0.987±0.003 | 0.982±0.004 | best lr=3.00e-04 wd=1.00e-05 dr=0.30 | ADD
[TUNE main] lr=3.00e-04 wd=1.00e-05 dr=0.30 | val_acc=0.9767 val_syn_cc=0.6474 val_loss=0.1352 | test_acc=0.9645 test_syn_cc=0.4864| score=0.9767
0.60 0.00 0.35 0.05 | 0.977±0.006 | 0.647±0.057 | 0.965±0.004 | 0.486±0.053 | best lr=3.00e-04 wd=1.00e-05 dr=0.30 | ADD
[TUNE main] lr=3.00e-04 wd=1.00e-05 dr=0.30 | val_acc=0.9833 val_syn_cc=0.9508 val_loss=0.0676 | test_acc=0.9799 test_syn_cc=0.9372| score=0.9833
0.65 0.00 0.10 0.25 | 0.983±0.008 | 0.951±0.033 | 0.980±0.007 | 0.937±0.032 | best lr=3.00e-04 wd=1.00e-05 dr=0.30 | ADD
[TUNE main] lr=3.00e-04 wd=1.00e-05 dr=0.30 | val_acc=0.9817 val_syn_cc=0.9356 val_loss=0.0643 | test_acc=0.9746 test_syn_cc=0.9173| score=0.9817
0.45 0.00 0.30 0.25 | 0.982±0.016 | 0.936±0.057 | 0.975±0.008 | 0.917±0.027 | best lr=3.00e-04 wd=1.00e-05 dr=0.30 | ADD
[TUNE main] lr=3.00e-04 wd=1.00e-05 dr=0.30 | val_acc=0.9583 val_syn_cc=0.8320 val_loss=0.1983 | test_acc=0.9617 test_syn_cc=0.8353| score=0.9583
0.65 0.00 0.15 0.20 | 0.958±0.028 | 0.832±0.119 | 0.962±0.013 | 0.835±0.066 | best lr=3.00e-04 wd=1.00e-05 dr=0.30 | ADD
[TUNE main] lr=3.00e-04 wd=1.00e-05 dr=0.30 | val_acc=0.9967 val_syn_cc=0.9978 val_loss=0.0331 | test_acc=0.9888 test_syn_cc=0.9895| score=0.9967
0.10 0.00 0.15 0.75 | 0.997±0.006 | 0.998±0.004 | 0.989±0.003 | 0.990±0.005 | best lr=3.00e-04 wd=1.00e-05 dr=0.30 | ADD
[TUNE main] lr=3.00e-04 wd=1.00e-05 dr=0.30 | val_acc=0.9950 val_syn_cc=0.9952 val_loss=0.0282 | test_acc=0.9930 test_syn_cc=0.9916| score=0.9950
0.00 0.00 0.30 0.70 | 0.995±0.005 | 0.995±0.004 | 0.993±0.002 | 0.992±0.001 | best lr=3.00e-04 wd=1.00e-05 dr=0.30 | ADD
[TUNE main] lr=3.00e-04 wd=1.00e-05 dr=0.30 | val_acc=0.9917 val_syn_cc=0.9937 val_loss=0.0423 | test_acc=0.9828 test_syn_cc=0.9773| score=0.9917
0.25 0.00 0.25 0.50 | 0.992±0.006 | 0.994±0.011 | 0.983±0.003 | 0.977±0.005 | best lr=3.00e-04 wd=1.00e-05 dr=0.30 | ADD
[TUNE main] lr=3.00e-04 wd=1.00e-05 dr=0.30 | val_acc=0.9783 val_syn_cc=0.9485 val_loss=0.0658 | test_acc=0.9735 test_syn_cc=0.9168| score=0.9783
0.35 0.00 0.40 0.25 | 0.978±0.014 | 0.948±0.050 | 0.974±0.010 | 0.917±0.030 | best lr=3.00e-04 wd=1.00e-05 dr=0.30 | ADD
[TUNE main] lr=3.00e-04 wd=1.00e-05 dr=0.30 | val_acc=0.9483 val_syn_cc=0.7010 val_loss=0.2899 | test_acc=0.9371 test_syn_cc=0.6309| score=0.9483
0.55 0.00 0.30 0.15 | 0.948±0.013 | 0.701±0.065 | 0.937±0.013 | 0.631±0.094 | best lr=3.00e-04 wd=1.00e-05 dr=0.30 | ADD
[TUNE main] lr=3.00e-04 wd=1.00e-05 dr=0.30 | val_acc=0.9917 val_syn_cc=0.9787 val_loss=0.0299 | test_acc=0.9866 test_syn_cc=0.9723| score=0.9917
0.60 0.00 0.05 0.35 | 0.992±0.006 | 0.979±0.013 | 0.987±0.004 | 0.972±0.008 | best lr=3.00e-04 wd=1.00e-05 dr=0.30 | ADD
[TUNE main] lr=3.00e-04 wd=1.00e-05 dr=0.30 | val_acc=0.9833 val_syn_cc=0.9135 val_loss=0.0867 | test_acc=0.9690 test_syn_cc=0.8779| score=0.9833
0.45 0.00 0.35 0.20 | 0.983±0.008 | 0.913±0.037 | 0.969±0.010 | 0.878±0.057 | best lr=3.00e-04 wd=1.00e-05 dr=0.30 | ADD
[TUNE main] lr=3.00e-04 wd=1.00e-05 dr=0.30 | val_acc=0.9950 val_syn_cc=1.0000 val_loss=0.0264 | test_acc=0.9880 test_syn_cc=0.9888| score=0.9950
0.30 0.00 0.05 0.65 | 0.995±0.000 | 1.000±0.000 | 0.988±0.002 | 0.989±0.001 | best lr=3.00e-04 wd=1.00e-05 dr=0.30 | ADD
[TUNE main] lr=3.00e-04 wd=1.00e-05 dr=0.30 | val_acc=0.9617 val_syn_cc=0.7937 val_loss=0.1917 | test_acc=0.9542 test_syn_cc=0.7431| score=0.9617
0.30 0.00 0.55 0.15 | 0.962±0.013 | 0.794±0.053 | 0.954±0.016 | 0.743±0.092 | best lr=3.00e-04 wd=1.00e-05 dr=0.30 | ADD
[TUNE main] lr=3.00e-04 wd=1.00e-05 dr=0.30 | val_acc=0.9933 val_syn_cc=0.9967 val_loss=0.0195 | test_acc=0.9824 test_syn_cc=0.9777| score=0.9933
0.30 0.00 0.20 0.50 | 0.993±0.003 | 0.997±0.006 | 0.982±0.005 | 0.978±0.008 | best lr=3.00e-04 wd=1.00e-05 dr=0.30 | ADD
[TUNE main] lr=3.00e-04 wd=1.00e-05 dr=0.30 | val_acc=0.9983 val_syn_cc=1.0000 val_loss=0.0192 | test_acc=0.9898 test_syn_cc=0.9834| score=0.9983
0.00 0.00 0.45 0.55 | 0.998±0.003 | 1.000±0.000 | 0.990±0.001 | 0.983±0.002 | best lr=3.00e-04 wd=1.00e-05 dr=0.30 | ADD
[TUNE main] lr=3.00e-04 wd=1.00e-05 dr=0.30 | val_acc=0.9867 val_syn_cc=0.9880 val_loss=0.0395 | test_acc=0.9820 test_syn_cc=0.9651| score=0.9867
0.05 0.00 0.55 0.40 | 0.987±0.014 | 0.988±0.012 | 0.982±0.001 | 0.965±0.005 | best lr=3.00e-04 wd=1.00e-05 dr=0.30 | ADD
[TUNE main] lr=3.00e-04 wd=1.00e-05 dr=0.30 | val_acc=0.9933 val_syn_cc=0.9886 val_loss=0.0374 | test_acc=0.9840 test_syn_cc=0.9726| score=0.9933
0.55 0.00 0.05 0.40 | 0.993±0.003 | 0.989±0.012 | 0.984±0.002 | 0.973±0.003 | best lr=3.00e-04 wd=1.00e-05 dr=0.30 | ADD
[TUNE main] lr=3.00e-04 wd=1.00e-05 dr=0.30 | val_acc=0.9983 val_syn_cc=0.9970 val_loss=0.0172 | test_acc=0.9856 test_syn_cc=0.9730| score=0.9983
0.55 0.00 -0.00 0.45 | 0.998±0.003 | 0.997±0.005 | 0.986±0.002 | 0.973±0.007 | best lr=3.00e-04 wd=1.00e-05 dr=0.30 | ADD
[TUNE main] lr=3.00e-04 wd=1.00e-05 dr=0.30 | val_acc=1.0000 val_syn_cc=nan val_loss=0.0060 | test_acc=0.9998 test_syn_cc=nan| score=1.0000
1.00 0.00 0.00 0.00 | 1.000±0.000 | nan±nan | 1.000±0.000 | nan±nan | best lr=3.00e-04 wd=1.00e-05 dr=0.30 | ADD
[TUNE main] lr=3.00e-04 wd=1.00e-05 dr=0.30 | val_acc=0.9933 val_syn_cc=0.9977 val_loss=0.0229 | test_acc=0.9908 test_syn_cc=0.9918| score=0.9933
0.10 0.00 0.20 0.70 | 0.993±0.003 | 0.998±0.004 | 0.991±0.001 | 0.992±0.002 | best lr=3.00e-04 wd=1.00e-05 dr=0.30 | ADD
[TUNE main] lr=3.00e-04 wd=1.00e-05 dr=0.30 | val_acc=0.9917 val_syn_cc=0.9979 val_loss=0.0530 | test_acc=0.9889 test_syn_cc=0.9904| score=0.9917
0.05 0.00 0.15 0.80 | 0.992±0.003 | 0.998±0.004 | 0.989±0.006 | 0.990±0.007 | best lr=3.00e-04 wd=1.00e-05 dr=0.30 | ADD
[TUNE main] lr=3.00e-04 wd=1.00e-05 dr=0.30 | val_acc=0.9967 val_syn_cc=0.9979 val_loss=0.0183 | test_acc=0.9912 test_syn_cc=0.9930| score=0.9967
0.20 0.00 0.05 0.75 | 0.997±0.006 | 0.998±0.004 | 0.991±0.002 | 0.993±0.005 | best lr=3.00e-04 wd=1.00e-05 dr=0.30 | ADD
[TUNE main] lr=3.00e-04 wd=1.00e-05 dr=0.30 | val_acc=0.9750 val_syn_cc=0.9168 val_loss=0.0886 | test_acc=0.9677 test_syn_cc=0.8931| score=0.9750
0.05 0.00 0.70 0.25 | 0.975±0.015 | 0.917±0.039 | 0.968±0.014 | 0.893±0.056 | best lr=3.00e-04 wd=1.00e-05 dr=0.30 | ADD
[TUNE main] lr=3.00e-04 wd=1.00e-05 dr=0.30 | val_acc=0.9817 val_syn_cc=0.6316 val_loss=0.0967 | test_acc=0.9601 test_syn_cc=0.4985| score=0.9817
0.50 0.00 0.45 0.05 | 0.982±0.010 | 0.632±0.080 | 0.960±0.008 | 0.498±0.034 | best lr=3.00e-04 wd=1.00e-05 dr=0.30 | ADD
[TUNE main] lr=3.00e-04 wd=1.00e-05 dr=0.30 | val_acc=0.9933 val_syn_cc=0.9941 val_loss=0.0170 | test_acc=0.9873 test_syn_cc=0.9858| score=0.9933
0.20 0.00 0.25 0.55 | 0.993±0.003 | 0.994±0.005 | 0.987±0.002 | 0.986±0.003 | best lr=3.00e-04 wd=1.00e-05 dr=0.30 | ADD
[TUNE main] lr=3.00e-04 wd=1.00e-05 dr=0.30 | val_acc=0.9983 val_syn_cc=nan val_loss=0.0178 | test_acc=0.9952 test_syn_cc=nan| score=0.9983
0.25 0.00 0.75 0.00 | 0.998±0.003 | nan±nan | 0.995±0.003 | nan±nan | best lr=3.00e-04 wd=1.00e-05 dr=0.30 | ADD
[TUNE main] lr=3.00e-04 wd=1.00e-05 dr=0.30 | val_acc=0.9967 val_syn_cc=0.9977 val_loss=0.0222 | test_acc=0.9872 test_syn_cc=0.9902| score=0.9967
0.20 0.00 0.15 0.65 | 0.997±0.003 | 0.998±0.004 | 0.987±0.001 | 0.990±0.003 | best lr=3.00e-04 wd=1.00e-05 dr=0.30 | ADD
[TUNE main] lr=3.00e-04 wd=1.00e-05 dr=0.30 | val_acc=0.9950 val_syn_cc=0.9936 val_loss=0.0392 | test_acc=0.9814 test_syn_cc=0.9708| score=0.9950
0.10 0.00 0.40 0.50 | 0.995±0.005 | 0.994±0.006 | 0.981±0.006 | 0.971±0.012 | best lr=3.00e-04 wd=1.00e-05 dr=0.30 | ADD
[TUNE main] lr=3.00e-04 wd=1.00e-05 dr=0.30 | val_acc=0.9733 val_syn_cc=0.7431 val_loss=0.1005 | test_acc=0.9483 test_syn_cc=0.5423| score=0.9733
0.50 0.00 0.40 0.10 | 0.973±0.012 | 0.743±0.073 | 0.948±0.005 | 0.542±0.028 | best lr=3.00e-04 wd=1.00e-05 dr=0.30 | ADD
[TUNE main] lr=3.00e-04 wd=1.00e-05 dr=0.30 | val_acc=0.9533 val_syn_cc=0.6608 val_loss=0.2130 | test_acc=0.9483 test_syn_cc=0.5687| score=0.9533
0.70 0.00 0.20 0.10 | 0.953±0.015 | 0.661±0.098 | 0.948±0.006 | 0.569±0.057 | best lr=3.00e-04 wd=1.00e-05 dr=0.30 | ADD
[TUNE main] lr=3.00e-04 wd=1.00e-05 dr=0.30 | val_acc=1.0000 val_syn_cc=1.0000 val_loss=0.0095 | test_acc=0.9835 test_syn_cc=0.9752| score=1.0000
0.40 0.00 0.15 0.45 | 1.000±0.000 | 1.000±0.000 | 0.983±0.007 | 0.975±0.014 | best lr=3.00e-04 wd=1.00e-05 dr=0.30 | ADD
[TUNE main] lr=3.00e-04 wd=1.00e-05 dr=0.30 | val_acc=0.9750 val_syn_cc=0.6121 val_loss=0.0840 | test_acc=0.9720 test_syn_cc=0.4908| score=0.9750
0.95 0.00 -0.00 0.05 | 0.975±0.005 | 0.612±0.201 | 0.972±0.005 | 0.491±0.035 | best lr=3.00e-04 wd=1.00e-05 dr=0.30 | ADD
[TUNE main] lr=3.00e-04 wd=1.00e-05 dr=0.30 | val_acc=0.9867 val_syn_cc=0.9939 val_loss=0.0428 | test_acc=0.9835 test_syn_cc=0.9796| score=0.9867
0.15 0.00 0.30 0.55 | 0.987±0.008 | 0.994±0.005 | 0.983±0.002 | 0.980±0.003 | best lr=3.00e-04 wd=1.00e-05 dr=0.30 | ADD
[TUNE main] lr=3.00e-04 wd=1.00e-05 dr=0.30 | val_acc=0.9983 val_syn_cc=nan val_loss=0.0088 | test_acc=0.9961 test_syn_cc=nan| score=0.9983
0.80 0.00 0.20 0.00 | 0.998±0.003 | nan±nan | 0.996±0.001 | nan±nan | best lr=3.00e-04 wd=1.00e-05 dr=0.30 | ADD
[TUNE main] lr=3.00e-04 wd=1.00e-05 dr=0.30 | val_acc=0.9983 val_syn_cc=1.0000 val_loss=0.0170 | test_acc=0.9877 test_syn_cc=0.9858| score=0.9983
0.20 0.00 0.30 0.50 | 0.998±0.003 | 1.000±0.000 | 0.988±0.001 | 0.986±0.003 | best lr=3.00e-04 wd=1.00e-05 dr=0.30 | ADD
[TUNE main] lr=3.00e-04 wd=1.00e-05 dr=0.30 | val_acc=1.0000 val_syn_cc=nan val_loss=0.0041 | test_acc=0.9998 test_syn_cc=nan| score=1.0000
0.00 0.00 1.00 0.00 | 1.000±0.000 | nan±nan | 1.000±0.000 | nan±nan | best lr=3.00e-04 wd=1.00e-05 dr=0.30 | ADD
[TUNE main] lr=3.00e-04 wd=1.00e-05 dr=0.30 | val_acc=0.9933 val_syn_cc=0.9970 val_loss=0.0287 | test_acc=0.9876 test_syn_cc=0.9840| score=0.9933
0.15 0.00 0.35 0.50 | 0.993±0.003 | 0.997±0.005 | 0.988±0.002 | 0.984±0.002 | best lr=3.00e-04 wd=1.00e-05 dr=0.30 | ADD
[TUNE main] lr=3.00e-04 wd=1.00e-05 dr=0.30 | val_acc=0.9983 val_syn_cc=1.0000 val_loss=0.0149 | test_acc=0.9928 test_syn_cc=0.9937| score=0.9983
0.00 0.00 0.05 0.95 | 0.998±0.003 | 1.000±0.000 | 0.993±0.001 | 0.994±0.001 | best lr=3.00e-04 wd=1.00e-05 dr=0.30 | ADD
[TUNE main] lr=3.00e-04 wd=1.00e-05 dr=0.30 | val_acc=0.9967 val_syn_cc=1.0000 val_loss=0.0175 | test_acc=0.9902 test_syn_cc=0.9916| score=0.9967
0.15 0.00 0.15 0.70 | 0.997±0.006 | 1.000±0.000 | 0.990±0.002 | 0.992±0.003 | best lr=3.00e-04 wd=1.00e-05 dr=0.30 | ADD
[TUNE main] lr=3.00e-04 wd=1.00e-05 dr=0.30 | val_acc=0.9950 val_syn_cc=1.0000 val_loss=0.0286 | test_acc=0.9858 test_syn_cc=0.9832| score=0.9950
0.05 0.00 0.30 0.65 | 0.995±0.005 | 1.000±0.000 | 0.986±0.006 | 0.983±0.008 | best lr=3.00e-04 wd=1.00e-05 dr=0.30 | ADD
[TUNE main] lr=3.00e-04 wd=1.00e-05 dr=0.30 | val_acc=0.9467 val_syn_cc=0.6761 val_loss=0.1714 | test_acc=0.9466 test_syn_cc=0.6767| score=0.9467
0.45 0.00 0.40 0.15 | 0.947±0.013 | 0.676±0.098 | 0.947±0.025 | 0.677±0.173 | best lr=3.00e-04 wd=1.00e-05 dr=0.30 | ADD
[TUNE main] lr=3.00e-04 wd=1.00e-05 dr=0.30 | val_acc=0.9933 val_syn_cc=0.9971 val_loss=0.0176 | test_acc=0.9893 test_syn_cc=0.9873| score=0.9933
0.05 0.00 0.35 0.60 | 0.993±0.006 | 0.997±0.005 | 0.989±0.003 | 0.987±0.005 | best lr=3.00e-04 wd=1.00e-05 dr=0.30 | ADD
[TUNE main] lr=3.00e-04 wd=1.00e-05 dr=0.30 | val_acc=0.9750 val_syn_cc=0.9062 val_loss=0.0931 | test_acc=0.9633 test_syn_cc=0.8816| score=0.9750
0.25 0.00 0.50 0.25 | 0.975±0.005 | 0.906±0.023 | 0.963±0.012 | 0.882±0.035 | best lr=3.00e-04 wd=1.00e-05 dr=0.30 | ADD
[TUNE main] lr=3.00e-04 wd=1.00e-05 dr=0.30 | val_acc=0.9567 val_syn_cc=0.6733 val_loss=0.1892 | test_acc=0.9474 test_syn_cc=0.5544| score=0.9567
0.15 0.00 0.75 0.10 | 0.957±0.008 | 0.673±0.040 | 0.947±0.004 | 0.554±0.017 | best lr=3.00e-04 wd=1.00e-05 dr=0.30 | ADD
[TUNE main] lr=3.00e-04 wd=1.00e-05 dr=0.30 | val_acc=0.9967 val_syn_cc=1.0000 val_loss=0.0219 | test_acc=0.9906 test_syn_cc=0.9935| score=0.9967
0.15 0.00 0.05 0.80 | 0.997±0.006 | 1.000±0.000 | 0.991±0.001 | 0.994±0.001 | best lr=3.00e-04 wd=1.00e-05 dr=0.30 | ADD
[TUNE main] lr=3.00e-04 wd=1.00e-05 dr=0.30 | val_acc=0.9967 val_syn_cc=1.0000 val_loss=0.0314 | test_acc=0.9899 test_syn_cc=0.9906| score=0.9967
0.20 0.00 0.10 0.70 | 0.997±0.006 | 1.000±0.000 | 0.990±0.003 | 0.991±0.004 | best lr=3.00e-04 wd=1.00e-05 dr=0.30 | ADD
[TUNE main] lr=3.00e-04 wd=1.00e-05 dr=0.30 | val_acc=0.9983 val_syn_cc=nan val_loss=0.0164 | test_acc=0.9961 test_syn_cc=nan| score=0.9983
0.35 0.00 0.65 0.00 | 0.998±0.003 | nan±nan | 0.996±0.001 | nan±nan | best lr=3.00e-04 wd=1.00e-05 dr=0.30 | ADD
[TUNE main] lr=3.00e-04 wd=1.00e-05 dr=0.30 | val_acc=0.9917 val_syn_cc=0.9969 val_loss=0.0278 | test_acc=0.9854 test_syn_cc=0.9792| score=0.9917
0.40 0.00 0.10 0.50 | 0.992±0.006 | 0.997±0.005 | 0.985±0.001 | 0.979±0.000 | best lr=3.00e-04 wd=1.00e-05 dr=0.30 | ADD
[TUNE main] lr=3.00e-04 wd=1.00e-05 dr=0.30 | val_acc=0.9933 val_syn_cc=1.0000 val_loss=0.0223 | test_acc=0.9860 test_syn_cc=0.9780| score=0.9933
0.05 0.00 0.50 0.45 | 0.993±0.008 | 1.000±0.000 | 0.986±0.006 | 0.978±0.009 | best lr=3.00e-04 wd=1.00e-05 dr=0.30 | ADD
[TUNE main] lr=3.00e-04 wd=1.00e-05 dr=0.30 | val_acc=0.9783 val_syn_cc=0.5694 val_loss=0.0853 | test_acc=0.9657 test_syn_cc=0.5167| score=0.9783
0.40 0.00 0.55 0.05 | 0.978±0.012 | 0.569±0.168 | 0.966±0.005 | 0.517±0.029 | best lr=3.00e-04 wd=1.00e-05 dr=0.30 | ADD
[TUNE main] lr=3.00e-04 wd=1.00e-05 dr=0.30 | val_acc=0.9750 val_syn_cc=0.9179 val_loss=0.0897 | test_acc=0.9620 test_syn_cc=0.8626| score=0.9750
0.50 0.00 0.25 0.25 | 0.975±0.005 | 0.918±0.028 | 0.962±0.012 | 0.863±0.049 | best lr=3.00e-04 wd=1.00e-05 dr=0.30 | ADD
[TUNE main] lr=3.00e-04 wd=1.00e-05 dr=0.30 | val_acc=0.9733 val_syn_cc=0.8230 val_loss=0.1060 | test_acc=0.9503 test_syn_cc=0.5882| score=0.9733
0.65 0.00 0.25 0.10 | 0.973±0.016 | 0.823±0.083 | 0.950±0.013 | 0.588±0.102 | best lr=3.00e-04 wd=1.00e-05 dr=0.30 | ADD
[TUNE main] lr=3.00e-04 wd=1.00e-05 dr=0.30 | val_acc=0.9933 val_syn_cc=0.9974 val_loss=0.0292 | test_acc=0.9878 test_syn_cc=0.9886| score=0.9933
0.30 0.00 -0.00 0.70 | 0.993±0.012 | 0.997±0.005 | 0.988±0.001 | 0.989±0.000 | best lr=3.00e-04 wd=1.00e-05 dr=0.30 | ADD
[TUNE main] lr=3.00e-04 wd=1.00e-05 dr=0.30 | val_acc=0.9833 val_syn_cc=0.9585 val_loss=0.0560 | test_acc=0.9801 test_syn_cc=0.9398| score=0.9833
0.00 0.00 0.70 0.30 | 0.983±0.006 | 0.959±0.014 | 0.980±0.005 | 0.940±0.018 | best lr=3.00e-04 wd=1.00e-05 dr=0.30 | ADD
[TUNE main] lr=3.00e-04 wd=1.00e-05 dr=0.30 | val_acc=0.9983 val_syn_cc=1.0000 val_loss=0.0244 | test_acc=0.9878 test_syn_cc=0.9884| score=0.9983
0.25 0.00 0.10 0.65 | 0.998±0.003 | 1.000±0.000 | 0.988±0.001 | 0.988±0.004 | best lr=3.00e-04 wd=1.00e-05 dr=0.30 | ADD
[TUNE main] lr=3.00e-04 wd=1.00e-05 dr=0.30 | val_acc=0.9967 val_syn_cc=1.0000 val_loss=0.0174 | test_acc=0.9933 test_syn_cc=0.9942| score=0.9967
0.20 0.00 0.00 0.80 | 0.997±0.003 | 1.000±0.000 | 0.993±0.002 | 0.994±0.002 | best lr=3.00e-04 wd=1.00e-05 dr=0.30 | ADD
[TUNE main] lr=3.00e-04 wd=1.00e-05 dr=0.30 | val_acc=0.9883 val_syn_cc=0.9625 val_loss=0.0595 | test_acc=0.9761 test_syn_cc=0.9178| score=0.9883
0.70 0.00 0.05 0.25 | 0.988±0.008 | 0.962±0.033 | 0.976±0.004 | 0.918±0.021 | best lr=3.00e-04 wd=1.00e-05 dr=0.30 | ADD
[TUNE main] lr=3.00e-04 wd=1.00e-05 dr=0.30 | val_acc=0.9700 val_syn_cc=0.8697 val_loss=0.1634 | test_acc=0.9661 test_syn_cc=0.8528| score=0.9700
0.70 0.00 0.10 0.20 | 0.970±0.013 | 0.870±0.050 | 0.966±0.005 | 0.853±0.028 | best lr=3.00e-04 wd=1.00e-05 dr=0.30 | ADD
[TUNE main] lr=3.00e-04 wd=1.00e-05 dr=0.30 | val_acc=1.0000 val_syn_cc=nan val_loss=0.0081 | test_acc=0.9971 test_syn_cc=nan| score=1.0000
0.85 0.00 0.15 0.00 | 1.000±0.000 | nan±nan | 0.997±0.000 | nan±nan | best lr=3.00e-04 wd=1.00e-05 dr=0.30 | ADD
[TUNE main] lr=3.00e-04 wd=1.00e-05 dr=0.30 | val_acc=0.9633 val_syn_cc=0.7685 val_loss=0.1654 | test_acc=0.9553 test_syn_cc=0.7285| score=0.9633
0.60 0.00 0.25 0.15 | 0.963±0.023 | 0.768±0.155 | 0.955±0.011 | 0.728±0.064 | best lr=3.00e-04 wd=1.00e-05 dr=0.30 | ADD
[TUNE main] lr=3.00e-04 wd=1.00e-05 dr=0.30 | val_acc=0.9883 val_syn_cc=0.7556 val_loss=0.0811 | test_acc=0.9745 test_syn_cc=0.4991| score=0.9883
0.00 0.00 0.95 0.05 | 0.988±0.008 | 0.756±0.077 | 0.974±0.001 | 0.499±0.008 | best lr=3.00e-04 wd=1.00e-05 dr=0.30 | ADD
[TUNE main] lr=3.00e-04 wd=1.00e-05 dr=0.30 | val_acc=0.9983 val_syn_cc=0.9975 val_loss=0.0194 | test_acc=0.9912 test_syn_cc=0.9888| score=0.9983
0.00 0.00 0.35 0.65 | 0.998±0.003 | 0.998±0.004 | 0.991±0.005 | 0.989±0.007 | best lr=3.00e-04 wd=1.00e-05 dr=0.30 | ADD
[TUNE main] lr=3.00e-04 wd=1.00e-05 dr=0.30 | val_acc=0.9783 val_syn_cc=0.9344 val_loss=0.0849 | test_acc=0.9719 test_syn_cc=0.9207| score=0.9783
0.35 0.00 0.35 0.30 | 0.978±0.010 | 0.934±0.041 | 0.972±0.003 | 0.921±0.010 | best lr=3.00e-04 wd=1.00e-05 dr=0.30 | ADD
[TUNE main] lr=3.00e-04 wd=1.00e-05 dr=0.30 | val_acc=1.0000 val_syn_cc=nan val_loss=0.0061 | test_acc=0.9962 test_syn_cc=nan| score=1.0000
0.65 0.00 0.35 0.00 | 1.000±0.000 | nan±nan | 0.996±0.001 | nan±nan | best lr=3.00e-04 wd=1.00e-05 dr=0.30 | ADD
[TUNE main] lr=3.00e-04 wd=1.00e-05 dr=0.30 | val_acc=0.9967 val_syn_cc=nan val_loss=0.0148 | test_acc=0.9950 test_syn_cc=nan| score=0.9967
0.40 0.00 0.60 0.00 | 0.997±0.006 | nan±nan | 0.995±0.001 | nan±nan | best lr=3.00e-04 wd=1.00e-05 dr=0.30 | ADD
[TUNE main] lr=3.00e-04 wd=1.00e-05 dr=0.30 | val_acc=0.9833 val_syn_cc=0.9645 val_loss=0.0529 | test_acc=0.9815 test_syn_cc=0.9525| score=0.9833
0.00 0.00 0.65 0.35 | 0.983±0.021 | 0.964±0.038 | 0.982±0.007 | 0.952±0.018 | best lr=3.00e-04 wd=1.00e-05 dr=0.30 | ADD
[TUNE main] lr=3.00e-04 wd=1.00e-05 dr=0.30 | val_acc=0.9950 val_syn_cc=1.0000 val_loss=0.0194 | test_acc=0.9897 test_syn_cc=0.9910| score=0.9950
0.05 0.00 0.25 0.70 | 0.995±0.005 | 1.000±0.000 | 0.990±0.002 | 0.991±0.003 | best lr=3.00e-04 wd=1.00e-05 dr=0.30 | ADD
[TUNE main] lr=3.00e-04 wd=1.00e-05 dr=0.30 | val_acc=0.9950 val_syn_cc=0.9980 val_loss=0.0166 | test_acc=0.9939 test_syn_cc=0.9943| score=0.9950
0.00 0.00 0.20 0.80 | 0.995±0.000 | 0.998±0.004 | 0.994±0.003 | 0.994±0.003 | best lr=3.00e-04 wd=1.00e-05 dr=0.30 | ADD
[TUNE main] lr=3.00e-04 wd=1.00e-05 dr=0.30 | val_acc=0.9817 val_syn_cc=0.7056 val_loss=0.1115 | test_acc=0.9695 test_syn_cc=0.4923| score=0.9817
0.05 0.00 0.90 0.05 | 0.982±0.003 | 0.706±0.042 | 0.970±0.003 | 0.492±0.026 | best lr=3.00e-04 wd=1.00e-05 dr=0.30 | ADD
[TUNE main] lr=3.00e-04 wd=1.00e-05 dr=0.30 | val_acc=0.9600 val_syn_cc=0.7144 val_loss=0.1174 | test_acc=0.9419 test_syn_cc=0.5036| score=0.9600
0.25 0.00 0.65 0.10 | 0.960±0.020 | 0.714±0.057 | 0.942±0.010 | 0.504±0.048 | best lr=3.00e-04 wd=1.00e-05 dr=0.30 | ADD
[TUNE main] lr=3.00e-04 wd=1.00e-05 dr=0.30 | val_acc=0.9783 val_syn_cc=0.8907 val_loss=0.0857 | test_acc=0.9660 test_syn_cc=0.8363| score=0.9783
0.80 0.00 -0.00 0.20 | 0.978±0.012 | 0.891±0.061 | 0.966±0.005 | 0.836±0.023 | best lr=3.00e-04 wd=1.00e-05 dr=0.30 | ADD
[TUNE main] lr=3.00e-04 wd=1.00e-05 dr=0.30 | val_acc=0.9883 val_syn_cc=0.9895 val_loss=0.0322 | test_acc=0.9835 test_syn_cc=0.9732| score=0.9883
0.35 0.00 0.20 0.45 | 0.988±0.006 | 0.990±0.010 | 0.983±0.002 | 0.973±0.002 | best lr=3.00e-04 wd=1.00e-05 dr=0.30 | ADD
[TUNE main] lr=3.00e-04 wd=1.00e-05 dr=0.30 | val_acc=0.9983 val_syn_cc=nan val_loss=0.0130 | test_acc=0.9979 test_syn_cc=nan| score=0.9983
0.10 0.00 0.90 0.00 | 0.998±0.003 | nan±nan | 0.998±0.000 | nan±nan | best lr=3.00e-04 wd=1.00e-05 dr=0.30 | ADD
[TUNE main] lr=3.00e-04 wd=1.00e-05 dr=0.30 | val_acc=0.9800 val_syn_cc=0.9374 val_loss=0.1118 | test_acc=0.9728 test_syn_cc=0.9104| score=0.9800
0.55 0.00 0.20 0.25 | 0.980±0.010 | 0.937±0.036 | 0.973±0.007 | 0.910±0.018 | best lr=3.00e-04 wd=1.00e-05 dr=0.30 | ADD
[TUNE main] lr=3.00e-04 wd=1.00e-05 dr=0.30 | val_acc=0.9800 val_syn_cc=0.9553 val_loss=0.1012 | test_acc=0.9796 test_syn_cc=0.9480| score=0.9800
0.55 0.00 0.15 0.30 | 0.980±0.009 | 0.955±0.008 | 0.980±0.006 | 0.948±0.021 | best lr=3.00e-04 wd=1.00e-05 dr=0.30 | ADD
[TUNE main] lr=3.00e-04 wd=1.00e-05 dr=0.30 | val_acc=0.9883 val_syn_cc=0.9844 val_loss=0.0450 | test_acc=0.9856 test_syn_cc=0.9747| score=0.9883
0.10 0.00 0.50 0.40 | 0.988±0.003 | 0.984±0.005 | 0.986±0.004 | 0.975±0.009 | best lr=3.00e-04 wd=1.00e-05 dr=0.30 | ADD
[TUNE main] lr=3.00e-04 wd=1.00e-05 dr=0.30 | val_acc=0.9600 val_syn_cc=0.6774 val_loss=0.1295 | test_acc=0.9458 test_syn_cc=0.5269| score=0.9600
0.30 0.00 0.60 0.10 | 0.960±0.020 | 0.677±0.033 | 0.946±0.005 | 0.527±0.037 | best lr=3.00e-04 wd=1.00e-05 dr=0.30 | ADD
[TUNE main] lr=3.00e-04 wd=1.00e-05 dr=0.30 | val_acc=0.9900 val_syn_cc=0.9680 val_loss=0.0471 | test_acc=0.9698 test_syn_cc=0.9173| score=0.9900
0.25 0.00 0.45 0.30 | 0.990±0.005 | 0.968±0.014 | 0.970±0.001 | 0.917±0.006 | best lr=3.00e-04 wd=1.00e-05 dr=0.30 | ADD
[TUNE main] lr=3.00e-04 wd=1.00e-05 dr=0.30 | val_acc=0.9983 val_syn_cc=nan val_loss=0.0115 | test_acc=0.9958 test_syn_cc=nan| score=0.9983
0.20 0.00 0.80 0.00 | 0.998±0.003 | nan±nan | 0.996±0.002 | nan±nan | best lr=3.00e-04 wd=1.00e-05 dr=0.30 | ADD
[TUNE main] lr=3.00e-04 wd=1.00e-05 dr=0.30 | val_acc=0.9967 val_syn_cc=0.9961 val_loss=0.0220 | test_acc=0.9871 test_syn_cc=0.9780| score=0.9967
0.30 0.00 0.30 0.40 | 0.997±0.003 | 0.996±0.007 | 0.987±0.004 | 0.978±0.008 | best lr=3.00e-04 wd=1.00e-05 dr=0.30 | ADD
[TUNE main] lr=3.00e-04 wd=1.00e-05 dr=0.30 | val_acc=0.9933 val_syn_cc=0.9898 val_loss=0.0338 | test_acc=0.9782 test_syn_cc=0.9612| score=0.9933
0.50 0.00 0.05 0.45 | 0.993±0.006 | 0.990±0.010 | 0.978±0.007 | 0.961±0.019 | best lr=3.00e-04 wd=1.00e-05 dr=0.30 | ADD
[TUNE main] lr=3.00e-04 wd=1.00e-05 dr=0.30 | val_acc=0.9900 val_syn_cc=0.9821 val_loss=0.0284 | test_acc=0.9808 test_syn_cc=0.9609| score=0.9900
0.10 0.00 0.55 0.35 | 0.990±0.000 | 0.982±0.008 | 0.981±0.003 | 0.961±0.003 | best lr=3.00e-04 wd=1.00e-05 dr=0.30 | ADD
[TUNE main] lr=3.00e-04 wd=1.00e-05 dr=0.30 | val_acc=0.9633 val_syn_cc=0.5429 val_loss=0.1072 | test_acc=0.9658 test_syn_cc=0.4749| score=0.9633
0.10 0.00 0.85 0.05 | 0.963±0.003 | 0.543±0.119 | 0.966±0.003 | 0.475±0.035 | best lr=3.00e-04 wd=1.00e-05 dr=0.30 | ADD
[TUNE main] lr=3.00e-04 wd=1.00e-05 dr=0.30 | val_acc=0.9983 val_syn_cc=0.9981 val_loss=0.0139 | test_acc=0.9938 test_syn_cc=0.9953| score=0.9983
0.10 0.00 0.00 0.90 | 0.998±0.003 | 0.998±0.003 | 0.994±0.001 | 0.995±0.002 | best lr=3.00e-04 wd=1.00e-05 dr=0.30 | ADD
[TUNE main] lr=3.00e-04 wd=1.00e-05 dr=0.30 | val_acc=0.9567 val_syn_cc=0.7698 val_loss=0.1833 | test_acc=0.9582 test_syn_cc=0.7566| score=0.9567
0.50 0.00 0.35 0.15 | 0.957±0.037 | 0.770±0.220 | 0.958±0.016 | 0.757±0.095 | best lr=3.00e-04 wd=1.00e-05 dr=0.30 | ADD
[TUNE main] lr=3.00e-04 wd=1.00e-05 dr=0.30 | val_acc=0.9983 val_syn_cc=1.0000 val_loss=0.0320 | test_acc=0.9895 test_syn_cc=0.9896| score=0.9983
0.25 0.00 0.05 0.70 | 0.998±0.003 | 1.000±0.000 | 0.990±0.002 | 0.990±0.003 | best lr=3.00e-04 wd=1.00e-05 dr=0.30 | ADD
[TUNE main] lr=3.00e-04 wd=1.00e-05 dr=0.30 | val_acc=0.9633 val_syn_cc=0.7900 val_loss=0.1804 | test_acc=0.9521 test_syn_cc=0.7148| score=0.9633
0.70 0.00 0.15 0.15 | 0.963±0.008 | 0.790±0.045 | 0.952±0.008 | 0.715±0.067 | best lr=3.00e-04 wd=1.00e-05 dr=0.30 | ADD
[TUNE main] lr=3.00e-04 wd=1.00e-05 dr=0.30 | val_acc=1.0000 val_syn_cc=1.0000 val_loss=0.0100 | test_acc=0.9858 test_syn_cc=0.9844| score=1.0000
0.25 0.00 0.15 0.60 | 1.000±0.000 | 1.000±0.000 | 0.986±0.004 | 0.984±0.005 | best lr=3.00e-04 wd=1.00e-05 dr=0.30 | ADD
[TUNE main] lr=3.00e-04 wd=1.00e-05 dr=0.30 | val_acc=0.9917 val_syn_cc=0.9942 val_loss=0.0233 | test_acc=0.9890 test_syn_cc=0.9900| score=0.9917
0.15 0.00 0.25 0.60 | 0.992±0.003 | 0.994±0.010 | 0.989±0.002 | 0.990±0.004 | best lr=3.00e-04 wd=1.00e-05 dr=0.30 | ADD
[TUNE main] lr=3.00e-04 wd=1.00e-05 dr=0.30 | val_acc=0.9817 val_syn_cc=0.9826 val_loss=0.0490 | test_acc=0.9822 test_syn_cc=0.9763| score=0.9817
0.10 0.00 0.45 0.45 | 0.982±0.008 | 0.983±0.016 | 0.982±0.003 | 0.976±0.003 | best lr=3.00e-04 wd=1.00e-05 dr=0.30 | ADD
[TUNE main] lr=3.00e-04 wd=1.00e-05 dr=0.30 | val_acc=0.9917 val_syn_cc=0.9973 val_loss=0.0286 | test_acc=0.9875 test_syn_cc=0.9902| score=0.9917
0.30 0.00 0.10 0.60 | 0.992±0.006 | 0.997±0.005 | 0.987±0.003 | 0.990±0.005 | best lr=3.00e-04 wd=1.00e-05 dr=0.30 | ADD
[TUNE main] lr=3.00e-04 wd=1.00e-05 dr=0.30 | val_acc=0.9850 val_syn_cc=0.9835 val_loss=0.0484 | test_acc=0.9856 test_syn_cc=0.9707| score=0.9850
0.20 0.00 0.45 0.35 | 0.985±0.009 | 0.984±0.014 | 0.986±0.002 | 0.971±0.005 | best lr=3.00e-04 wd=1.00e-05 dr=0.30 | ADD
[TUNE main] lr=3.00e-04 wd=1.00e-05 dr=0.30 | val_acc=0.9917 val_syn_cc=0.8102 val_loss=0.0743 | test_acc=0.9698 test_syn_cc=0.5077| score=0.9917
0.35 0.00 0.60 0.05 | 0.992±0.003 | 0.810±0.056 | 0.970±0.005 | 0.508±0.021 | best lr=3.00e-04 wd=1.00e-05 dr=0.30 | ADD
[TUNE main] lr=3.00e-04 wd=1.00e-05 dr=0.30 | val_acc=0.9833 val_syn_cc=0.9612 val_loss=0.0561 | test_acc=0.9747 test_syn_cc=0.9315| score=0.9833
0.15 0.00 0.55 0.30 | 0.983±0.010 | 0.961±0.025 | 0.975±0.002 | 0.932±0.007 | best lr=3.00e-04 wd=1.00e-05 dr=0.30 | ADD
[TUNE main] lr=3.00e-04 wd=1.00e-05 dr=0.30 | val_acc=0.9817 val_syn_cc=0.9701 val_loss=0.0590 | test_acc=0.9788 test_syn_cc=0.9545| score=0.9817
0.40 0.00 0.25 0.35 | 0.982±0.008 | 0.970±0.026 | 0.979±0.007 | 0.955±0.015 | best lr=3.00e-04 wd=1.00e-05 dr=0.30 | ADD
[TUNE main] lr=3.00e-04 wd=1.00e-05 dr=0.30 | val_acc=1.0000 val_syn_cc=nan val_loss=0.0060 | test_acc=0.9973 test_syn_cc=nan| score=1.0000
0.75 0.00 0.25 0.00 | 1.000±0.000 | nan±nan | 0.997±0.000 | nan±nan | best lr=3.00e-04 wd=1.00e-05 dr=0.30 | ADD
[TUNE main] lr=3.00e-04 wd=1.00e-05 dr=0.30 | val_acc=0.9950 val_syn_cc=0.9943 val_loss=0.0516 | test_acc=0.9771 test_syn_cc=0.9669| score=0.9950
0.25 0.00 0.20 0.55 | 0.995±0.005 | 0.994±0.010 | 0.977±0.003 | 0.967±0.004 | best lr=3.00e-04 wd=1.00e-05 dr=0.30 | ADD
[TUNE main] lr=3.00e-04 wd=1.00e-05 dr=0.30 | val_acc=0.9900 val_syn_cc=0.9778 val_loss=0.0519 | test_acc=0.9755 test_syn_cc=0.9316| score=0.9900
0.40 0.00 0.30 0.30 | 0.990±0.000 | 0.978±0.006 | 0.975±0.005 | 0.932±0.016 | best lr=3.00e-04 wd=1.00e-05 dr=0.30 | ADD
[TUNE main] lr=3.00e-04 wd=1.00e-05 dr=0.30 | val_acc=0.9917 val_syn_cc=0.9903 val_loss=0.0361 | test_acc=0.9847 test_syn_cc=0.9772| score=0.9917
0.35 0.00 0.15 0.50 | 0.992±0.003 | 0.990±0.010 | 0.985±0.003 | 0.977±0.007 | best lr=3.00e-04 wd=1.00e-05 dr=0.30 | ADD
[TUNE main] lr=3.00e-04 wd=1.00e-05 dr=0.30 | val_acc=0.9850 val_syn_cc=0.9827 val_loss=0.0589 | test_acc=0.9813 test_syn_cc=0.9673| score=0.9850
0.45 0.00 0.15 0.40 | 0.985±0.005 | 0.983±0.006 | 0.981±0.004 | 0.967±0.010 | best lr=3.00e-04 wd=1.00e-05 dr=0.30 | ADD
[TUNE main] lr=3.00e-04 wd=1.00e-05 dr=0.30 | val_acc=0.9867 val_syn_cc=0.9947 val_loss=0.0512 | test_acc=0.9763 test_syn_cc=0.9413| score=0.9867
0.50 0.00 0.20 0.30 | 0.987±0.003 | 0.995±0.009 | 0.976±0.003 | 0.941±0.011 | best lr=3.00e-04 wd=1.00e-05 dr=0.30 | ADD
[TUNE main] lr=3.00e-04 wd=1.00e-05 dr=0.30 | val_acc=1.0000 val_syn_cc=1.0000 val_loss=0.0137 | test_acc=0.9883 test_syn_cc=0.9835| score=1.0000
0.40 0.00 -0.00 0.60 | 1.000±0.000 | 1.000±0.000 | 0.988±0.004 | 0.984±0.008 | best lr=3.00e-04 wd=1.00e-05 dr=0.30 | ADD
[TUNE main] lr=3.00e-04 wd=1.00e-05 dr=0.30 | val_acc=0.9783 val_syn_cc=0.9380 val_loss=0.0970 | test_acc=0.9702 test_syn_cc=0.9140| score=0.9783
0.60 0.00 0.10 0.30 | 0.978±0.006 | 0.938±0.025 | 0.970±0.012 | 0.914±0.034 | best lr=3.00e-04 wd=1.00e-05 dr=0.30 | ADD
[TUNE main] lr=3.00e-04 wd=1.00e-05 dr=0.30 | val_acc=0.9983 val_syn_cc=0.9978 val_loss=0.0128 | test_acc=0.9947 test_syn_cc=0.9949| score=0.9983
0.00 0.00 0.25 0.75 | 0.998±0.003 | 0.998±0.004 | 0.995±0.002 | 0.995±0.002 | best lr=3.00e-04 wd=1.00e-05 dr=0.30 | ADD
[TUNE main] lr=3.00e-04 wd=1.00e-05 dr=0.30 | val_acc=0.9750 val_syn_cc=0.7444 val_loss=0.0861 | test_acc=0.9697 test_syn_cc=0.5134| score=0.9750
0.75 0.00 0.20 0.05 | 0.975±0.005 | 0.744±0.010 | 0.970±0.002 | 0.513±0.020 | best lr=3.00e-04 wd=1.00e-05 dr=0.30 | ADD
[TUNE main] lr=3.00e-04 wd=1.00e-05 dr=0.30 | val_acc=0.9983 val_syn_cc=1.0000 val_loss=0.0360 | test_acc=0.9885 test_syn_cc=0.9910| score=0.9983
0.10 0.00 0.05 0.85 | 0.998±0.003 | 1.000±0.000 | 0.989±0.006 | 0.991±0.006 | best lr=3.00e-04 wd=1.00e-05 dr=0.30 | ADD
[TUNE main] lr=3.00e-04 wd=1.00e-05 dr=0.30 | val_acc=0.9833 val_syn_cc=0.9491 val_loss=0.0639 | test_acc=0.9742 test_syn_cc=0.8974| score=0.9833
0.55 0.00 0.25 0.20 | 0.983±0.013 | 0.949±0.045 | 0.974±0.004 | 0.897±0.014 | best lr=3.00e-04 wd=1.00e-05 dr=0.30 | ADD
[TUNE main] lr=3.00e-04 wd=1.00e-05 dr=0.30 | val_acc=0.9900 val_syn_cc=0.9805 val_loss=0.0246 | test_acc=0.9764 test_syn_cc=0.9275| score=0.9900
0.20 0.00 0.55 0.25 | 0.990±0.005 | 0.981±0.019 | 0.976±0.004 | 0.928±0.017 | best lr=3.00e-04 wd=1.00e-05 dr=0.30 | ADD
[TUNE main] lr=3.00e-04 wd=1.00e-05 dr=0.30 | val_acc=0.9633 val_syn_cc=0.8136 val_loss=0.1685 | test_acc=0.9535 test_syn_cc=0.7883| score=0.9633
0.10 0.00 0.70 0.20 | 0.963±0.010 | 0.814±0.008 | 0.954±0.017 | 0.788±0.071 | best lr=3.00e-04 wd=1.00e-05 dr=0.30 | ADD
[TUNE main] lr=3.00e-04 wd=1.00e-05 dr=0.30 | val_acc=0.9733 val_syn_cc=0.6667 val_loss=0.1043 | test_acc=0.9586 test_syn_cc=0.5232| score=0.9733
0.55 0.00 0.40 0.05 | 0.973±0.015 | 0.667±0.072 | 0.959±0.013 | 0.523±0.029 | best lr=3.00e-04 wd=1.00e-05 dr=0.30 | ADD
[TUNE main] lr=3.00e-04 wd=1.00e-05 dr=0.30 | val_acc=1.0000 val_syn_cc=1.0000 val_loss=0.0067 | test_acc=0.9940 test_syn_cc=0.9952| score=1.0000
0.15 0.00 -0.00 0.85 | 1.000±0.000 | 1.000±0.000 | 0.994±0.002 | 0.995±0.001 | best lr=3.00e-04 wd=1.00e-05 dr=0.30 | ADD
[TUNE main] lr=3.00e-04 wd=1.00e-05 dr=0.30 | val_acc=0.9817 val_syn_cc=0.9321 val_loss=0.0696 | test_acc=0.9718 test_syn_cc=0.9003| score=0.9817
0.00 0.00 0.75 0.25 | 0.982±0.019 | 0.932±0.082 | 0.972±0.024 | 0.900±0.086 | best lr=3.00e-04 wd=1.00e-05 dr=0.30 | ADD
[TUNE main] lr=3.00e-04 wd=1.00e-05 dr=0.30 | val_acc=0.9600 val_syn_cc=0.6825 val_loss=0.1989 | test_acc=0.9497 test_syn_cc=0.5605| score=0.9600
0.75 0.00 0.15 0.10 | 0.960±0.010 | 0.683±0.027 | 0.950±0.007 | 0.561±0.056 | best lr=3.00e-04 wd=1.00e-05 dr=0.30 | ADD
[TUNE main] lr=3.00e-04 wd=1.00e-05 dr=0.30 | val_acc=0.9967 val_syn_cc=0.9947 val_loss=0.0159 | test_acc=0.9927 test_syn_cc=0.9921| score=0.9967
0.35 0.00 -0.00 0.65 | 0.997±0.006 | 0.995±0.009 | 0.993±0.000 | 0.992±0.001 | best lr=3.00e-04 wd=1.00e-05 dr=0.30 | ADD
[TUNE main] lr=3.00e-04 wd=1.00e-05 dr=0.30 | val_acc=0.9650 val_syn_cc=0.6618 val_loss=0.1311 | test_acc=0.9674 test_syn_cc=0.4727| score=0.9650
0.85 0.00 0.10 0.05 | 0.965±0.022 | 0.662±0.166 | 0.967±0.003 | 0.473±0.013 | best lr=3.00e-04 wd=1.00e-05 dr=0.30 | ADD
[TUNE main] lr=3.00e-04 wd=1.00e-05 dr=0.30 | val_acc=0.9717 val_syn_cc=0.9263 val_loss=0.0854 | test_acc=0.9744 test_syn_cc=0.9284| score=0.9717
0.10 0.00 0.60 0.30 | 0.972±0.015 | 0.926±0.038 | 0.974±0.004 | 0.928±0.014 | best lr=3.00e-04 wd=1.00e-05 dr=0.30 | ADD
[TUNE main] lr=3.00e-04 wd=1.00e-05 dr=0.30 | val_acc=0.9983 val_syn_cc=nan val_loss=0.0130 | test_acc=0.9978 test_syn_cc=nan| score=0.9983
0.05 0.00 0.95 0.00 | 0.998±0.003 | nan±nan | 0.998±0.001 | nan±nan | best lr=3.00e-04 wd=1.00e-05 dr=0.30 | ADD
[TUNE main] lr=3.00e-04 wd=1.00e-05 dr=0.30 | val_acc=0.9633 val_syn_cc=0.8206 val_loss=0.1633 | test_acc=0.9585 test_syn_cc=0.8101| score=0.9633
0.75 0.00 0.05 0.20 | 0.963±0.013 | 0.821±0.086 | 0.958±0.012 | 0.810±0.059 | best lr=3.00e-04 wd=1.00e-05 dr=0.30 | ADD
[TUNE main] lr=3.00e-04 wd=1.00e-05 dr=0.30 | val_acc=0.9917 val_syn_cc=0.9758 val_loss=0.0404 | test_acc=0.9839 test_syn_cc=0.9506| score=0.9917
0.70 0.00 -0.00 0.30 | 0.992±0.006 | 0.976±0.009 | 0.984±0.005 | 0.951±0.019 | best lr=3.00e-04 wd=1.00e-05 dr=0.30 | ADD
[TUNE main] lr=3.00e-04 wd=1.00e-05 dr=0.30 | val_acc=0.9917 val_syn_cc=0.9940 val_loss=0.0431 | test_acc=0.9768 test_syn_cc=0.9412| score=0.9917
0.45 0.00 0.25 0.30 | 0.992±0.008 | 0.994±0.010 | 0.977±0.004 | 0.941±0.012 | best lr=3.00e-04 wd=1.00e-05 dr=0.30 | ADD
[TUNE main] lr=3.00e-04 wd=1.00e-05 dr=0.30 | val_acc=0.9900 val_syn_cc=0.9765 val_loss=0.0454 | test_acc=0.9804 test_syn_cc=0.9600| score=0.9900
0.30 0.00 0.35 0.35 | 0.990±0.005 | 0.977±0.015 | 0.980±0.003 | 0.960±0.007 | best lr=3.00e-04 wd=1.00e-05 dr=0.30 | ADD
[TUNE main] lr=3.00e-04 wd=1.00e-05 dr=0.30 | val_acc=0.9583 val_syn_cc=0.7484 val_loss=0.1905 | test_acc=0.9564 test_syn_cc=0.7429| score=0.9583
0.40 0.00 0.45 0.15 | 0.958±0.015 | 0.748±0.125 | 0.956±0.006 | 0.743±0.037 | best lr=3.00e-04 wd=1.00e-05 dr=0.30 | ADD
[TUNE main] lr=3.00e-04 wd=1.00e-05 dr=0.30 | val_acc=0.9717 val_syn_cc=0.5788 val_loss=0.1690 | test_acc=0.9672 test_syn_cc=0.4885| score=0.9717
0.30 0.00 0.65 0.05 | 0.972±0.008 | 0.579±0.071 | 0.967±0.001 | 0.488±0.001 | best lr=3.00e-04 wd=1.00e-05 dr=0.30 | ADD
[TUNE main] lr=3.00e-04 wd=1.00e-05 dr=0.30 | val_acc=0.9733 val_syn_cc=0.8930 val_loss=0.1076 | test_acc=0.9632 test_syn_cc=0.8512| score=0.9733
0.20 0.00 0.60 0.20 | 0.973±0.013 | 0.893±0.048 | 0.963±0.013 | 0.851±0.065 | best lr=3.00e-04 wd=1.00e-05 dr=0.30 | ADD
[TUNE main] lr=3.00e-04 wd=1.00e-05 dr=0.30 | val_acc=0.9933 val_syn_cc=0.9973 val_loss=0.0391 | test_acc=0.9850 test_syn_cc=0.9830| score=0.9933
0.20 0.00 0.20 0.60 | 0.993±0.003 | 0.997±0.005 | 0.985±0.008 | 0.983±0.012 | best lr=3.00e-04 wd=1.00e-05 dr=0.30 | ADD
[TUNE main] lr=3.00e-04 wd=1.00e-05 dr=0.30 | val_acc=1.0000 val_syn_cc=nan val_loss=0.0084 | test_acc=0.9954 test_syn_cc=nan| score=1.0000
0.70 0.00 0.30 0.00 | 1.000±0.000 | nan±nan | 0.995±0.003 | nan±nan | best lr=3.00e-04 wd=1.00e-05 dr=0.30 | ADD
[TUNE main] lr=3.00e-04 wd=1.00e-05 dr=0.30 | val_acc=0.9983 val_syn_cc=1.0000 val_loss=0.0135 | test_acc=0.9933 test_syn_cc=0.9939| score=0.9983
0.25 0.00 0.00 0.75 | 0.998±0.003 | 1.000±0.000 | 0.993±0.002 | 0.994±0.002 | best lr=3.00e-04 wd=1.00e-05 dr=0.30 | ADD
[TUNE main] lr=3.00e-04 wd=1.00e-05 dr=0.30 | val_acc=0.9967 val_syn_cc=0.9948 val_loss=0.0226 | test_acc=0.9910 test_syn_cc=0.9869| score=0.9967
0.00 0.00 0.40 0.60 | 0.997±0.006 | 0.995±0.009 | 0.991±0.002 | 0.987±0.003 | best lr=3.00e-04 wd=1.00e-05 dr=0.30 | ADD
[TUNE main] lr=3.00e-04 wd=1.00e-05 dr=0.30 | val_acc=0.9883 val_syn_cc=0.9719 val_loss=0.0553 | test_acc=0.9846 test_syn_cc=0.9611| score=0.9883
0.65 0.00 -0.00 0.35 | 0.988±0.012 | 0.972±0.023 | 0.985±0.004 | 0.961±0.013 | best lr=3.00e-04 wd=1.00e-05 dr=0.30 | ADD
[TUNE main] lr=3.00e-04 wd=1.00e-05 dr=0.30 | val_acc=1.0000 val_syn_cc=nan val_loss=0.0094 | test_acc=0.9975 test_syn_cc=nan| score=1.0000
0.95 0.00 0.05 0.00 | 1.000±0.000 | nan±nan | 0.998±0.001 | nan±nan | best lr=3.00e-04 wd=1.00e-05 dr=0.30 | ADD
[TUNE main] lr=3.00e-04 wd=1.00e-05 dr=0.30 | val_acc=0.9950 val_syn_cc=0.9933 val_loss=0.0206 | test_acc=0.9904 test_syn_cc=0.9926| score=0.9950
0.05 0.00 0.20 0.75 | 0.995±0.000 | 0.993±0.000 | 0.990±0.001 | 0.993±0.002 | best lr=3.00e-04 wd=1.00e-05 dr=0.30 | ADD
[TUNE main] lr=3.00e-04 wd=1.00e-05 dr=0.30 | val_acc=1.0000 val_syn_cc=nan val_loss=0.0085 | test_acc=0.9978 test_syn_cc=nan| score=1.0000
0.90 0.00 0.10 0.00 | 1.000±0.000 | nan±nan | 0.998±0.000 | nan±nan | best lr=3.00e-04 wd=1.00e-05 dr=0.30 | ADD
[TUNE main] lr=3.00e-04 wd=1.00e-05 dr=0.30 | val_acc=0.9533 val_syn_cc=0.8034 val_loss=0.1799 | test_acc=0.9512 test_syn_cc=0.7830| score=0.9533
0.15 0.00 0.65 0.20 | 0.953±0.008 | 0.803±0.069 | 0.951±0.025 | 0.783±0.106 | best lr=3.00e-04 wd=1.00e-05 dr=0.30 | ADD
[TUNE main] lr=3.00e-04 wd=1.00e-05 dr=0.30 | val_acc=0.9750 val_syn_cc=0.6011 val_loss=0.1021 | test_acc=0.9671 test_syn_cc=0.4772| score=0.9750
0.65 0.00 0.30 0.05 | 0.975±0.009 | 0.601±0.143 | 0.967±0.005 | 0.477±0.056 | best lr=3.00e-04 wd=1.00e-05 dr=0.30 | ADD
[TUNE main] lr=3.00e-04 wd=1.00e-05 dr=0.30 | val_acc=0.9933 val_syn_cc=0.9848 val_loss=0.0415 | test_acc=0.9807 test_syn_cc=0.9616| score=0.9933
0.50 0.00 0.15 0.35 | 0.993±0.003 | 0.985±0.000 | 0.981±0.009 | 0.962±0.025 | best lr=3.00e-04 wd=1.00e-05 dr=0.30 | ADD
[TUNE main] lr=3.00e-04 wd=1.00e-05 dr=0.30 | val_acc=0.9950 val_syn_cc=1.0000 val_loss=0.0236 | test_acc=0.9919 test_syn_cc=0.9936| score=0.9950
0.10 0.00 0.10 0.80 | 0.995±0.005 | 1.000±0.000 | 0.992±0.002 | 0.994±0.002 | best lr=3.00e-04 wd=1.00e-05 dr=0.30 | ADD
[TUNE main] lr=3.00e-04 wd=1.00e-05 dr=0.30 | val_acc=0.9967 val_syn_cc=1.0000 val_loss=0.0166 | test_acc=0.9940 test_syn_cc=0.9952| score=0.9967
0.00 0.00 0.15 0.85 | 0.997±0.006 | 1.000±0.000 | 0.994±0.001 | 0.995±0.001 | best lr=3.00e-04 wd=1.00e-05 dr=0.30 | ADD
[TUNE main] lr=3.00e-04 wd=1.00e-05 dr=0.30 | val_acc=0.9733 val_syn_cc=0.9323 val_loss=0.1106 | test_acc=0.9672 test_syn_cc=0.9128| score=0.9733
0.30 0.00 0.40 0.30 | 0.973±0.003 | 0.932±0.016 | 0.967±0.006 | 0.913±0.018 | best lr=3.00e-04 wd=1.00e-05 dr=0.30 | ADD
[TUNE main] lr=3.00e-04 wd=1.00e-05 dr=0.30 | val_acc=0.9800 val_syn_cc=0.9089 val_loss=0.1033 | test_acc=0.9612 test_syn_cc=0.8430| score=0.9800
0.40 0.00 0.40 0.20 | 0.980±0.015 | 0.909±0.065 | 0.961±0.010 | 0.843±0.039 | best lr=3.00e-04 wd=1.00e-05 dr=0.30 | ADD
[TUNE main] lr=3.00e-04 wd=1.00e-05 dr=0.30 | val_acc=0.9600 val_syn_cc=0.5239 val_loss=0.1503 | test_acc=0.9700 test_syn_cc=0.5162| score=0.9600
0.70 0.00 0.25 0.05 | 0.960±0.000 | 0.524±0.021 | 0.970±0.000 | 0.516±0.032 | best lr=3.00e-04 wd=1.00e-05 dr=0.30 | ADD
[TUNE main] lr=3.00e-04 wd=1.00e-05 dr=0.30 | val_acc=0.9967 val_syn_cc=nan val_loss=0.0170 | test_acc=0.9951 test_syn_cc=nan| score=0.9967
0.45 0.00 0.55 0.00 | 0.997±0.006 | nan±nan | 0.995±0.002 | nan±nan | best lr=3.00e-04 wd=1.00e-05 dr=0.30 | ADD
[TUNE main] lr=3.00e-04 wd=1.00e-05 dr=0.30 | val_acc=0.9617 val_syn_cc=0.6533 val_loss=0.2167 | test_acc=0.9515 test_syn_cc=0.5734| score=0.9617
0.55 0.00 0.35 0.10 | 0.962±0.008 | 0.653±0.069 | 0.952±0.007 | 0.573±0.062 | best lr=3.00e-04 wd=1.00e-05 dr=0.30 | ADD
[TUNE main] lr=3.00e-04 wd=1.00e-05 dr=0.30 | val_acc=1.0000 val_syn_cc=nan val_loss=0.0078 | test_acc=0.9968 test_syn_cc=nan| score=1.0000
0.60 0.00 0.40 0.00 | 1.000±0.000 | nan±nan | 0.997±0.001 | nan±nan | best lr=3.00e-04 wd=1.00e-05 dr=0.30 | ADD
[TUNE main] lr=3.00e-04 wd=1.00e-05 dr=0.30 | val_acc=0.9733 val_syn_cc=0.8612 val_loss=0.1139 | test_acc=0.9657 test_syn_cc=0.8505| score=0.9733
0.05 0.00 0.75 0.20 | 0.973±0.013 | 0.861±0.085 | 0.966±0.003 | 0.851±0.020 | best lr=3.00e-04 wd=1.00e-05 dr=0.30 | ADD
[TUNE main] lr=3.00e-04 wd=1.00e-05 dr=0.30 | val_acc=0.9633 val_syn_cc=0.7761 val_loss=0.1428 | test_acc=0.9409 test_syn_cc=0.6392| score=0.9633
0.05 0.00 0.80 0.15 | 0.963±0.010 | 0.776±0.082 | 0.941±0.022 | 0.639±0.129 | best lr=3.00e-04 wd=1.00e-05 dr=0.30 | ADD
[TUNE main] lr=3.00e-04 wd=1.00e-05 dr=0.30 | val_acc=0.9967 val_syn_cc=0.9957 val_loss=0.0184 | test_acc=0.9905 test_syn_cc=0.9935| score=0.9967
0.15 0.00 0.10 0.75 | 0.997±0.003 | 0.996±0.004 | 0.990±0.001 | 0.994±0.001 | best lr=3.00e-04 wd=1.00e-05 dr=0.30 | ADD
[TUNE main] lr=3.00e-04 wd=1.00e-05 dr=0.30 | val_acc=0.9867 val_syn_cc=0.9711 val_loss=0.0606 | test_acc=0.9818 test_syn_cc=0.9632| score=0.9867
0.35 0.00 0.30 0.35 | 0.987±0.006 | 0.971±0.002 | 0.982±0.004 | 0.963±0.011 | best lr=3.00e-04 wd=1.00e-05 dr=0.30 | ADD
[TUNE main] lr=3.00e-04 wd=1.00e-05 dr=0.30 | val_acc=0.9783 val_syn_cc=0.9173 val_loss=0.1200 | test_acc=0.9721 test_syn_cc=0.9064| score=0.9783
0.30 0.00 0.45 0.25 | 0.978±0.010 | 0.917±0.045 | 0.972±0.010 | 0.906±0.036 | best lr=3.00e-04 wd=1.00e-05 dr=0.30 | ADD
[TUNE main] lr=3.00e-04 wd=1.00e-05 dr=0.30 | val_acc=0.9850 val_syn_cc=0.9794 val_loss=0.0660 | test_acc=0.9820 test_syn_cc=0.9626| score=0.9850
0.25 0.00 0.40 0.35 | 0.985±0.009 | 0.979±0.012 | 0.982±0.002 | 0.963±0.006 | best lr=3.00e-04 wd=1.00e-05 dr=0.30 | ADD
[TUNE main] lr=3.00e-04 wd=1.00e-05 dr=0.30 | val_acc=0.9800 val_syn_cc=0.9466 val_loss=0.0883 | test_acc=0.9706 test_syn_cc=0.9002| score=0.9800
0.10 0.00 0.65 0.25 | 0.980±0.013 | 0.947±0.037 | 0.971±0.006 | 0.900±0.023 | best lr=3.00e-04 wd=1.00e-05 dr=0.30 | ADD
[TUNE main] lr=3.00e-04 wd=1.00e-05 dr=0.30 | val_acc=0.9900 val_syn_cc=0.9950 val_loss=0.0477 | test_acc=0.9854 test_syn_cc=0.9849| score=0.9900
0.10 0.00 0.25 0.65 | 0.990±0.010 | 0.995±0.009 | 0.985±0.004 | 0.985±0.006 | best lr=3.00e-04 wd=1.00e-05 dr=0.30 | ADD
[TUNE main] lr=3.00e-04 wd=1.00e-05 dr=0.30 | val_acc=0.9867 val_syn_cc=0.9861 val_loss=0.0584 | test_acc=0.9823 test_syn_cc=0.9629| score=0.9867
0.45 0.00 0.20 0.35 | 0.987±0.003 | 0.986±0.001 | 0.982±0.003 | 0.963±0.008 | best lr=3.00e-04 wd=1.00e-05 dr=0.30 | ADD
[TUNE main] lr=3.00e-04 wd=1.00e-05 dr=0.30 | val_acc=0.9500 val_syn_cc=0.7395 val_loss=0.2286 | test_acc=0.9571 test_syn_cc=0.7485| score=0.9500
0.15 0.00 0.70 0.15 | 0.950±0.018 | 0.740±0.063 | 0.957±0.016 | 0.748±0.080 | best lr=3.00e-04 wd=1.00e-05 dr=0.30 | ADD
[TUNE main] lr=3.00e-04 wd=1.00e-05 dr=0.30 | val_acc=0.9983 val_syn_cc=nan val_loss=0.0091 | test_acc=0.9961 test_syn_cc=nan| score=0.9983
0.50 0.00 0.50 0.00 | 0.998±0.003 | nan±nan | 0.996±0.001 | nan±nan | best lr=3.00e-04 wd=1.00e-05 dr=0.30 | ADD
[TUNE main] lr=3.00e-04 wd=1.00e-05 dr=0.30 | val_acc=0.9883 val_syn_cc=0.9888 val_loss=0.0388 | test_acc=0.9844 test_syn_cc=0.9753| score=0.9883
0.20 0.00 0.35 0.45 | 0.988±0.006 | 0.989±0.011 | 0.984±0.004 | 0.975±0.007 | best lr=3.00e-04 wd=1.00e-05 dr=0.30 | ADD
[TUNE main] lr=3.00e-04 wd=1.00e-05 dr=0.30 | val_acc=0.9733 val_syn_cc=0.8698 val_loss=0.1252 | test_acc=0.9683 test_syn_cc=0.8692| score=0.9733
0.60 0.00 0.20 0.20 | 0.973±0.010 | 0.870±0.056 | 0.968±0.002 | 0.869±0.006 | best lr=3.00e-04 wd=1.00e-05 dr=0.30 | ADD
[TUNE main] lr=3.00e-04 wd=1.00e-05 dr=0.30 | val_acc=0.9667 val_syn_cc=0.7074 val_loss=0.1617 | test_acc=0.9420 test_syn_cc=0.4857| score=0.9667
0.05 0.00 0.85 0.10 | 0.967±0.010 | 0.707±0.101 | 0.942±0.007 | 0.486±0.034 | best lr=3.00e-04 wd=1.00e-05 dr=0.30 | ADD
[TUNE main] lr=3.00e-04 wd=1.00e-05 dr=0.30 | val_acc=0.9967 val_syn_cc=1.0000 val_loss=0.0184 | test_acc=0.9939 test_syn_cc=0.9957| score=0.9967
0.05 0.00 0.05 0.90 | 0.997±0.003 | 1.000±0.000 | 0.994±0.003 | 0.996±0.002 | best lr=3.00e-04 wd=1.00e-05 dr=0.30 | ADD
[TUNE main] lr=3.00e-04 wd=1.00e-05 dr=0.30 | val_acc=0.9700 val_syn_cc=0.7038 val_loss=0.1730 | test_acc=0.9449 test_syn_cc=0.5164| score=0.9700
0.20 0.00 0.70 0.10 | 0.970±0.015 | 0.704±0.022 | 0.945±0.004 | 0.516±0.027 | best lr=3.00e-04 wd=1.00e-05 dr=0.30 | ADD
[TUNE main] lr=3.00e-04 wd=1.00e-05 dr=0.30 | val_acc=0.9867 val_syn_cc=0.9699 val_loss=0.0592 | test_acc=0.9835 test_syn_cc=0.9550| score=0.9867
0.20 0.00 0.50 0.30 | 0.987±0.010 | 0.970±0.014 | 0.983±0.002 | 0.955±0.008 | best lr=3.00e-04 wd=1.00e-05 dr=0.30 | ADD
[TUNE main] lr=3.00e-04 wd=1.00e-05 dr=0.30 | val_acc=0.9983 val_syn_cc=0.9973 val_loss=0.0143 | test_acc=0.9832 test_syn_cc=0.9789| score=0.9983
0.35 0.00 0.10 0.55 | 0.998±0.003 | 0.997±0.005 | 0.983±0.004 | 0.979±0.007 | best lr=3.00e-04 wd=1.00e-05 dr=0.30 | ADD
[TUNE main] lr=3.00e-04 wd=1.00e-05 dr=0.30 | val_acc=0.9983 val_syn_cc=nan val_loss=0.0104 | test_acc=0.9968 test_syn_cc=nan| score=0.9983
0.15 0.00 0.85 0.00 | 0.998±0.003 | nan±nan | 0.997±0.001 | nan±nan | best lr=3.00e-04 wd=1.00e-05 dr=0.30 | ADD
[TUNE main] lr=3.00e-04 wd=1.00e-05 dr=0.30 | val_acc=0.9917 val_syn_cc=0.9942 val_loss=0.0484 | test_acc=0.9872 test_syn_cc=0.9866| score=0.9917
0.10 0.00 0.35 0.55 | 0.992±0.006 | 0.994±0.005 | 0.987±0.001 | 0.987±0.003 | best lr=3.00e-04 wd=1.00e-05 dr=0.30 | ADD
[TUNE main] lr=3.00e-04 wd=1.00e-05 dr=0.30 | val_acc=0.9933 val_syn_cc=1.0000 val_loss=0.0250 | test_acc=0.9858 test_syn_cc=0.9829| score=0.9933
0.30 0.00 0.15 0.55 | 0.993±0.008 | 1.000±0.000 | 0.986±0.001 | 0.983±0.005 | best lr=3.00e-04 wd=1.00e-05 dr=0.30 | ADD
[TUNE main] lr=3.00e-04 wd=1.00e-05 dr=0.30 | val_acc=0.9733 val_syn_cc=0.5905 val_loss=0.1443 | test_acc=0.9713 test_syn_cc=0.4981| score=0.9733
0.90 0.00 0.05 0.05 | 0.973±0.025 | 0.590±0.201 | 0.971±0.001 | 0.498±0.021 | best lr=3.00e-04 wd=1.00e-05 dr=0.30 | ADD
[TUNE main] lr=3.00e-04 wd=1.00e-05 dr=0.30 | val_acc=0.9933 val_syn_cc=0.9882 val_loss=0.0352 | test_acc=0.9867 test_syn_cc=0.9707| score=0.9933
0.60 0.00 -0.00 0.40 | 0.993±0.003 | 0.988±0.012 | 0.987±0.006 | 0.971±0.015 | best lr=3.00e-04 wd=1.00e-05 dr=0.30 | ADD
[TUNE main] lr=3.00e-04 wd=1.00e-05 dr=0.30 | val_acc=0.9617 val_syn_cc=0.7458 val_loss=0.1799 | test_acc=0.9468 test_syn_cc=0.6592| score=0.9617
0.00 0.00 0.85 0.15 | 0.962±0.010 | 0.746±0.069 | 0.947±0.016 | 0.659±0.090 | best lr=3.00e-04 wd=1.00e-05 dr=0.30 | ADD
[TUNE main] lr=3.00e-04 wd=1.00e-05 dr=0.30 | val_acc=0.9883 val_syn_cc=0.9947 val_loss=0.0463 | test_acc=0.9872 test_syn_cc=0.9891| score=0.9883
0.15 0.00 0.20 0.65 | 0.988±0.010 | 0.995±0.005 | 0.987±0.003 | 0.989±0.003 | best lr=3.00e-04 wd=1.00e-05 dr=0.30 | ADD
[TUNE main] lr=3.00e-04 wd=1.00e-05 dr=0.30 | val_acc=0.9967 val_syn_cc=0.9965 val_loss=0.0223 | test_acc=0.9888 test_syn_cc=0.9833| score=0.9967
0.00 0.00 0.50 0.50 | 0.997±0.003 | 0.997±0.006 | 0.989±0.004 | 0.983±0.008 | best lr=3.00e-04 wd=1.00e-05 dr=0.30 | ADD
[TUNE main] lr=3.00e-04 wd=1.00e-05 dr=0.30 | val_acc=0.9667 val_syn_cc=0.8209 val_loss=0.1638 | test_acc=0.9527 test_syn_cc=0.7217| score=0.9667
0.10 0.00 0.75 0.15 | 0.967±0.010 | 0.821±0.012 | 0.953±0.009 | 0.722±0.069 | best lr=3.00e-04 wd=1.00e-05 dr=0.30 | ADD
[TUNE main] lr=3.00e-04 wd=1.00e-05 dr=0.30 | val_acc=0.9517 val_syn_cc=0.5668 val_loss=0.2522 | test_acc=0.9433 test_syn_cc=0.5022| score=0.9517
0.45 0.00 0.45 0.10 | 0.952±0.008 | 0.567±0.165 | 0.943±0.001 | 0.502±0.013 | best lr=3.00e-04 wd=1.00e-05 dr=0.30 | ADD
[TUNE main] lr=3.00e-04 wd=1.00e-05 dr=0.30 | val_acc=0.9900 val_syn_cc=0.9860 val_loss=0.0444 | test_acc=0.9802 test_syn_cc=0.9614| score=0.9900
0.25 0.00 0.35 0.40 | 0.990±0.010 | 0.986±0.014 | 0.980±0.003 | 0.961±0.009 | best lr=3.00e-04 wd=1.00e-05 dr=0.30 | ADD
[TUNE main] lr=3.00e-04 wd=1.00e-05 dr=0.30 | val_acc=0.9667 val_syn_cc=0.7026 val_loss=0.1956 | test_acc=0.9442 test_syn_cc=0.4867| score=0.9667
0.00 0.00 0.90 0.10 | 0.967±0.016 | 0.703±0.162 | 0.944±0.002 | 0.487±0.009 | best lr=3.00e-04 wd=1.00e-05 dr=0.30 | ADD
[TUNE main] lr=3.00e-04 wd=1.00e-05 dr=0.30 | val_acc=0.9717 val_syn_cc=0.8758 val_loss=0.1273 | test_acc=0.9627 test_syn_cc=0.7775| score=0.9717
0.80 0.00 0.05 0.15 | 0.972±0.016 | 0.876±0.062 | 0.963±0.005 | 0.778±0.043 | best lr=3.00e-04 wd=1.00e-05 dr=0.30 | ADD
[TUNE main] lr=3.00e-04 wd=1.00e-05 dr=0.30 | val_acc=0.9850 val_syn_cc=0.9739 val_loss=0.0529 | test_acc=0.9861 test_syn_cc=0.9725| score=0.9850
0.15 0.00 0.50 0.35 | 0.985±0.009 | 0.974±0.026 | 0.986±0.003 | 0.972±0.010 | best lr=3.00e-04 wd=1.00e-05 dr=0.30 | ADD
[TUNE main] lr=3.00e-04 wd=1.00e-05 dr=0.30 | val_acc=0.9617 val_syn_cc=0.8087 val_loss=0.1498 | test_acc=0.9590 test_syn_cc=0.7873| score=0.9617
0.00 0.00 0.80 0.20 | 0.962±0.024 | 0.809±0.104 | 0.959±0.012 | 0.787±0.063 | best lr=3.00e-04 wd=1.00e-05 dr=0.30 | ADD
[TUNE main] lr=3.00e-04 wd=1.00e-05 dr=0.30 | val_acc=1.0000 val_syn_cc=1.0000 val_loss=0.0534 | test_acc=0.9960 test_syn_cc=0.9960| score=1.0000
0.00 0.00 0.00 1.00 | 1.000±0.000 | 1.000±0.000 | 0.996±0.003 | 0.996±0.003 | best lr=3.00e-04 wd=1.00e-05 dr=0.30 | ADD
[TUNE main] lr=3.00e-04 wd=1.00e-05 dr=0.30 | val_acc=0.9783 val_syn_cc=0.9052 val_loss=0.1157 | test_acc=0.9677 test_syn_cc=0.8661| score=0.9783
0.50 0.00 0.30 0.20 | 0.978±0.013 | 0.905±0.053 | 0.968±0.008 | 0.866±0.046 | best lr=3.00e-04 wd=1.00e-05 dr=0.30 | ADD
[TUNE main] lr=3.00e-04 wd=1.00e-05 dr=0.30 | val_acc=0.9917 val_syn_cc=0.9931 val_loss=0.0387 | test_acc=0.9900 test_syn_cc=0.9828| score=0.9917
0.50 0.00 0.00 0.50 | 0.992±0.008 | 0.993±0.012 | 0.990±0.003 | 0.983±0.006 | best lr=3.00e-04 wd=1.00e-05 dr=0.30 | ADD
[TUNE main] lr=3.00e-04 wd=1.00e-05 dr=0.30 | val_acc=0.9683 val_syn_cc=0.5848 val_loss=0.1332 | test_acc=0.9583 test_syn_cc=0.4958| score=0.9683
0.15 0.00 0.80 0.05 | 0.968±0.018 | 0.585±0.123 | 0.958±0.018 | 0.496±0.020 | best lr=3.00e-04 wd=1.00e-05 dr=0.30 | ADD
[TUNE main] lr=3.00e-04 wd=1.00e-05 dr=0.30 | val_acc=0.9683 val_syn_cc=0.7054 val_loss=0.1357 | test_acc=0.9669 test_syn_cc=0.5537| score=0.9683
0.80 0.00 0.15 0.05 | 0.968±0.008 | 0.705±0.015 | 0.967±0.001 | 0.554±0.020 | best lr=3.00e-04 wd=1.00e-05 dr=0.30 | ADD
[TUNE main] lr=3.00e-04 wd=1.00e-05 dr=0.30 | val_acc=0.9867 val_syn_cc=0.9806 val_loss=0.0504 | test_acc=0.9868 test_syn_cc=0.9816| score=0.9867
0.25 0.00 0.30 0.45 | 0.987±0.008 | 0.981±0.006 | 0.987±0.002 | 0.982±0.001 | best lr=3.00e-04 wd=1.00e-05 dr=0.30 | ADD
[TUNE main] lr=3.00e-04 wd=1.00e-05 dr=0.30 | val_acc=0.9933 val_syn_cc=1.0000 val_loss=0.0295 | test_acc=0.9890 test_syn_cc=0.9867| score=0.9933
0.05 0.00 0.40 0.55 | 0.993±0.003 | 1.000±0.000 | 0.989±0.003 | 0.987±0.007 | best lr=3.00e-04 wd=1.00e-05 dr=0.30 | ADD
[TUNE main] lr=3.00e-04 wd=1.00e-05 dr=0.30 | val_acc=0.9900 val_syn_cc=0.9791 val_loss=0.0537 | test_acc=0.9825 test_syn_cc=0.9487| score=0.9900
0.15 0.00 0.60 0.25 | 0.990±0.010 | 0.979±0.022 | 0.982±0.007 | 0.949±0.023 | best lr=3.00e-04 wd=1.00e-05 dr=0.30 | ADD
[TUNE main] lr=3.00e-04 wd=1.00e-05 dr=0.30 | val_acc=0.9717 val_syn_cc=0.8954 val_loss=0.1037 | test_acc=0.9673 test_syn_cc=0.8648| score=0.9717
0.25 0.00 0.55 0.20 | 0.972±0.008 | 0.895±0.046 | 0.967±0.008 | 0.865±0.036 | best lr=3.00e-04 wd=1.00e-05 dr=0.30 | ADD
[TUNE main] lr=3.00e-04 wd=1.00e-05 dr=0.30 | val_acc=0.9483 val_syn_cc=0.7434 val_loss=0.2188 | test_acc=0.9445 test_syn_cc=0.6623| score=0.9483
0.20 0.00 0.65 0.15 | 0.948±0.028 | 0.743±0.108 | 0.945±0.026 | 0.662±0.191 | best lr=3.00e-04 wd=1.00e-05 dr=0.30 | ADD
[TUNE main] lr=3.00e-04 wd=1.00e-05 dr=0.30 | val_acc=0.9817 val_syn_cc=0.9857 val_loss=0.0476 | test_acc=0.9819 test_syn_cc=0.9702| score=0.9817
0.30 0.00 0.25 0.45 | 0.982±0.008 | 0.986±0.005 | 0.982±0.004 | 0.970±0.008 | best lr=3.00e-04 wd=1.00e-05 dr=0.30 | ADD
[TUNE main] lr=3.00e-04 wd=1.00e-05 dr=0.30 | val_acc=0.9933 val_syn_cc=0.9981 val_loss=0.0215 | test_acc=0.9962 test_syn_cc=0.9968| score=0.9933
0.00 0.00 0.10 0.90 | 0.993±0.008 | 0.998±0.003 | 0.996±0.001 | 0.997±0.001 | best lr=3.00e-04 wd=1.00e-05 dr=0.30 | ADD
[TUNE main] lr=3.00e-04 wd=1.00e-05 dr=0.30 | val_acc=0.9933 val_syn_cc=0.9936 val_loss=0.0209 | test_acc=0.9894 test_syn_cc=0.9869| score=0.9933
0.05 0.00 0.45 0.50 | 0.993±0.012 | 0.994±0.011 | 0.989±0.002 | 0.987±0.003 | best lr=3.00e-04 wd=1.00e-05 dr=0.30 | ADD
[TUNE main] lr=3.00e-04 wd=1.00e-05 dr=0.30 | val_acc=0.9667 val_syn_cc=0.7055 val_loss=0.1899 | test_acc=0.9459 test_syn_cc=0.5198| score=0.9667
0.10 0.00 0.80 0.10 | 0.967±0.008 | 0.705±0.050 | 0.946±0.001 | 0.520±0.005 | best lr=3.00e-04 wd=1.00e-05 dr=0.30 | ADD
[TUNE main] lr=3.00e-04 wd=1.00e-05 dr=0.30 | val_acc=0.9983 val_syn_cc=nan val_loss=0.0168 | test_acc=0.9961 test_syn_cc=nan| score=0.9983
0.30 0.00 0.70 0.00 | 0.998±0.003 | nan±nan | 0.996±0.001 | nan±nan | best lr=3.00e-04 wd=1.00e-05 dr=0.30 | ADD
[TUNE main] lr=3.00e-04 wd=1.00e-05 dr=0.30 | val_acc=0.9650 val_syn_cc=0.6474 val_loss=0.2012 | test_acc=0.9517 test_syn_cc=0.5440| score=0.9650
0.90 0.00 -0.00 0.10 | 0.965±0.018 | 0.647±0.176 | 0.952±0.003 | 0.544±0.041 | best lr=3.00e-04 wd=1.00e-05 dr=0.30 | ADD
[TUNE main] lr=3.00e-04 wd=1.00e-05 dr=0.30 | val_acc=0.9983 val_syn_cc=0.9952 val_loss=0.0183 | test_acc=0.9820 test_syn_cc=0.9664| score=0.9983
0.40 0.00 0.20 0.40 | 0.998±0.003 | 0.995±0.008 | 0.982±0.002 | 0.966±0.007 | best lr=3.00e-04 wd=1.00e-05 dr=0.30 | ADD
[TUNE main] lr=3.00e-04 wd=1.00e-05 dr=0.30 | val_acc=0.9650 val_syn_cc=0.8169 val_loss=0.1663 | test_acc=0.9473 test_syn_cc=0.7029| score=0.9650
0.25 0.00 0.60 0.15 | 0.965±0.009 | 0.817±0.036 | 0.947±0.027 | 0.703±0.150 | best lr=3.00e-04 wd=1.00e-05 dr=0.30 | ADD
[TUNE main] lr=3.00e-04 wd=1.00e-05 dr=0.30 | val_acc=0.9700 val_syn_cc=0.6271 val_loss=0.1186 | test_acc=0.9683 test_syn_cc=0.5161| score=0.9700
0.25 0.00 0.70 0.05 | 0.970±0.015 | 0.627±0.082 | 0.968±0.002 | 0.516±0.043 | best lr=3.00e-04 wd=1.00e-05 dr=0.30 | ADD
[TUNE main] lr=3.00e-04 wd=1.00e-05 dr=0.30 | val_acc=0.9900 val_syn_cc=0.9756 val_loss=0.0328 | test_acc=0.9831 test_syn_cc=0.9599| score=0.9900
0.65 0.00 0.05 0.30 | 0.990±0.009 | 0.976±0.013 | 0.983±0.001 | 0.960±0.005 | best lr=3.00e-04 wd=1.00e-05 dr=0.30 | ADD
[LOG] saved: pid_synthetic_tuning/maintuned_valacc_nlrwddr.jsonl (total entries: 0)
[1;34mwandb[0m: 
[1;34mwandb[0m: 🚀 View run [33mswept-water-77[0m at: [34m[0m
[1;34mwandb[0m: Find logs at: [1;35mwandb/run-20260116_213941-uqzszsss/logs[0m
Job finished
