000 (007.001.000) 2026-01-16 21:39:18 Job submitted from host: <10.87.28.151:9618?addrs=10.87.28.151-9618&alias=brigand.esat.kuleuven.be&noUDP&sock=schedd_1447_19a1>
...
001 (007.001.000) 2026-01-16 21:39:22 Job executing on host: <10.87.24.131:9618?addrs=10.87.24.131-9618&alias=iolite.esat.kuleuven.be&noUDP&sock=startd_1448_c939>
	SlotName: slot1_1@iolite.esat.kuleuven.be
	AvailableGPUs = { GPUs_GPU_80609ff0 }
	CondorScratchDir = "/usr/data/condor/execute/dir_1544837/scratch"
	Cpus = 8
	Disk = 1048576
	GPUs = 1
	GPUs_GPU_80609ff0 = [ Id = "GPU-80609ff0"; ClockMhz = 1545.0; Capability = 7.5; CoresPerCU = 64; DeviceName = "NVIDIA GeForce RTX 2080 Ti"; DeviceUuid = "80609ff0-d905-c2d8-7c85-30e2d01a3cb8"; ECCEnabled = false; ComputeUnits = 68; NvidiaDriver = "580.119.02"; DriverVersion = 13.0; DevicePciBusId = "0000:01:00.0"; GlobalMemoryMb = 10821; MaxSupportedVersion = 13000 ]
	Memory = 20480
...
006 (007.001.000) 2026-01-16 21:39:30 Image size of job updated: 36064
	36  -  MemoryUsage of job (MB)
	36064  -  ResidentSetSize of job (KB)
...
006 (007.001.000) 2026-01-16 21:44:30 Image size of job updated: 822420
	804  -  MemoryUsage of job (MB)
	822420  -  ResidentSetSize of job (KB)
...
006 (007.001.000) 2026-01-16 21:49:30 Image size of job updated: 835404
	804  -  MemoryUsage of job (MB)
	822420  -  ResidentSetSize of job (KB)
...
006 (007.001.000) 2026-01-16 21:54:31 Image size of job updated: 835404
	805  -  MemoryUsage of job (MB)
	823592  -  ResidentSetSize of job (KB)
...
006 (007.001.000) 2026-01-16 22:04:31 Image size of job updated: 845532
	805  -  MemoryUsage of job (MB)
	823592  -  ResidentSetSize of job (KB)
...
006 (007.001.000) 2026-01-16 22:29:33 Image size of job updated: 845532
	805  -  MemoryUsage of job (MB)
	823840  -  ResidentSetSize of job (KB)
...
006 (007.001.000) 2026-01-16 22:39:34 Image size of job updated: 846860
	805  -  MemoryUsage of job (MB)
	823840  -  ResidentSetSize of job (KB)
...
005 (007.001.000) 2026-01-16 22:58:39 Job terminated.
	(1) Normal termination (return value 0)
		Usr 0 01:18:01, Sys 0 00:00:32  -  Run Remote Usage
		Usr 0 00:00:00, Sys 0 00:00:00  -  Run Local Usage
		Usr 0 01:18:01, Sys 0 00:00:32  -  Total Remote Usage
		Usr 0 00:00:00, Sys 0 00:00:00  -  Total Local Usage
	0  -  Run Bytes Sent By Job
	0  -  Run Bytes Received By Job
	0  -  Total Bytes Sent By Job
	0  -  Total Bytes Received By Job
	Partitionable Resources :    Usage  Request Allocated Assigned
	   Cpus                 :     1.00        8         8 
	   Disk (KB)            :     2     1048576   1048576 
	   GPUs                 :     0.20        1         1 "GPU-80609ff0"
	   GpusMemory (MB)      :  1027                       
	   Memory (MB)          :   805       20480     20480 
	   TimeExecute (s)      :  4757                       
	   TimeSlotBusy (s)     :  4758                       
...
