Starting Job
/esat/smcdata/users/kkontras/Image_Dataset/no_backup/git/Synergy/mydatasets/Xor/Xor_PID3Main_MaskSynIB_Search.py
/esat/smcdata/users/kkontras/Image_Dataset/no_backup/envs/synergy_new/bin/python
Python 3.10.19
/esat/smcdata/users/kkontras/Image_Dataset/no_backup/git/Synergy
We have 1 GPU
/esat/smcdata/users/kkontras/Image_Dataset/no_backup/git/Synergy/mydatasets/Xor/Xor_PID3Main_MaskSynIB_Search.py

Executing command: python /esat/smcdata/users/kkontras/Image_Dataset/no_backup/git/Synergy/mydatasets/Xor/Xor_PID3Main_MaskSynIB_Search.py
[LOAD] path=pid_synthetic_tuning/maintuned_valacc_nlrwddr.jsonl
[LOAD] abs_path=/esat/smcdata/users/kkontras/Image_Dataset/no_backup/git/Synergy/pid_synthetic_tuning/maintuned_valacc_nlrwddr.jsonl
[LOAD] file does not exist -> returning empty
==============================================================================================================
[DEFAULT CONFIG]
  dims: dim0=32 dim1=32
  blocks0: unique=6 red=6 syn=6 noise=14 | random_pos=False
  blocks1: unique=6 red=6 syn=6 noise=14 | random_pos=False
  SNR: unique_strength=3 red_strength=3 syn_strength=3 noise_std=1
  train: n_train=2000 n_test=4000 batch=64 epochs=30 lr=3.0e-04
  loss: lambda_uni=1 lambda_kl=10 lambda_shortcut_inv=0
  probs: u1=0.3, u2=0.3, red=0.3, syn=0.1
==============================================================================================================
[RUN] sweep non-overlap source probs (u1/u2/red/syn)
[LOG] append/dedupe json: pid_synthetic_tuning/maintuned_valacc_nlrwddr.jsonl
pu1 pu2 pred psyn | MainTot SynIBTot | Main(u1,u2,red,syn) | SynIB(u1,u2,red,syn) | det | status
---------------------------------------------------------------------------------------------------
[TUNE main] lr=3.00e-04 wd=1.00e-05 dr=0.30 | val_acc=0.9833 val_syn_cc=0.5794 val_loss=0.0632 | test_acc=0.9625 test_syn_cc=0.5169| score=0.9833
0.45 0.00 0.50 0.05 | 0.983±0.008 | 0.579±0.084 | 0.963±0.011 | 0.517±0.071 | best lr=3.00e-04 wd=1.00e-05 dr=0.30 | ADD
[TUNE main] lr=3.00e-04 wd=1.00e-05 dr=0.30 | val_acc=0.9700 val_syn_cc=0.7311 val_loss=0.1381 | test_acc=0.9442 test_syn_cc=0.5126| score=0.9700
0.25 0.00 0.65 0.10 | 0.970±0.010 | 0.731±0.030 | 0.944±0.007 | 0.513±0.033 | best lr=3.00e-04 wd=1.00e-05 dr=0.30 | ADD
[TUNE main] lr=3.00e-04 wd=1.00e-05 dr=0.30 | val_acc=0.9800 val_syn_cc=0.9310 val_loss=0.0940 | test_acc=0.9812 test_syn_cc=0.9327| score=0.9800
0.75 0.00 0.00 0.25 | 0.980±0.010 | 0.931±0.054 | 0.981±0.004 | 0.933±0.018 | best lr=3.00e-04 wd=1.00e-05 dr=0.30 | ADD
[TUNE main] lr=3.00e-04 wd=1.00e-05 dr=0.30 | val_acc=0.9717 val_syn_cc=0.8758 val_loss=0.1345 | test_acc=0.9642 test_syn_cc=0.7864| score=0.9717
0.80 0.00 0.05 0.15 | 0.972±0.016 | 0.876±0.062 | 0.964±0.006 | 0.786±0.047 | best lr=3.00e-04 wd=1.00e-05 dr=0.30 | ADD
[TUNE main] lr=3.00e-04 wd=1.00e-05 dr=0.30 | val_acc=0.9983 val_syn_cc=nan val_loss=0.0168 | test_acc=0.9961 test_syn_cc=nan| score=0.9983
0.30 0.00 0.70 0.00 | 0.998±0.003 | nan±nan | 0.996±0.001 | nan±nan | best lr=3.00e-04 wd=1.00e-05 dr=0.30 | ADD
[TUNE main] lr=3.00e-04 wd=1.00e-05 dr=0.30 | val_acc=0.9667 val_syn_cc=0.7074 val_loss=0.1616 | test_acc=0.9419 test_syn_cc=0.4849| score=0.9667
0.05 0.00 0.85 0.10 | 0.967±0.010 | 0.707±0.101 | 0.942±0.007 | 0.485±0.033 | best lr=3.00e-04 wd=1.00e-05 dr=0.30 | ADD
[TUNE main] lr=3.00e-04 wd=1.00e-05 dr=0.30 | val_acc=0.9533 val_syn_cc=0.7944 val_loss=0.1788 | test_acc=0.9450 test_syn_cc=0.7487| score=0.9533
0.15 0.00 0.65 0.20 | 0.953±0.008 | 0.794±0.084 | 0.945±0.024 | 0.749±0.102 | best lr=3.00e-04 wd=1.00e-05 dr=0.30 | ADD
[TUNE main] lr=3.00e-04 wd=1.00e-05 dr=0.30 | val_acc=0.9600 val_syn_cc=0.6774 val_loss=0.1295 | test_acc=0.9458 test_syn_cc=0.5269| score=0.9600
0.30 0.00 0.60 0.10 | 0.960±0.020 | 0.677±0.033 | 0.946±0.005 | 0.527±0.037 | best lr=3.00e-04 wd=1.00e-05 dr=0.30 | ADD
[TUNE main] lr=3.00e-04 wd=1.00e-05 dr=0.30 | val_acc=0.9817 val_syn_cc=0.9410 val_loss=0.0676 | test_acc=0.9670 test_syn_cc=0.8610| score=0.9817
0.35 0.00 0.45 0.20 | 0.982±0.010 | 0.941±0.038 | 0.967±0.008 | 0.861±0.031 | best lr=3.00e-04 wd=1.00e-05 dr=0.30 | ADD
[TUNE main] lr=3.00e-04 wd=1.00e-05 dr=0.30 | val_acc=0.9733 val_syn_cc=0.8903 val_loss=0.1051 | test_acc=0.9663 test_syn_cc=0.8900| score=0.9733
0.25 0.00 0.50 0.25 | 0.973±0.008 | 0.890±0.050 | 0.966±0.010 | 0.890±0.039 | best lr=3.00e-04 wd=1.00e-05 dr=0.30 | ADD
[TUNE main] lr=3.00e-04 wd=1.00e-05 dr=0.30 | val_acc=0.9867 val_syn_cc=0.9888 val_loss=0.0378 | test_acc=0.9849 test_syn_cc=0.9764| score=0.9867
0.20 0.00 0.35 0.45 | 0.987±0.003 | 0.989±0.011 | 0.985±0.005 | 0.976±0.009 | best lr=3.00e-04 wd=1.00e-05 dr=0.30 | ADD
[TUNE main] lr=3.00e-04 wd=1.00e-05 dr=0.30 | val_acc=1.0000 val_syn_cc=1.0000 val_loss=0.0170 | test_acc=0.9850 test_syn_cc=0.9703| score=1.0000
0.00 0.00 0.55 0.45 | 1.000±0.000 | 1.000±0.000 | 0.985±0.005 | 0.970±0.011 | best lr=3.00e-04 wd=1.00e-05 dr=0.30 | ADD
[TUNE main] lr=3.00e-04 wd=1.00e-05 dr=0.30 | val_acc=0.9750 val_syn_cc=0.6121 val_loss=0.0838 | test_acc=0.9722 test_syn_cc=0.4965| score=0.9750
0.95 0.00 -0.00 0.05 | 0.975±0.005 | 0.612±0.201 | 0.972±0.005 | 0.496±0.032 | best lr=3.00e-04 wd=1.00e-05 dr=0.30 | ADD
[TUNE main] lr=3.00e-04 wd=1.00e-05 dr=0.30 | val_acc=0.9850 val_syn_cc=0.9794 val_loss=0.0616 | test_acc=0.9813 test_syn_cc=0.9593| score=0.9850
0.25 0.00 0.40 0.35 | 0.985±0.009 | 0.979±0.012 | 0.981±0.003 | 0.959±0.012 | best lr=3.00e-04 wd=1.00e-05 dr=0.30 | ADD
[TUNE main] lr=3.00e-04 wd=1.00e-05 dr=0.30 | val_acc=0.9917 val_syn_cc=0.9972 val_loss=0.0302 | test_acc=0.9848 test_syn_cc=0.9850| score=0.9917
0.35 0.00 0.05 0.60 | 0.992±0.008 | 0.997±0.005 | 0.985±0.006 | 0.985±0.010 | best lr=3.00e-04 wd=1.00e-05 dr=0.30 | ADD
[TUNE main] lr=3.00e-04 wd=1.00e-05 dr=0.30 | val_acc=0.9733 val_syn_cc=0.8566 val_loss=0.0923 | test_acc=0.9575 test_syn_cc=0.7556| score=0.9733
0.65 0.00 0.20 0.15 | 0.973±0.013 | 0.857±0.073 | 0.958±0.011 | 0.756±0.083 | best lr=3.00e-04 wd=1.00e-05 dr=0.30 | ADD
[TUNE main] lr=3.00e-04 wd=1.00e-05 dr=0.30 | val_acc=0.9600 val_syn_cc=0.7758 val_loss=0.1801 | test_acc=0.9402 test_syn_cc=0.6317| score=0.9600
0.05 0.00 0.80 0.15 | 0.960±0.020 | 0.776±0.111 | 0.940±0.021 | 0.632±0.121 | best lr=3.00e-04 wd=1.00e-05 dr=0.30 | ADD
[TUNE main] lr=3.00e-04 wd=1.00e-05 dr=0.30 | val_acc=0.9917 val_syn_cc=0.9969 val_loss=0.0278 | test_acc=0.9853 test_syn_cc=0.9792| score=0.9917
0.40 0.00 0.10 0.50 | 0.992±0.006 | 0.997±0.005 | 0.985±0.000 | 0.979±0.000 | best lr=3.00e-04 wd=1.00e-05 dr=0.30 | ADD
[TUNE main] lr=3.00e-04 wd=1.00e-05 dr=0.30 | val_acc=0.9983 val_syn_cc=nan val_loss=0.0091 | test_acc=0.9961 test_syn_cc=nan| score=0.9983
0.50 0.00 0.50 0.00 | 0.998±0.003 | nan±nan | 0.996±0.001 | nan±nan | best lr=3.00e-04 wd=1.00e-05 dr=0.30 | ADD
[TUNE main] lr=3.00e-04 wd=1.00e-05 dr=0.30 | val_acc=0.9867 val_syn_cc=0.9939 val_loss=0.0422 | test_acc=0.9834 test_syn_cc=0.9794| score=0.9867
0.15 0.00 0.30 0.55 | 0.987±0.008 | 0.994±0.005 | 0.983±0.003 | 0.979±0.003 | best lr=3.00e-04 wd=1.00e-05 dr=0.30 | ADD
[TUNE main] lr=3.00e-04 wd=1.00e-05 dr=0.30 | val_acc=1.0000 val_syn_cc=1.0000 val_loss=0.0068 | test_acc=0.9939 test_syn_cc=0.9952| score=1.0000
0.15 0.00 -0.00 0.85 | 1.000±0.000 | 1.000±0.000 | 0.994±0.002 | 0.995±0.001 | best lr=3.00e-04 wd=1.00e-05 dr=0.30 | ADD
[TUNE main] lr=3.00e-04 wd=1.00e-05 dr=0.30 | val_acc=0.9983 val_syn_cc=1.0000 val_loss=0.0320 | test_acc=0.9894 test_syn_cc=0.9896| score=0.9983
0.25 0.00 0.05 0.70 | 0.998±0.003 | 1.000±0.000 | 0.989±0.002 | 0.990±0.004 | best lr=3.00e-04 wd=1.00e-05 dr=0.30 | ADD
[TUNE main] lr=3.00e-04 wd=1.00e-05 dr=0.30 | val_acc=1.0000 val_syn_cc=nan val_loss=0.0081 | test_acc=0.9971 test_syn_cc=nan| score=1.0000
0.85 0.00 0.15 0.00 | 1.000±0.000 | nan±nan | 0.997±0.000 | nan±nan | best lr=3.00e-04 wd=1.00e-05 dr=0.30 | ADD
[TUNE main] lr=3.00e-04 wd=1.00e-05 dr=0.30 | val_acc=0.9650 val_syn_cc=0.6618 val_loss=0.1319 | test_acc=0.9671 test_syn_cc=0.4679| score=0.9650
0.85 0.00 0.10 0.05 | 0.965±0.022 | 0.662±0.166 | 0.967±0.003 | 0.468±0.005 | best lr=3.00e-04 wd=1.00e-05 dr=0.30 | ADD
[TUNE main] lr=3.00e-04 wd=1.00e-05 dr=0.30 | val_acc=0.9817 val_syn_cc=0.9321 val_loss=0.0680 | test_acc=0.9686 test_syn_cc=0.8880| score=0.9817
0.00 0.00 0.75 0.25 | 0.982±0.019 | 0.932±0.082 | 0.969±0.021 | 0.888±0.078 | best lr=3.00e-04 wd=1.00e-05 dr=0.30 | ADD
[TUNE main] lr=3.00e-04 wd=1.00e-05 dr=0.30 | val_acc=0.9767 val_syn_cc=0.9324 val_loss=0.0817 | test_acc=0.9682 test_syn_cc=0.8938| score=0.9767
0.60 0.00 0.15 0.25 | 0.977±0.018 | 0.932±0.044 | 0.968±0.014 | 0.894±0.056 | best lr=3.00e-04 wd=1.00e-05 dr=0.30 | ADD
[TUNE main] lr=3.00e-04 wd=1.00e-05 dr=0.30 | val_acc=0.9983 val_syn_cc=1.0000 val_loss=0.0263 | test_acc=0.9881 test_syn_cc=0.9889| score=0.9983
0.25 0.00 0.10 0.65 | 0.998±0.003 | 1.000±0.000 | 0.988±0.001 | 0.989±0.003 | best lr=3.00e-04 wd=1.00e-05 dr=0.30 | ADD
[TUNE main] lr=3.00e-04 wd=1.00e-05 dr=0.30 | val_acc=0.9967 val_syn_cc=1.0000 val_loss=0.0147 | test_acc=0.9955 test_syn_cc=0.9958| score=0.9967
0.00 0.00 0.10 0.90 | 0.997±0.006 | 1.000±0.000 | 0.996±0.002 | 0.996±0.002 | best lr=3.00e-04 wd=1.00e-05 dr=0.30 | ADD
[TUNE main] lr=3.00e-04 wd=1.00e-05 dr=0.30 | val_acc=0.9933 val_syn_cc=0.9867 val_loss=0.0290 | test_acc=0.9800 test_syn_cc=0.9591| score=0.9933
0.10 0.00 0.55 0.35 | 0.993±0.006 | 0.987±0.014 | 0.980±0.002 | 0.959±0.003 | best lr=3.00e-04 wd=1.00e-05 dr=0.30 | ADD
[TUNE main] lr=3.00e-04 wd=1.00e-05 dr=0.30 | val_acc=0.9900 val_syn_cc=0.9706 val_loss=0.0575 | test_acc=0.9783 test_syn_cc=0.9261| score=0.9900
0.70 0.00 0.05 0.25 | 0.990±0.009 | 0.971±0.032 | 0.978±0.001 | 0.926±0.007 | best lr=3.00e-04 wd=1.00e-05 dr=0.30 | ADD
[TUNE main] lr=3.00e-04 wd=1.00e-05 dr=0.30 | val_acc=1.0000 val_syn_cc=nan val_loss=0.0060 | test_acc=0.9973 test_syn_cc=nan| score=1.0000
0.75 0.00 0.25 0.00 | 1.000±0.000 | nan±nan | 0.997±0.000 | nan±nan | best lr=3.00e-04 wd=1.00e-05 dr=0.30 | ADD
[TUNE main] lr=3.00e-04 wd=1.00e-05 dr=0.30 | val_acc=0.9867 val_syn_cc=0.9891 val_loss=0.0464 | test_acc=0.9820 test_syn_cc=0.9700| score=0.9867
0.30 0.00 0.25 0.45 | 0.987±0.010 | 0.989±0.001 | 0.982±0.004 | 0.970±0.008 | best lr=3.00e-04 wd=1.00e-05 dr=0.30 | ADD
[TUNE main] lr=3.00e-04 wd=1.00e-05 dr=0.30 | val_acc=0.9617 val_syn_cc=0.8206 val_loss=0.1862 | test_acc=0.9543 test_syn_cc=0.7865| score=0.9617
0.75 0.00 0.05 0.20 | 0.962±0.012 | 0.821±0.078 | 0.954±0.008 | 0.787±0.035 | best lr=3.00e-04 wd=1.00e-05 dr=0.30 | ADD
[TUNE main] lr=3.00e-04 wd=1.00e-05 dr=0.30 | val_acc=0.9983 val_syn_cc=nan val_loss=0.0104 | test_acc=0.9968 test_syn_cc=nan| score=0.9983
0.15 0.00 0.85 0.00 | 0.998±0.003 | nan±nan | 0.997±0.001 | nan±nan | best lr=3.00e-04 wd=1.00e-05 dr=0.30 | ADD
[TUNE main] lr=3.00e-04 wd=1.00e-05 dr=0.30 | val_acc=0.9900 val_syn_cc=0.9787 val_loss=0.0678 | test_acc=0.9797 test_syn_cc=0.9466| score=0.9900
0.15 0.00 0.60 0.25 | 0.990±0.009 | 0.979±0.022 | 0.980±0.004 | 0.947±0.015 | best lr=3.00e-04 wd=1.00e-05 dr=0.30 | ADD
[TUNE main] lr=3.00e-04 wd=1.00e-05 dr=0.30 | val_acc=0.9917 val_syn_cc=0.9805 val_loss=0.0237 | test_acc=0.9748 test_syn_cc=0.9217| score=0.9917
0.20 0.00 0.55 0.25 | 0.992±0.003 | 0.981±0.019 | 0.975±0.006 | 0.922±0.019 | best lr=3.00e-04 wd=1.00e-05 dr=0.30 | ADD
[TUNE main] lr=3.00e-04 wd=1.00e-05 dr=0.30 | val_acc=0.9817 val_syn_cc=0.7056 val_loss=0.1115 | test_acc=0.9695 test_syn_cc=0.4923| score=0.9817
0.05 0.00 0.90 0.05 | 0.982±0.003 | 0.706±0.042 | 0.970±0.003 | 0.492±0.026 | best lr=3.00e-04 wd=1.00e-05 dr=0.30 | ADD
[TUNE main] lr=3.00e-04 wd=1.00e-05 dr=0.30 | val_acc=0.9817 val_syn_cc=0.9466 val_loss=0.0920 | test_acc=0.9742 test_syn_cc=0.9173| score=0.9817
0.10 0.00 0.65 0.25 | 0.982±0.012 | 0.947±0.037 | 0.974±0.002 | 0.917±0.002 | best lr=3.00e-04 wd=1.00e-05 dr=0.30 | ADD
[TUNE main] lr=3.00e-04 wd=1.00e-05 dr=0.30 | val_acc=0.9750 val_syn_cc=0.8736 val_loss=0.1047 | test_acc=0.9635 test_syn_cc=0.8218| score=0.9750
0.80 0.00 -0.00 0.20 | 0.975±0.010 | 0.874±0.054 | 0.963±0.006 | 0.822±0.031 | best lr=3.00e-04 wd=1.00e-05 dr=0.30 | ADD
[TUNE main] lr=3.00e-04 wd=1.00e-05 dr=0.30 | val_acc=0.9833 val_syn_cc=0.9753 val_loss=0.0530 | test_acc=0.9836 test_syn_cc=0.9729| score=0.9833
0.20 0.00 0.40 0.40 | 0.983±0.008 | 0.975±0.012 | 0.984±0.006 | 0.973±0.012 | best lr=3.00e-04 wd=1.00e-05 dr=0.30 | ADD
[TUNE main] lr=3.00e-04 wd=1.00e-05 dr=0.30 | val_acc=0.9750 val_syn_cc=0.8803 val_loss=0.1241 | test_acc=0.9565 test_syn_cc=0.8198| score=0.9750
0.40 0.00 0.40 0.20 | 0.975±0.017 | 0.880±0.079 | 0.957±0.013 | 0.820±0.061 | best lr=3.00e-04 wd=1.00e-05 dr=0.30 | ADD
[TUNE main] lr=3.00e-04 wd=1.00e-05 dr=0.30 | val_acc=0.9933 val_syn_cc=0.9882 val_loss=0.0392 | test_acc=0.9860 test_syn_cc=0.9697| score=0.9933
0.60 0.00 -0.00 0.40 | 0.993±0.003 | 0.988±0.012 | 0.986±0.005 | 0.970±0.013 | best lr=3.00e-04 wd=1.00e-05 dr=0.30 | ADD
[TUNE main] lr=3.00e-04 wd=1.00e-05 dr=0.30 | val_acc=0.9983 val_syn_cc=0.9952 val_loss=0.0253 | test_acc=0.9811 test_syn_cc=0.9650| score=0.9983
0.40 0.00 0.20 0.40 | 0.998±0.003 | 0.995±0.008 | 0.981±0.002 | 0.965±0.007 | best lr=3.00e-04 wd=1.00e-05 dr=0.30 | ADD
[TUNE main] lr=3.00e-04 wd=1.00e-05 dr=0.30 | val_acc=0.9683 val_syn_cc=0.7054 val_loss=0.1367 | test_acc=0.9668 test_syn_cc=0.5520| score=0.9683
0.80 0.00 0.15 0.05 | 0.968±0.008 | 0.705±0.015 | 0.967±0.001 | 0.552±0.023 | best lr=3.00e-04 wd=1.00e-05 dr=0.30 | ADD
[TUNE main] lr=3.00e-04 wd=1.00e-05 dr=0.30 | val_acc=0.9933 val_syn_cc=1.0000 val_loss=0.0242 | test_acc=0.9861 test_syn_cc=0.9840| score=0.9933
0.30 0.00 0.15 0.55 | 0.993±0.008 | 1.000±0.000 | 0.986±0.001 | 0.984±0.004 | best lr=3.00e-04 wd=1.00e-05 dr=0.30 | ADD
[TUNE main] lr=3.00e-04 wd=1.00e-05 dr=0.30 | val_acc=0.9867 val_syn_cc=0.9712 val_loss=0.0433 | test_acc=0.9818 test_syn_cc=0.9594| score=0.9867
0.60 0.00 0.05 0.35 | 0.987±0.008 | 0.971±0.026 | 0.982±0.006 | 0.959±0.017 | best lr=3.00e-04 wd=1.00e-05 dr=0.30 | ADD
[TUNE main] lr=3.00e-04 wd=1.00e-05 dr=0.30 | val_acc=0.9783 val_syn_cc=0.9362 val_loss=0.0677 | test_acc=0.9722 test_syn_cc=0.9083| score=0.9783
0.05 0.00 0.70 0.25 | 0.978±0.012 | 0.936±0.028 | 0.972±0.009 | 0.908±0.036 | best lr=3.00e-04 wd=1.00e-05 dr=0.30 | ADD
[TUNE main] lr=3.00e-04 wd=1.00e-05 dr=0.30 | val_acc=0.9817 val_syn_cc=0.9720 val_loss=0.0696 | test_acc=0.9858 test_syn_cc=0.9678| score=0.9817
0.05 0.00 0.60 0.35 | 0.982±0.013 | 0.972±0.021 | 0.986±0.009 | 0.968±0.026 | best lr=3.00e-04 wd=1.00e-05 dr=0.30 | ADD
[TUNE main] lr=3.00e-04 wd=1.00e-05 dr=0.30 | val_acc=0.9533 val_syn_cc=0.7468 val_loss=0.1892 | test_acc=0.9583 test_syn_cc=0.7632| score=0.9533
0.50 0.00 0.35 0.15 | 0.953±0.033 | 0.747±0.191 | 0.958±0.017 | 0.763±0.102 | best lr=3.00e-04 wd=1.00e-05 dr=0.30 | ADD
[TUNE main] lr=3.00e-04 wd=1.00e-05 dr=0.30 | val_acc=0.9950 val_syn_cc=1.0000 val_loss=0.0194 | test_acc=0.9897 test_syn_cc=0.9909| score=0.9950
0.05 0.00 0.25 0.70 | 0.995±0.005 | 1.000±0.000 | 0.990±0.002 | 0.991±0.003 | best lr=3.00e-04 wd=1.00e-05 dr=0.30 | ADD
[TUNE main] lr=3.00e-04 wd=1.00e-05 dr=0.30 | val_acc=0.9967 val_syn_cc=0.9959 val_loss=0.0233 | test_acc=0.9922 test_syn_cc=0.9941| score=0.9967
0.20 0.00 0.05 0.75 | 0.997±0.006 | 0.996±0.007 | 0.992±0.001 | 0.994±0.001 | best lr=3.00e-04 wd=1.00e-05 dr=0.30 | ADD
[TUNE main] lr=3.00e-04 wd=1.00e-05 dr=0.30 | val_acc=0.9983 val_syn_cc=0.9973 val_loss=0.0177 | test_acc=0.9836 test_syn_cc=0.9783| score=0.9983
0.35 0.00 0.10 0.55 | 0.998±0.003 | 0.997±0.005 | 0.984±0.002 | 0.978±0.002 | best lr=3.00e-04 wd=1.00e-05 dr=0.30 | ADD
[TUNE main] lr=3.00e-04 wd=1.00e-05 dr=0.30 | val_acc=0.9533 val_syn_cc=0.5813 val_loss=0.2255 | test_acc=0.9422 test_syn_cc=0.4969| score=0.9533
0.45 0.00 0.45 0.10 | 0.953±0.006 | 0.581±0.161 | 0.942±0.002 | 0.497±0.010 | best lr=3.00e-04 wd=1.00e-05 dr=0.30 | ADD
[TUNE main] lr=3.00e-04 wd=1.00e-05 dr=0.30 | val_acc=0.9950 val_syn_cc=1.0000 val_loss=0.0186 | test_acc=0.9905 test_syn_cc=0.9937| score=0.9950
0.05 0.00 0.10 0.85 | 0.995±0.005 | 1.000±0.000 | 0.990±0.003 | 0.994±0.003 | best lr=3.00e-04 wd=1.00e-05 dr=0.30 | ADD
[TUNE main] lr=3.00e-04 wd=1.00e-05 dr=0.30 | val_acc=0.9883 val_syn_cc=0.9903 val_loss=0.0461 | test_acc=0.9829 test_syn_cc=0.9771| score=0.9883
0.25 0.00 0.25 0.50 | 0.988±0.006 | 0.990±0.010 | 0.983±0.003 | 0.977±0.005 | best lr=3.00e-04 wd=1.00e-05 dr=0.30 | ADD
[TUNE main] lr=3.00e-04 wd=1.00e-05 dr=0.30 | val_acc=0.9633 val_syn_cc=0.7361 val_loss=0.1721 | test_acc=0.9432 test_syn_cc=0.5217| score=0.9633
0.40 0.00 0.50 0.10 | 0.963±0.024 | 0.736±0.180 | 0.943±0.005 | 0.522±0.030 | best lr=3.00e-04 wd=1.00e-05 dr=0.30 | ADD
[TUNE main] lr=3.00e-04 wd=1.00e-05 dr=0.30 | val_acc=0.9967 val_syn_cc=nan val_loss=0.0148 | test_acc=0.9950 test_syn_cc=nan| score=0.9967
0.40 0.00 0.60 0.00 | 0.997±0.006 | nan±nan | 0.995±0.001 | nan±nan | best lr=3.00e-04 wd=1.00e-05 dr=0.30 | ADD
[TUNE main] lr=3.00e-04 wd=1.00e-05 dr=0.30 | val_acc=0.9983 val_syn_cc=1.0000 val_loss=0.0107 | test_acc=0.9861 test_syn_cc=0.9851| score=0.9983
0.25 0.00 0.15 0.60 | 0.998±0.003 | 1.000±0.000 | 0.986±0.004 | 0.985±0.006 | best lr=3.00e-04 wd=1.00e-05 dr=0.30 | ADD
[TUNE main] lr=3.00e-04 wd=1.00e-05 dr=0.30 | val_acc=1.0000 val_syn_cc=1.0000 val_loss=0.0116 | test_acc=0.9904 test_syn_cc=0.9788| score=1.0000
0.00 0.00 0.60 0.40 | 1.000±0.000 | 1.000±0.000 | 0.990±0.000 | 0.979±0.001 | best lr=3.00e-04 wd=1.00e-05 dr=0.30 | ADD
[TUNE main] lr=3.00e-04 wd=1.00e-05 dr=0.30 | val_acc=0.9783 val_syn_cc=0.9386 val_loss=0.0834 | test_acc=0.9747 test_syn_cc=0.9214| score=0.9783
0.40 0.00 0.35 0.25 | 0.978±0.018 | 0.939±0.056 | 0.975±0.005 | 0.921±0.016 | best lr=3.00e-04 wd=1.00e-05 dr=0.30 | ADD
[TUNE main] lr=3.00e-04 wd=1.00e-05 dr=0.30 | val_acc=0.9900 val_syn_cc=0.9890 val_loss=0.0389 | test_acc=0.9802 test_syn_cc=0.9636| score=0.9900
0.35 0.00 0.25 0.40 | 0.990±0.005 | 0.989±0.019 | 0.980±0.010 | 0.964±0.025 | best lr=3.00e-04 wd=1.00e-05 dr=0.30 | ADD
[TUNE main] lr=3.00e-04 wd=1.00e-05 dr=0.30 | val_acc=0.9883 val_syn_cc=0.9726 val_loss=0.0465 | test_acc=0.9739 test_syn_cc=0.9277| score=0.9883
0.15 0.00 0.55 0.30 | 0.988±0.008 | 0.973±0.019 | 0.974±0.002 | 0.928±0.010 | best lr=3.00e-04 wd=1.00e-05 dr=0.30 | ADD
[TUNE main] lr=3.00e-04 wd=1.00e-05 dr=0.30 | val_acc=0.9700 val_syn_cc=0.7055 val_loss=0.1909 | test_acc=0.9461 test_syn_cc=0.5181| score=0.9700
0.10 0.00 0.80 0.10 | 0.970±0.009 | 0.705±0.050 | 0.946±0.001 | 0.518±0.004 | best lr=3.00e-04 wd=1.00e-05 dr=0.30 | ADD
[TUNE main] lr=3.00e-04 wd=1.00e-05 dr=0.30 | val_acc=0.9967 val_syn_cc=0.9978 val_loss=0.0328 | test_acc=0.9887 test_syn_cc=0.9894| score=0.9967
0.10 0.00 0.15 0.75 | 0.997±0.006 | 0.998±0.004 | 0.989±0.003 | 0.989±0.005 | best lr=3.00e-04 wd=1.00e-05 dr=0.30 | ADD
[TUNE main] lr=3.00e-04 wd=1.00e-05 dr=0.30 | val_acc=1.0000 val_syn_cc=nan val_loss=0.0060 | test_acc=0.9998 test_syn_cc=nan| score=1.0000
1.00 0.00 0.00 0.00 | 1.000±0.000 | nan±nan | 1.000±0.000 | nan±nan | best lr=3.00e-04 wd=1.00e-05 dr=0.30 | ADD
[TUNE main] lr=3.00e-04 wd=1.00e-05 dr=0.30 | val_acc=1.0000 val_syn_cc=nan val_loss=0.0070 | test_acc=0.9962 test_syn_cc=nan| score=1.0000
0.55 0.00 0.45 0.00 | 1.000±0.000 | nan±nan | 0.996±0.001 | nan±nan | best lr=3.00e-04 wd=1.00e-05 dr=0.30 | ADD
[TUNE main] lr=3.00e-04 wd=1.00e-05 dr=0.30 | val_acc=0.9967 val_syn_cc=1.0000 val_loss=0.0429 | test_acc=0.9938 test_syn_cc=0.9954| score=0.9967
0.05 0.00 -0.00 0.95 | 0.997±0.003 | 1.000±0.000 | 0.994±0.002 | 0.995±0.002 | best lr=3.00e-04 wd=1.00e-05 dr=0.30 | ADD
[TUNE main] lr=3.00e-04 wd=1.00e-05 dr=0.30 | val_acc=0.9733 val_syn_cc=0.9428 val_loss=0.1141 | test_acc=0.9698 test_syn_cc=0.9231| score=0.9733
0.30 0.00 0.40 0.30 | 0.973±0.003 | 0.943±0.023 | 0.970±0.002 | 0.923±0.007 | best lr=3.00e-04 wd=1.00e-05 dr=0.30 | ADD
[TUNE main] lr=3.00e-04 wd=1.00e-05 dr=0.30 | val_acc=0.9850 val_syn_cc=0.9591 val_loss=0.0533 | test_acc=0.9831 test_syn_cc=0.9495| score=0.9850
0.00 0.00 0.70 0.30 | 0.985±0.009 | 0.959±0.028 | 0.983±0.001 | 0.949±0.005 | best lr=3.00e-04 wd=1.00e-05 dr=0.30 | ADD
[TUNE main] lr=3.00e-04 wd=1.00e-05 dr=0.30 | val_acc=0.9900 val_syn_cc=0.9808 val_loss=0.0408 | test_acc=0.9811 test_syn_cc=0.9620| score=0.9900
0.50 0.00 0.10 0.40 | 0.990±0.005 | 0.981±0.014 | 0.981±0.007 | 0.962±0.016 | best lr=3.00e-04 wd=1.00e-05 dr=0.30 | ADD
[TUNE main] lr=3.00e-04 wd=1.00e-05 dr=0.30 | val_acc=0.9967 val_syn_cc=1.0000 val_loss=0.0174 | test_acc=0.9933 test_syn_cc=0.9942| score=0.9967
0.20 0.00 0.00 0.80 | 0.997±0.003 | 1.000±0.000 | 0.993±0.002 | 0.994±0.002 | best lr=3.00e-04 wd=1.00e-05 dr=0.30 | ADD
[TUNE main] lr=3.00e-04 wd=1.00e-05 dr=0.30 | val_acc=0.9883 val_syn_cc=0.9861 val_loss=0.0515 | test_acc=0.9833 test_syn_cc=0.9641| score=0.9883
0.45 0.00 0.20 0.35 | 0.988±0.003 | 0.986±0.001 | 0.983±0.003 | 0.964±0.008 | best lr=3.00e-04 wd=1.00e-05 dr=0.30 | ADD
[TUNE main] lr=3.00e-04 wd=1.00e-05 dr=0.30 | val_acc=0.9983 val_syn_cc=nan val_loss=0.0115 | test_acc=0.9958 test_syn_cc=nan| score=0.9983
0.20 0.00 0.80 0.00 | 0.998±0.003 | nan±nan | 0.996±0.002 | nan±nan | best lr=3.00e-04 wd=1.00e-05 dr=0.30 | ADD
[TUNE main] lr=3.00e-04 wd=1.00e-05 dr=0.30 | val_acc=0.9983 val_syn_cc=nan val_loss=0.0130 | test_acc=0.9978 test_syn_cc=nan| score=0.9983
0.05 0.00 0.95 0.00 | 0.998±0.003 | nan±nan | 0.998±0.001 | nan±nan | best lr=3.00e-04 wd=1.00e-05 dr=0.30 | ADD
[TUNE main] lr=3.00e-04 wd=1.00e-05 dr=0.30 | val_acc=0.9533 val_syn_cc=0.7270 val_loss=0.1948 | test_acc=0.9536 test_syn_cc=0.7250| score=0.9533
0.40 0.00 0.45 0.15 | 0.953±0.018 | 0.727±0.113 | 0.954±0.006 | 0.725±0.034 | best lr=3.00e-04 wd=1.00e-05 dr=0.30 | ADD
[TUNE main] lr=3.00e-04 wd=1.00e-05 dr=0.30 | val_acc=0.9933 val_syn_cc=0.9848 val_loss=0.0400 | test_acc=0.9813 test_syn_cc=0.9628| score=0.9933
0.50 0.00 0.15 0.35 | 0.993±0.003 | 0.985±0.000 | 0.981±0.009 | 0.963±0.026 | best lr=3.00e-04 wd=1.00e-05 dr=0.30 | ADD
[TUNE main] lr=3.00e-04 wd=1.00e-05 dr=0.30 | val_acc=1.0000 val_syn_cc=nan val_loss=0.0078 | test_acc=0.9968 test_syn_cc=nan| score=1.0000
0.60 0.00 0.40 0.00 | 1.000±0.000 | nan±nan | 0.997±0.001 | nan±nan | best lr=3.00e-04 wd=1.00e-05 dr=0.30 | ADD
[TUNE main] lr=3.00e-04 wd=1.00e-05 dr=0.30 | val_acc=0.9600 val_syn_cc=0.8240 val_loss=0.1837 | test_acc=0.9581 test_syn_cc=0.8184| score=0.9600
0.10 0.00 0.70 0.20 | 0.960±0.013 | 0.824±0.041 | 0.958±0.014 | 0.818±0.062 | best lr=3.00e-04 wd=1.00e-05 dr=0.30 | ADD
[TUNE main] lr=3.00e-04 wd=1.00e-05 dr=0.30 | val_acc=0.9650 val_syn_cc=0.6745 val_loss=0.1433 | test_acc=0.9486 test_syn_cc=0.5368| score=0.9650
0.85 0.00 0.05 0.10 | 0.965±0.009 | 0.674±0.045 | 0.949±0.003 | 0.537±0.041 | best lr=3.00e-04 wd=1.00e-05 dr=0.30 | ADD
[TUNE main] lr=3.00e-04 wd=1.00e-05 dr=0.30 | val_acc=0.9633 val_syn_cc=0.8787 val_loss=0.1420 | test_acc=0.9519 test_syn_cc=0.7967| score=0.9633
0.30 0.00 0.50 0.20 | 0.963±0.013 | 0.879±0.057 | 0.952±0.020 | 0.797±0.086 | best lr=3.00e-04 wd=1.00e-05 dr=0.30 | ADD
[TUNE main] lr=3.00e-04 wd=1.00e-05 dr=0.30 | val_acc=0.9633 val_syn_cc=0.8169 val_loss=0.1699 | test_acc=0.9475 test_syn_cc=0.7069| score=0.9633
0.25 0.00 0.60 0.15 | 0.963±0.010 | 0.817±0.036 | 0.948±0.027 | 0.707±0.152 | best lr=3.00e-04 wd=1.00e-05 dr=0.30 | ADD
[TUNE main] lr=3.00e-04 wd=1.00e-05 dr=0.30 | val_acc=0.9767 val_syn_cc=0.6355 val_loss=0.0836 | test_acc=0.9650 test_syn_cc=0.4648| score=0.9767
0.20 0.00 0.75 0.05 | 0.977±0.013 | 0.636±0.118 | 0.965±0.001 | 0.465±0.019 | best lr=3.00e-04 wd=1.00e-05 dr=0.30 | ADD
[TUNE main] lr=3.00e-04 wd=1.00e-05 dr=0.30 | val_acc=0.9850 val_syn_cc=0.9835 val_loss=0.0458 | test_acc=0.9863 test_syn_cc=0.9728| score=0.9850
0.20 0.00 0.45 0.35 | 0.985±0.009 | 0.984±0.014 | 0.986±0.002 | 0.973±0.004 | best lr=3.00e-04 wd=1.00e-05 dr=0.30 | ADD
[TUNE main] lr=3.00e-04 wd=1.00e-05 dr=0.30 | val_acc=0.9967 val_syn_cc=0.9948 val_loss=0.0229 | test_acc=0.9909 test_syn_cc=0.9867| score=0.9967
0.00 0.00 0.40 0.60 | 0.997±0.006 | 0.995±0.009 | 0.991±0.002 | 0.987±0.003 | best lr=3.00e-04 wd=1.00e-05 dr=0.30 | ADD
[TUNE main] lr=3.00e-04 wd=1.00e-05 dr=0.30 | val_acc=0.9983 val_syn_cc=0.9978 val_loss=0.0139 | test_acc=0.9940 test_syn_cc=0.9940| score=0.9983
0.00 0.00 0.25 0.75 | 0.998±0.003 | 0.998±0.004 | 0.994±0.002 | 0.994±0.002 | best lr=3.00e-04 wd=1.00e-05 dr=0.30 | ADD
[TUNE main] lr=3.00e-04 wd=1.00e-05 dr=0.30 | val_acc=0.9600 val_syn_cc=0.7819 val_loss=0.2408 | test_acc=0.9371 test_syn_cc=0.6274| score=0.9600
0.35 0.00 0.50 0.15 | 0.960±0.023 | 0.782±0.086 | 0.937±0.011 | 0.627±0.065 | best lr=3.00e-04 wd=1.00e-05 dr=0.30 | ADD
[TUNE main] lr=3.00e-04 wd=1.00e-05 dr=0.30 | val_acc=0.9917 val_syn_cc=0.9942 val_loss=0.0228 | test_acc=0.9883 test_syn_cc=0.9899| score=0.9917
0.15 0.00 0.25 0.60 | 0.992±0.003 | 0.994±0.010 | 0.988±0.001 | 0.990±0.003 | best lr=3.00e-04 wd=1.00e-05 dr=0.30 | ADD
[TUNE main] lr=3.00e-04 wd=1.00e-05 dr=0.30 | val_acc=0.9967 val_syn_cc=1.0000 val_loss=0.0218 | test_acc=0.9907 test_syn_cc=0.9936| score=0.9967
0.15 0.00 0.05 0.80 | 0.997±0.006 | 1.000±0.000 | 0.991±0.001 | 0.994±0.001 | best lr=3.00e-04 wd=1.00e-05 dr=0.30 | ADD
[TUNE main] lr=3.00e-04 wd=1.00e-05 dr=0.30 | val_acc=0.9700 val_syn_cc=0.7923 val_loss=0.1424 | test_acc=0.9568 test_syn_cc=0.6180| score=0.9700
0.60 0.00 0.30 0.10 | 0.970±0.005 | 0.792±0.020 | 0.957±0.008 | 0.618±0.068 | best lr=3.00e-04 wd=1.00e-05 dr=0.30 | ADD
[TUNE main] lr=3.00e-04 wd=1.00e-05 dr=0.30 | val_acc=0.9883 val_syn_cc=0.7731 val_loss=0.0537 | test_acc=0.9681 test_syn_cc=0.5042| score=0.9883
0.35 0.00 0.60 0.05 | 0.988±0.008 | 0.773±0.104 | 0.968±0.005 | 0.504±0.025 | best lr=3.00e-04 wd=1.00e-05 dr=0.30 | ADD
[TUNE main] lr=3.00e-04 wd=1.00e-05 dr=0.30 | val_acc=0.9833 val_syn_cc=0.9859 val_loss=0.0599 | test_acc=0.9818 test_syn_cc=0.9733| score=0.9833
0.10 0.00 0.45 0.45 | 0.983±0.003 | 0.986±0.012 | 0.982±0.002 | 0.973±0.008 | best lr=3.00e-04 wd=1.00e-05 dr=0.30 | ADD
[TUNE main] lr=3.00e-04 wd=1.00e-05 dr=0.30 | val_acc=0.9950 val_syn_cc=0.9973 val_loss=0.0214 | test_acc=0.9883 test_syn_cc=0.9895| score=0.9950
0.20 0.00 0.20 0.60 | 0.995±0.000 | 0.997±0.005 | 0.988±0.001 | 0.989±0.000 | best lr=3.00e-04 wd=1.00e-05 dr=0.30 | ADD
[TUNE main] lr=3.00e-04 wd=1.00e-05 dr=0.30 | val_acc=0.9850 val_syn_cc=0.9947 val_loss=0.0507 | test_acc=0.9765 test_syn_cc=0.9408| score=0.9850
0.50 0.00 0.20 0.30 | 0.985±0.005 | 0.995±0.009 | 0.977±0.002 | 0.941±0.010 | best lr=3.00e-04 wd=1.00e-05 dr=0.30 | ADD
[TUNE main] lr=3.00e-04 wd=1.00e-05 dr=0.30 | val_acc=0.9983 val_syn_cc=1.0000 val_loss=0.0147 | test_acc=0.9926 test_syn_cc=0.9936| score=0.9983
0.00 0.00 0.05 0.95 | 0.998±0.003 | 1.000±0.000 | 0.993±0.001 | 0.994±0.001 | best lr=3.00e-04 wd=1.00e-05 dr=0.30 | ADD
[TUNE main] lr=3.00e-04 wd=1.00e-05 dr=0.30 | val_acc=0.9783 val_syn_cc=0.9481 val_loss=0.0928 | test_acc=0.9804 test_syn_cc=0.9529| score=0.9783
0.55 0.00 0.15 0.30 | 0.978±0.010 | 0.948±0.014 | 0.980±0.005 | 0.953±0.016 | best lr=3.00e-04 wd=1.00e-05 dr=0.30 | ADD
[TUNE main] lr=3.00e-04 wd=1.00e-05 dr=0.30 | val_acc=0.9933 val_syn_cc=0.9895 val_loss=0.0302 | test_acc=0.9907 test_syn_cc=0.9894| score=0.9933
0.35 0.00 -0.00 0.65 | 0.993±0.006 | 0.989±0.009 | 0.991±0.003 | 0.989±0.006 | best lr=3.00e-04 wd=1.00e-05 dr=0.30 | ADD
[TUNE main] lr=3.00e-04 wd=1.00e-05 dr=0.30 | val_acc=1.0000 val_syn_cc=nan val_loss=0.0085 | test_acc=0.9978 test_syn_cc=nan| score=1.0000
0.90 0.00 0.10 0.00 | 1.000±0.000 | nan±nan | 0.998±0.000 | nan±nan | best lr=3.00e-04 wd=1.00e-05 dr=0.30 | ADD
[TUNE main] lr=3.00e-04 wd=1.00e-05 dr=0.30 | val_acc=0.9833 val_syn_cc=0.9739 val_loss=0.0566 | test_acc=0.9825 test_syn_cc=0.9614| score=0.9833
0.15 0.00 0.50 0.35 | 0.983±0.006 | 0.974±0.026 | 0.982±0.007 | 0.961±0.021 | best lr=3.00e-04 wd=1.00e-05 dr=0.30 | ADD
[TUNE main] lr=3.00e-04 wd=1.00e-05 dr=0.30 | val_acc=0.9983 val_syn_cc=0.9970 val_loss=0.0177 | test_acc=0.9868 test_syn_cc=0.9761| score=0.9983
0.55 0.00 -0.00 0.45 | 0.998±0.003 | 0.997±0.005 | 0.987±0.004 | 0.976±0.013 | best lr=3.00e-04 wd=1.00e-05 dr=0.30 | ADD
[TUNE main] lr=3.00e-04 wd=1.00e-05 dr=0.30 | val_acc=0.9950 val_syn_cc=1.0000 val_loss=0.0287 | test_acc=0.9857 test_syn_cc=0.9830| score=0.9950
0.05 0.00 0.30 0.65 | 0.995±0.005 | 1.000±0.000 | 0.986±0.005 | 0.983±0.008 | best lr=3.00e-04 wd=1.00e-05 dr=0.30 | ADD
[TUNE main] lr=3.00e-04 wd=1.00e-05 dr=0.30 | val_acc=0.9517 val_syn_cc=0.7620 val_loss=0.2084 | test_acc=0.9476 test_syn_cc=0.6811| score=0.9517
0.20 0.00 0.65 0.15 | 0.952±0.025 | 0.762±0.092 | 0.948±0.027 | 0.681±0.199 | best lr=3.00e-04 wd=1.00e-05 dr=0.30 | ADD
[TUNE main] lr=3.00e-04 wd=1.00e-05 dr=0.30 | val_acc=0.9767 val_syn_cc=0.6207 val_loss=0.0997 | test_acc=0.9678 test_syn_cc=0.4817| score=0.9767
0.65 0.00 0.30 0.05 | 0.977±0.010 | 0.621±0.177 | 0.968±0.004 | 0.482±0.048 | best lr=3.00e-04 wd=1.00e-05 dr=0.30 | ADD
[TUNE main] lr=3.00e-04 wd=1.00e-05 dr=0.30 | val_acc=0.9817 val_syn_cc=0.9399 val_loss=0.0723 | test_acc=0.9733 test_syn_cc=0.8915| score=0.9817
0.55 0.00 0.25 0.20 | 0.982±0.013 | 0.940±0.040 | 0.973±0.003 | 0.891±0.009 | best lr=3.00e-04 wd=1.00e-05 dr=0.30 | ADD
[TUNE main] lr=3.00e-04 wd=1.00e-05 dr=0.30 | val_acc=0.9717 val_syn_cc=0.8936 val_loss=0.1073 | test_acc=0.9672 test_syn_cc=0.8639| score=0.9717
0.25 0.00 0.55 0.20 | 0.972±0.003 | 0.894±0.035 | 0.967±0.009 | 0.864±0.040 | best lr=3.00e-04 wd=1.00e-05 dr=0.30 | ADD
[TUNE main] lr=3.00e-04 wd=1.00e-05 dr=0.30 | val_acc=0.9883 val_syn_cc=0.9720 val_loss=0.0521 | test_acc=0.9825 test_syn_cc=0.9643| score=0.9883
0.30 0.00 0.35 0.35 | 0.988±0.008 | 0.972±0.023 | 0.983±0.001 | 0.964±0.006 | best lr=3.00e-04 wd=1.00e-05 dr=0.30 | ADD
[TUNE main] lr=3.00e-04 wd=1.00e-05 dr=0.30 | val_acc=0.9717 val_syn_cc=0.6527 val_loss=0.1746 | test_acc=0.9671 test_syn_cc=0.5146| score=0.9717
0.25 0.00 0.70 0.05 | 0.972±0.013 | 0.653±0.043 | 0.967±0.003 | 0.515±0.043 | best lr=3.00e-04 wd=1.00e-05 dr=0.30 | ADD
[TUNE main] lr=3.00e-04 wd=1.00e-05 dr=0.30 | val_acc=0.9933 val_syn_cc=1.0000 val_loss=0.0312 | test_acc=0.9928 test_syn_cc=0.9949| score=0.9933
0.05 0.00 0.15 0.80 | 0.993±0.003 | 1.000±0.000 | 0.993±0.002 | 0.995±0.001 | best lr=3.00e-04 wd=1.00e-05 dr=0.30 | ADD
[TUNE main] lr=3.00e-04 wd=1.00e-05 dr=0.30 | val_acc=0.9967 val_syn_cc=0.9977 val_loss=0.0225 | test_acc=0.9879 test_syn_cc=0.9906| score=0.9967
0.20 0.00 0.15 0.65 | 0.997±0.003 | 0.998±0.004 | 0.988±0.002 | 0.991±0.004 | best lr=3.00e-04 wd=1.00e-05 dr=0.30 | ADD
[TUNE main] lr=3.00e-04 wd=1.00e-05 dr=0.30 | val_acc=0.9850 val_syn_cc=0.9594 val_loss=0.0587 | test_acc=0.9815 test_syn_cc=0.9536| score=0.9850
0.00 0.00 0.65 0.35 | 0.985±0.015 | 0.959±0.038 | 0.982±0.005 | 0.954±0.014 | best lr=3.00e-04 wd=1.00e-05 dr=0.30 | ADD
[TUNE main] lr=3.00e-04 wd=1.00e-05 dr=0.30 | val_acc=0.9933 val_syn_cc=0.9886 val_loss=0.0352 | test_acc=0.9891 test_syn_cc=0.9850| score=0.9933
0.25 0.00 0.30 0.45 | 0.993±0.006 | 0.989±0.011 | 0.989±0.001 | 0.985±0.002 | best lr=3.00e-04 wd=1.00e-05 dr=0.30 | ADD
[TUNE main] lr=3.00e-04 wd=1.00e-05 dr=0.30 | val_acc=0.9850 val_syn_cc=0.9588 val_loss=0.0461 | test_acc=0.9809 test_syn_cc=0.9506| score=0.9850
0.65 0.00 0.05 0.30 | 0.985±0.005 | 0.959±0.008 | 0.981±0.002 | 0.951±0.009 | best lr=3.00e-04 wd=1.00e-05 dr=0.30 | ADD
[TUNE main] lr=3.00e-04 wd=1.00e-05 dr=0.30 | val_acc=0.9967 val_syn_cc=0.9957 val_loss=0.0183 | test_acc=0.9906 test_syn_cc=0.9935| score=0.9967
0.15 0.00 0.10 0.75 | 0.997±0.003 | 0.996±0.004 | 0.991±0.001 | 0.994±0.001 | best lr=3.00e-04 wd=1.00e-05 dr=0.30 | ADD
[TUNE main] lr=3.00e-04 wd=1.00e-05 dr=0.30 | val_acc=0.9733 val_syn_cc=0.8230 val_loss=0.1056 | test_acc=0.9505 test_syn_cc=0.5890| score=0.9733
0.65 0.00 0.25 0.10 | 0.973±0.016 | 0.823±0.083 | 0.950±0.013 | 0.589±0.101 | best lr=3.00e-04 wd=1.00e-05 dr=0.30 | ADD
[TUNE main] lr=3.00e-04 wd=1.00e-05 dr=0.30 | val_acc=0.9933 val_syn_cc=0.9928 val_loss=0.0302 | test_acc=0.9910 test_syn_cc=0.9893| score=0.9933
0.00 0.00 0.30 0.70 | 0.993±0.006 | 0.993±0.007 | 0.991±0.005 | 0.989±0.006 | best lr=3.00e-04 wd=1.00e-05 dr=0.30 | ADD
[TUNE main] lr=3.00e-04 wd=1.00e-05 dr=0.30 | val_acc=0.9933 val_syn_cc=0.9967 val_loss=0.0195 | test_acc=0.9828 test_syn_cc=0.9782| score=0.9933
0.30 0.00 0.20 0.50 | 0.993±0.003 | 0.997±0.006 | 0.983±0.006 | 0.978±0.009 | best lr=3.00e-04 wd=1.00e-05 dr=0.30 | ADD
[TUNE main] lr=3.00e-04 wd=1.00e-05 dr=0.30 | val_acc=0.9600 val_syn_cc=0.5239 val_loss=0.1503 | test_acc=0.9700 test_syn_cc=0.5162| score=0.9600
0.70 0.00 0.25 0.05 | 0.960±0.000 | 0.524±0.021 | 0.970±0.000 | 0.516±0.032 | best lr=3.00e-04 wd=1.00e-05 dr=0.30 | ADD
[TUNE main] lr=3.00e-04 wd=1.00e-05 dr=0.30 | val_acc=1.0000 val_syn_cc=1.0000 val_loss=0.0535 | test_acc=0.9962 test_syn_cc=0.9962| score=1.0000
0.00 0.00 0.00 1.00 | 1.000±0.000 | 1.000±0.000 | 0.996±0.003 | 0.996±0.003 | best lr=3.00e-04 wd=1.00e-05 dr=0.30 | ADD
[TUNE main] lr=3.00e-04 wd=1.00e-05 dr=0.30 | val_acc=0.9900 val_syn_cc=0.9972 val_loss=0.0379 | test_acc=0.9867 test_syn_cc=0.9851| score=0.9900
0.10 0.00 0.30 0.60 | 0.990±0.000 | 0.997±0.005 | 0.987±0.005 | 0.985±0.007 | best lr=3.00e-04 wd=1.00e-05 dr=0.30 | ADD
[TUNE main] lr=3.00e-04 wd=1.00e-05 dr=0.30 | val_acc=0.9950 val_syn_cc=0.9980 val_loss=0.0227 | test_acc=0.9934 test_syn_cc=0.9940| score=0.9950
0.00 0.00 0.15 0.85 | 0.995±0.005 | 0.998±0.003 | 0.993±0.002 | 0.994±0.002 | best lr=3.00e-04 wd=1.00e-05 dr=0.30 | ADD
[TUNE main] lr=3.00e-04 wd=1.00e-05 dr=0.30 | val_acc=0.9850 val_syn_cc=0.9218 val_loss=0.0736 | test_acc=0.9717 test_syn_cc=0.8913| score=0.9850
0.45 0.00 0.35 0.20 | 0.985±0.005 | 0.922±0.025 | 0.972±0.007 | 0.891±0.039 | best lr=3.00e-04 wd=1.00e-05 dr=0.30 | ADD
[TUNE main] lr=3.00e-04 wd=1.00e-05 dr=0.30 | val_acc=0.9933 val_syn_cc=0.9970 val_loss=0.0299 | test_acc=0.9878 test_syn_cc=0.9841| score=0.9933
0.15 0.00 0.35 0.50 | 0.993±0.003 | 0.997±0.005 | 0.988±0.002 | 0.984±0.003 | best lr=3.00e-04 wd=1.00e-05 dr=0.30 | ADD
[TUNE main] lr=3.00e-04 wd=1.00e-05 dr=0.30 | val_acc=0.9900 val_syn_cc=0.9778 val_loss=0.0491 | test_acc=0.9757 test_syn_cc=0.9330| score=0.9900
0.40 0.00 0.30 0.30 | 0.990±0.000 | 0.978±0.006 | 0.976±0.005 | 0.933±0.016 | best lr=3.00e-04 wd=1.00e-05 dr=0.30 | ADD
[TUNE main] lr=3.00e-04 wd=1.00e-05 dr=0.30 | val_acc=0.9700 val_syn_cc=0.5566 val_loss=0.1196 | test_acc=0.9683 test_syn_cc=0.4953| score=0.9700
0.30 0.00 0.65 0.05 | 0.970±0.010 | 0.557±0.071 | 0.968±0.002 | 0.495±0.013 | best lr=3.00e-04 wd=1.00e-05 dr=0.30 | ADD
[TUNE main] lr=3.00e-04 wd=1.00e-05 dr=0.30 | val_acc=0.9917 val_syn_cc=0.9860 val_loss=0.0561 | test_acc=0.9789 test_syn_cc=0.9574| score=0.9917
0.25 0.00 0.35 0.40 | 0.992±0.008 | 0.986±0.014 | 0.979±0.003 | 0.957±0.010 | best lr=3.00e-04 wd=1.00e-05 dr=0.30 | ADD
[TUNE main] lr=3.00e-04 wd=1.00e-05 dr=0.30 | val_acc=0.9583 val_syn_cc=0.6358 val_loss=0.1598 | test_acc=0.9495 test_syn_cc=0.5640| score=0.9583
0.55 0.00 0.35 0.10 | 0.958±0.010 | 0.636±0.098 | 0.950±0.008 | 0.564±0.068 | best lr=3.00e-04 wd=1.00e-05 dr=0.30 | ADD
[TUNE main] lr=3.00e-04 wd=1.00e-05 dr=0.30 | val_acc=1.0000 val_syn_cc=1.0000 val_loss=0.0143 | test_acc=0.9886 test_syn_cc=0.9841| score=1.0000
0.40 0.00 -0.00 0.60 | 1.000±0.000 | 1.000±0.000 | 0.989±0.004 | 0.984±0.008 | best lr=3.00e-04 wd=1.00e-05 dr=0.30 | ADD
[TUNE main] lr=3.00e-04 wd=1.00e-05 dr=0.30 | val_acc=0.9667 val_syn_cc=0.7026 val_loss=0.1954 | test_acc=0.9442 test_syn_cc=0.4867| score=0.9667
0.00 0.00 0.90 0.10 | 0.967±0.016 | 0.703±0.162 | 0.944±0.002 | 0.487±0.009 | best lr=3.00e-04 wd=1.00e-05 dr=0.30 | ADD
[TUNE main] lr=3.00e-04 wd=1.00e-05 dr=0.30 | val_acc=0.9767 val_syn_cc=0.9385 val_loss=0.1222 | test_acc=0.9737 test_syn_cc=0.9145| score=0.9767
0.55 0.00 0.20 0.25 | 0.977±0.013 | 0.938±0.031 | 0.974±0.001 | 0.914±0.003 | best lr=3.00e-04 wd=1.00e-05 dr=0.30 | ADD
[TUNE main] lr=3.00e-04 wd=1.00e-05 dr=0.30 | val_acc=0.9983 val_syn_cc=0.9975 val_loss=0.0194 | test_acc=0.9912 test_syn_cc=0.9889| score=0.9983
0.00 0.00 0.35 0.65 | 0.998±0.003 | 0.998±0.004 | 0.991±0.005 | 0.989±0.007 | best lr=3.00e-04 wd=1.00e-05 dr=0.30 | ADD
[TUNE main] lr=3.00e-04 wd=1.00e-05 dr=0.30 | val_acc=0.9983 val_syn_cc=1.0000 val_loss=0.0361 | test_acc=0.9884 test_syn_cc=0.9909| score=0.9983
0.10 0.00 0.05 0.85 | 0.998±0.003 | 1.000±0.000 | 0.988±0.006 | 0.991±0.006 | best lr=3.00e-04 wd=1.00e-05 dr=0.30 | ADD
[TUNE main] lr=3.00e-04 wd=1.00e-05 dr=0.30 | val_acc=0.9950 val_syn_cc=0.9943 val_loss=0.0519 | test_acc=0.9767 test_syn_cc=0.9663| score=0.9950
0.25 0.00 0.20 0.55 | 0.995±0.005 | 0.994±0.010 | 0.977±0.003 | 0.966±0.005 | best lr=3.00e-04 wd=1.00e-05 dr=0.30 | ADD
[TUNE main] lr=3.00e-04 wd=1.00e-05 dr=0.30 | val_acc=0.9733 val_syn_cc=0.7431 val_loss=0.1005 | test_acc=0.9483 test_syn_cc=0.5423| score=0.9733
0.50 0.00 0.40 0.10 | 0.973±0.012 | 0.743±0.073 | 0.948±0.005 | 0.542±0.028 | best lr=3.00e-04 wd=1.00e-05 dr=0.30 | ADD
[TUNE main] lr=3.00e-04 wd=1.00e-05 dr=0.30 | val_acc=0.9883 val_syn_cc=0.9886 val_loss=0.0446 | test_acc=0.9841 test_syn_cc=0.9749| score=0.9883
0.55 0.00 0.05 0.40 | 0.988±0.012 | 0.989±0.012 | 0.984±0.003 | 0.975±0.003 | best lr=3.00e-04 wd=1.00e-05 dr=0.30 | ADD
[TUNE main] lr=3.00e-04 wd=1.00e-05 dr=0.30 | val_acc=0.9817 val_syn_cc=0.9369 val_loss=0.0628 | test_acc=0.9798 test_syn_cc=0.9346| score=0.9817
0.65 0.00 0.10 0.25 | 0.982±0.006 | 0.937±0.042 | 0.980±0.007 | 0.935±0.033 | best lr=3.00e-04 wd=1.00e-05 dr=0.30 | ADD
[TUNE main] lr=3.00e-04 wd=1.00e-05 dr=0.30 | val_acc=0.9817 val_syn_cc=0.6316 val_loss=0.0998 | test_acc=0.9601 test_syn_cc=0.4985| score=0.9817
0.50 0.00 0.45 0.05 | 0.982±0.010 | 0.632±0.080 | 0.960±0.008 | 0.498±0.034 | best lr=3.00e-04 wd=1.00e-05 dr=0.30 | ADD
[TUNE main] lr=3.00e-04 wd=1.00e-05 dr=0.30 | val_acc=0.9967 val_syn_cc=0.9968 val_loss=0.0213 | test_acc=0.9878 test_syn_cc=0.9822| score=0.9967
0.45 0.00 0.00 0.55 | 0.997±0.003 | 0.997±0.006 | 0.988±0.001 | 0.982±0.002 | best lr=3.00e-04 wd=1.00e-05 dr=0.30 | ADD
[TUNE main] lr=3.00e-04 wd=1.00e-05 dr=0.30 | val_acc=1.0000 val_syn_cc=nan val_loss=0.0041 | test_acc=0.9998 test_syn_cc=nan| score=1.0000
0.00 0.00 1.00 0.00 | 1.000±0.000 | nan±nan | 1.000±0.000 | nan±nan | best lr=3.00e-04 wd=1.00e-05 dr=0.30 | ADD
[TUNE main] lr=3.00e-04 wd=1.00e-05 dr=0.30 | val_acc=0.9933 val_syn_cc=1.0000 val_loss=0.0322 | test_acc=0.9899 test_syn_cc=0.9887| score=0.9933
0.05 0.00 0.40 0.55 | 0.993±0.003 | 1.000±0.000 | 0.990±0.002 | 0.989±0.004 | best lr=3.00e-04 wd=1.00e-05 dr=0.30 | ADD
[TUNE main] lr=3.00e-04 wd=1.00e-05 dr=0.30 | val_acc=0.9967 val_syn_cc=0.9961 val_loss=0.0217 | test_acc=0.9867 test_syn_cc=0.9775| score=0.9967
0.30 0.00 0.30 0.40 | 0.997±0.003 | 0.996±0.007 | 0.987±0.004 | 0.978±0.007 | best lr=3.00e-04 wd=1.00e-05 dr=0.30 | ADD
[TUNE main] lr=3.00e-04 wd=1.00e-05 dr=0.30 | val_acc=0.9883 val_syn_cc=0.9947 val_loss=0.0471 | test_acc=0.9872 test_syn_cc=0.9893| score=0.9883
0.15 0.00 0.20 0.65 | 0.988±0.010 | 0.995±0.005 | 0.987±0.003 | 0.989±0.003 | best lr=3.00e-04 wd=1.00e-05 dr=0.30 | ADD
[TUNE main] lr=3.00e-04 wd=1.00e-05 dr=0.30 | val_acc=0.9967 val_syn_cc=1.0000 val_loss=0.0173 | test_acc=0.9900 test_syn_cc=0.9913| score=0.9967
0.15 0.00 0.15 0.70 | 0.997±0.006 | 1.000±0.000 | 0.990±0.002 | 0.991±0.003 | best lr=3.00e-04 wd=1.00e-05 dr=0.30 | ADD
[TUNE main] lr=3.00e-04 wd=1.00e-05 dr=0.30 | val_acc=0.9933 val_syn_cc=0.9933 val_loss=0.0289 | test_acc=0.9887 test_syn_cc=0.9857| score=0.9933
0.35 0.00 0.15 0.50 | 0.993±0.006 | 0.993±0.012 | 0.989±0.003 | 0.986±0.007 | best lr=3.00e-04 wd=1.00e-05 dr=0.30 | ADD
[TUNE main] lr=3.00e-04 wd=1.00e-05 dr=0.30 | val_acc=1.0000 val_syn_cc=1.0000 val_loss=0.0062 | test_acc=0.9940 test_syn_cc=0.9958| score=1.0000
0.10 0.00 0.00 0.90 | 1.000±0.000 | 1.000±0.000 | 0.994±0.000 | 0.996±0.001 | best lr=3.00e-04 wd=1.00e-05 dr=0.30 | ADD
[TUNE main] lr=3.00e-04 wd=1.00e-05 dr=0.30 | val_acc=0.9967 val_syn_cc=nan val_loss=0.0170 | test_acc=0.9951 test_syn_cc=nan| score=0.9967
0.45 0.00 0.55 0.00 | 0.997±0.006 | nan±nan | 0.995±0.002 | nan±nan | best lr=3.00e-04 wd=1.00e-05 dr=0.30 | ADD
[TUNE main] lr=3.00e-04 wd=1.00e-05 dr=0.30 | val_acc=0.9900 val_syn_cc=0.9950 val_loss=0.0353 | test_acc=0.9882 test_syn_cc=0.9895| score=0.9900
0.10 0.00 0.25 0.65 | 0.990±0.010 | 0.995±0.009 | 0.988±0.003 | 0.990±0.002 | best lr=3.00e-04 wd=1.00e-05 dr=0.30 | ADD
[TUNE main] lr=3.00e-04 wd=1.00e-05 dr=0.30 | val_acc=0.9950 val_syn_cc=1.0000 val_loss=0.0236 | test_acc=0.9917 test_syn_cc=0.9933| score=0.9950
0.10 0.00 0.10 0.80 | 0.995±0.005 | 1.000±0.000 | 0.992±0.002 | 0.993±0.002 | best lr=3.00e-04 wd=1.00e-05 dr=0.30 | ADD
[TUNE main] lr=3.00e-04 wd=1.00e-05 dr=0.30 | val_acc=0.9917 val_syn_cc=0.9942 val_loss=0.0486 | test_acc=0.9873 test_syn_cc=0.9872| score=0.9917
0.10 0.00 0.35 0.55 | 0.992±0.006 | 0.994±0.005 | 0.987±0.001 | 0.987±0.003 | best lr=3.00e-04 wd=1.00e-05 dr=0.30 | ADD
[TUNE main] lr=3.00e-04 wd=1.00e-05 dr=0.30 | val_acc=0.9983 val_syn_cc=nan val_loss=0.0130 | test_acc=0.9979 test_syn_cc=nan| score=0.9983
0.10 0.00 0.90 0.00 | 0.998±0.003 | nan±nan | 0.998±0.000 | nan±nan | best lr=3.00e-04 wd=1.00e-05 dr=0.30 | ADD
[TUNE main] lr=3.00e-04 wd=1.00e-05 dr=0.30 | val_acc=0.9733 val_syn_cc=0.5905 val_loss=0.1443 | test_acc=0.9713 test_syn_cc=0.4981| score=0.9733
0.90 0.00 0.05 0.05 | 0.973±0.025 | 0.590±0.201 | 0.971±0.001 | 0.498±0.021 | best lr=3.00e-04 wd=1.00e-05 dr=0.30 | ADD
[TUNE main] lr=3.00e-04 wd=1.00e-05 dr=0.30 | val_acc=1.0000 val_syn_cc=nan val_loss=0.0094 | test_acc=0.9975 test_syn_cc=nan| score=1.0000
0.95 0.00 0.05 0.00 | 1.000±0.000 | nan±nan | 0.998±0.001 | nan±nan | best lr=3.00e-04 wd=1.00e-05 dr=0.30 | ADD
[TUNE main] lr=3.00e-04 wd=1.00e-05 dr=0.30 | val_acc=0.9933 val_syn_cc=1.0000 val_loss=0.0282 | test_acc=0.9831 test_syn_cc=0.9704| score=0.9933
0.05 0.00 0.50 0.45 | 0.993±0.008 | 1.000±0.000 | 0.983±0.004 | 0.970±0.005 | best lr=3.00e-04 wd=1.00e-05 dr=0.30 | ADD
[TUNE main] lr=3.00e-04 wd=1.00e-05 dr=0.30 | val_acc=0.9683 val_syn_cc=0.5848 val_loss=0.1335 | test_acc=0.9583 test_syn_cc=0.4958| score=0.9683
0.15 0.00 0.80 0.05 | 0.968±0.018 | 0.585±0.123 | 0.958±0.018 | 0.496±0.020 | best lr=3.00e-04 wd=1.00e-05 dr=0.30 | ADD
[TUNE main] lr=3.00e-04 wd=1.00e-05 dr=0.30 | val_acc=0.9917 val_syn_cc=0.9867 val_loss=0.0564 | test_acc=0.9817 test_syn_cc=0.9662| score=0.9917
0.45 0.00 0.15 0.40 | 0.992±0.006 | 0.987±0.002 | 0.982±0.003 | 0.966±0.007 | best lr=3.00e-04 wd=1.00e-05 dr=0.30 | ADD
[TUNE main] lr=3.00e-04 wd=1.00e-05 dr=0.30 | val_acc=1.0000 val_syn_cc=1.0000 val_loss=0.0219 | test_acc=0.9867 test_syn_cc=0.9832| score=1.0000
0.40 0.00 0.05 0.55 | 1.000±0.000 | 1.000±0.000 | 0.987±0.000 | 0.983±0.003 | best lr=3.00e-04 wd=1.00e-05 dr=0.30 | ADD
[TUNE main] lr=3.00e-04 wd=1.00e-05 dr=0.30 | val_acc=0.9617 val_syn_cc=0.7735 val_loss=0.1358 | test_acc=0.9543 test_syn_cc=0.7305| score=0.9617
0.60 0.00 0.25 0.15 | 0.962±0.020 | 0.774±0.120 | 0.954±0.011 | 0.730±0.057 | best lr=3.00e-04 wd=1.00e-05 dr=0.30 | ADD
[TUNE main] lr=3.00e-04 wd=1.00e-05 dr=0.30 | val_acc=0.9833 val_syn_cc=0.9753 val_loss=0.0662 | test_acc=0.9769 test_syn_cc=0.9486| score=0.9833
0.40 0.00 0.25 0.35 | 0.983±0.010 | 0.975±0.022 | 0.977±0.007 | 0.949±0.015 | best lr=3.00e-04 wd=1.00e-05 dr=0.30 | ADD
[TUNE main] lr=3.00e-04 wd=1.00e-05 dr=0.30 | val_acc=0.9950 val_syn_cc=0.9903 val_loss=0.0304 | test_acc=0.9872 test_syn_cc=0.9819| score=0.9950
0.45 0.00 0.05 0.50 | 0.995±0.005 | 0.990±0.010 | 0.987±0.003 | 0.982±0.004 | best lr=3.00e-04 wd=1.00e-05 dr=0.30 | ADD
[TUNE main] lr=3.00e-04 wd=1.00e-05 dr=0.30 | val_acc=0.9933 val_syn_cc=0.9941 val_loss=0.0203 | test_acc=0.9865 test_syn_cc=0.9851| score=0.9933
0.20 0.00 0.25 0.55 | 0.993±0.003 | 0.994±0.005 | 0.987±0.002 | 0.985±0.002 | best lr=3.00e-04 wd=1.00e-05 dr=0.30 | ADD
[TUNE main] lr=3.00e-04 wd=1.00e-05 dr=0.30 | val_acc=0.9783 val_syn_cc=0.5694 val_loss=0.0853 | test_acc=0.9657 test_syn_cc=0.5167| score=0.9783
0.40 0.00 0.55 0.05 | 0.978±0.012 | 0.569±0.168 | 0.966±0.005 | 0.517±0.029 | best lr=3.00e-04 wd=1.00e-05 dr=0.30 | ADD
[TUNE main] lr=3.00e-04 wd=1.00e-05 dr=0.30 | val_acc=0.9683 val_syn_cc=0.8399 val_loss=0.1557 | test_acc=0.9549 test_syn_cc=0.7357| score=0.9683
0.10 0.00 0.75 0.15 | 0.968±0.012 | 0.840±0.041 | 0.955±0.009 | 0.736±0.077 | best lr=3.00e-04 wd=1.00e-05 dr=0.30 | ADD
[TUNE main] lr=3.00e-04 wd=1.00e-05 dr=0.30 | val_acc=0.9533 val_syn_cc=0.6463 val_loss=0.2159 | test_acc=0.9471 test_syn_cc=0.5582| score=0.9533
0.70 0.00 0.20 0.10 | 0.953±0.015 | 0.646±0.094 | 0.947±0.007 | 0.558±0.057 | best lr=3.00e-04 wd=1.00e-05 dr=0.30 | ADD
[TUNE main] lr=3.00e-04 wd=1.00e-05 dr=0.30 | val_acc=0.9933 val_syn_cc=0.9974 val_loss=0.0290 | test_acc=0.9878 test_syn_cc=0.9886| score=0.9933
0.30 0.00 -0.00 0.70 | 0.993±0.012 | 0.997±0.005 | 0.988±0.001 | 0.989±0.000 | best lr=3.00e-04 wd=1.00e-05 dr=0.30 | ADD
[TUNE main] lr=3.00e-04 wd=1.00e-05 dr=0.30 | val_acc=0.9667 val_syn_cc=0.8010 val_loss=0.0842 | test_acc=0.9496 test_syn_cc=0.6916| score=0.9667
0.85 0.00 -0.00 0.15 | 0.967±0.028 | 0.801±0.201 | 0.950±0.028 | 0.692±0.179 | best lr=3.00e-04 wd=1.00e-05 dr=0.30 | ADD
[TUNE main] lr=3.00e-04 wd=1.00e-05 dr=0.30 | val_acc=0.9950 val_syn_cc=0.9936 val_loss=0.0258 | test_acc=0.9888 test_syn_cc=0.9851| score=0.9950
0.05 0.00 0.45 0.50 | 0.995±0.009 | 0.994±0.011 | 0.989±0.001 | 0.985±0.002 | best lr=3.00e-04 wd=1.00e-05 dr=0.30 | ADD
[TUNE main] lr=3.00e-04 wd=1.00e-05 dr=0.30 | val_acc=0.9750 val_syn_cc=0.7444 val_loss=0.0861 | test_acc=0.9697 test_syn_cc=0.5134| score=0.9750
0.75 0.00 0.20 0.05 | 0.975±0.005 | 0.744±0.010 | 0.970±0.002 | 0.513±0.020 | best lr=3.00e-04 wd=1.00e-05 dr=0.30 | ADD
[TUNE main] lr=3.00e-04 wd=1.00e-05 dr=0.30 | val_acc=0.9750 val_syn_cc=0.9054 val_loss=0.1197 | test_acc=0.9706 test_syn_cc=0.9009| score=0.9750
0.30 0.00 0.45 0.25 | 0.975±0.009 | 0.905±0.041 | 0.971±0.008 | 0.901±0.025 | best lr=3.00e-04 wd=1.00e-05 dr=0.30 | ADD
[TUNE main] lr=3.00e-04 wd=1.00e-05 dr=0.30 | val_acc=1.0000 val_syn_cc=nan val_loss=0.0061 | test_acc=0.9962 test_syn_cc=nan| score=1.0000
0.65 0.00 0.35 0.00 | 1.000±0.000 | nan±nan | 0.996±0.001 | nan±nan | best lr=3.00e-04 wd=1.00e-05 dr=0.30 | ADD
[TUNE main] lr=3.00e-04 wd=1.00e-05 dr=0.30 | val_acc=1.0000 val_syn_cc=1.0000 val_loss=0.0165 | test_acc=0.9894 test_syn_cc=0.9839| score=1.0000
0.00 0.00 0.50 0.50 | 1.000±0.000 | 1.000±0.000 | 0.989±0.003 | 0.984±0.007 | best lr=3.00e-04 wd=1.00e-05 dr=0.30 | ADD
[TUNE main] lr=3.00e-04 wd=1.00e-05 dr=0.30 | val_acc=0.9983 val_syn_cc=nan val_loss=0.0088 | test_acc=0.9961 test_syn_cc=nan| score=0.9983
0.80 0.00 0.20 0.00 | 0.998±0.003 | nan±nan | 0.996±0.001 | nan±nan | best lr=3.00e-04 wd=1.00e-05 dr=0.30 | ADD
[TUNE main] lr=3.00e-04 wd=1.00e-05 dr=0.30 | val_acc=0.9917 val_syn_cc=0.9973 val_loss=0.0283 | test_acc=0.9878 test_syn_cc=0.9904| score=0.9917
0.30 0.00 0.10 0.60 | 0.992±0.006 | 0.997±0.005 | 0.988±0.003 | 0.990±0.005 | best lr=3.00e-04 wd=1.00e-05 dr=0.30 | ADD
[TUNE main] lr=3.00e-04 wd=1.00e-05 dr=0.30 | val_acc=0.9967 val_syn_cc=1.0000 val_loss=0.0198 | test_acc=0.9913 test_syn_cc=0.9855| score=0.9967
0.00 0.00 0.45 0.55 | 0.997±0.003 | 1.000±0.000 | 0.991±0.002 | 0.986±0.004 | best lr=3.00e-04 wd=1.00e-05 dr=0.30 | ADD
[TUNE main] lr=3.00e-04 wd=1.00e-05 dr=0.30 | val_acc=0.9767 val_syn_cc=0.6474 val_loss=0.1352 | test_acc=0.9645 test_syn_cc=0.4864| score=0.9767
0.60 0.00 0.35 0.05 | 0.977±0.006 | 0.647±0.057 | 0.965±0.004 | 0.486±0.053 | best lr=3.00e-04 wd=1.00e-05 dr=0.30 | ADD
[TUNE main] lr=3.00e-04 wd=1.00e-05 dr=0.30 | val_acc=0.9600 val_syn_cc=0.7809 val_loss=0.1972 | test_acc=0.9531 test_syn_cc=0.7375| score=0.9600
0.30 0.00 0.55 0.15 | 0.960±0.010 | 0.781±0.035 | 0.953±0.014 | 0.738±0.084 | best lr=3.00e-04 wd=1.00e-05 dr=0.30 | ADD
[TUNE main] lr=3.00e-04 wd=1.00e-05 dr=0.30 | val_acc=0.9467 val_syn_cc=0.7000 val_loss=0.2999 | test_acc=0.9362 test_syn_cc=0.6271| score=0.9467
0.55 0.00 0.30 0.15 | 0.947±0.016 | 0.700±0.088 | 0.936±0.014 | 0.627±0.095 | best lr=3.00e-04 wd=1.00e-05 dr=0.30 | ADD
[TUNE main] lr=3.00e-04 wd=1.00e-05 dr=0.30 | val_acc=0.9750 val_syn_cc=0.8647 val_loss=0.1307 | test_acc=0.9564 test_syn_cc=0.7410| score=0.9750
0.75 0.00 0.10 0.15 | 0.975±0.010 | 0.865±0.009 | 0.956±0.007 | 0.741±0.040 | best lr=3.00e-04 wd=1.00e-05 dr=0.30 | ADD
[TUNE main] lr=3.00e-04 wd=1.00e-05 dr=0.30 | val_acc=0.9867 val_syn_cc=0.9840 val_loss=0.0402 | test_acc=0.9815 test_syn_cc=0.9621| score=0.9867
0.05 0.00 0.55 0.40 | 0.987±0.015 | 0.984±0.014 | 0.982±0.001 | 0.962±0.001 | best lr=3.00e-04 wd=1.00e-05 dr=0.30 | ADD
[TUNE main] lr=3.00e-04 wd=1.00e-05 dr=0.30 | val_acc=0.9950 val_syn_cc=0.9977 val_loss=0.0342 | test_acc=0.9907 test_syn_cc=0.9924| score=0.9950
0.10 0.00 0.20 0.70 | 0.995±0.000 | 0.998±0.004 | 0.991±0.001 | 0.992±0.002 | best lr=3.00e-04 wd=1.00e-05 dr=0.30 | ADD
[TUNE main] lr=3.00e-04 wd=1.00e-05 dr=0.30 | val_acc=0.9617 val_syn_cc=0.7900 val_loss=0.1947 | test_acc=0.9542 test_syn_cc=0.7372| score=0.9617
0.70 0.00 0.15 0.15 | 0.962±0.006 | 0.790±0.045 | 0.954±0.008 | 0.737±0.066 | best lr=3.00e-04 wd=1.00e-05 dr=0.30 | ADD
[TUNE main] lr=3.00e-04 wd=1.00e-05 dr=0.30 | val_acc=0.9917 val_syn_cc=0.9958 val_loss=0.0239 | test_acc=0.9933 test_syn_cc=0.9933| score=0.9917
0.00 0.00 0.20 0.80 | 0.992±0.006 | 0.996±0.004 | 0.993±0.002 | 0.993±0.002 | best lr=3.00e-04 wd=1.00e-05 dr=0.30 | ADD
[TUNE main] lr=3.00e-04 wd=1.00e-05 dr=0.30 | val_acc=0.9633 val_syn_cc=0.5429 val_loss=0.1072 | test_acc=0.9658 test_syn_cc=0.4749| score=0.9633
0.10 0.00 0.85 0.05 | 0.963±0.003 | 0.543±0.119 | 0.966±0.003 | 0.475±0.035 | best lr=3.00e-04 wd=1.00e-05 dr=0.30 | ADD
[TUNE main] lr=3.00e-04 wd=1.00e-05 dr=0.30 | val_acc=0.9667 val_syn_cc=0.7038 val_loss=0.2185 | test_acc=0.9443 test_syn_cc=0.5261| score=0.9667
0.20 0.00 0.70 0.10 | 0.967±0.010 | 0.704±0.022 | 0.944±0.005 | 0.526±0.048 | best lr=3.00e-04 wd=1.00e-05 dr=0.30 | ADD
[TUNE main] lr=3.00e-04 wd=1.00e-05 dr=0.30 | val_acc=0.9500 val_syn_cc=0.7395 val_loss=0.2130 | test_acc=0.9562 test_syn_cc=0.7417| score=0.9500
0.15 0.00 0.70 0.15 | 0.950±0.018 | 0.740±0.063 | 0.956±0.012 | 0.742±0.056 | best lr=3.00e-04 wd=1.00e-05 dr=0.30 | ADD
[TUNE main] lr=3.00e-04 wd=1.00e-05 dr=0.30 | val_acc=0.9783 val_syn_cc=0.9344 val_loss=0.0943 | test_acc=0.9694 test_syn_cc=0.9122| score=0.9783
0.35 0.00 0.35 0.30 | 0.978±0.010 | 0.934±0.041 | 0.969±0.001 | 0.912±0.004 | best lr=3.00e-04 wd=1.00e-05 dr=0.30 | ADD
[TUNE main] lr=3.00e-04 wd=1.00e-05 dr=0.30 | val_acc=0.9917 val_syn_cc=0.9902 val_loss=0.0270 | test_acc=0.9831 test_syn_cc=0.9740| score=0.9917
0.45 0.00 0.10 0.45 | 0.992±0.010 | 0.990±0.017 | 0.983±0.006 | 0.974±0.015 | best lr=3.00e-04 wd=1.00e-05 dr=0.30 | ADD
[TUNE main] lr=3.00e-04 wd=1.00e-05 dr=0.30 | val_acc=0.9733 val_syn_cc=0.8614 val_loss=0.1114 | test_acc=0.9686 test_syn_cc=0.8611| score=0.9733
0.05 0.00 0.75 0.20 | 0.973±0.015 | 0.861±0.101 | 0.969±0.009 | 0.861±0.043 | best lr=3.00e-04 wd=1.00e-05 dr=0.30 | ADD
[TUNE main] lr=3.00e-04 wd=1.00e-05 dr=0.30 | val_acc=0.9950 val_syn_cc=0.9931 val_loss=0.0281 | test_acc=0.9910 test_syn_cc=0.9847| score=0.9950
0.50 0.00 0.00 0.50 | 0.995±0.005 | 0.993±0.012 | 0.991±0.004 | 0.985±0.008 | best lr=3.00e-04 wd=1.00e-05 dr=0.30 | ADD
[TUNE main] lr=3.00e-04 wd=1.00e-05 dr=0.30 | val_acc=0.9483 val_syn_cc=0.6880 val_loss=0.1743 | test_acc=0.9473 test_syn_cc=0.6809| score=0.9483
0.45 0.00 0.40 0.15 | 0.948±0.010 | 0.688±0.087 | 0.947±0.025 | 0.681±0.176 | best lr=3.00e-04 wd=1.00e-05 dr=0.30 | ADD
[TUNE main] lr=3.00e-04 wd=1.00e-05 dr=0.30 | val_acc=0.9617 val_syn_cc=0.8107 val_loss=0.1589 | test_acc=0.9563 test_syn_cc=0.7755| score=0.9617
0.00 0.00 0.80 0.20 | 0.962±0.028 | 0.811±0.121 | 0.956±0.018 | 0.775±0.090 | best lr=3.00e-04 wd=1.00e-05 dr=0.30 | ADD
[TUNE main] lr=3.00e-04 wd=1.00e-05 dr=0.30 | val_acc=0.9817 val_syn_cc=0.9810 val_loss=0.0805 | test_acc=0.9839 test_syn_cc=0.9663| score=0.9817
0.55 0.00 0.10 0.35 | 0.982±0.010 | 0.981±0.022 | 0.984±0.001 | 0.966±0.007 | best lr=3.00e-04 wd=1.00e-05 dr=0.30 | ADD
[TUNE main] lr=3.00e-04 wd=1.00e-05 dr=0.30 | val_acc=0.9900 val_syn_cc=0.9839 val_loss=0.0496 | test_acc=0.9867 test_syn_cc=0.9791| score=0.9900
0.15 0.00 0.40 0.45 | 0.990±0.005 | 0.984±0.014 | 0.987±0.003 | 0.979±0.007 | best lr=3.00e-04 wd=1.00e-05 dr=0.30 | ADD
[TUNE main] lr=3.00e-04 wd=1.00e-05 dr=0.30 | val_acc=0.9833 val_syn_cc=0.9532 val_loss=0.0534 | test_acc=0.9791 test_syn_cc=0.9342| score=0.9833
0.70 0.00 -0.00 0.30 | 0.983±0.010 | 0.953±0.023 | 0.979±0.007 | 0.934±0.023 | best lr=3.00e-04 wd=1.00e-05 dr=0.30 | ADD
[TUNE main] lr=3.00e-04 wd=1.00e-05 dr=0.30 | val_acc=0.9633 val_syn_cc=0.6474 val_loss=0.2448 | test_acc=0.9541 test_syn_cc=0.5710| score=0.9633
0.90 0.00 -0.00 0.10 | 0.963±0.020 | 0.647±0.176 | 0.954±0.006 | 0.571±0.049 | best lr=3.00e-04 wd=1.00e-05 dr=0.30 | ADD
[TUNE main] lr=3.00e-04 wd=1.00e-05 dr=0.30 | val_acc=0.9883 val_syn_cc=0.9895 val_loss=0.0324 | test_acc=0.9834 test_syn_cc=0.9730| score=0.9883
0.35 0.00 0.20 0.45 | 0.988±0.006 | 0.990±0.010 | 0.983±0.002 | 0.973±0.002 | best lr=3.00e-04 wd=1.00e-05 dr=0.30 | ADD
[TUNE main] lr=3.00e-04 wd=1.00e-05 dr=0.30 | val_acc=0.9650 val_syn_cc=0.7206 val_loss=0.1189 | test_acc=0.9406 test_syn_cc=0.5234| score=0.9650
0.35 0.00 0.55 0.10 | 0.965±0.015 | 0.721±0.064 | 0.941±0.010 | 0.523±0.041 | best lr=3.00e-04 wd=1.00e-05 dr=0.30 | ADD
[TUNE main] lr=3.00e-04 wd=1.00e-05 dr=0.30 | val_acc=0.9983 val_syn_cc=1.0000 val_loss=0.0169 | test_acc=0.9877 test_syn_cc=0.9858| score=0.9983
0.20 0.00 0.30 0.50 | 0.998±0.003 | 1.000±0.000 | 0.988±0.001 | 0.986±0.002 | best lr=3.00e-04 wd=1.00e-05 dr=0.30 | ADD
[TUNE main] lr=3.00e-04 wd=1.00e-05 dr=0.30 | val_acc=0.9867 val_syn_cc=0.9838 val_loss=0.0532 | test_acc=0.9822 test_syn_cc=0.9690| score=0.9867
0.15 0.00 0.45 0.40 | 0.987±0.006 | 0.984±0.007 | 0.982±0.002 | 0.969±0.003 | best lr=3.00e-04 wd=1.00e-05 dr=0.30 | ADD
[TUNE main] lr=3.00e-04 wd=1.00e-05 dr=0.30 | val_acc=0.9567 val_syn_cc=0.6733 val_loss=0.1892 | test_acc=0.9474 test_syn_cc=0.5544| score=0.9567
0.15 0.00 0.75 0.10 | 0.957±0.008 | 0.673±0.040 | 0.947±0.004 | 0.554±0.017 | best lr=3.00e-04 wd=1.00e-05 dr=0.30 | ADD
[TUNE main] lr=3.00e-04 wd=1.00e-05 dr=0.30 | val_acc=0.9950 val_syn_cc=0.9933 val_loss=0.0208 | test_acc=0.9904 test_syn_cc=0.9926| score=0.9950
0.05 0.00 0.20 0.75 | 0.995±0.000 | 0.993±0.000 | 0.990±0.001 | 0.993±0.001 | best lr=3.00e-04 wd=1.00e-05 dr=0.30 | ADD
[TUNE main] lr=3.00e-04 wd=1.00e-05 dr=0.30 | val_acc=0.9783 val_syn_cc=0.9485 val_loss=0.0679 | test_acc=0.9732 test_syn_cc=0.9132| score=0.9783
0.35 0.00 0.40 0.25 | 0.978±0.014 | 0.948±0.050 | 0.973±0.010 | 0.913±0.032 | best lr=3.00e-04 wd=1.00e-05 dr=0.30 | ADD
[TUNE main] lr=3.00e-04 wd=1.00e-05 dr=0.30 | val_acc=0.9933 val_syn_cc=0.9982 val_loss=0.0224 | test_acc=0.9928 test_syn_cc=0.9952| score=0.9933
0.05 0.00 0.05 0.90 | 0.993±0.003 | 0.998±0.003 | 0.993±0.002 | 0.995±0.001 | best lr=3.00e-04 wd=1.00e-05 dr=0.30 | ADD
[TUNE main] lr=3.00e-04 wd=1.00e-05 dr=0.30 | val_acc=1.0000 val_syn_cc=1.0000 val_loss=0.0099 | test_acc=0.9830 test_syn_cc=0.9743| score=1.0000
0.40 0.00 0.15 0.45 | 1.000±0.000 | 1.000±0.000 | 0.983±0.006 | 0.974±0.013 | best lr=3.00e-04 wd=1.00e-05 dr=0.30 | ADD
[TUNE main] lr=3.00e-04 wd=1.00e-05 dr=0.30 | val_acc=0.9717 val_syn_cc=0.8588 val_loss=0.1639 | test_acc=0.9685 test_syn_cc=0.8672| score=0.9717
0.60 0.00 0.20 0.20 | 0.972±0.010 | 0.859±0.065 | 0.969±0.003 | 0.867±0.023 | best lr=3.00e-04 wd=1.00e-05 dr=0.30 | ADD
[TUNE main] lr=3.00e-04 wd=1.00e-05 dr=0.30 | val_acc=0.9983 val_syn_cc=nan val_loss=0.0164 | test_acc=0.9961 test_syn_cc=nan| score=0.9983
0.35 0.00 0.65 0.00 | 0.998±0.003 | nan±nan | 0.996±0.001 | nan±nan | best lr=3.00e-04 wd=1.00e-05 dr=0.30 | ADD
[TUNE main] lr=3.00e-04 wd=1.00e-05 dr=0.30 | val_acc=0.9967 val_syn_cc=1.0000 val_loss=0.0245 | test_acc=0.9897 test_syn_cc=0.9900| score=0.9967
0.30 0.00 0.05 0.65 | 0.997±0.003 | 1.000±0.000 | 0.990±0.003 | 0.990±0.003 | best lr=3.00e-04 wd=1.00e-05 dr=0.30 | ADD
[TUNE main] lr=3.00e-04 wd=1.00e-05 dr=0.30 | val_acc=0.9967 val_syn_cc=1.0000 val_loss=0.0209 | test_acc=0.9907 test_syn_cc=0.9922| score=0.9967
0.20 0.00 0.10 0.70 | 0.997±0.006 | 1.000±0.000 | 0.991±0.002 | 0.992±0.003 | best lr=3.00e-04 wd=1.00e-05 dr=0.30 | ADD
[TUNE main] lr=3.00e-04 wd=1.00e-05 dr=0.30 | val_acc=0.9783 val_syn_cc=0.9052 val_loss=0.1159 | test_acc=0.9663 test_syn_cc=0.8609| score=0.9783
0.50 0.00 0.30 0.20 | 0.978±0.013 | 0.905±0.053 | 0.966±0.010 | 0.861±0.055 | best lr=3.00e-04 wd=1.00e-05 dr=0.30 | ADD
[TUNE main] lr=3.00e-04 wd=1.00e-05 dr=0.30 | val_acc=0.9917 val_syn_cc=0.9940 val_loss=0.0412 | test_acc=0.9794 test_syn_cc=0.9499| score=0.9917
0.45 0.00 0.25 0.30 | 0.992±0.008 | 0.994±0.010 | 0.979±0.001 | 0.950±0.001 | best lr=3.00e-04 wd=1.00e-05 dr=0.30 | ADD
[TUNE main] lr=3.00e-04 wd=1.00e-05 dr=0.30 | val_acc=0.9783 val_syn_cc=0.9321 val_loss=0.0926 | test_acc=0.9697 test_syn_cc=0.9143| score=0.9783
0.60 0.00 0.10 0.30 | 0.978±0.008 | 0.932±0.034 | 0.970±0.011 | 0.914±0.032 | best lr=3.00e-04 wd=1.00e-05 dr=0.30 | ADD
[TUNE main] lr=3.00e-04 wd=1.00e-05 dr=0.30 | val_acc=0.9650 val_syn_cc=0.8530 val_loss=0.1761 | test_acc=0.9637 test_syn_cc=0.8433| score=0.9650
0.70 0.00 0.10 0.20 | 0.965±0.010 | 0.853±0.042 | 0.964±0.001 | 0.843±0.013 | best lr=3.00e-04 wd=1.00e-05 dr=0.30 | ADD
[TUNE main] lr=3.00e-04 wd=1.00e-05 dr=0.30 | val_acc=0.9883 val_syn_cc=0.7556 val_loss=0.0811 | test_acc=0.9745 test_syn_cc=0.4991| score=0.9883
0.00 0.00 0.95 0.05 | 0.988±0.008 | 0.756±0.077 | 0.974±0.001 | 0.499±0.008 | best lr=3.00e-04 wd=1.00e-05 dr=0.30 | ADD
[TUNE main] lr=3.00e-04 wd=1.00e-05 dr=0.30 | val_acc=0.9767 val_syn_cc=0.9211 val_loss=0.0720 | test_acc=0.9736 test_syn_cc=0.9130| score=0.9767
0.45 0.00 0.30 0.25 | 0.977±0.021 | 0.921±0.069 | 0.974±0.010 | 0.913±0.038 | best lr=3.00e-04 wd=1.00e-05 dr=0.30 | ADD
[TUNE main] lr=3.00e-04 wd=1.00e-05 dr=0.30 | val_acc=0.9683 val_syn_cc=0.7361 val_loss=0.1500 | test_acc=0.9514 test_syn_cc=0.5681| score=0.9683
0.80 0.00 0.10 0.10 | 0.968±0.008 | 0.736±0.064 | 0.951±0.005 | 0.568±0.074 | best lr=3.00e-04 wd=1.00e-05 dr=0.30 | ADD
[TUNE main] lr=3.00e-04 wd=1.00e-05 dr=0.30 | val_acc=0.9617 val_syn_cc=0.8426 val_loss=0.1668 | test_acc=0.9625 test_syn_cc=0.8393| score=0.9617
0.65 0.00 0.15 0.20 | 0.962±0.025 | 0.843±0.099 | 0.963±0.015 | 0.839±0.070 | best lr=3.00e-04 wd=1.00e-05 dr=0.30 | ADD
[TUNE main] lr=3.00e-04 wd=1.00e-05 dr=0.30 | val_acc=0.9867 val_syn_cc=0.9699 val_loss=0.0592 | test_acc=0.9834 test_syn_cc=0.9548| score=0.9867
0.20 0.00 0.50 0.30 | 0.987±0.010 | 0.970±0.014 | 0.983±0.002 | 0.955±0.008 | best lr=3.00e-04 wd=1.00e-05 dr=0.30 | ADD
[TUNE main] lr=3.00e-04 wd=1.00e-05 dr=0.30 | val_acc=0.9883 val_syn_cc=0.9874 val_loss=0.0299 | test_acc=0.9796 test_syn_cc=0.9448| score=0.9883
0.05 0.00 0.65 0.30 | 0.988±0.003 | 0.987±0.011 | 0.980±0.004 | 0.945±0.017 | best lr=3.00e-04 wd=1.00e-05 dr=0.30 | ADD
[TUNE main] lr=3.00e-04 wd=1.00e-05 dr=0.30 | val_acc=0.9950 val_syn_cc=0.9935 val_loss=0.0315 | test_acc=0.9779 test_syn_cc=0.9607| score=0.9950
0.50 0.00 0.05 0.45 | 0.995±0.005 | 0.993±0.011 | 0.978±0.007 | 0.961±0.019 | best lr=3.00e-04 wd=1.00e-05 dr=0.30 | ADD
[TUNE main] lr=3.00e-04 wd=1.00e-05 dr=0.30 | val_acc=0.9717 val_syn_cc=0.8921 val_loss=0.1068 | test_acc=0.9686 test_syn_cc=0.8707| score=0.9717
0.20 0.00 0.60 0.20 | 0.972±0.019 | 0.892±0.073 | 0.969±0.008 | 0.871±0.045 | best lr=3.00e-04 wd=1.00e-05 dr=0.30 | ADD
[TUNE main] lr=3.00e-04 wd=1.00e-05 dr=0.30 | val_acc=0.9683 val_syn_cc=0.9210 val_loss=0.0916 | test_acc=0.9713 test_syn_cc=0.9196| score=0.9683
0.10 0.00 0.60 0.30 | 0.968±0.015 | 0.921±0.041 | 0.971±0.006 | 0.920±0.019 | best lr=3.00e-04 wd=1.00e-05 dr=0.30 | ADD
[TUNE main] lr=3.00e-04 wd=1.00e-05 dr=0.30 | val_acc=0.9950 val_syn_cc=0.9936 val_loss=0.0414 | test_acc=0.9814 test_syn_cc=0.9706| score=0.9950
0.10 0.00 0.40 0.50 | 0.995±0.005 | 0.994±0.006 | 0.981±0.005 | 0.971±0.011 | best lr=3.00e-04 wd=1.00e-05 dr=0.30 | ADD
[TUNE main] lr=3.00e-04 wd=1.00e-05 dr=0.30 | val_acc=0.9883 val_syn_cc=0.9800 val_loss=0.0543 | test_acc=0.9866 test_syn_cc=0.9764| score=0.9883
0.10 0.00 0.50 0.40 | 0.988±0.003 | 0.980±0.007 | 0.987±0.001 | 0.976±0.005 | best lr=3.00e-04 wd=1.00e-05 dr=0.30 | ADD
[TUNE main] lr=3.00e-04 wd=1.00e-05 dr=0.30 | val_acc=0.9983 val_syn_cc=nan val_loss=0.0178 | test_acc=0.9952 test_syn_cc=nan| score=0.9983
0.25 0.00 0.75 0.00 | 0.998±0.003 | nan±nan | 0.995±0.003 | nan±nan | best lr=3.00e-04 wd=1.00e-05 dr=0.30 | ADD
[TUNE main] lr=3.00e-04 wd=1.00e-05 dr=0.30 | val_acc=1.0000 val_syn_cc=nan val_loss=0.0084 | test_acc=0.9954 test_syn_cc=nan| score=1.0000
0.70 0.00 0.30 0.00 | 1.000±0.000 | nan±nan | 0.995±0.003 | nan±nan | best lr=3.00e-04 wd=1.00e-05 dr=0.30 | ADD
[TUNE main] lr=3.00e-04 wd=1.00e-05 dr=0.30 | val_acc=0.9867 val_syn_cc=0.9625 val_loss=0.0580 | test_acc=0.9728 test_syn_cc=0.9272| score=0.9867
0.25 0.00 0.45 0.30 | 0.987±0.003 | 0.963±0.005 | 0.973±0.005 | 0.927±0.016 | best lr=3.00e-04 wd=1.00e-05 dr=0.30 | ADD
[TUNE main] lr=3.00e-04 wd=1.00e-05 dr=0.30 | val_acc=0.9733 val_syn_cc=0.6667 val_loss=0.1043 | test_acc=0.9586 test_syn_cc=0.5232| score=0.9733
0.55 0.00 0.40 0.05 | 0.973±0.015 | 0.667±0.072 | 0.959±0.013 | 0.523±0.029 | best lr=3.00e-04 wd=1.00e-05 dr=0.30 | ADD
[TUNE main] lr=3.00e-04 wd=1.00e-05 dr=0.30 | val_acc=0.9617 val_syn_cc=0.7458 val_loss=0.1859 | test_acc=0.9461 test_syn_cc=0.6547| score=0.9617
0.00 0.00 0.85 0.15 | 0.962±0.010 | 0.746±0.069 | 0.946±0.015 | 0.655±0.085 | best lr=3.00e-04 wd=1.00e-05 dr=0.30 | ADD
[TUNE main] lr=3.00e-04 wd=1.00e-05 dr=0.30 | val_acc=0.9917 val_syn_cc=0.9810 val_loss=0.0372 | test_acc=0.9868 test_syn_cc=0.9679| score=0.9917
0.65 0.00 -0.00 0.35 | 0.992±0.006 | 0.981±0.007 | 0.987±0.000 | 0.968±0.001 | best lr=3.00e-04 wd=1.00e-05 dr=0.30 | ADD
[TUNE main] lr=3.00e-04 wd=1.00e-05 dr=0.30 | val_acc=0.9783 val_syn_cc=0.9330 val_loss=0.0875 | test_acc=0.9674 test_syn_cc=0.8869| score=0.9783
0.50 0.00 0.25 0.25 | 0.978±0.003 | 0.933±0.004 | 0.967±0.007 | 0.887±0.040 | best lr=3.00e-04 wd=1.00e-05 dr=0.30 | ADD
[TUNE main] lr=3.00e-04 wd=1.00e-05 dr=0.30 | val_acc=0.9867 val_syn_cc=0.9707 val_loss=0.0757 | test_acc=0.9813 test_syn_cc=0.9618| score=0.9867
0.35 0.00 0.30 0.35 | 0.987±0.008 | 0.971±0.016 | 0.981±0.007 | 0.962±0.017 | best lr=3.00e-04 wd=1.00e-05 dr=0.30 | ADD
[TUNE main] lr=3.00e-04 wd=1.00e-05 dr=0.30 | val_acc=0.9950 val_syn_cc=1.0000 val_loss=0.0176 | test_acc=0.9882 test_syn_cc=0.9872| score=0.9950
0.05 0.00 0.35 0.60 | 0.995±0.005 | 1.000±0.000 | 0.988±0.004 | 0.987±0.004 | best lr=3.00e-04 wd=1.00e-05 dr=0.30 | ADD
[TUNE main] lr=3.00e-04 wd=1.00e-05 dr=0.30 | val_acc=0.9583 val_syn_cc=0.6825 val_loss=0.2157 | test_acc=0.9501 test_syn_cc=0.5656| score=0.9583
0.75 0.00 0.15 0.10 | 0.958±0.013 | 0.683±0.027 | 0.950±0.006 | 0.566±0.051 | best lr=3.00e-04 wd=1.00e-05 dr=0.30 | ADD
[TUNE main] lr=3.00e-04 wd=1.00e-05 dr=0.30 | val_acc=0.9983 val_syn_cc=1.0000 val_loss=0.0143 | test_acc=0.9926 test_syn_cc=0.9932| score=0.9983
0.25 0.00 0.00 0.75 | 0.998±0.003 | 1.000±0.000 | 0.993±0.002 | 0.993±0.001 | best lr=3.00e-04 wd=1.00e-05 dr=0.30 | ADD
[LOG] saved: pid_synthetic_tuning/maintuned_valacc_nlrwddr.jsonl (total entries: 0)
[1;34mwandb[0m: 
[1;34mwandb[0m: 🚀 View run [33mwobbly-disco-80[0m at: [34m[0m
[1;34mwandb[0m: Find logs at: [1;35mwandb/run-20260116_213948-xobp25jg/logs[0m
Job finished
