000 (007.010.000) 2026-01-16 21:39:18 Job submitted from host: <10.87.28.151:9618?addrs=10.87.28.151-9618&alias=brigand.esat.kuleuven.be&noUDP&sock=schedd_1447_19a1>
...
001 (007.010.000) 2026-01-16 21:39:29 Job executing on host: <10.87.24.116:9618?addrs=10.87.24.116-9618&alias=opal.esat.kuleuven.be&noUDP&sock=startd_1618_6453>
	SlotName: slot1_1@opal.esat.kuleuven.be
	AvailableGPUs = { GPUs_GPU_1ffe17c3 }
	CondorScratchDir = "/usr/data/condor/execute/dir_23620/scratch"
	Cpus = 8
	Disk = 1048576
	GPUs = 1
	GPUs_GPU_1ffe17c3 = [ Id = "GPU-1ffe17c3"; ClockMhz = 1830.0; Capability = 7.5; CoresPerCU = 64; DeviceName = "NVIDIA GeForce RTX 2080 SUPER"; DeviceUuid = "1ffe17c3-ccfe-d885-43ab-eb217e5925a3"; ECCEnabled = false; ComputeUnits = 48; NvidiaDriver = "580.119.02"; DriverVersion = 13.0; DevicePciBusId = "0000:01:00.0"; GlobalMemoryMb = 7778; MaxSupportedVersion = 13000 ]
	Memory = 20480
...
006 (007.010.000) 2026-01-16 21:39:37 Image size of job updated: 240988
	236  -  MemoryUsage of job (MB)
	240988  -  ResidentSetSize of job (KB)
...
006 (007.010.000) 2026-01-16 21:44:37 Image size of job updated: 844636
	802  -  MemoryUsage of job (MB)
	820424  -  ResidentSetSize of job (KB)
...
006 (007.010.000) 2026-01-16 21:49:38 Image size of job updated: 844636
	802  -  MemoryUsage of job (MB)
	820824  -  ResidentSetSize of job (KB)
...
006 (007.010.000) 2026-01-16 21:54:38 Image size of job updated: 844636
	803  -  MemoryUsage of job (MB)
	821484  -  ResidentSetSize of job (KB)
...
006 (007.010.000) 2026-01-16 22:14:41 Image size of job updated: 844636
	804  -  MemoryUsage of job (MB)
	823112  -  ResidentSetSize of job (KB)
...
005 (007.010.000) 2026-01-16 23:14:35 Job terminated.
	(1) Normal termination (return value 0)
		Usr 0 01:34:37, Sys 0 00:00:33  -  Run Remote Usage
		Usr 0 00:00:00, Sys 0 00:00:00  -  Run Local Usage
		Usr 0 01:34:37, Sys 0 00:00:33  -  Total Remote Usage
		Usr 0 00:00:00, Sys 0 00:00:00  -  Total Local Usage
	0  -  Run Bytes Sent By Job
	0  -  Run Bytes Received By Job
	0  -  Total Bytes Sent By Job
	0  -  Total Bytes Received By Job
	Partitionable Resources :    Usage  Request Allocated Assigned
	   Cpus                 :     1.00        8         8 
	   Disk (KB)            :     2     1048576   1048576 
	   GPUs                 :     0.18        1         1 "GPU-1ffe17c3"
	   GpusMemory (MB)      :  1109                       
	   Memory (MB)          :   804       20480     20480 
	   TimeExecute (s)      :  5706                       
	   TimeSlotBusy (s)     :  5706                       
...
