000 (007.011.000) 2026-01-16 21:39:18 Job submitted from host: <10.87.28.151:9618?addrs=10.87.28.151-9618&alias=brigand.esat.kuleuven.be&noUDP&sock=schedd_1447_19a1>
...
001 (007.011.000) 2026-01-16 21:39:30 Job executing on host: <10.87.24.115:9618?addrs=10.87.24.115-9618&alias=ulexite.esat.kuleuven.be&noUDP&sock=startd_1621_731c>
	SlotName: slot1_1@ulexite.esat.kuleuven.be
	AvailableGPUs = { GPUs_GPU_0726d6f8 }
	CondorScratchDir = "/usr/data/condor/execute/dir_21276/scratch"
	Cpus = 8
	Disk = 1048576
	GPUs = 1
	GPUs_GPU_0726d6f8 = [ Id = "GPU-0726d6f8"; ClockMhz = 1545.0; Capability = 7.5; CoresPerCU = 64; DeviceName = "NVIDIA GeForce RTX 2080 Ti"; DeviceUuid = "0726d6f8-8cd0-affe-f41f-036e4e1a6711"; ECCEnabled = false; ComputeUnits = 68; NvidiaDriver = "580.119.02"; DriverVersion = 13.0; DevicePciBusId = "0000:01:00.0"; GlobalMemoryMb = 10819; MaxSupportedVersion = 13000 ]
	Memory = 20480
...
006 (007.011.000) 2026-01-16 21:39:39 Image size of job updated: 12080
	12  -  MemoryUsage of job (MB)
	12080  -  ResidentSetSize of job (KB)
...
006 (007.011.000) 2026-01-16 21:44:40 Image size of job updated: 836752
	814  -  MemoryUsage of job (MB)
	833252  -  ResidentSetSize of job (KB)
...
006 (007.011.000) 2026-01-16 21:49:41 Image size of job updated: 837368
	818  -  MemoryUsage of job (MB)
	836916  -  ResidentSetSize of job (KB)
...
006 (007.011.000) 2026-01-16 21:59:42 Image size of job updated: 837544
	818  -  MemoryUsage of job (MB)
	837084  -  ResidentSetSize of job (KB)
...
006 (007.011.000) 2026-01-16 22:09:42 Image size of job updated: 837956
	818  -  MemoryUsage of job (MB)
	837456  -  ResidentSetSize of job (KB)
...
006 (007.011.000) 2026-01-16 22:19:43 Image size of job updated: 854560
	818  -  MemoryUsage of job (MB)
	837456  -  ResidentSetSize of job (KB)
...
006 (007.011.000) 2026-01-16 22:34:44 Image size of job updated: 854560
	818  -  MemoryUsage of job (MB)
	837580  -  ResidentSetSize of job (KB)
...
006 (007.011.000) 2026-01-16 22:44:45 Image size of job updated: 854560
	818  -  MemoryUsage of job (MB)
	837596  -  ResidentSetSize of job (KB)
...
006 (007.011.000) 2026-01-16 23:29:51 Image size of job updated: 862100
	819  -  MemoryUsage of job (MB)
	837652  -  ResidentSetSize of job (KB)
...
006 (007.011.000) 2026-01-16 23:39:51 Image size of job updated: 862100
	819  -  MemoryUsage of job (MB)
	837696  -  ResidentSetSize of job (KB)
...
005 (007.011.000) 2026-01-16 23:56:52 Job terminated.
	(1) Normal termination (return value 0)
		Usr 0 02:15:51, Sys 0 00:00:43  -  Run Remote Usage
		Usr 0 00:00:00, Sys 0 00:00:00  -  Run Local Usage
		Usr 0 02:15:51, Sys 0 00:00:43  -  Total Remote Usage
		Usr 0 00:00:00, Sys 0 00:00:00  -  Total Local Usage
	0  -  Run Bytes Sent By Job
	0  -  Run Bytes Received By Job
	0  -  Total Bytes Sent By Job
	0  -  Total Bytes Received By Job
	Partitionable Resources :    Usage  Request Allocated Assigned
	   Cpus                 :     1.00        8         8 
	   Disk (KB)            :     2     1048576   1048576 
	   GPUs                 :     0.12        1         1 "GPU-0726d6f8"
	   GpusMemory (MB)      :   834                       
	   Memory (MB)          :   819       20480     20480 
	   TimeExecute (s)      :  8242                       
	   TimeSlotBusy (s)     :  8242                       
...
