000 (007.012.000) 2026-01-16 21:39:18 Job submitted from host: <10.87.28.151:9618?addrs=10.87.28.151-9618&alias=brigand.esat.kuleuven.be&noUDP&sock=schedd_1447_19a1>
...
001 (007.012.000) 2026-01-16 21:39:32 Job executing on host: <10.87.24.117:9618?addrs=10.87.24.117-9618&alias=pyrite.esat.kuleuven.be&noUDP&sock=startd_1676_2cd1>
	SlotName: slot1_1@pyrite.esat.kuleuven.be
	AvailableGPUs = { GPUs_GPU_ebe8a4fd }
	CondorScratchDir = "/usr/data/condor/execute/dir_23422/scratch"
	Cpus = 8
	Disk = 1048576
	GPUs = 1
	GPUs_GPU_ebe8a4fd = [ Id = "GPU-ebe8a4fd"; ClockMhz = 1545.0; Capability = 7.5; CoresPerCU = 64; DeviceName = "NVIDIA GeForce RTX 2080 Ti"; DeviceUuid = "ebe8a4fd-f875-2528-4ec3-792027cc02ae"; ECCEnabled = false; ComputeUnits = 68; NvidiaDriver = "580.119.02"; DriverVersion = 13.0; DevicePciBusId = "0000:01:00.0"; GlobalMemoryMb = 10818; MaxSupportedVersion = 13000 ]
	Memory = 20480
...
006 (007.012.000) 2026-01-16 21:39:41 Image size of job updated: 23276
	23  -  MemoryUsage of job (MB)
	23276  -  ResidentSetSize of job (KB)
...
006 (007.012.000) 2026-01-16 21:44:42 Image size of job updated: 823640
	799  -  MemoryUsage of job (MB)
	818148  -  ResidentSetSize of job (KB)
...
006 (007.012.000) 2026-01-16 21:49:42 Image size of job updated: 824424
	802  -  MemoryUsage of job (MB)
	820924  -  ResidentSetSize of job (KB)
...
006 (007.012.000) 2026-01-16 21:54:43 Image size of job updated: 842092
	806  -  MemoryUsage of job (MB)
	824548  -  ResidentSetSize of job (KB)
...
006 (007.012.000) 2026-01-16 21:59:44 Image size of job updated: 842092
	806  -  MemoryUsage of job (MB)
	824632  -  ResidentSetSize of job (KB)
...
006 (007.012.000) 2026-01-16 22:14:45 Image size of job updated: 842092
	806  -  MemoryUsage of job (MB)
	824996  -  ResidentSetSize of job (KB)
...
006 (007.012.000) 2026-01-16 23:14:51 Image size of job updated: 842740
	806  -  MemoryUsage of job (MB)
	824996  -  ResidentSetSize of job (KB)
...
005 (007.012.000) 2026-01-16 23:28:25 Job terminated.
	(1) Normal termination (return value 0)
		Usr 0 01:48:02, Sys 0 00:00:34  -  Run Remote Usage
		Usr 0 00:00:00, Sys 0 00:00:00  -  Run Local Usage
		Usr 0 01:48:02, Sys 0 00:00:34  -  Total Remote Usage
		Usr 0 00:00:00, Sys 0 00:00:00  -  Total Local Usage
	0  -  Run Bytes Sent By Job
	0  -  Run Bytes Received By Job
	0  -  Total Bytes Sent By Job
	0  -  Total Bytes Received By Job
	Partitionable Resources :    Usage  Request Allocated Assigned
	   Cpus                 :     1.00        8         8 
	   Disk (KB)            :     2     1048576   1048576 
	   GPUs                 :     0.15        1         1 "GPU-ebe8a4fd"
	   GpusMemory (MB)      :  1030                       
	   Memory (MB)          :   806       20480     20480 
	   TimeExecute (s)      :  6532                       
	   TimeSlotBusy (s)     :  6532                       
...
