000 (007.013.000) 2026-01-16 21:39:18 Job submitted from host: <10.87.28.151:9618?addrs=10.87.28.151-9618&alias=brigand.esat.kuleuven.be&noUDP&sock=schedd_1447_19a1>
...
001 (007.013.000) 2026-01-16 21:39:34 Job executing on host: <10.87.24.112:9618?addrs=10.87.24.112-9618&alias=nickeline.esat.kuleuven.be&noUDP&sock=startd_1658_d41d>
	SlotName: slot1_1@nickeline.esat.kuleuven.be
	AvailableGPUs = { GPUs_GPU_e9055b3f }
	CondorScratchDir = "/usr/data/condor/execute/dir_23592/scratch"
	Cpus = 8
	Disk = 1048576
	GPUs = 1
	GPUs_GPU_e9055b3f = [ Id = "GPU-e9055b3f"; ClockMhz = 1545.0; Capability = 7.5; CoresPerCU = 64; DeviceName = "NVIDIA GeForce RTX 2080 Ti"; DeviceUuid = "e9055b3f-ca61-f9ca-ad0f-c0fbfaa43ac3"; ECCEnabled = false; ComputeUnits = 68; NvidiaDriver = "580.119.02"; DriverVersion = 13.0; DevicePciBusId = "0000:01:00.0"; GlobalMemoryMb = 10818; MaxSupportedVersion = 13000 ]
	Memory = 20480
...
006 (007.013.000) 2026-01-16 21:39:42 Image size of job updated: 298552
	292  -  MemoryUsage of job (MB)
	298552  -  ResidentSetSize of job (KB)
...
006 (007.013.000) 2026-01-16 21:44:42 Image size of job updated: 821420
	802  -  MemoryUsage of job (MB)
	820388  -  ResidentSetSize of job (KB)
...
006 (007.013.000) 2026-01-16 21:49:42 Image size of job updated: 821992
	802  -  MemoryUsage of job (MB)
	820388  -  ResidentSetSize of job (KB)
...
006 (007.013.000) 2026-01-16 21:54:43 Image size of job updated: 831524
	802  -  MemoryUsage of job (MB)
	820864  -  ResidentSetSize of job (KB)
...
006 (007.013.000) 2026-01-16 22:34:48 Image size of job updated: 842004
	802  -  MemoryUsage of job (MB)
	820864  -  ResidentSetSize of job (KB)
...
006 (007.013.000) 2026-01-16 23:04:51 Image size of job updated: 842004
	802  -  MemoryUsage of job (MB)
	820964  -  ResidentSetSize of job (KB)
...
005 (007.013.000) 2026-01-16 23:14:52 Job terminated.
	(1) Normal termination (return value 0)
		Usr 0 01:34:52, Sys 0 00:00:33  -  Run Remote Usage
		Usr 0 00:00:00, Sys 0 00:00:00  -  Run Local Usage
		Usr 0 01:34:52, Sys 0 00:00:33  -  Total Remote Usage
		Usr 0 00:00:00, Sys 0 00:00:00  -  Total Local Usage
	0  -  Run Bytes Sent By Job
	0  -  Run Bytes Received By Job
	0  -  Total Bytes Sent By Job
	0  -  Total Bytes Received By Job
	Partitionable Resources :    Usage  Request Allocated Assigned
	   Cpus                 :     1.00        8         8 
	   Disk (KB)            :     2     1048576   1048576 
	   GPUs                 :     0.17        1         1 "GPU-e9055b3f"
	   GpusMemory (MB)      :  1148                       
	   Memory (MB)          :   802       20480     20480 
	   TimeExecute (s)      :  5718                       
	   TimeSlotBusy (s)     :  5719                       
...
