Starting Job
/esat/smcdata/users/kkontras/Image_Dataset/no_backup/git/Synergy/mydatasets/Xor/Xor_PID3Main_MaskSynIB_Search.py
/esat/smcdata/users/kkontras/Image_Dataset/no_backup/envs/synergy_new/bin/python
Python 3.10.19
/esat/smcdata/users/kkontras/Image_Dataset/no_backup/git/Synergy
We have 1 GPU
/esat/smcdata/users/kkontras/Image_Dataset/no_backup/git/Synergy/mydatasets/Xor/Xor_PID3Main_MaskSynIB_Search.py

Executing command: python /esat/smcdata/users/kkontras/Image_Dataset/no_backup/git/Synergy/mydatasets/Xor/Xor_PID3Main_MaskSynIB_Search.py
[LOAD] path=pid_synthetic_tuning/maintuned_valacc_nlrwddr.jsonl
[LOAD] abs_path=/esat/smcdata/users/kkontras/Image_Dataset/no_backup/git/Synergy/pid_synthetic_tuning/maintuned_valacc_nlrwddr.jsonl
[LOAD] file does not exist -> returning empty
==============================================================================================================
[DEFAULT CONFIG]
  dims: dim0=32 dim1=32
  blocks0: unique=6 red=6 syn=6 noise=14 | random_pos=False
  blocks1: unique=6 red=6 syn=6 noise=14 | random_pos=False
  SNR: unique_strength=3 red_strength=3 syn_strength=3 noise_std=1
  train: n_train=2000 n_test=4000 batch=64 epochs=30 lr=3.0e-04
  loss: lambda_uni=1 lambda_kl=10 lambda_shortcut_inv=0
  probs: u1=0.3, u2=0.3, red=0.3, syn=0.1
==============================================================================================================
[RUN] sweep non-overlap source probs (u1/u2/red/syn)
[LOG] append/dedupe json: pid_synthetic_tuning/maintuned_valacc_nlrwddr.jsonl
pu1 pu2 pred psyn | MainTot SynIBTot | Main(u1,u2,red,syn) | SynIB(u1,u2,red,syn) | det | status
---------------------------------------------------------------------------------------------------
[TUNE main] lr=3.00e-04 wd=1.00e-05 dr=0.30 | val_acc=0.9817 val_syn_cc=0.9863 val_loss=0.0512 | test_acc=0.9829 test_syn_cc=0.9771| score=0.9817
0.10 0.00 0.45 0.45 | 0.982±0.008 | 0.986±0.015 | 0.983±0.002 | 0.977±0.005 | best lr=3.00e-04 wd=1.00e-05 dr=0.30 | ADD
[TUNE main] lr=3.00e-04 wd=1.00e-05 dr=0.30 | val_acc=0.9783 val_syn_cc=0.8994 val_loss=0.1030 | test_acc=0.9604 test_syn_cc=0.8387| score=0.9783
0.40 0.00 0.40 0.20 | 0.978±0.015 | 0.899±0.066 | 0.960±0.009 | 0.839±0.041 | best lr=3.00e-04 wd=1.00e-05 dr=0.30 | ADD
[TUNE main] lr=3.00e-04 wd=1.00e-05 dr=0.30 | val_acc=0.9700 val_syn_cc=0.5566 val_loss=0.1196 | test_acc=0.9683 test_syn_cc=0.4953| score=0.9700
0.30 0.00 0.65 0.05 | 0.970±0.010 | 0.557±0.071 | 0.968±0.002 | 0.495±0.013 | best lr=3.00e-04 wd=1.00e-05 dr=0.30 | ADD
[TUNE main] lr=3.00e-04 wd=1.00e-05 dr=0.30 | val_acc=0.9683 val_syn_cc=0.7361 val_loss=0.1573 | test_acc=0.9542 test_syn_cc=0.5974| score=0.9683
0.80 0.00 0.10 0.10 | 0.968±0.008 | 0.736±0.064 | 0.954±0.004 | 0.597±0.040 | best lr=3.00e-04 wd=1.00e-05 dr=0.30 | ADD
[TUNE main] lr=3.00e-04 wd=1.00e-05 dr=0.30 | val_acc=0.9817 val_syn_cc=0.9594 val_loss=0.0542 | test_acc=0.9798 test_syn_cc=0.9477| score=0.9817
0.00 0.00 0.65 0.35 | 0.982±0.020 | 0.959±0.038 | 0.980±0.007 | 0.948±0.020 | best lr=3.00e-04 wd=1.00e-05 dr=0.30 | ADD
[TUNE main] lr=3.00e-04 wd=1.00e-05 dr=0.30 | val_acc=0.9933 val_syn_cc=0.9898 val_loss=0.0379 | test_acc=0.9777 test_syn_cc=0.9601| score=0.9933
0.50 0.00 0.05 0.45 | 0.993±0.006 | 0.990±0.010 | 0.978±0.007 | 0.960±0.019 | best lr=3.00e-04 wd=1.00e-05 dr=0.30 | ADD
[TUNE main] lr=3.00e-04 wd=1.00e-05 dr=0.30 | val_acc=0.9717 val_syn_cc=0.9378 val_loss=0.1215 | test_acc=0.9687 test_syn_cc=0.9189| score=0.9717
0.30 0.00 0.40 0.30 | 0.972±0.003 | 0.938±0.026 | 0.969±0.004 | 0.919±0.010 | best lr=3.00e-04 wd=1.00e-05 dr=0.30 | ADD
[TUNE main] lr=3.00e-04 wd=1.00e-05 dr=0.30 | val_acc=0.9933 val_syn_cc=0.9867 val_loss=0.0330 | test_acc=0.9795 test_syn_cc=0.9591| score=0.9933
0.10 0.00 0.55 0.35 | 0.993±0.006 | 0.987±0.014 | 0.979±0.004 | 0.959±0.004 | best lr=3.00e-04 wd=1.00e-05 dr=0.30 | ADD
[TUNE main] lr=3.00e-04 wd=1.00e-05 dr=0.30 | val_acc=0.9633 val_syn_cc=0.7735 val_loss=0.1756 | test_acc=0.9545 test_syn_cc=0.7286| score=0.9633
0.60 0.00 0.25 0.15 | 0.963±0.019 | 0.774±0.120 | 0.955±0.011 | 0.729±0.067 | best lr=3.00e-04 wd=1.00e-05 dr=0.30 | ADD
[TUNE main] lr=3.00e-04 wd=1.00e-05 dr=0.30 | val_acc=0.9850 val_syn_cc=0.9794 val_loss=0.0660 | test_acc=0.9819 test_syn_cc=0.9628| score=0.9850
0.25 0.00 0.40 0.35 | 0.985±0.009 | 0.979±0.012 | 0.982±0.002 | 0.963±0.006 | best lr=3.00e-04 wd=1.00e-05 dr=0.30 | ADD
[TUNE main] lr=3.00e-04 wd=1.00e-05 dr=0.30 | val_acc=0.9750 val_syn_cc=0.9062 val_loss=0.0925 | test_acc=0.9643 test_syn_cc=0.8846| score=0.9750
0.25 0.00 0.50 0.25 | 0.975±0.005 | 0.906±0.023 | 0.964±0.011 | 0.885±0.032 | best lr=3.00e-04 wd=1.00e-05 dr=0.30 | ADD
[TUNE main] lr=3.00e-04 wd=1.00e-05 dr=0.30 | val_acc=0.9900 val_syn_cc=0.9778 val_loss=0.0532 | test_acc=0.9738 test_syn_cc=0.9277| score=0.9900
0.40 0.00 0.30 0.30 | 0.990±0.000 | 0.978±0.006 | 0.974±0.009 | 0.928±0.025 | best lr=3.00e-04 wd=1.00e-05 dr=0.30 | ADD
[TUNE main] lr=3.00e-04 wd=1.00e-05 dr=0.30 | val_acc=0.9800 val_syn_cc=0.9553 val_loss=0.1001 | test_acc=0.9797 test_syn_cc=0.9474| score=0.9800
0.55 0.00 0.15 0.30 | 0.980±0.009 | 0.955±0.008 | 0.980±0.007 | 0.947±0.021 | best lr=3.00e-04 wd=1.00e-05 dr=0.30 | ADD
[TUNE main] lr=3.00e-04 wd=1.00e-05 dr=0.30 | val_acc=0.9950 val_syn_cc=0.9943 val_loss=0.0509 | test_acc=0.9776 test_syn_cc=0.9674| score=0.9950
0.25 0.00 0.20 0.55 | 0.995±0.005 | 0.994±0.010 | 0.978±0.005 | 0.967±0.006 | best lr=3.00e-04 wd=1.00e-05 dr=0.30 | ADD
[TUNE main] lr=3.00e-04 wd=1.00e-05 dr=0.30 | val_acc=0.9983 val_syn_cc=nan val_loss=0.0104 | test_acc=0.9968 test_syn_cc=nan| score=0.9983
0.15 0.00 0.85 0.00 | 0.998±0.003 | nan±nan | 0.997±0.001 | nan±nan | best lr=3.00e-04 wd=1.00e-05 dr=0.30 | ADD
[TUNE main] lr=3.00e-04 wd=1.00e-05 dr=0.30 | val_acc=0.9983 val_syn_cc=nan val_loss=0.0091 | test_acc=0.9961 test_syn_cc=nan| score=0.9983
0.50 0.00 0.50 0.00 | 0.998±0.003 | nan±nan | 0.996±0.001 | nan±nan | best lr=3.00e-04 wd=1.00e-05 dr=0.30 | ADD
[TUNE main] lr=3.00e-04 wd=1.00e-05 dr=0.30 | val_acc=0.9917 val_syn_cc=0.9815 val_loss=0.0438 | test_acc=0.9836 test_syn_cc=0.9492| score=0.9917
0.70 0.00 -0.00 0.30 | 0.992±0.006 | 0.981±0.003 | 0.984±0.006 | 0.949±0.020 | best lr=3.00e-04 wd=1.00e-05 dr=0.30 | ADD
[TUNE main] lr=3.00e-04 wd=1.00e-05 dr=0.30 | val_acc=0.9917 val_syn_cc=0.9701 val_loss=0.0312 | test_acc=0.9824 test_syn_cc=0.9573| score=0.9917
0.65 0.00 0.05 0.30 | 0.992±0.003 | 0.970±0.011 | 0.982±0.002 | 0.957±0.010 | best lr=3.00e-04 wd=1.00e-05 dr=0.30 | ADD
[TUNE main] lr=3.00e-04 wd=1.00e-05 dr=0.30 | val_acc=0.9767 val_syn_cc=0.8701 val_loss=0.1117 | test_acc=0.9599 test_syn_cc=0.7608| score=0.9767
0.85 0.00 -0.00 0.15 | 0.977±0.019 | 0.870±0.105 | 0.960±0.014 | 0.761±0.079 | best lr=3.00e-04 wd=1.00e-05 dr=0.30 | ADD
[TUNE main] lr=3.00e-04 wd=1.00e-05 dr=0.30 | val_acc=0.9733 val_syn_cc=0.5905 val_loss=0.1443 | test_acc=0.9713 test_syn_cc=0.4981| score=0.9733
0.90 0.00 0.05 0.05 | 0.973±0.025 | 0.590±0.201 | 0.971±0.001 | 0.498±0.021 | best lr=3.00e-04 wd=1.00e-05 dr=0.30 | ADD
[TUNE main] lr=3.00e-04 wd=1.00e-05 dr=0.30 | val_acc=0.9783 val_syn_cc=0.5694 val_loss=0.0853 | test_acc=0.9657 test_syn_cc=0.5167| score=0.9783
0.40 0.00 0.55 0.05 | 0.978±0.012 | 0.569±0.168 | 0.966±0.005 | 0.517±0.029 | best lr=3.00e-04 wd=1.00e-05 dr=0.30 | ADD
[TUNE main] lr=3.00e-04 wd=1.00e-05 dr=0.30 | val_acc=0.9667 val_syn_cc=0.7026 val_loss=0.1954 | test_acc=0.9442 test_syn_cc=0.4867| score=0.9667
0.00 0.00 0.90 0.10 | 0.967±0.016 | 0.703±0.162 | 0.944±0.002 | 0.487±0.009 | best lr=3.00e-04 wd=1.00e-05 dr=0.30 | ADD
[TUNE main] lr=3.00e-04 wd=1.00e-05 dr=0.30 | val_acc=0.9967 val_syn_cc=0.9947 val_loss=0.0208 | test_acc=0.9914 test_syn_cc=0.9908| score=0.9967
0.35 0.00 -0.00 0.65 | 0.997±0.003 | 0.995±0.005 | 0.991±0.001 | 0.991±0.001 | best lr=3.00e-04 wd=1.00e-05 dr=0.30 | ADD
[TUNE main] lr=3.00e-04 wd=1.00e-05 dr=0.30 | val_acc=0.9917 val_syn_cc=0.9969 val_loss=0.0279 | test_acc=0.9853 test_syn_cc=0.9792| score=0.9917
0.40 0.00 0.10 0.50 | 0.992±0.006 | 0.997±0.005 | 0.985±0.001 | 0.979±0.001 | best lr=3.00e-04 wd=1.00e-05 dr=0.30 | ADD
[TUNE main] lr=3.00e-04 wd=1.00e-05 dr=0.30 | val_acc=0.9917 val_syn_cc=0.9973 val_loss=0.0282 | test_acc=0.9878 test_syn_cc=0.9902| score=0.9917
0.30 0.00 0.10 0.60 | 0.992±0.006 | 0.997±0.005 | 0.988±0.003 | 0.990±0.005 | best lr=3.00e-04 wd=1.00e-05 dr=0.30 | ADD
[TUNE main] lr=3.00e-04 wd=1.00e-05 dr=0.30 | val_acc=0.9650 val_syn_cc=0.6618 val_loss=0.1311 | test_acc=0.9674 test_syn_cc=0.4727| score=0.9650
0.85 0.00 0.10 0.05 | 0.965±0.022 | 0.662±0.166 | 0.967±0.003 | 0.473±0.013 | best lr=3.00e-04 wd=1.00e-05 dr=0.30 | ADD
[TUNE main] lr=3.00e-04 wd=1.00e-05 dr=0.30 | val_acc=0.9900 val_syn_cc=0.9860 val_loss=0.0514 | test_acc=0.9798 test_syn_cc=0.9601| score=0.9900
0.25 0.00 0.35 0.40 | 0.990±0.010 | 0.986±0.014 | 0.980±0.002 | 0.960±0.007 | best lr=3.00e-04 wd=1.00e-05 dr=0.30 | ADD
[TUNE main] lr=3.00e-04 wd=1.00e-05 dr=0.30 | val_acc=0.9883 val_syn_cc=0.9972 val_loss=0.0380 | test_acc=0.9860 test_syn_cc=0.9839| score=0.9883
0.10 0.00 0.30 0.60 | 0.988±0.003 | 0.997±0.005 | 0.986±0.003 | 0.984±0.006 | best lr=3.00e-04 wd=1.00e-05 dr=0.30 | ADD
[TUNE main] lr=3.00e-04 wd=1.00e-05 dr=0.30 | val_acc=0.9817 val_syn_cc=0.9720 val_loss=0.0652 | test_acc=0.9827 test_syn_cc=0.9683| score=0.9817
0.10 0.00 0.50 0.40 | 0.982±0.003 | 0.972±0.014 | 0.983±0.006 | 0.968±0.017 | best lr=3.00e-04 wd=1.00e-05 dr=0.30 | ADD
[TUNE main] lr=3.00e-04 wd=1.00e-05 dr=0.30 | val_acc=0.9800 val_syn_cc=0.7056 val_loss=0.1175 | test_acc=0.9698 test_syn_cc=0.5067| score=0.9800
0.05 0.00 0.90 0.05 | 0.980±0.005 | 0.706±0.042 | 0.970±0.003 | 0.507±0.025 | best lr=3.00e-04 wd=1.00e-05 dr=0.30 | ADD
[TUNE main] lr=3.00e-04 wd=1.00e-05 dr=0.30 | val_acc=0.9917 val_syn_cc=0.9942 val_loss=0.0235 | test_acc=0.9888 test_syn_cc=0.9900| score=0.9917
0.15 0.00 0.25 0.60 | 0.992±0.003 | 0.994±0.010 | 0.989±0.002 | 0.990±0.004 | best lr=3.00e-04 wd=1.00e-05 dr=0.30 | ADD
[TUNE main] lr=3.00e-04 wd=1.00e-05 dr=0.30 | val_acc=0.9833 val_syn_cc=0.9787 val_loss=0.0725 | test_acc=0.9800 test_syn_cc=0.9629| score=0.9833
0.45 0.00 0.15 0.40 | 0.983±0.003 | 0.979±0.013 | 0.980±0.004 | 0.963±0.012 | best lr=3.00e-04 wd=1.00e-05 dr=0.30 | ADD
[TUNE main] lr=3.00e-04 wd=1.00e-05 dr=0.30 | val_acc=0.9900 val_syn_cc=0.9950 val_loss=0.0480 | test_acc=0.9856 test_syn_cc=0.9850| score=0.9900
0.10 0.00 0.25 0.65 | 0.990±0.010 | 0.995±0.009 | 0.986±0.004 | 0.985±0.007 | best lr=3.00e-04 wd=1.00e-05 dr=0.30 | ADD
[TUNE main] lr=3.00e-04 wd=1.00e-05 dr=0.30 | val_acc=0.9850 val_syn_cc=0.9649 val_loss=0.0502 | test_acc=0.9784 test_syn_cc=0.9524| score=0.9850
0.40 0.00 0.25 0.35 | 0.985±0.013 | 0.965±0.032 | 0.978±0.006 | 0.952±0.016 | best lr=3.00e-04 wd=1.00e-05 dr=0.30 | ADD
[TUNE main] lr=3.00e-04 wd=1.00e-05 dr=0.30 | val_acc=0.9767 val_syn_cc=0.6207 val_loss=0.1058 | test_acc=0.9673 test_syn_cc=0.4787| score=0.9767
0.65 0.00 0.30 0.05 | 0.977±0.010 | 0.621±0.177 | 0.967±0.004 | 0.479±0.054 | best lr=3.00e-04 wd=1.00e-05 dr=0.30 | ADD
[TUNE main] lr=3.00e-04 wd=1.00e-05 dr=0.30 | val_acc=0.9583 val_syn_cc=0.7680 val_loss=0.2352 | test_acc=0.9338 test_syn_cc=0.6088| score=0.9583
0.35 0.00 0.50 0.15 | 0.958±0.020 | 0.768±0.064 | 0.934±0.009 | 0.609±0.049 | best lr=3.00e-04 wd=1.00e-05 dr=0.30 | ADD
[TUNE main] lr=3.00e-04 wd=1.00e-05 dr=0.30 | val_acc=0.9850 val_syn_cc=0.9947 val_loss=0.0526 | test_acc=0.9759 test_syn_cc=0.9400| score=0.9850
0.50 0.00 0.20 0.30 | 0.985±0.005 | 0.995±0.009 | 0.976±0.002 | 0.940±0.010 | best lr=3.00e-04 wd=1.00e-05 dr=0.30 | ADD
[TUNE main] lr=3.00e-04 wd=1.00e-05 dr=0.30 | val_acc=0.9600 val_syn_cc=0.7599 val_loss=0.1750 | test_acc=0.9456 test_syn_cc=0.5497| score=0.9600
0.40 0.00 0.50 0.10 | 0.960±0.018 | 0.760±0.219 | 0.946±0.007 | 0.550±0.043 | best lr=3.00e-04 wd=1.00e-05 dr=0.30 | ADD
[TUNE main] lr=3.00e-04 wd=1.00e-05 dr=0.30 | val_acc=0.9467 val_syn_cc=0.6761 val_loss=0.1790 | test_acc=0.9448 test_syn_cc=0.6673| score=0.9467
0.45 0.00 0.40 0.15 | 0.947±0.013 | 0.676±0.098 | 0.945±0.024 | 0.667±0.168 | best lr=3.00e-04 wd=1.00e-05 dr=0.30 | ADD
[TUNE main] lr=3.00e-04 wd=1.00e-05 dr=0.30 | val_acc=1.0000 val_syn_cc=1.0000 val_loss=0.0165 | test_acc=0.9896 test_syn_cc=0.9840| score=1.0000
0.00 0.00 0.50 0.50 | 1.000±0.000 | 1.000±0.000 | 0.990±0.003 | 0.984±0.007 | best lr=3.00e-04 wd=1.00e-05 dr=0.30 | ADD
[TUNE main] lr=3.00e-04 wd=1.00e-05 dr=0.30 | val_acc=0.9683 val_syn_cc=0.5848 val_loss=0.1335 | test_acc=0.9583 test_syn_cc=0.4958| score=0.9683
0.15 0.00 0.80 0.05 | 0.968±0.018 | 0.585±0.123 | 0.958±0.018 | 0.496±0.020 | best lr=3.00e-04 wd=1.00e-05 dr=0.30 | ADD
[TUNE main] lr=3.00e-04 wd=1.00e-05 dr=0.30 | val_acc=0.9800 val_syn_cc=0.9397 val_loss=0.0708 | test_acc=0.9760 test_syn_cc=0.9227| score=0.9800
0.40 0.00 0.35 0.25 | 0.980±0.010 | 0.940±0.037 | 0.976±0.005 | 0.923±0.017 | best lr=3.00e-04 wd=1.00e-05 dr=0.30 | ADD
[TUNE main] lr=3.00e-04 wd=1.00e-05 dr=0.30 | val_acc=0.9767 val_syn_cc=0.8704 val_loss=0.1059 | test_acc=0.9703 test_syn_cc=0.8670| score=0.9767
0.05 0.00 0.75 0.20 | 0.977±0.018 | 0.870±0.099 | 0.970±0.008 | 0.867±0.040 | best lr=3.00e-04 wd=1.00e-05 dr=0.30 | ADD
[TUNE main] lr=3.00e-04 wd=1.00e-05 dr=0.30 | val_acc=0.9950 val_syn_cc=0.9980 val_loss=0.0223 | test_acc=0.9936 test_syn_cc=0.9941| score=0.9950
0.00 0.00 0.15 0.85 | 0.995±0.005 | 0.998±0.003 | 0.994±0.002 | 0.994±0.003 | best lr=3.00e-04 wd=1.00e-05 dr=0.30 | ADD
[TUNE main] lr=3.00e-04 wd=1.00e-05 dr=0.30 | val_acc=0.9883 val_syn_cc=0.9877 val_loss=0.0403 | test_acc=0.9872 test_syn_cc=0.9793| score=0.9883
0.20 0.00 0.40 0.40 | 0.988±0.003 | 0.988±0.001 | 0.987±0.001 | 0.979±0.002 | best lr=3.00e-04 wd=1.00e-05 dr=0.30 | ADD
[TUNE main] lr=3.00e-04 wd=1.00e-05 dr=0.30 | val_acc=0.9950 val_syn_cc=0.9933 val_loss=0.0212 | test_acc=0.9902 test_syn_cc=0.9923| score=0.9950
0.05 0.00 0.20 0.75 | 0.995±0.000 | 0.993±0.000 | 0.990±0.001 | 0.992±0.002 | best lr=3.00e-04 wd=1.00e-05 dr=0.30 | ADD
[TUNE main] lr=3.00e-04 wd=1.00e-05 dr=0.30 | val_acc=0.9783 val_syn_cc=0.9399 val_loss=0.1032 | test_acc=0.9732 test_syn_cc=0.9261| score=0.9783
0.35 0.00 0.35 0.30 | 0.978±0.010 | 0.940±0.035 | 0.973±0.003 | 0.926±0.012 | best lr=3.00e-04 wd=1.00e-05 dr=0.30 | ADD
[TUNE main] lr=3.00e-04 wd=1.00e-05 dr=0.30 | val_acc=0.9850 val_syn_cc=0.9399 val_loss=0.0697 | test_acc=0.9710 test_syn_cc=0.8794| score=0.9850
0.55 0.00 0.25 0.20 | 0.985±0.010 | 0.940±0.040 | 0.971±0.009 | 0.879±0.038 | best lr=3.00e-04 wd=1.00e-05 dr=0.30 | ADD
[TUNE main] lr=3.00e-04 wd=1.00e-05 dr=0.30 | val_acc=0.9983 val_syn_cc=1.0000 val_loss=0.0150 | test_acc=0.9928 test_syn_cc=0.9937| score=0.9983
0.00 0.00 0.05 0.95 | 0.998±0.003 | 1.000±0.000 | 0.993±0.001 | 0.994±0.001 | best lr=3.00e-04 wd=1.00e-05 dr=0.30 | ADD
[TUNE main] lr=3.00e-04 wd=1.00e-05 dr=0.30 | val_acc=0.9700 val_syn_cc=0.8697 val_loss=0.1422 | test_acc=0.9676 test_syn_cc=0.8595| score=0.9700
0.70 0.00 0.10 0.20 | 0.970±0.013 | 0.870±0.050 | 0.968±0.006 | 0.860±0.029 | best lr=3.00e-04 wd=1.00e-05 dr=0.30 | ADD
[TUNE main] lr=3.00e-04 wd=1.00e-05 dr=0.30 | val_acc=0.9950 val_syn_cc=0.9936 val_loss=0.0203 | test_acc=0.9890 test_syn_cc=0.9846| score=0.9950
0.05 0.00 0.45 0.50 | 0.995±0.009 | 0.994±0.011 | 0.989±0.002 | 0.985±0.005 | best lr=3.00e-04 wd=1.00e-05 dr=0.30 | ADD
[TUNE main] lr=3.00e-04 wd=1.00e-05 dr=0.30 | val_acc=0.9917 val_syn_cc=0.9942 val_loss=0.0485 | test_acc=0.9875 test_syn_cc=0.9869| score=0.9917
0.10 0.00 0.35 0.55 | 0.992±0.006 | 0.994±0.005 | 0.987±0.002 | 0.987±0.003 | best lr=3.00e-04 wd=1.00e-05 dr=0.30 | ADD
[TUNE main] lr=3.00e-04 wd=1.00e-05 dr=0.30 | val_acc=0.9600 val_syn_cc=0.7761 val_loss=0.1619 | test_acc=0.9438 test_syn_cc=0.6552| score=0.9600
0.05 0.00 0.80 0.15 | 0.960±0.015 | 0.776±0.082 | 0.944±0.023 | 0.655±0.129 | best lr=3.00e-04 wd=1.00e-05 dr=0.30 | ADD
[TUNE main] lr=3.00e-04 wd=1.00e-05 dr=0.30 | val_acc=0.9917 val_syn_cc=0.9937 val_loss=0.0423 | test_acc=0.9827 test_syn_cc=0.9773| score=0.9917
0.25 0.00 0.25 0.50 | 0.992±0.006 | 0.994±0.011 | 0.983±0.003 | 0.977±0.005 | best lr=3.00e-04 wd=1.00e-05 dr=0.30 | ADD
[TUNE main] lr=3.00e-04 wd=1.00e-05 dr=0.30 | val_acc=0.9867 val_syn_cc=0.9939 val_loss=0.0422 | test_acc=0.9834 test_syn_cc=0.9794| score=0.9867
0.15 0.00 0.30 0.55 | 0.987±0.008 | 0.994±0.005 | 0.983±0.003 | 0.979±0.003 | best lr=3.00e-04 wd=1.00e-05 dr=0.30 | ADD
[TUNE main] lr=3.00e-04 wd=1.00e-05 dr=0.30 | val_acc=0.9583 val_syn_cc=0.6358 val_loss=0.1592 | test_acc=0.9497 test_syn_cc=0.5640| score=0.9583
0.55 0.00 0.35 0.10 | 0.958±0.010 | 0.636±0.098 | 0.950±0.008 | 0.564±0.068 | best lr=3.00e-04 wd=1.00e-05 dr=0.30 | ADD
[TUNE main] lr=3.00e-04 wd=1.00e-05 dr=0.30 | val_acc=0.9983 val_syn_cc=0.9974 val_loss=0.0149 | test_acc=0.9922 test_syn_cc=0.9888| score=0.9983
0.00 0.00 0.40 0.60 | 0.998±0.003 | 0.997±0.005 | 0.992±0.002 | 0.989±0.002 | best lr=3.00e-04 wd=1.00e-05 dr=0.30 | ADD
[TUNE main] lr=3.00e-04 wd=1.00e-05 dr=0.30 | val_acc=0.9700 val_syn_cc=0.7771 val_loss=0.1135 | test_acc=0.9558 test_syn_cc=0.6078| score=0.9700
0.60 0.00 0.30 0.10 | 0.970±0.005 | 0.777±0.044 | 0.956±0.009 | 0.608±0.075 | best lr=3.00e-04 wd=1.00e-05 dr=0.30 | ADD
[TUNE main] lr=3.00e-04 wd=1.00e-05 dr=0.30 | val_acc=0.9750 val_syn_cc=0.6121 val_loss=0.0840 | test_acc=0.9720 test_syn_cc=0.4908| score=0.9750
0.95 0.00 -0.00 0.05 | 0.975±0.005 | 0.612±0.201 | 0.972±0.005 | 0.491±0.035 | best lr=3.00e-04 wd=1.00e-05 dr=0.30 | ADD
[TUNE main] lr=3.00e-04 wd=1.00e-05 dr=0.30 | val_acc=0.9900 val_syn_cc=0.9680 val_loss=0.0577 | test_acc=0.9718 test_syn_cc=0.9239| score=0.9900
0.25 0.00 0.45 0.30 | 0.990±0.005 | 0.968±0.014 | 0.972±0.003 | 0.924±0.009 | best lr=3.00e-04 wd=1.00e-05 dr=0.30 | ADD
[TUNE main] lr=3.00e-04 wd=1.00e-05 dr=0.30 | val_acc=0.9850 val_syn_cc=0.9739 val_loss=0.0511 | test_acc=0.9822 test_syn_cc=0.9617| score=0.9850
0.15 0.00 0.50 0.35 | 0.985±0.009 | 0.974±0.026 | 0.982±0.007 | 0.962±0.022 | best lr=3.00e-04 wd=1.00e-05 dr=0.30 | ADD
[TUNE main] lr=3.00e-04 wd=1.00e-05 dr=0.30 | val_acc=1.0000 val_syn_cc=1.0000 val_loss=0.0221 | test_acc=0.9861 test_syn_cc=0.9824| score=1.0000
0.40 0.00 0.05 0.55 | 1.000±0.000 | 1.000±0.000 | 0.986±0.001 | 0.982±0.003 | best lr=3.00e-04 wd=1.00e-05 dr=0.30 | ADD
[TUNE main] lr=3.00e-04 wd=1.00e-05 dr=0.30 | val_acc=0.9617 val_syn_cc=0.8087 val_loss=0.1490 | test_acc=0.9597 test_syn_cc=0.7908| score=0.9617
0.00 0.00 0.80 0.20 | 0.962±0.024 | 0.809±0.104 | 0.960±0.011 | 0.791±0.060 | best lr=3.00e-04 wd=1.00e-05 dr=0.30 | ADD
[TUNE main] lr=3.00e-04 wd=1.00e-05 dr=0.30 | val_acc=0.9767 val_syn_cc=0.6355 val_loss=0.0836 | test_acc=0.9650 test_syn_cc=0.4648| score=0.9767
0.20 0.00 0.75 0.05 | 0.977±0.013 | 0.636±0.118 | 0.965±0.001 | 0.465±0.019 | best lr=3.00e-04 wd=1.00e-05 dr=0.30 | ADD
[TUNE main] lr=3.00e-04 wd=1.00e-05 dr=0.30 | val_acc=0.9900 val_syn_cc=0.9808 val_loss=0.0377 | test_acc=0.9833 test_syn_cc=0.9679| score=0.9900
0.50 0.00 0.10 0.40 | 0.990±0.005 | 0.981±0.014 | 0.983±0.004 | 0.968±0.006 | best lr=3.00e-04 wd=1.00e-05 dr=0.30 | ADD
[TUNE main] lr=3.00e-04 wd=1.00e-05 dr=0.30 | val_acc=1.0000 val_syn_cc=1.0000 val_loss=0.0534 | test_acc=0.9960 test_syn_cc=0.9960| score=1.0000
0.00 0.00 0.00 1.00 | 1.000±0.000 | 1.000±0.000 | 0.996±0.003 | 0.996±0.003 | best lr=3.00e-04 wd=1.00e-05 dr=0.30 | ADD
[TUNE main] lr=3.00e-04 wd=1.00e-05 dr=0.30 | val_acc=0.9683 val_syn_cc=0.7054 val_loss=0.1357 | test_acc=0.9669 test_syn_cc=0.5537| score=0.9683
0.80 0.00 0.15 0.05 | 0.968±0.008 | 0.705±0.015 | 0.967±0.001 | 0.554±0.020 | best lr=3.00e-04 wd=1.00e-05 dr=0.30 | ADD
[TUNE main] lr=3.00e-04 wd=1.00e-05 dr=0.30 | val_acc=0.9733 val_syn_cc=0.8230 val_loss=0.1060 | test_acc=0.9508 test_syn_cc=0.5940| score=0.9733
0.65 0.00 0.25 0.10 | 0.973±0.016 | 0.823±0.083 | 0.951±0.013 | 0.594±0.111 | best lr=3.00e-04 wd=1.00e-05 dr=0.30 | ADD
[TUNE main] lr=3.00e-04 wd=1.00e-05 dr=0.30 | val_acc=1.0000 val_syn_cc=1.0000 val_loss=0.0114 | test_acc=0.9904 test_syn_cc=0.9790| score=1.0000
0.00 0.00 0.60 0.40 | 1.000±0.000 | 1.000±0.000 | 0.990±0.000 | 0.979±0.001 | best lr=3.00e-04 wd=1.00e-05 dr=0.30 | ADD
[TUNE main] lr=3.00e-04 wd=1.00e-05 dr=0.30 | val_acc=0.9983 val_syn_cc=0.9973 val_loss=0.0135 | test_acc=0.9848 test_syn_cc=0.9802| score=0.9983
0.35 0.00 0.10 0.55 | 0.998±0.003 | 0.997±0.005 | 0.985±0.004 | 0.980±0.005 | best lr=3.00e-04 wd=1.00e-05 dr=0.30 | ADD
[TUNE main] lr=3.00e-04 wd=1.00e-05 dr=0.30 | val_acc=0.9517 val_syn_cc=0.7620 val_loss=0.2091 | test_acc=0.9476 test_syn_cc=0.6805| score=0.9517
0.20 0.00 0.65 0.15 | 0.952±0.025 | 0.762±0.092 | 0.948±0.027 | 0.681±0.198 | best lr=3.00e-04 wd=1.00e-05 dr=0.30 | ADD
[TUNE main] lr=3.00e-04 wd=1.00e-05 dr=0.30 | val_acc=0.9967 val_syn_cc=1.0000 val_loss=0.0219 | test_acc=0.9908 test_syn_cc=0.9937| score=0.9967
0.15 0.00 0.05 0.80 | 0.997±0.006 | 1.000±0.000 | 0.991±0.001 | 0.994±0.001 | best lr=3.00e-04 wd=1.00e-05 dr=0.30 | ADD
[TUNE main] lr=3.00e-04 wd=1.00e-05 dr=0.30 | val_acc=0.9850 val_syn_cc=0.9660 val_loss=0.0384 | test_acc=0.9733 test_syn_cc=0.9171| score=0.9850
0.20 0.00 0.55 0.25 | 0.985±0.009 | 0.966±0.021 | 0.973±0.008 | 0.917±0.027 | best lr=3.00e-04 wd=1.00e-05 dr=0.30 | ADD
[TUNE main] lr=3.00e-04 wd=1.00e-05 dr=0.30 | val_acc=0.9817 val_syn_cc=0.9321 val_loss=0.0684 | test_acc=0.9720 test_syn_cc=0.9010| score=0.9817
0.00 0.00 0.75 0.25 | 0.982±0.019 | 0.932±0.082 | 0.972±0.024 | 0.901±0.086 | best lr=3.00e-04 wd=1.00e-05 dr=0.30 | ADD
[TUNE main] lr=3.00e-04 wd=1.00e-05 dr=0.30 | val_acc=0.9500 val_syn_cc=0.7395 val_loss=0.2259 | test_acc=0.9567 test_syn_cc=0.7455| score=0.9500
0.15 0.00 0.70 0.15 | 0.950±0.018 | 0.740±0.063 | 0.957±0.016 | 0.745±0.079 | best lr=3.00e-04 wd=1.00e-05 dr=0.30 | ADD
[TUNE main] lr=3.00e-04 wd=1.00e-05 dr=0.30 | val_acc=0.9567 val_syn_cc=0.6733 val_loss=0.1892 | test_acc=0.9474 test_syn_cc=0.5544| score=0.9567
0.15 0.00 0.75 0.10 | 0.957±0.008 | 0.673±0.040 | 0.947±0.004 | 0.554±0.017 | best lr=3.00e-04 wd=1.00e-05 dr=0.30 | ADD
[TUNE main] lr=3.00e-04 wd=1.00e-05 dr=0.30 | val_acc=1.0000 val_syn_cc=nan val_loss=0.0060 | test_acc=0.9998 test_syn_cc=nan| score=1.0000
1.00 0.00 0.00 0.00 | 1.000±0.000 | nan±nan | 1.000±0.000 | nan±nan | best lr=3.00e-04 wd=1.00e-05 dr=0.30 | ADD
[TUNE main] lr=3.00e-04 wd=1.00e-05 dr=0.30 | val_acc=0.9600 val_syn_cc=0.5239 val_loss=0.1503 | test_acc=0.9700 test_syn_cc=0.5162| score=0.9600
0.70 0.00 0.25 0.05 | 0.960±0.000 | 0.524±0.021 | 0.970±0.000 | 0.516±0.032 | best lr=3.00e-04 wd=1.00e-05 dr=0.30 | ADD
[TUNE main] lr=3.00e-04 wd=1.00e-05 dr=0.30 | val_acc=1.0000 val_syn_cc=nan val_loss=0.0041 | test_acc=0.9998 test_syn_cc=nan| score=1.0000
0.00 0.00 1.00 0.00 | 1.000±0.000 | nan±nan | 1.000±0.000 | nan±nan | best lr=3.00e-04 wd=1.00e-05 dr=0.30 | ADD
[TUNE main] lr=3.00e-04 wd=1.00e-05 dr=0.30 | val_acc=0.9883 val_syn_cc=0.9754 val_loss=0.0404 | test_acc=0.9842 test_syn_cc=0.9652| score=0.9883
0.60 0.00 0.05 0.35 | 0.988±0.006 | 0.975±0.021 | 0.984±0.006 | 0.965±0.015 | best lr=3.00e-04 wd=1.00e-05 dr=0.30 | ADD
[TUNE main] lr=3.00e-04 wd=1.00e-05 dr=0.30 | val_acc=0.9800 val_syn_cc=0.9552 val_loss=0.0699 | test_acc=0.9720 test_syn_cc=0.9106| score=0.9800
0.35 0.00 0.40 0.25 | 0.980±0.015 | 0.955±0.041 | 0.972±0.014 | 0.911±0.047 | best lr=3.00e-04 wd=1.00e-05 dr=0.30 | ADD
[TUNE main] lr=3.00e-04 wd=1.00e-05 dr=0.30 | val_acc=0.9933 val_syn_cc=0.9941 val_loss=0.0192 | test_acc=0.9868 test_syn_cc=0.9857| score=0.9933
0.20 0.00 0.25 0.55 | 0.993±0.003 | 0.994±0.005 | 0.987±0.002 | 0.986±0.003 | best lr=3.00e-04 wd=1.00e-05 dr=0.30 | ADD
[TUNE main] lr=3.00e-04 wd=1.00e-05 dr=0.30 | val_acc=0.9933 val_syn_cc=0.9982 val_loss=0.0222 | test_acc=0.9931 test_syn_cc=0.9953| score=0.9933
0.05 0.00 0.05 0.90 | 0.993±0.003 | 0.998±0.003 | 0.993±0.004 | 0.995±0.002 | best lr=3.00e-04 wd=1.00e-05 dr=0.30 | ADD
[TUNE main] lr=3.00e-04 wd=1.00e-05 dr=0.30 | val_acc=0.9983 val_syn_cc=nan val_loss=0.0130 | test_acc=0.9978 test_syn_cc=nan| score=0.9983
0.05 0.00 0.95 0.00 | 0.998±0.003 | nan±nan | 0.998±0.001 | nan±nan | best lr=3.00e-04 wd=1.00e-05 dr=0.30 | ADD
[TUNE main] lr=3.00e-04 wd=1.00e-05 dr=0.30 | val_acc=0.9750 val_syn_cc=0.8736 val_loss=0.0774 | test_acc=0.9635 test_syn_cc=0.8244| score=0.9750
0.80 0.00 -0.00 0.20 | 0.975±0.013 | 0.874±0.070 | 0.964±0.008 | 0.824±0.033 | best lr=3.00e-04 wd=1.00e-05 dr=0.30 | ADD
[TUNE main] lr=3.00e-04 wd=1.00e-05 dr=0.30 | val_acc=0.9650 val_syn_cc=0.8381 val_loss=0.1597 | test_acc=0.9613 test_syn_cc=0.8212| score=0.9650
0.75 0.00 0.05 0.20 | 0.965±0.010 | 0.838±0.073 | 0.961±0.014 | 0.821±0.069 | best lr=3.00e-04 wd=1.00e-05 dr=0.30 | ADD
[TUNE main] lr=3.00e-04 wd=1.00e-05 dr=0.30 | val_acc=0.9767 val_syn_cc=0.9159 val_loss=0.1100 | test_acc=0.9727 test_syn_cc=0.9106| score=0.9767
0.30 0.00 0.45 0.25 | 0.977±0.012 | 0.916±0.059 | 0.973±0.011 | 0.911±0.040 | best lr=3.00e-04 wd=1.00e-05 dr=0.30 | ADD
[TUNE main] lr=3.00e-04 wd=1.00e-05 dr=0.30 | val_acc=0.9933 val_syn_cc=0.9928 val_loss=0.0276 | test_acc=0.9909 test_syn_cc=0.9889| score=0.9933
0.00 0.00 0.30 0.70 | 0.993±0.006 | 0.993±0.007 | 0.991±0.004 | 0.989±0.006 | best lr=3.00e-04 wd=1.00e-05 dr=0.30 | ADD
[TUNE main] lr=3.00e-04 wd=1.00e-05 dr=0.30 | val_acc=0.9783 val_syn_cc=0.9283 val_loss=0.0765 | test_acc=0.9739 test_syn_cc=0.9139| score=0.9783
0.45 0.00 0.30 0.25 | 0.978±0.019 | 0.928±0.062 | 0.974±0.010 | 0.914±0.035 | best lr=3.00e-04 wd=1.00e-05 dr=0.30 | ADD
[TUNE main] lr=3.00e-04 wd=1.00e-05 dr=0.30 | val_acc=0.9967 val_syn_cc=0.9961 val_loss=0.0197 | test_acc=0.9864 test_syn_cc=0.9778| score=0.9967
0.30 0.00 0.30 0.40 | 0.997±0.003 | 0.996±0.007 | 0.986±0.005 | 0.978±0.008 | best lr=3.00e-04 wd=1.00e-05 dr=0.30 | ADD
[TUNE main] lr=3.00e-04 wd=1.00e-05 dr=0.30 | val_acc=0.9900 val_syn_cc=0.9848 val_loss=0.0358 | test_acc=0.9892 test_syn_cc=0.9838| score=0.9900
0.25 0.00 0.30 0.45 | 0.990±0.010 | 0.985±0.013 | 0.989±0.001 | 0.984±0.002 | best lr=3.00e-04 wd=1.00e-05 dr=0.30 | ADD
[TUNE main] lr=3.00e-04 wd=1.00e-05 dr=0.30 | val_acc=0.9967 val_syn_cc=1.0000 val_loss=0.0313 | test_acc=0.9900 test_syn_cc=0.9906| score=0.9967
0.20 0.00 0.10 0.70 | 0.997±0.006 | 1.000±0.000 | 0.990±0.003 | 0.991±0.004 | best lr=3.00e-04 wd=1.00e-05 dr=0.30 | ADD
[TUNE main] lr=3.00e-04 wd=1.00e-05 dr=0.30 | val_acc=0.9750 val_syn_cc=0.9391 val_loss=0.1255 | test_acc=0.9728 test_syn_cc=0.9137| score=0.9750
0.55 0.00 0.20 0.25 | 0.975±0.013 | 0.939±0.053 | 0.973±0.007 | 0.914±0.024 | best lr=3.00e-04 wd=1.00e-05 dr=0.30 | ADD
[TUNE main] lr=3.00e-04 wd=1.00e-05 dr=0.30 | val_acc=0.9683 val_syn_cc=0.9210 val_loss=0.0891 | test_acc=0.9722 test_syn_cc=0.9215| score=0.9683
0.10 0.00 0.60 0.30 | 0.968±0.015 | 0.921±0.041 | 0.972±0.007 | 0.922±0.021 | best lr=3.00e-04 wd=1.00e-05 dr=0.30 | ADD
[TUNE main] lr=3.00e-04 wd=1.00e-05 dr=0.30 | val_acc=0.9983 val_syn_cc=nan val_loss=0.0130 | test_acc=0.9979 test_syn_cc=nan| score=0.9983
0.10 0.00 0.90 0.00 | 0.998±0.003 | nan±nan | 0.998±0.000 | nan±nan | best lr=3.00e-04 wd=1.00e-05 dr=0.30 | ADD
[TUNE main] lr=3.00e-04 wd=1.00e-05 dr=0.30 | val_acc=0.9917 val_syn_cc=0.9843 val_loss=0.0397 | test_acc=0.9850 test_syn_cc=0.9681| score=0.9917
0.60 0.00 -0.00 0.40 | 0.992±0.006 | 0.984±0.018 | 0.985±0.006 | 0.968±0.013 | best lr=3.00e-04 wd=1.00e-05 dr=0.30 | ADD
[TUNE main] lr=3.00e-04 wd=1.00e-05 dr=0.30 | val_acc=1.0000 val_syn_cc=nan val_loss=0.0081 | test_acc=0.9971 test_syn_cc=nan| score=1.0000
0.85 0.00 0.15 0.00 | 1.000±0.000 | nan±nan | 0.997±0.000 | nan±nan | best lr=3.00e-04 wd=1.00e-05 dr=0.30 | ADD
[TUNE main] lr=3.00e-04 wd=1.00e-05 dr=0.30 | val_acc=0.9983 val_syn_cc=nan val_loss=0.0088 | test_acc=0.9961 test_syn_cc=nan| score=0.9983
0.80 0.00 0.20 0.00 | 0.998±0.003 | nan±nan | 0.996±0.001 | nan±nan | best lr=3.00e-04 wd=1.00e-05 dr=0.30 | ADD
[TUNE main] lr=3.00e-04 wd=1.00e-05 dr=0.30 | val_acc=0.9533 val_syn_cc=0.6608 val_loss=0.2126 | test_acc=0.9484 test_syn_cc=0.5687| score=0.9533
0.70 0.00 0.20 0.10 | 0.953±0.015 | 0.661±0.098 | 0.948±0.005 | 0.569±0.057 | best lr=3.00e-04 wd=1.00e-05 dr=0.30 | ADD
[TUNE main] lr=3.00e-04 wd=1.00e-05 dr=0.30 | val_acc=0.9667 val_syn_cc=0.7402 val_loss=0.1348 | test_acc=0.9423 test_syn_cc=0.5426| score=0.9667
0.35 0.00 0.55 0.10 | 0.967±0.013 | 0.740±0.031 | 0.942±0.011 | 0.543±0.049 | best lr=3.00e-04 wd=1.00e-05 dr=0.30 | ADD
[TUNE main] lr=3.00e-04 wd=1.00e-05 dr=0.30 | val_acc=0.9883 val_syn_cc=0.9852 val_loss=0.0648 | test_acc=0.9841 test_syn_cc=0.9653| score=0.9883
0.05 0.00 0.60 0.35 | 0.988±0.006 | 0.985±0.002 | 0.984±0.002 | 0.965±0.008 | best lr=3.00e-04 wd=1.00e-05 dr=0.30 | ADD
[TUNE main] lr=3.00e-04 wd=1.00e-05 dr=0.30 | val_acc=0.9950 val_syn_cc=1.0000 val_loss=0.0232 | test_acc=0.9892 test_syn_cc=0.9924| score=0.9950
0.05 0.00 0.10 0.85 | 0.995±0.005 | 1.000±0.000 | 0.989±0.004 | 0.992±0.004 | best lr=3.00e-04 wd=1.00e-05 dr=0.30 | ADD
[TUNE main] lr=3.00e-04 wd=1.00e-05 dr=0.30 | val_acc=0.9833 val_syn_cc=0.9520 val_loss=0.0857 | test_acc=0.9739 test_syn_cc=0.9168| score=0.9833
0.10 0.00 0.65 0.25 | 0.983±0.010 | 0.952±0.039 | 0.974±0.004 | 0.917±0.013 | best lr=3.00e-04 wd=1.00e-05 dr=0.30 | ADD
[TUNE main] lr=3.00e-04 wd=1.00e-05 dr=0.30 | val_acc=0.9767 val_syn_cc=0.6474 val_loss=0.1352 | test_acc=0.9645 test_syn_cc=0.4864| score=0.9767
0.60 0.00 0.35 0.05 | 0.977±0.006 | 0.647±0.057 | 0.965±0.004 | 0.486±0.053 | best lr=3.00e-04 wd=1.00e-05 dr=0.30 | ADD
[TUNE main] lr=3.00e-04 wd=1.00e-05 dr=0.30 | val_acc=0.9617 val_syn_cc=0.7458 val_loss=0.1590 | test_acc=0.9465 test_syn_cc=0.6574| score=0.9617
0.00 0.00 0.85 0.15 | 0.962±0.010 | 0.746±0.069 | 0.947±0.016 | 0.657±0.091 | best lr=3.00e-04 wd=1.00e-05 dr=0.30 | ADD
[TUNE main] lr=3.00e-04 wd=1.00e-05 dr=0.30 | val_acc=0.9967 val_syn_cc=0.9959 val_loss=0.0221 | test_acc=0.9912 test_syn_cc=0.9918| score=0.9967
0.20 0.00 0.05 0.75 | 0.997±0.006 | 0.996±0.007 | 0.991±0.002 | 0.992±0.004 | best lr=3.00e-04 wd=1.00e-05 dr=0.30 | ADD
[TUNE main] lr=3.00e-04 wd=1.00e-05 dr=0.30 | val_acc=0.9767 val_syn_cc=0.8980 val_loss=0.1169 | test_acc=0.9643 test_syn_cc=0.8508| score=0.9767
0.50 0.00 0.30 0.20 | 0.977±0.015 | 0.898±0.065 | 0.964±0.014 | 0.851±0.075 | best lr=3.00e-04 wd=1.00e-05 dr=0.30 | ADD
[TUNE main] lr=3.00e-04 wd=1.00e-05 dr=0.30 | val_acc=0.9983 val_syn_cc=1.0000 val_loss=0.0365 | test_acc=0.9884 test_syn_cc=0.9909| score=0.9983
0.10 0.00 0.05 0.85 | 0.998±0.003 | 1.000±0.000 | 0.988±0.006 | 0.991±0.006 | best lr=3.00e-04 wd=1.00e-05 dr=0.30 | ADD
[TUNE main] lr=3.00e-04 wd=1.00e-05 dr=0.30 | val_acc=0.9817 val_syn_cc=0.9763 val_loss=0.0792 | test_acc=0.9813 test_syn_cc=0.9592| score=0.9817
0.55 0.00 0.10 0.35 | 0.982±0.014 | 0.976±0.030 | 0.981±0.002 | 0.959±0.010 | best lr=3.00e-04 wd=1.00e-05 dr=0.30 | ADD
[TUNE main] lr=3.00e-04 wd=1.00e-05 dr=0.30 | val_acc=0.9967 val_syn_cc=nan val_loss=0.0148 | test_acc=0.9950 test_syn_cc=nan| score=0.9967
0.40 0.00 0.60 0.00 | 0.997±0.006 | nan±nan | 0.995±0.001 | nan±nan | best lr=3.00e-04 wd=1.00e-05 dr=0.30 | ADD
[TUNE main] lr=3.00e-04 wd=1.00e-05 dr=0.30 | val_acc=1.0000 val_syn_cc=nan val_loss=0.0094 | test_acc=0.9974 test_syn_cc=nan| score=1.0000
0.95 0.00 0.05 0.00 | 1.000±0.000 | nan±nan | 0.997±0.001 | nan±nan | best lr=3.00e-04 wd=1.00e-05 dr=0.30 | ADD
[TUNE main] lr=3.00e-04 wd=1.00e-05 dr=0.30 | val_acc=1.0000 val_syn_cc=1.0000 val_loss=0.0147 | test_acc=0.9880 test_syn_cc=0.9832| score=1.0000
0.40 0.00 -0.00 0.60 | 1.000±0.000 | 1.000±0.000 | 0.988±0.004 | 0.983±0.009 | best lr=3.00e-04 wd=1.00e-05 dr=0.30 | ADD
[TUNE main] lr=3.00e-04 wd=1.00e-05 dr=0.30 | val_acc=0.9750 val_syn_cc=0.7444 val_loss=0.0861 | test_acc=0.9697 test_syn_cc=0.5134| score=0.9750
0.75 0.00 0.20 0.05 | 0.975±0.005 | 0.744±0.010 | 0.970±0.002 | 0.513±0.020 | best lr=3.00e-04 wd=1.00e-05 dr=0.30 | ADD
[TUNE main] lr=3.00e-04 wd=1.00e-05 dr=0.30 | val_acc=0.9817 val_syn_cc=0.9410 val_loss=0.0668 | test_acc=0.9670 test_syn_cc=0.8642| score=0.9817
0.35 0.00 0.45 0.20 | 0.982±0.010 | 0.941±0.038 | 0.967±0.008 | 0.864±0.032 | best lr=3.00e-04 wd=1.00e-05 dr=0.30 | ADD
[TUNE main] lr=3.00e-04 wd=1.00e-05 dr=0.30 | val_acc=0.9700 val_syn_cc=0.6271 val_loss=0.1186 | test_acc=0.9683 test_syn_cc=0.5161| score=0.9700
0.25 0.00 0.70 0.05 | 0.970±0.015 | 0.627±0.082 | 0.968±0.002 | 0.516±0.043 | best lr=3.00e-04 wd=1.00e-05 dr=0.30 | ADD
[TUNE main] lr=3.00e-04 wd=1.00e-05 dr=0.30 | val_acc=0.9883 val_syn_cc=0.9888 val_loss=0.0385 | test_acc=0.9849 test_syn_cc=0.9760| score=0.9883
0.20 0.00 0.35 0.45 | 0.988±0.008 | 0.989±0.011 | 0.985±0.004 | 0.976±0.007 | best lr=3.00e-04 wd=1.00e-05 dr=0.30 | ADD
[TUNE main] lr=3.00e-04 wd=1.00e-05 dr=0.30 | val_acc=0.9950 val_syn_cc=0.9936 val_loss=0.0371 | test_acc=0.9835 test_syn_cc=0.9753| score=0.9950
0.10 0.00 0.40 0.50 | 0.995±0.005 | 0.994±0.006 | 0.983±0.002 | 0.975±0.003 | best lr=3.00e-04 wd=1.00e-05 dr=0.30 | ADD
[TUNE main] lr=3.00e-04 wd=1.00e-05 dr=0.30 | val_acc=0.9883 val_syn_cc=0.9720 val_loss=0.0532 | test_acc=0.9822 test_syn_cc=0.9633| score=0.9883
0.30 0.00 0.35 0.35 | 0.988±0.008 | 0.972±0.023 | 0.982±0.001 | 0.963±0.008 | best lr=3.00e-04 wd=1.00e-05 dr=0.30 | ADD
[TUNE main] lr=3.00e-04 wd=1.00e-05 dr=0.30 | val_acc=0.9917 val_syn_cc=0.9933 val_loss=0.0302 | test_acc=0.9872 test_syn_cc=0.9828| score=0.9917
0.35 0.00 0.15 0.50 | 0.992±0.003 | 0.993±0.012 | 0.987±0.001 | 0.983±0.004 | best lr=3.00e-04 wd=1.00e-05 dr=0.30 | ADD
[TUNE main] lr=3.00e-04 wd=1.00e-05 dr=0.30 | val_acc=0.9733 val_syn_cc=0.8676 val_loss=0.1516 | test_acc=0.9702 test_syn_cc=0.8747| score=0.9733
0.60 0.00 0.20 0.20 | 0.973±0.013 | 0.868±0.073 | 0.970±0.003 | 0.875±0.021 | best lr=3.00e-04 wd=1.00e-05 dr=0.30 | ADD
[TUNE main] lr=3.00e-04 wd=1.00e-05 dr=0.30 | val_acc=0.9950 val_syn_cc=1.0000 val_loss=0.0289 | test_acc=0.9893 test_syn_cc=0.9896| score=0.9950
0.30 0.00 0.05 0.65 | 0.995±0.005 | 1.000±0.000 | 0.989±0.003 | 0.990±0.003 | best lr=3.00e-04 wd=1.00e-05 dr=0.30 | ADD
[TUNE main] lr=3.00e-04 wd=1.00e-05 dr=0.30 | val_acc=0.9983 val_syn_cc=1.0000 val_loss=0.0320 | test_acc=0.9895 test_syn_cc=0.9896| score=0.9983
0.25 0.00 0.05 0.70 | 0.998±0.003 | 1.000±0.000 | 0.990±0.002 | 0.990±0.003 | best lr=3.00e-04 wd=1.00e-05 dr=0.30 | ADD
[TUNE main] lr=3.00e-04 wd=1.00e-05 dr=0.30 | val_acc=0.9967 val_syn_cc=1.0000 val_loss=0.0175 | test_acc=0.9933 test_syn_cc=0.9943| score=0.9967
0.20 0.00 0.00 0.80 | 0.997±0.003 | 1.000±0.000 | 0.993±0.002 | 0.994±0.002 | best lr=3.00e-04 wd=1.00e-05 dr=0.30 | ADD
[TUNE main] lr=3.00e-04 wd=1.00e-05 dr=0.30 | val_acc=0.9733 val_syn_cc=0.7431 val_loss=0.1005 | test_acc=0.9483 test_syn_cc=0.5423| score=0.9733
0.50 0.00 0.40 0.10 | 0.973±0.012 | 0.743±0.073 | 0.948±0.005 | 0.542±0.028 | best lr=3.00e-04 wd=1.00e-05 dr=0.30 | ADD
[TUNE main] lr=3.00e-04 wd=1.00e-05 dr=0.30 | val_acc=0.9983 val_syn_cc=nan val_loss=0.0115 | test_acc=0.9958 test_syn_cc=nan| score=0.9983
0.20 0.00 0.80 0.00 | 0.998±0.003 | nan±nan | 0.996±0.002 | nan±nan | best lr=3.00e-04 wd=1.00e-05 dr=0.30 | ADD
[TUNE main] lr=3.00e-04 wd=1.00e-05 dr=0.30 | val_acc=0.9783 val_syn_cc=0.9330 val_loss=0.0835 | test_acc=0.9671 test_syn_cc=0.8845| score=0.9783
0.50 0.00 0.25 0.25 | 0.978±0.003 | 0.933±0.004 | 0.967±0.008 | 0.885±0.039 | best lr=3.00e-04 wd=1.00e-05 dr=0.30 | ADD
[TUNE main] lr=3.00e-04 wd=1.00e-05 dr=0.30 | val_acc=0.9833 val_syn_cc=0.9135 val_loss=0.0797 | test_acc=0.9713 test_syn_cc=0.8896| score=0.9833
0.45 0.00 0.35 0.20 | 0.983±0.008 | 0.913±0.037 | 0.971±0.006 | 0.890±0.035 | best lr=3.00e-04 wd=1.00e-05 dr=0.30 | ADD
[TUNE main] lr=3.00e-04 wd=1.00e-05 dr=0.30 | val_acc=0.9650 val_syn_cc=0.8065 val_loss=0.1916 | test_acc=0.9582 test_syn_cc=0.7598| score=0.9650
0.30 0.00 0.55 0.15 | 0.965±0.013 | 0.806±0.073 | 0.958±0.017 | 0.760±0.096 | best lr=3.00e-04 wd=1.00e-05 dr=0.30 | ADD
[TUNE main] lr=3.00e-04 wd=1.00e-05 dr=0.30 | val_acc=0.9867 val_syn_cc=0.9699 val_loss=0.0604 | test_acc=0.9811 test_syn_cc=0.9467| score=0.9867
0.20 0.00 0.50 0.30 | 0.987±0.010 | 0.970±0.014 | 0.981±0.004 | 0.947±0.014 | best lr=3.00e-04 wd=1.00e-05 dr=0.30 | ADD
[TUNE main] lr=3.00e-04 wd=1.00e-05 dr=0.30 | val_acc=0.9983 val_syn_cc=nan val_loss=0.0178 | test_acc=0.9952 test_syn_cc=nan| score=0.9983
0.25 0.00 0.75 0.00 | 0.998±0.003 | nan±nan | 0.995±0.003 | nan±nan | best lr=3.00e-04 wd=1.00e-05 dr=0.30 | ADD
[TUNE main] lr=3.00e-04 wd=1.00e-05 dr=0.30 | val_acc=0.9950 val_syn_cc=0.9980 val_loss=0.0167 | test_acc=0.9940 test_syn_cc=0.9944| score=0.9950
0.00 0.00 0.20 0.80 | 0.995±0.000 | 0.998±0.004 | 0.994±0.003 | 0.994±0.003 | best lr=3.00e-04 wd=1.00e-05 dr=0.30 | ADD
[TUNE main] lr=3.00e-04 wd=1.00e-05 dr=0.30 | val_acc=0.9933 val_syn_cc=0.9935 val_loss=0.0260 | test_acc=0.9839 test_syn_cc=0.9750| score=0.9933
0.45 0.00 0.10 0.45 | 0.993±0.008 | 0.993±0.011 | 0.984±0.006 | 0.975±0.014 | best lr=3.00e-04 wd=1.00e-05 dr=0.30 | ADD
[TUNE main] lr=3.00e-04 wd=1.00e-05 dr=0.30 | val_acc=0.9867 val_syn_cc=0.9880 val_loss=0.0391 | test_acc=0.9825 test_syn_cc=0.9661| score=0.9867
0.05 0.00 0.55 0.40 | 0.987±0.014 | 0.988±0.012 | 0.982±0.002 | 0.966±0.006 | best lr=3.00e-04 wd=1.00e-05 dr=0.30 | ADD
[TUNE main] lr=3.00e-04 wd=1.00e-05 dr=0.30 | val_acc=0.9650 val_syn_cc=0.8556 val_loss=0.1847 | test_acc=0.9660 test_syn_cc=0.8573| score=0.9650
0.65 0.00 0.15 0.20 | 0.965±0.023 | 0.856±0.093 | 0.966±0.013 | 0.857±0.065 | best lr=3.00e-04 wd=1.00e-05 dr=0.30 | ADD
[TUNE main] lr=3.00e-04 wd=1.00e-05 dr=0.30 | val_acc=0.9700 val_syn_cc=0.7038 val_loss=0.1732 | test_acc=0.9450 test_syn_cc=0.5172| score=0.9700
0.20 0.00 0.70 0.10 | 0.970±0.015 | 0.704±0.022 | 0.945±0.004 | 0.517±0.028 | best lr=3.00e-04 wd=1.00e-05 dr=0.30 | ADD
[TUNE main] lr=3.00e-04 wd=1.00e-05 dr=0.30 | val_acc=0.9967 val_syn_cc=0.9978 val_loss=0.0315 | test_acc=0.9902 test_syn_cc=0.9908| score=0.9967
0.10 0.00 0.15 0.75 | 0.997±0.006 | 0.998±0.004 | 0.990±0.004 | 0.991±0.006 | best lr=3.00e-04 wd=1.00e-05 dr=0.30 | ADD
[TUNE main] lr=3.00e-04 wd=1.00e-05 dr=0.30 | val_acc=0.9933 val_syn_cc=0.9974 val_loss=0.0288 | test_acc=0.9878 test_syn_cc=0.9887| score=0.9933
0.30 0.00 -0.00 0.70 | 0.993±0.012 | 0.997±0.005 | 0.988±0.001 | 0.989±0.000 | best lr=3.00e-04 wd=1.00e-05 dr=0.30 | ADD
[TUNE main] lr=3.00e-04 wd=1.00e-05 dr=0.30 | val_acc=1.0000 val_syn_cc=nan val_loss=0.0078 | test_acc=0.9968 test_syn_cc=nan| score=1.0000
0.60 0.00 0.40 0.00 | 1.000±0.000 | nan±nan | 0.997±0.001 | nan±nan | best lr=3.00e-04 wd=1.00e-05 dr=0.30 | ADD
[TUNE main] lr=3.00e-04 wd=1.00e-05 dr=0.30 | val_acc=0.9983 val_syn_cc=nan val_loss=0.0168 | test_acc=0.9961 test_syn_cc=nan| score=0.9983
0.30 0.00 0.70 0.00 | 0.998±0.003 | nan±nan | 0.996±0.001 | nan±nan | best lr=3.00e-04 wd=1.00e-05 dr=0.30 | ADD
[TUNE main] lr=3.00e-04 wd=1.00e-05 dr=0.30 | val_acc=0.9700 val_syn_cc=0.8904 val_loss=0.1484 | test_acc=0.9617 test_syn_cc=0.8412| score=0.9700
0.25 0.00 0.55 0.20 | 0.970±0.013 | 0.890±0.050 | 0.962±0.011 | 0.841±0.046 | best lr=3.00e-04 wd=1.00e-05 dr=0.30 | ADD
[TUNE main] lr=3.00e-04 wd=1.00e-05 dr=0.30 | val_acc=1.0000 val_syn_cc=1.0000 val_loss=0.0095 | test_acc=0.9835 test_syn_cc=0.9752| score=1.0000
0.40 0.00 0.15 0.45 | 1.000±0.000 | 1.000±0.000 | 0.983±0.007 | 0.975±0.014 | best lr=3.00e-04 wd=1.00e-05 dr=0.30 | ADD
[TUNE main] lr=3.00e-04 wd=1.00e-05 dr=0.30 | val_acc=0.9867 val_syn_cc=0.9554 val_loss=0.0579 | test_acc=0.9761 test_syn_cc=0.9165| score=0.9867
0.70 0.00 0.05 0.25 | 0.987±0.010 | 0.955±0.043 | 0.976±0.005 | 0.916±0.023 | best lr=3.00e-04 wd=1.00e-05 dr=0.30 | ADD
[TUNE main] lr=3.00e-04 wd=1.00e-05 dr=0.30 | val_acc=0.9633 val_syn_cc=0.8214 val_loss=0.1700 | test_acc=0.9534 test_syn_cc=0.7871| score=0.9633
0.10 0.00 0.70 0.20 | 0.963±0.010 | 0.821±0.016 | 0.953±0.017 | 0.787±0.070 | best lr=3.00e-04 wd=1.00e-05 dr=0.30 | ADD
[TUNE main] lr=3.00e-04 wd=1.00e-05 dr=0.30 | val_acc=0.9983 val_syn_cc=0.9978 val_loss=0.0135 | test_acc=0.9940 test_syn_cc=0.9940| score=0.9983
0.00 0.00 0.25 0.75 | 0.998±0.003 | 0.998±0.004 | 0.994±0.002 | 0.994±0.002 | best lr=3.00e-04 wd=1.00e-05 dr=0.30 | ADD
[TUNE main] lr=3.00e-04 wd=1.00e-05 dr=0.30 | val_acc=1.0000 val_syn_cc=1.0000 val_loss=0.0064 | test_acc=0.9942 test_syn_cc=0.9954| score=1.0000
0.15 0.00 -0.00 0.85 | 1.000±0.000 | 1.000±0.000 | 0.994±0.001 | 0.995±0.001 | best lr=3.00e-04 wd=1.00e-05 dr=0.30 | ADD
[TUNE main] lr=3.00e-04 wd=1.00e-05 dr=0.30 | val_acc=0.9983 val_syn_cc=nan val_loss=0.0164 | test_acc=0.9961 test_syn_cc=nan| score=0.9983
0.35 0.00 0.65 0.00 | 0.998±0.003 | nan±nan | 0.996±0.001 | nan±nan | best lr=3.00e-04 wd=1.00e-05 dr=0.30 | ADD
[TUNE main] lr=3.00e-04 wd=1.00e-05 dr=0.30 | val_acc=0.9933 val_syn_cc=1.0000 val_loss=0.0250 | test_acc=0.9858 test_syn_cc=0.9829| score=0.9933
0.30 0.00 0.15 0.55 | 0.993±0.008 | 1.000±0.000 | 0.986±0.001 | 0.983±0.005 | best lr=3.00e-04 wd=1.00e-05 dr=0.30 | ADD
[TUNE main] lr=3.00e-04 wd=1.00e-05 dr=0.30 | val_acc=0.9833 val_syn_cc=0.5794 val_loss=0.0632 | test_acc=0.9625 test_syn_cc=0.5169| score=0.9833
0.45 0.00 0.50 0.05 | 0.983±0.008 | 0.579±0.084 | 0.963±0.011 | 0.517±0.071 | best lr=3.00e-04 wd=1.00e-05 dr=0.30 | ADD
[TUNE main] lr=3.00e-04 wd=1.00e-05 dr=0.30 | val_acc=0.9950 val_syn_cc=0.9886 val_loss=0.0379 | test_acc=0.9842 test_syn_cc=0.9730| score=0.9950
0.55 0.00 0.05 0.40 | 0.995±0.005 | 0.989±0.012 | 0.984±0.002 | 0.973±0.003 | best lr=3.00e-04 wd=1.00e-05 dr=0.30 | ADD
[TUNE main] lr=3.00e-04 wd=1.00e-05 dr=0.30 | val_acc=0.9700 val_syn_cc=0.7055 val_loss=0.1905 | test_acc=0.9460 test_syn_cc=0.5181| score=0.9700
0.10 0.00 0.80 0.10 | 0.970±0.009 | 0.705±0.050 | 0.946±0.001 | 0.518±0.004 | best lr=3.00e-04 wd=1.00e-05 dr=0.30 | ADD
[TUNE main] lr=3.00e-04 wd=1.00e-05 dr=0.30 | val_acc=0.9950 val_syn_cc=1.0000 val_loss=0.0285 | test_acc=0.9861 test_syn_cc=0.9833| score=0.9950
0.05 0.00 0.30 0.65 | 0.995±0.005 | 1.000±0.000 | 0.986±0.006 | 0.983±0.008 | best lr=3.00e-04 wd=1.00e-05 dr=0.30 | ADD
[TUNE main] lr=3.00e-04 wd=1.00e-05 dr=0.30 | val_acc=0.9733 val_syn_cc=0.9324 val_loss=0.0788 | test_acc=0.9688 test_syn_cc=0.8981| score=0.9733
0.60 0.00 0.15 0.25 | 0.973±0.012 | 0.932±0.044 | 0.969±0.014 | 0.898±0.050 | best lr=3.00e-04 wd=1.00e-05 dr=0.30 | ADD
[TUNE main] lr=3.00e-04 wd=1.00e-05 dr=0.30 | val_acc=0.9867 val_syn_cc=0.9835 val_loss=0.0433 | test_acc=0.9861 test_syn_cc=0.9733| score=0.9867
0.20 0.00 0.45 0.35 | 0.987±0.008 | 0.984±0.014 | 0.986±0.001 | 0.973±0.005 | best lr=3.00e-04 wd=1.00e-05 dr=0.30 | ADD
[TUNE main] lr=3.00e-04 wd=1.00e-05 dr=0.30 | val_acc=0.9983 val_syn_cc=0.9975 val_loss=0.0194 | test_acc=0.9912 test_syn_cc=0.9889| score=0.9983
0.00 0.00 0.35 0.65 | 0.998±0.003 | 0.998±0.004 | 0.991±0.005 | 0.989±0.007 | best lr=3.00e-04 wd=1.00e-05 dr=0.30 | ADD
[TUNE main] lr=3.00e-04 wd=1.00e-05 dr=0.30 | val_acc=0.9883 val_syn_cc=0.9719 val_loss=0.0602 | test_acc=0.9837 test_syn_cc=0.9582| score=0.9883
0.65 0.00 -0.00 0.35 | 0.988±0.012 | 0.972±0.023 | 0.984±0.003 | 0.958±0.009 | best lr=3.00e-04 wd=1.00e-05 dr=0.30 | ADD
[TUNE main] lr=3.00e-04 wd=1.00e-05 dr=0.30 | val_acc=0.9967 val_syn_cc=nan val_loss=0.0170 | test_acc=0.9951 test_syn_cc=nan| score=0.9967
0.45 0.00 0.55 0.00 | 0.997±0.006 | nan±nan | 0.995±0.002 | nan±nan | best lr=3.00e-04 wd=1.00e-05 dr=0.30 | ADD
[TUNE main] lr=3.00e-04 wd=1.00e-05 dr=0.30 | val_acc=0.9933 val_syn_cc=1.0000 val_loss=0.0295 | test_acc=0.9890 test_syn_cc=0.9867| score=0.9933
0.05 0.00 0.40 0.55 | 0.993±0.003 | 1.000±0.000 | 0.989±0.003 | 0.987±0.007 | best lr=3.00e-04 wd=1.00e-05 dr=0.30 | ADD
[TUNE main] lr=3.00e-04 wd=1.00e-05 dr=0.30 | val_acc=0.9933 val_syn_cc=0.9927 val_loss=0.0227 | test_acc=0.9834 test_syn_cc=0.9717| score=0.9933
0.35 0.00 0.25 0.40 | 0.993±0.003 | 0.993±0.013 | 0.983±0.004 | 0.972±0.010 | best lr=3.00e-04 wd=1.00e-05 dr=0.30 | ADD
[TUNE main] lr=3.00e-04 wd=1.00e-05 dr=0.30 | val_acc=0.9967 val_syn_cc=1.0000 val_loss=0.0431 | test_acc=0.9938 test_syn_cc=0.9954| score=0.9967
0.05 0.00 -0.00 0.95 | 0.997±0.003 | 1.000±0.000 | 0.994±0.002 | 0.995±0.002 | best lr=3.00e-04 wd=1.00e-05 dr=0.30 | ADD
[TUNE main] lr=3.00e-04 wd=1.00e-05 dr=0.30 | val_acc=0.9850 val_syn_cc=0.9891 val_loss=0.0479 | test_acc=0.9817 test_syn_cc=0.9696| score=0.9850
0.30 0.00 0.25 0.45 | 0.985±0.010 | 0.989±0.001 | 0.982±0.004 | 0.970±0.008 | best lr=3.00e-04 wd=1.00e-05 dr=0.30 | ADD
[TUNE main] lr=3.00e-04 wd=1.00e-05 dr=0.30 | val_acc=0.9650 val_syn_cc=0.6474 val_loss=0.2020 | test_acc=0.9517 test_syn_cc=0.5440| score=0.9650
0.90 0.00 -0.00 0.10 | 0.965±0.018 | 0.647±0.176 | 0.952±0.003 | 0.544±0.041 | best lr=3.00e-04 wd=1.00e-05 dr=0.30 | ADD
[TUNE main] lr=3.00e-04 wd=1.00e-05 dr=0.30 | val_acc=0.9967 val_syn_cc=1.0000 val_loss=0.0167 | test_acc=0.9905 test_syn_cc=0.9920| score=0.9967
0.15 0.00 0.15 0.70 | 0.997±0.006 | 1.000±0.000 | 0.990±0.002 | 0.992±0.003 | best lr=3.00e-04 wd=1.00e-05 dr=0.30 | ADD
[TUNE main] lr=3.00e-04 wd=1.00e-05 dr=0.30 | val_acc=0.9700 val_syn_cc=0.8380 val_loss=0.1632 | test_acc=0.9490 test_syn_cc=0.7230| score=0.9700
0.25 0.00 0.60 0.15 | 0.970±0.013 | 0.838±0.053 | 0.949±0.028 | 0.723±0.173 | best lr=3.00e-04 wd=1.00e-05 dr=0.30 | ADD
[TUNE main] lr=3.00e-04 wd=1.00e-05 dr=0.30 | val_acc=0.9983 val_syn_cc=0.9970 val_loss=0.0172 | test_acc=0.9854 test_syn_cc=0.9726| score=0.9983
0.55 0.00 -0.00 0.45 | 0.998±0.003 | 0.997±0.005 | 0.985±0.002 | 0.973±0.006 | best lr=3.00e-04 wd=1.00e-05 dr=0.30 | ADD
[TUNE main] lr=3.00e-04 wd=1.00e-05 dr=0.30 | val_acc=0.9733 val_syn_cc=0.8647 val_loss=0.1347 | test_acc=0.9569 test_syn_cc=0.7448| score=0.9733
0.75 0.00 0.10 0.15 | 0.973±0.010 | 0.865±0.009 | 0.957±0.008 | 0.745±0.050 | best lr=3.00e-04 wd=1.00e-05 dr=0.30 | ADD
[TUNE main] lr=3.00e-04 wd=1.00e-05 dr=0.30 | val_acc=0.9933 val_syn_cc=0.9970 val_loss=0.0287 | test_acc=0.9877 test_syn_cc=0.9838| score=0.9933
0.15 0.00 0.35 0.50 | 0.993±0.003 | 0.997±0.005 | 0.988±0.002 | 0.984±0.002 | best lr=3.00e-04 wd=1.00e-05 dr=0.30 | ADD
[TUNE main] lr=3.00e-04 wd=1.00e-05 dr=0.30 | val_acc=0.9600 val_syn_cc=0.6774 val_loss=0.1295 | test_acc=0.9458 test_syn_cc=0.5269| score=0.9600
0.30 0.00 0.60 0.10 | 0.960±0.020 | 0.677±0.033 | 0.946±0.005 | 0.527±0.037 | best lr=3.00e-04 wd=1.00e-05 dr=0.30 | ADD
[TUNE main] lr=3.00e-04 wd=1.00e-05 dr=0.30 | val_acc=0.9950 val_syn_cc=1.0000 val_loss=0.0265 | test_acc=0.9858 test_syn_cc=0.9774| score=0.9950
0.05 0.00 0.50 0.45 | 0.995±0.005 | 1.000±0.000 | 0.986±0.005 | 0.977±0.008 | best lr=3.00e-04 wd=1.00e-05 dr=0.30 | ADD
[TUNE main] lr=3.00e-04 wd=1.00e-05 dr=0.30 | val_acc=0.9533 val_syn_cc=0.5813 val_loss=0.2257 | test_acc=0.9420 test_syn_cc=0.4952| score=0.9533
0.45 0.00 0.45 0.10 | 0.953±0.006 | 0.581±0.161 | 0.942±0.002 | 0.495±0.007 | best lr=3.00e-04 wd=1.00e-05 dr=0.30 | ADD
[TUNE main] lr=3.00e-04 wd=1.00e-05 dr=0.30 | val_acc=0.9567 val_syn_cc=0.7698 val_loss=0.1831 | test_acc=0.9582 test_syn_cc=0.7566| score=0.9567
0.50 0.00 0.35 0.15 | 0.957±0.037 | 0.770±0.220 | 0.958±0.016 | 0.757±0.095 | best lr=3.00e-04 wd=1.00e-05 dr=0.30 | ADD
[TUNE main] lr=3.00e-04 wd=1.00e-05 dr=0.30 | val_acc=0.9933 val_syn_cc=0.9981 val_loss=0.0203 | test_acc=0.9966 test_syn_cc=0.9970| score=0.9933
0.00 0.00 0.10 0.90 | 0.993±0.008 | 0.998±0.003 | 0.997±0.001 | 0.997±0.001 | best lr=3.00e-04 wd=1.00e-05 dr=0.30 | ADD
[TUNE main] lr=3.00e-04 wd=1.00e-05 dr=0.30 | val_acc=0.9883 val_syn_cc=0.7556 val_loss=0.0811 | test_acc=0.9745 test_syn_cc=0.4991| score=0.9883
0.00 0.00 0.95 0.05 | 0.988±0.008 | 0.756±0.077 | 0.974±0.001 | 0.499±0.008 | best lr=3.00e-04 wd=1.00e-05 dr=0.30 | ADD
[TUNE main] lr=3.00e-04 wd=1.00e-05 dr=0.30 | val_acc=0.9983 val_syn_cc=0.9968 val_loss=0.0200 | test_acc=0.9878 test_syn_cc=0.9831| score=0.9983
0.45 0.00 0.00 0.55 | 0.998±0.003 | 0.997±0.006 | 0.988±0.002 | 0.983±0.002 | best lr=3.00e-04 wd=1.00e-05 dr=0.30 | ADD
[TUNE main] lr=3.00e-04 wd=1.00e-05 dr=0.30 | val_acc=0.9517 val_syn_cc=0.7222 val_loss=0.2873 | test_acc=0.9376 test_syn_cc=0.6347| score=0.9517
0.55 0.00 0.30 0.15 | 0.952±0.013 | 0.722±0.069 | 0.938±0.013 | 0.635±0.092 | best lr=3.00e-04 wd=1.00e-05 dr=0.30 | ADD
[TUNE main] lr=3.00e-04 wd=1.00e-05 dr=0.30 | val_acc=0.9900 val_syn_cc=0.9861 val_loss=0.0541 | test_acc=0.9828 test_syn_cc=0.9632| score=0.9900
0.45 0.00 0.20 0.35 | 0.990±0.005 | 0.986±0.001 | 0.983±0.004 | 0.963±0.009 | best lr=3.00e-04 wd=1.00e-05 dr=0.30 | ADD
[TUNE main] lr=3.00e-04 wd=1.00e-05 dr=0.30 | val_acc=0.9583 val_syn_cc=0.6667 val_loss=0.1534 | test_acc=0.9473 test_syn_cc=0.5609| score=0.9583
0.75 0.00 0.15 0.10 | 0.958±0.008 | 0.667±0.048 | 0.947±0.006 | 0.561±0.039 | best lr=3.00e-04 wd=1.00e-05 dr=0.30 | ADD
[TUNE main] lr=3.00e-04 wd=1.00e-05 dr=0.30 | val_acc=0.9700 val_syn_cc=0.8838 val_loss=0.1365 | test_acc=0.9554 test_syn_cc=0.8053| score=0.9700
0.30 0.00 0.50 0.20 | 0.970±0.005 | 0.884±0.071 | 0.955±0.007 | 0.805±0.037 | best lr=3.00e-04 wd=1.00e-05 dr=0.30 | ADD
[TUNE main] lr=3.00e-04 wd=1.00e-05 dr=0.30 | val_acc=0.9917 val_syn_cc=0.9940 val_loss=0.0417 | test_acc=0.9773 test_syn_cc=0.9436| score=0.9917
0.45 0.00 0.25 0.30 | 0.992±0.008 | 0.994±0.010 | 0.977±0.004 | 0.944±0.012 | best lr=3.00e-04 wd=1.00e-05 dr=0.30 | ADD
[TUNE main] lr=3.00e-04 wd=1.00e-05 dr=0.30 | val_acc=0.9633 val_syn_cc=0.7278 val_loss=0.1721 | test_acc=0.9414 test_syn_cc=0.5156| score=0.9633
0.25 0.00 0.65 0.10 | 0.963±0.021 | 0.728±0.075 | 0.941±0.010 | 0.516±0.064 | best lr=3.00e-04 wd=1.00e-05 dr=0.30 | ADD
[TUNE main] lr=3.00e-04 wd=1.00e-05 dr=0.30 | val_acc=0.9917 val_syn_cc=0.9876 val_loss=0.0445 | test_acc=0.9868 test_syn_cc=0.9793| score=0.9917
0.15 0.00 0.40 0.45 | 0.992±0.003 | 0.988±0.013 | 0.987±0.003 | 0.979±0.008 | best lr=3.00e-04 wd=1.00e-05 dr=0.30 | ADD
[TUNE main] lr=3.00e-04 wd=1.00e-05 dr=0.30 | val_acc=0.9883 val_syn_cc=0.9947 val_loss=0.0463 | test_acc=0.9872 test_syn_cc=0.9890| score=0.9883
0.15 0.00 0.20 0.65 | 0.988±0.010 | 0.995±0.005 | 0.987±0.003 | 0.989±0.004 | best lr=3.00e-04 wd=1.00e-05 dr=0.30 | ADD
[TUNE main] lr=3.00e-04 wd=1.00e-05 dr=0.30 | val_acc=0.9783 val_syn_cc=0.9380 val_loss=0.0907 | test_acc=0.9714 test_syn_cc=0.9182| score=0.9783
0.60 0.00 0.10 0.30 | 0.978±0.006 | 0.938±0.025 | 0.971±0.012 | 0.918±0.034 | best lr=3.00e-04 wd=1.00e-05 dr=0.30 | ADD
[TUNE main] lr=3.00e-04 wd=1.00e-05 dr=0.30 | val_acc=0.9983 val_syn_cc=1.0000 val_loss=0.0239 | test_acc=0.9878 test_syn_cc=0.9882| score=0.9983
0.25 0.00 0.10 0.65 | 0.998±0.003 | 1.000±0.000 | 0.988±0.001 | 0.988±0.004 | best lr=3.00e-04 wd=1.00e-05 dr=0.30 | ADD
[TUNE main] lr=3.00e-04 wd=1.00e-05 dr=0.30 | val_acc=0.9967 val_syn_cc=0.9952 val_loss=0.0232 | test_acc=0.9792 test_syn_cc=0.9595| score=0.9967
0.40 0.00 0.20 0.40 | 0.997±0.006 | 0.995±0.008 | 0.979±0.007 | 0.960±0.017 | best lr=3.00e-04 wd=1.00e-05 dr=0.30 | ADD
[TUNE main] lr=3.00e-04 wd=1.00e-05 dr=0.30 | val_acc=0.9817 val_syn_cc=0.9537 val_loss=0.0595 | test_acc=0.9810 test_syn_cc=0.9438| score=0.9817
0.00 0.00 0.70 0.30 | 0.982±0.008 | 0.954±0.022 | 0.981±0.006 | 0.944±0.018 | best lr=3.00e-04 wd=1.00e-05 dr=0.30 | ADD
[TUNE main] lr=3.00e-04 wd=1.00e-05 dr=0.30 | val_acc=0.9733 val_syn_cc=0.8462 val_loss=0.1045 | test_acc=0.9558 test_syn_cc=0.7454| score=0.9733
0.65 0.00 0.20 0.15 | 0.973±0.012 | 0.846±0.091 | 0.956±0.012 | 0.745±0.081 | best lr=3.00e-04 wd=1.00e-05 dr=0.30 | ADD
[TUNE main] lr=3.00e-04 wd=1.00e-05 dr=0.30 | val_acc=0.9817 val_syn_cc=0.6316 val_loss=0.0967 | test_acc=0.9601 test_syn_cc=0.4985| score=0.9817
0.50 0.00 0.45 0.05 | 0.982±0.010 | 0.632±0.080 | 0.960±0.008 | 0.498±0.034 | best lr=3.00e-04 wd=1.00e-05 dr=0.30 | ADD
[TUNE main] lr=3.00e-04 wd=1.00e-05 dr=0.30 | val_acc=1.0000 val_syn_cc=nan val_loss=0.0085 | test_acc=0.9955 test_syn_cc=nan| score=1.0000
0.70 0.00 0.30 0.00 | 1.000±0.000 | nan±nan | 0.995±0.003 | nan±nan | best lr=3.00e-04 wd=1.00e-05 dr=0.30 | ADD
[TUNE main] lr=3.00e-04 wd=1.00e-05 dr=0.30 | val_acc=0.9950 val_syn_cc=1.0000 val_loss=0.0194 | test_acc=0.9897 test_syn_cc=0.9910| score=0.9950
0.05 0.00 0.25 0.70 | 0.995±0.005 | 1.000±0.000 | 0.990±0.002 | 0.991±0.003 | best lr=3.00e-04 wd=1.00e-05 dr=0.30 | ADD
[TUNE main] lr=3.00e-04 wd=1.00e-05 dr=0.30 | val_acc=0.9917 val_syn_cc=0.9979 val_loss=0.0351 | test_acc=0.9921 test_syn_cc=0.9941| score=0.9917
0.05 0.00 0.15 0.80 | 0.992±0.003 | 0.998±0.004 | 0.992±0.002 | 0.994±0.002 | best lr=3.00e-04 wd=1.00e-05 dr=0.30 | ADD
[TUNE main] lr=3.00e-04 wd=1.00e-05 dr=0.30 | val_acc=0.9933 val_syn_cc=0.9903 val_loss=0.0311 | test_acc=0.9868 test_syn_cc=0.9814| score=0.9933
0.45 0.00 0.05 0.50 | 0.993±0.003 | 0.990±0.010 | 0.987±0.004 | 0.981±0.004 | best lr=3.00e-04 wd=1.00e-05 dr=0.30 | ADD
[TUNE main] lr=3.00e-04 wd=1.00e-05 dr=0.30 | val_acc=0.9783 val_syn_cc=0.7083 val_loss=0.0939 | test_acc=0.9627 test_syn_cc=0.5357| score=0.9783
0.55 0.00 0.40 0.05 | 0.978±0.016 | 0.708±0.072 | 0.963±0.014 | 0.536±0.015 | best lr=3.00e-04 wd=1.00e-05 dr=0.30 | ADD
[TUNE main] lr=3.00e-04 wd=1.00e-05 dr=0.30 | val_acc=0.9683 val_syn_cc=0.8324 val_loss=0.1486 | test_acc=0.9561 test_syn_cc=0.7451| score=0.9683
0.10 0.00 0.75 0.15 | 0.968±0.013 | 0.832±0.028 | 0.956±0.014 | 0.745±0.103 | best lr=3.00e-04 wd=1.00e-05 dr=0.30 | ADD
[TUNE main] lr=3.00e-04 wd=1.00e-05 dr=0.30 | val_acc=0.9983 val_syn_cc=1.0000 val_loss=0.0154 | test_acc=0.9927 test_syn_cc=0.9931| score=0.9983
0.25 0.00 0.00 0.75 | 0.998±0.003 | 1.000±0.000 | 0.993±0.002 | 0.993±0.001 | best lr=3.00e-04 wd=1.00e-05 dr=0.30 | ADD
[TUNE main] lr=3.00e-04 wd=1.00e-05 dr=0.30 | val_acc=0.9917 val_syn_cc=0.8102 val_loss=0.0743 | test_acc=0.9698 test_syn_cc=0.5077| score=0.9917
0.35 0.00 0.60 0.05 | 0.992±0.003 | 0.810±0.056 | 0.970±0.005 | 0.508±0.021 | best lr=3.00e-04 wd=1.00e-05 dr=0.30 | ADD
[TUNE main] lr=3.00e-04 wd=1.00e-05 dr=0.30 | val_acc=0.9933 val_syn_cc=0.9977 val_loss=0.0218 | test_acc=0.9904 test_syn_cc=0.9909| score=0.9933
0.10 0.00 0.20 0.70 | 0.993±0.003 | 0.998±0.004 | 0.990±0.001 | 0.991±0.001 | best lr=3.00e-04 wd=1.00e-05 dr=0.30 | ADD
[TUNE main] lr=3.00e-04 wd=1.00e-05 dr=0.30 | val_acc=0.9983 val_syn_cc=0.9981 val_loss=0.0135 | test_acc=0.9939 test_syn_cc=0.9954| score=0.9983
0.10 0.00 0.00 0.90 | 0.998±0.003 | 0.998±0.003 | 0.994±0.001 | 0.995±0.002 | best lr=3.00e-04 wd=1.00e-05 dr=0.30 | ADD
[TUNE main] lr=3.00e-04 wd=1.00e-05 dr=0.30 | val_acc=0.9783 val_syn_cc=0.9224 val_loss=0.0966 | test_acc=0.9810 test_syn_cc=0.9327| score=0.9783
0.75 0.00 0.00 0.25 | 0.978±0.013 | 0.922±0.068 | 0.981±0.004 | 0.933±0.018 | best lr=3.00e-04 wd=1.00e-05 dr=0.30 | ADD
[TUNE main] lr=3.00e-04 wd=1.00e-05 dr=0.30 | val_acc=0.9950 val_syn_cc=0.9967 val_loss=0.0182 | test_acc=0.9828 test_syn_cc=0.9770| score=0.9950
0.30 0.00 0.20 0.50 | 0.995±0.005 | 0.997±0.006 | 0.983±0.006 | 0.977±0.008 | best lr=3.00e-04 wd=1.00e-05 dr=0.30 | ADD
[TUNE main] lr=3.00e-04 wd=1.00e-05 dr=0.30 | val_acc=0.9950 val_syn_cc=1.0000 val_loss=0.0180 | test_acc=0.9888 test_syn_cc=0.9876| score=0.9950
0.05 0.00 0.35 0.60 | 0.995±0.005 | 1.000±0.000 | 0.989±0.005 | 0.988±0.005 | best lr=3.00e-04 wd=1.00e-05 dr=0.30 | ADD
[TUNE main] lr=3.00e-04 wd=1.00e-05 dr=0.30 | val_acc=0.9833 val_syn_cc=0.9437 val_loss=0.0642 | test_acc=0.9797 test_syn_cc=0.9339| score=0.9833
0.65 0.00 0.10 0.25 | 0.983±0.008 | 0.944±0.044 | 0.980±0.007 | 0.934±0.034 | best lr=3.00e-04 wd=1.00e-05 dr=0.30 | ADD
[TUNE main] lr=3.00e-04 wd=1.00e-05 dr=0.30 | val_acc=0.9983 val_syn_cc=1.0000 val_loss=0.0156 | test_acc=0.9861 test_syn_cc=0.9837| score=0.9983
0.20 0.00 0.30 0.50 | 0.998±0.003 | 1.000±0.000 | 0.986±0.003 | 0.984±0.004 | best lr=3.00e-04 wd=1.00e-05 dr=0.30 | ADD
[TUNE main] lr=3.00e-04 wd=1.00e-05 dr=0.30 | val_acc=0.9967 val_syn_cc=0.9957 val_loss=0.0136 | test_acc=0.9902 test_syn_cc=0.9930| score=0.9967
0.15 0.00 0.10 0.75 | 0.997±0.003 | 0.996±0.004 | 0.990±0.001 | 0.993±0.001 | best lr=3.00e-04 wd=1.00e-05 dr=0.30 | ADD
[TUNE main] lr=3.00e-04 wd=1.00e-05 dr=0.30 | val_acc=0.9517 val_syn_cc=0.8034 val_loss=0.1895 | test_acc=0.9471 test_syn_cc=0.7621| score=0.9517
0.15 0.00 0.65 0.20 | 0.952±0.006 | 0.803±0.069 | 0.947±0.022 | 0.762±0.087 | best lr=3.00e-04 wd=1.00e-05 dr=0.30 | ADD
[TUNE main] lr=3.00e-04 wd=1.00e-05 dr=0.30 | val_acc=0.9850 val_syn_cc=0.9660 val_loss=0.0664 | test_acc=0.9805 test_syn_cc=0.9583| score=0.9850
0.35 0.00 0.30 0.35 | 0.985±0.005 | 0.966±0.010 | 0.981±0.006 | 0.958±0.016 | best lr=3.00e-04 wd=1.00e-05 dr=0.30 | ADD
[TUNE main] lr=3.00e-04 wd=1.00e-05 dr=0.30 | val_acc=0.9833 val_syn_cc=0.9578 val_loss=0.0753 | test_acc=0.9780 test_syn_cc=0.9345| score=0.9833
0.15 0.00 0.60 0.25 | 0.983±0.016 | 0.958±0.039 | 0.978±0.011 | 0.935±0.040 | best lr=3.00e-04 wd=1.00e-05 dr=0.30 | ADD
[TUNE main] lr=3.00e-04 wd=1.00e-05 dr=0.30 | val_acc=0.9783 val_syn_cc=0.9369 val_loss=0.0626 | test_acc=0.9714 test_syn_cc=0.9042| score=0.9783
0.05 0.00 0.70 0.25 | 0.978±0.013 | 0.937±0.027 | 0.971±0.011 | 0.904±0.045 | best lr=3.00e-04 wd=1.00e-05 dr=0.30 | ADD
[TUNE main] lr=3.00e-04 wd=1.00e-05 dr=0.30 | val_acc=0.9900 val_syn_cc=0.9944 val_loss=0.0428 | test_acc=0.9791 test_syn_cc=0.9746| score=0.9900
0.35 0.00 0.05 0.60 | 0.990±0.009 | 0.994±0.010 | 0.979±0.013 | 0.975±0.020 | best lr=3.00e-04 wd=1.00e-05 dr=0.30 | ADD
[TUNE main] lr=3.00e-04 wd=1.00e-05 dr=0.30 | val_acc=0.9733 val_syn_cc=0.8835 val_loss=0.1076 | test_acc=0.9645 test_syn_cc=0.8580| score=0.9733
0.20 0.00 0.60 0.20 | 0.973±0.012 | 0.883±0.045 | 0.965±0.013 | 0.858±0.063 | best lr=3.00e-04 wd=1.00e-05 dr=0.30 | ADD
[TUNE main] lr=3.00e-04 wd=1.00e-05 dr=0.30 | val_acc=0.9717 val_syn_cc=0.8758 val_loss=0.1261 | test_acc=0.9636 test_syn_cc=0.7826| score=0.9717
0.80 0.00 0.05 0.15 | 0.972±0.016 | 0.876±0.062 | 0.964±0.005 | 0.783±0.038 | best lr=3.00e-04 wd=1.00e-05 dr=0.30 | ADD
[TUNE main] lr=3.00e-04 wd=1.00e-05 dr=0.30 | val_acc=1.0000 val_syn_cc=1.0000 val_loss=0.0101 | test_acc=0.9895 test_syn_cc=0.9794| score=1.0000
0.00 0.00 0.55 0.45 | 1.000±0.000 | 1.000±0.000 | 0.990±0.002 | 0.979±0.003 | best lr=3.00e-04 wd=1.00e-05 dr=0.30 | ADD
[TUNE main] lr=3.00e-04 wd=1.00e-05 dr=0.30 | val_acc=1.0000 val_syn_cc=nan val_loss=0.0060 | test_acc=0.9973 test_syn_cc=nan| score=1.0000
0.75 0.00 0.25 0.00 | 1.000±0.000 | nan±nan | 0.997±0.000 | nan±nan | best lr=3.00e-04 wd=1.00e-05 dr=0.30 | ADD
[TUNE main] lr=3.00e-04 wd=1.00e-05 dr=0.30 | val_acc=0.9650 val_syn_cc=0.6745 val_loss=0.1420 | test_acc=0.9485 test_syn_cc=0.5360| score=0.9650
0.85 0.00 0.05 0.10 | 0.965±0.009 | 0.674±0.045 | 0.949±0.003 | 0.536±0.041 | best lr=3.00e-04 wd=1.00e-05 dr=0.30 | ADD
[TUNE main] lr=3.00e-04 wd=1.00e-05 dr=0.30 | val_acc=1.0000 val_syn_cc=nan val_loss=0.0085 | test_acc=0.9978 test_syn_cc=nan| score=1.0000
0.90 0.00 0.10 0.00 | 1.000±0.000 | nan±nan | 0.998±0.000 | nan±nan | best lr=3.00e-04 wd=1.00e-05 dr=0.30 | ADD
[TUNE main] lr=3.00e-04 wd=1.00e-05 dr=0.30 | val_acc=0.9917 val_syn_cc=0.9930 val_loss=0.0288 | test_acc=0.9842 test_syn_cc=0.9753| score=0.9917
0.35 0.00 0.20 0.45 | 0.992±0.006 | 0.993±0.006 | 0.984±0.002 | 0.975±0.003 | best lr=3.00e-04 wd=1.00e-05 dr=0.30 | ADD
[TUNE main] lr=3.00e-04 wd=1.00e-05 dr=0.30 | val_acc=0.9833 val_syn_cc=0.9797 val_loss=0.0532 | test_acc=0.9832 test_syn_cc=0.9680| score=0.9833
0.15 0.00 0.45 0.40 | 0.983±0.012 | 0.980±0.014 | 0.983±0.003 | 0.968±0.003 | best lr=3.00e-04 wd=1.00e-05 dr=0.30 | ADD
[TUNE main] lr=3.00e-04 wd=1.00e-05 dr=0.30 | val_acc=0.9550 val_syn_cc=0.7270 val_loss=0.1935 | test_acc=0.9545 test_syn_cc=0.7338| score=0.9550
0.40 0.00 0.45 0.15 | 0.955±0.013 | 0.727±0.113 | 0.955±0.006 | 0.734±0.042 | best lr=3.00e-04 wd=1.00e-05 dr=0.30 | ADD
[TUNE main] lr=3.00e-04 wd=1.00e-05 dr=0.30 | val_acc=0.9667 val_syn_cc=0.7074 val_loss=0.1617 | test_acc=0.9420 test_syn_cc=0.4857| score=0.9667
0.05 0.00 0.85 0.10 | 0.967±0.010 | 0.707±0.101 | 0.942±0.007 | 0.486±0.034 | best lr=3.00e-04 wd=1.00e-05 dr=0.30 | ADD
[TUNE main] lr=3.00e-04 wd=1.00e-05 dr=0.30 | val_acc=0.9850 val_syn_cc=0.9667 val_loss=0.0603 | test_acc=0.9750 test_syn_cc=0.9328| score=0.9850
0.15 0.00 0.55 0.30 | 0.985±0.009 | 0.967±0.017 | 0.975±0.005 | 0.933±0.011 | best lr=3.00e-04 wd=1.00e-05 dr=0.30 | ADD
[TUNE main] lr=3.00e-04 wd=1.00e-05 dr=0.30 | val_acc=0.9600 val_syn_cc=0.7715 val_loss=0.1958 | test_acc=0.9499 test_syn_cc=0.7003| score=0.9600
0.70 0.00 0.15 0.15 | 0.960±0.013 | 0.771±0.073 | 0.950±0.006 | 0.700±0.054 | best lr=3.00e-04 wd=1.00e-05 dr=0.30 | ADD
[TUNE main] lr=3.00e-04 wd=1.00e-05 dr=0.30 | val_acc=0.9950 val_syn_cc=0.9973 val_loss=0.0214 | test_acc=0.9887 test_syn_cc=0.9898| score=0.9950
0.20 0.00 0.20 0.60 | 0.995±0.000 | 0.997±0.005 | 0.989±0.002 | 0.990±0.000 | best lr=3.00e-04 wd=1.00e-05 dr=0.30 | ADD
[TUNE main] lr=3.00e-04 wd=1.00e-05 dr=0.30 | val_acc=0.9633 val_syn_cc=0.5429 val_loss=0.1073 | test_acc=0.9658 test_syn_cc=0.4749| score=0.9633
0.10 0.00 0.85 0.05 | 0.963±0.003 | 0.543±0.119 | 0.966±0.003 | 0.475±0.035 | best lr=3.00e-04 wd=1.00e-05 dr=0.30 | ADD
[TUNE main] lr=3.00e-04 wd=1.00e-05 dr=0.30 | val_acc=0.9967 val_syn_cc=1.0000 val_loss=0.0198 | test_acc=0.9913 test_syn_cc=0.9855| score=0.9967
0.00 0.00 0.45 0.55 | 0.997±0.003 | 1.000±0.000 | 0.991±0.002 | 0.986±0.004 | best lr=3.00e-04 wd=1.00e-05 dr=0.30 | ADD
[TUNE main] lr=3.00e-04 wd=1.00e-05 dr=0.30 | val_acc=1.0000 val_syn_cc=nan val_loss=0.0061 | test_acc=0.9962 test_syn_cc=nan| score=1.0000
0.65 0.00 0.35 0.00 | 1.000±0.000 | nan±nan | 0.996±0.001 | nan±nan | best lr=3.00e-04 wd=1.00e-05 dr=0.30 | ADD
[TUNE main] lr=3.00e-04 wd=1.00e-05 dr=0.30 | val_acc=1.0000 val_syn_cc=1.0000 val_loss=0.0094 | test_acc=0.9872 test_syn_cc=0.9867| score=1.0000
0.25 0.00 0.15 0.60 | 1.000±0.000 | 1.000±0.000 | 0.987±0.002 | 0.987±0.002 | best lr=3.00e-04 wd=1.00e-05 dr=0.30 | ADD
[TUNE main] lr=3.00e-04 wd=1.00e-05 dr=0.30 | val_acc=0.9867 val_syn_cc=0.9807 val_loss=0.0360 | test_acc=0.9783 test_syn_cc=0.9410| score=0.9867
0.05 0.00 0.65 0.30 | 0.987±0.003 | 0.981±0.020 | 0.978±0.006 | 0.941±0.021 | best lr=3.00e-04 wd=1.00e-05 dr=0.30 | ADD
[TUNE main] lr=3.00e-04 wd=1.00e-05 dr=0.30 | val_acc=0.9967 val_syn_cc=0.9977 val_loss=0.0227 | test_acc=0.9877 test_syn_cc=0.9905| score=0.9967
0.20 0.00 0.15 0.65 | 0.997±0.003 | 0.998±0.004 | 0.988±0.002 | 0.991±0.004 | best lr=3.00e-04 wd=1.00e-05 dr=0.30 | ADD
[TUNE main] lr=3.00e-04 wd=1.00e-05 dr=0.30 | val_acc=0.9933 val_syn_cc=0.9848 val_loss=0.0405 | test_acc=0.9816 test_syn_cc=0.9640| score=0.9933
0.50 0.00 0.15 0.35 | 0.993±0.003 | 0.985±0.000 | 0.982±0.009 | 0.964±0.024 | best lr=3.00e-04 wd=1.00e-05 dr=0.30 | ADD
[TUNE main] lr=3.00e-04 wd=1.00e-05 dr=0.30 | val_acc=1.0000 val_syn_cc=nan val_loss=0.0070 | test_acc=0.9962 test_syn_cc=nan| score=1.0000
0.55 0.00 0.45 0.00 | 1.000±0.000 | nan±nan | 0.996±0.001 | nan±nan | best lr=3.00e-04 wd=1.00e-05 dr=0.30 | ADD
[TUNE main] lr=3.00e-04 wd=1.00e-05 dr=0.30 | val_acc=0.9950 val_syn_cc=1.0000 val_loss=0.0237 | test_acc=0.9917 test_syn_cc=0.9933| score=0.9950
0.10 0.00 0.10 0.80 | 0.995±0.005 | 1.000±0.000 | 0.992±0.002 | 0.993±0.002 | best lr=3.00e-04 wd=1.00e-05 dr=0.30 | ADD
[TUNE main] lr=3.00e-04 wd=1.00e-05 dr=0.30 | val_acc=0.9917 val_syn_cc=0.9931 val_loss=0.0388 | test_acc=0.9902 test_syn_cc=0.9830| score=0.9917
0.50 0.00 0.00 0.50 | 0.992±0.008 | 0.993±0.012 | 0.990±0.003 | 0.983±0.007 | best lr=3.00e-04 wd=1.00e-05 dr=0.30 | ADD
[LOG] saved: pid_synthetic_tuning/maintuned_valacc_nlrwddr.jsonl (total entries: 0)
[1;34mwandb[0m: 
[1;34mwandb[0m: 🚀 View run [33mpretty-dust-84[0m at: [34m[0m
[1;34mwandb[0m: Find logs at: [1;35mwandb/run-20260116_213954-l6ah5iwq/logs[0m
Job finished
