000 (007.014.000) 2026-01-16 21:39:18 Job submitted from host: <10.87.28.151:9618?addrs=10.87.28.151-9618&alias=brigand.esat.kuleuven.be&noUDP&sock=schedd_1447_19a1>
...
001 (007.014.000) 2026-01-16 21:39:31 Job executing on host: <10.87.24.26:9618?addrs=10.87.24.26-9618&alias=topaz.esat.kuleuven.be&noUDP&sock=startd_1583_6282>
	SlotName: slot1_1@topaz.esat.kuleuven.be
	AvailableGPUs = { GPUs_GPU_08518bd6 }
	CondorScratchDir = "/usr/data/condor/execute/dir_1504927/scratch"
	Cpus = 8
	Disk = 1048576
	GPUs = 1
	GPUs_GPU_08518bd6 = [ Id = "GPU-08518bd6"; ClockMhz = 1455.0; Capability = 7.0; CoresPerCU = 64; DeviceName = "NVIDIA TITAN V"; DeviceUuid = "08518bd6-262a-d129-1cb1-87856879b83f"; ECCEnabled = false; ComputeUnits = 80; NvidiaDriver = "580.119.02"; DriverVersion = 13.0; DevicePciBusId = "0000:01:00.0"; GlobalMemoryMb = 12048; MaxSupportedVersion = 13000 ]
	Memory = 20480
...
006 (007.014.000) 2026-01-16 21:39:40 Image size of job updated: 230464
	226  -  MemoryUsage of job (MB)
	230464  -  ResidentSetSize of job (KB)
...
006 (007.014.000) 2026-01-16 21:44:41 Image size of job updated: 817624
	799  -  MemoryUsage of job (MB)
	817624  -  ResidentSetSize of job (KB)
...
006 (007.014.000) 2026-01-16 21:49:41 Image size of job updated: 818236
	799  -  MemoryUsage of job (MB)
	817624  -  ResidentSetSize of job (KB)
...
006 (007.014.000) 2026-01-16 21:54:42 Image size of job updated: 819244
	799  -  MemoryUsage of job (MB)
	817624  -  ResidentSetSize of job (KB)
...
006 (007.014.000) 2026-01-16 22:04:43 Image size of job updated: 820028
	799  -  MemoryUsage of job (MB)
	817624  -  ResidentSetSize of job (KB)
...
006 (007.014.000) 2026-01-16 22:14:44 Image size of job updated: 834924
	799  -  MemoryUsage of job (MB)
	817624  -  ResidentSetSize of job (KB)
...
006 (007.014.000) 2026-01-16 22:54:49 Image size of job updated: 834924
	799  -  MemoryUsage of job (MB)
	818028  -  ResidentSetSize of job (KB)
...
006 (007.014.000) 2026-01-16 23:29:53 Image size of job updated: 834924
	800  -  MemoryUsage of job (MB)
	819120  -  ResidentSetSize of job (KB)
...
005 (007.014.000) 2026-01-16 23:48:19 Job terminated.
	(1) Normal termination (return value 0)
		Usr 0 02:07:19, Sys 0 00:00:40  -  Run Remote Usage
		Usr 0 00:00:00, Sys 0 00:00:00  -  Run Local Usage
		Usr 0 02:07:19, Sys 0 00:00:40  -  Total Remote Usage
		Usr 0 00:00:00, Sys 0 00:00:00  -  Total Local Usage
	0  -  Run Bytes Sent By Job
	0  -  Run Bytes Received By Job
	0  -  Total Bytes Sent By Job
	0  -  Total Bytes Received By Job
	Partitionable Resources :    Usage  Request Allocated Assigned
	   Cpus                 :     1.00        8         8 
	   Disk (KB)            :     2     1048576   1048576 
	   GPUs                 :     0.13        1         1 "GPU-08518bd6"
	   GpusMemory (MB)      :   822                       
	   Memory (MB)          :   800       20480     20480 
	   TimeExecute (s)      :  7728                       
	   TimeSlotBusy (s)     :  7728                       
...
