000 (007.015.000) 2026-01-16 21:39:18 Job submitted from host: <10.87.28.151:9618?addrs=10.87.28.151-9618&alias=brigand.esat.kuleuven.be&noUDP&sock=schedd_1447_19a1>
...
001 (007.015.000) 2026-01-16 21:39:34 Job executing on host: <10.87.24.202:9618?addrs=10.87.24.202-9618&alias=jonen.esat.kuleuven.be&noUDP&sock=startd_1716_9c9b>
	SlotName: slot1_1@jonen.esat.kuleuven.be
	AvailableGPUs = { GPUs_GPU_f4bfe55c }
	CondorScratchDir = "/usr/data/condor/execute/dir_1734396/scratch"
	Cpus = 8
	Disk = 1048576
	GPUs = 1
	GPUs_GPU_f4bfe55c = [ Id = "GPU-f4bfe55c"; ClockMhz = 1582.0; Capability = 6.1; CoresPerCU = 128; DeviceName = "NVIDIA GeForce GTX 1080 Ti"; DeviceUuid = "f4bfe55c-b016-df0f-5060-2bb781a178b3"; ECCEnabled = false; ComputeUnits = 28; NvidiaDriver = "580.119.02"; DriverVersion = 13.0; DevicePciBusId = "0000:17:00.0"; GlobalMemoryMb = 11165; MaxSupportedVersion = 13000 ]
	Memory = 20480
...
006 (007.015.000) 2026-01-16 21:39:42 Image size of job updated: 220620
	216  -  MemoryUsage of job (MB)
	220620  -  ResidentSetSize of job (KB)
...
006 (007.015.000) 2026-01-16 21:39:53 Image size of job updated: 280504
	216  -  MemoryUsage of job (MB)
	220620  -  ResidentSetSize of job (KB)
...
005 (007.015.000) 2026-01-16 21:39:53 Job terminated.
	(1) Normal termination (return value 0)
		Usr 0 00:00:06, Sys 0 00:00:00  -  Run Remote Usage
		Usr 0 00:00:00, Sys 0 00:00:00  -  Run Local Usage
		Usr 0 00:00:06, Sys 0 00:00:00  -  Total Remote Usage
		Usr 0 00:00:00, Sys 0 00:00:00  -  Total Local Usage
	0  -  Run Bytes Sent By Job
	0  -  Run Bytes Received By Job
	0  -  Total Bytes Sent By Job
	0  -  Total Bytes Received By Job
	Partitionable Resources :    Usage  Request Allocated Assigned
	   Cpus                 :        0        8         8 
	   Disk (KB)            :        2  1048576   1048576 
	   GPUs                 :                 1         1 "GPU-f4bfe55c"
	   Memory (MB)          :      216    20480     20480 
	   TimeExecute (s)      :       19                    
	   TimeSlotBusy (s)     :       19                    
...
