000 (007.025.000) 2026-01-16 21:39:18 Job submitted from host: <10.87.28.151:9618?addrs=10.87.28.151-9618&alias=brigand.esat.kuleuven.be&noUDP&sock=schedd_1447_19a1>
...
001 (007.025.000) 2026-01-16 21:40:34 Job executing on host: <10.87.24.7:9618?addrs=10.87.24.7-9618&alias=goryu.esat.kuleuven.be&noUDP&sock=startd_1650_575b>
	SlotName: slot1_2@goryu.esat.kuleuven.be
	AvailableGPUs = { GPUs_GPU_3df9d18c }
	CondorScratchDir = "/usr/data/condor/execute/dir_60289/scratch"
	Cpus = 8
	Disk = 1048576
	GPUs = 1
	GPUs_GPU_3df9d18c = [ Id = "GPU-3df9d18c"; ClockMhz = 1582.0; Capability = 6.1; CoresPerCU = 128; DeviceName = "NVIDIA GeForce GTX 1080 Ti"; DeviceUuid = "3df9d18c-d25d-825d-b929-0026335359b3"; ECCEnabled = false; ComputeUnits = 28; NvidiaDriver = "580.119.02"; DriverVersion = 13.0; DevicePciBusId = "0000:65:00.0"; GlobalMemoryMb = 11165; MaxSupportedVersion = 13000 ]
	Memory = 20480
...
006 (007.025.000) 2026-01-16 21:40:41 Image size of job updated: 391536
	0  -  MemoryUsage of job (MB)
	0  -  ResidentSetSize of job (KB)
...
005 (007.025.000) 2026-01-16 21:40:41 Job terminated.
	(1) Normal termination (return value 0)
		Usr 0 00:00:05, Sys 0 00:00:00  -  Run Remote Usage
		Usr 0 00:00:00, Sys 0 00:00:00  -  Run Local Usage
		Usr 0 00:00:05, Sys 0 00:00:00  -  Total Remote Usage
		Usr 0 00:00:00, Sys 0 00:00:00  -  Total Local Usage
	0  -  Run Bytes Sent By Job
	0  -  Run Bytes Received By Job
	0  -  Total Bytes Sent By Job
	0  -  Total Bytes Received By Job
	Partitionable Resources :    Usage  Request Allocated Assigned
	   Cpus                 :        0        8         8 
	   Disk (KB)            :        2  1048576   1048576 
	   GPUs                 :        0        1         1 "GPU-3df9d18c"
	   Memory (MB)          :        0    20480     20480 
	   TimeExecute (s)      :        7                    
	   TimeSlotBusy (s)     :        7                    
...
