Starting Job
/esat/smcdata/users/kkontras/Image_Dataset/no_backup/git/Synergy/mydatasets/Xor/Xor_PID3Main_MaskSynIB_Search.py
/esat/smcdata/users/kkontras/Image_Dataset/no_backup/envs/synergy_new/bin/python
Python 3.10.19
/esat/smcdata/users/kkontras/Image_Dataset/no_backup/git/Synergy
We have 1 GPU
/esat/smcdata/users/kkontras/Image_Dataset/no_backup/git/Synergy/mydatasets/Xor/Xor_PID3Main_MaskSynIB_Search.py

Executing command: python /esat/smcdata/users/kkontras/Image_Dataset/no_backup/git/Synergy/mydatasets/Xor/Xor_PID3Main_MaskSynIB_Search.py
[LOAD] path=pid_synthetic_tuning/maintuned_valacc_nlrwddr.jsonl
[LOAD] abs_path=/esat/smcdata/users/kkontras/Image_Dataset/no_backup/git/Synergy/pid_synthetic_tuning/maintuned_valacc_nlrwddr.jsonl
[LOAD] file does not exist -> returning empty
==============================================================================================================
[DEFAULT CONFIG]
  dims: dim0=32 dim1=32
  blocks0: unique=6 red=6 syn=6 noise=14 | random_pos=False
  blocks1: unique=6 red=6 syn=6 noise=14 | random_pos=False
  SNR: unique_strength=3 red_strength=3 syn_strength=3 noise_std=1
  train: n_train=2000 n_test=4000 batch=64 epochs=30 lr=3.0e-04
  loss: lambda_uni=1 lambda_kl=10 lambda_shortcut_inv=0
  probs: u1=0.3, u2=0.3, red=0.3, syn=0.1
==============================================================================================================
[RUN] sweep non-overlap source probs (u1/u2/red/syn)
[LOG] append/dedupe json: pid_synthetic_tuning/maintuned_valacc_nlrwddr.jsonl
pu1 pu2 pred psyn | MainTot SynIBTot | Main(u1,u2,red,syn) | SynIB(u1,u2,red,syn) | det | status
---------------------------------------------------------------------------------------------------
[TUNE main] lr=3.00e-04 wd=1.00e-05 dr=0.30 | val_acc=0.9867 val_syn_cc=0.9753 val_loss=0.0496 | test_acc=0.9783 test_syn_cc=0.9529| score=0.9867
0.40 0.00 0.25 0.35 | 0.987±0.008 | 0.975±0.022 | 0.978±0.006 | 0.953±0.012 | best lr=3.00e-04 wd=1.00e-05 dr=0.30 | ADD
[TUNE main] lr=3.00e-04 wd=1.00e-05 dr=0.30 | val_acc=0.9767 val_syn_cc=0.9255 val_loss=0.0814 | test_acc=0.9667 test_syn_cc=0.8895| score=0.9767
0.60 0.00 0.15 0.25 | 0.977±0.010 | 0.925±0.034 | 0.967±0.014 | 0.890±0.057 | best lr=3.00e-04 wd=1.00e-05 dr=0.30 | ADD
[TUNE main] lr=3.00e-04 wd=1.00e-05 dr=0.30 | val_acc=0.9833 val_syn_cc=0.9794 val_loss=0.0678 | test_acc=0.9816 test_syn_cc=0.9626| score=0.9833
0.25 0.00 0.40 0.35 | 0.983±0.006 | 0.979±0.012 | 0.982±0.002 | 0.963±0.006 | best lr=3.00e-04 wd=1.00e-05 dr=0.30 | ADD
[TUNE main] lr=3.00e-04 wd=1.00e-05 dr=0.30 | val_acc=0.9683 val_syn_cc=0.8750 val_loss=0.1357 | test_acc=0.9567 test_syn_cc=0.8105| score=0.9683
0.30 0.00 0.50 0.20 | 0.968±0.008 | 0.875±0.084 | 0.957±0.005 | 0.811±0.028 | best lr=3.00e-04 wd=1.00e-05 dr=0.30 | ADD
[TUNE main] lr=3.00e-04 wd=1.00e-05 dr=0.30 | val_acc=0.9933 val_syn_cc=0.9890 val_loss=0.0323 | test_acc=0.9794 test_syn_cc=0.9605| score=0.9933
0.35 0.00 0.25 0.40 | 0.993±0.008 | 0.989±0.019 | 0.979±0.009 | 0.961±0.022 | best lr=3.00e-04 wd=1.00e-05 dr=0.30 | ADD
[TUNE main] lr=3.00e-04 wd=1.00e-05 dr=0.30 | val_acc=0.9983 val_syn_cc=1.0000 val_loss=0.0319 | test_acc=0.9896 test_syn_cc=0.9897| score=0.9983
0.25 0.00 0.05 0.70 | 0.998±0.003 | 1.000±0.000 | 0.990±0.002 | 0.990±0.002 | best lr=3.00e-04 wd=1.00e-05 dr=0.30 | ADD
[TUNE main] lr=3.00e-04 wd=1.00e-05 dr=0.30 | val_acc=0.9983 val_syn_cc=0.9973 val_loss=0.0138 | test_acc=0.9833 test_syn_cc=0.9791| score=0.9983
0.35 0.00 0.10 0.55 | 0.998±0.003 | 0.997±0.005 | 0.983±0.004 | 0.979±0.008 | best lr=3.00e-04 wd=1.00e-05 dr=0.30 | ADD
[TUNE main] lr=3.00e-04 wd=1.00e-05 dr=0.30 | val_acc=1.0000 val_syn_cc=nan val_loss=0.0070 | test_acc=0.9962 test_syn_cc=nan| score=1.0000
0.55 0.00 0.45 0.00 | 1.000±0.000 | nan±nan | 0.996±0.001 | nan±nan | best lr=3.00e-04 wd=1.00e-05 dr=0.30 | ADD
[TUNE main] lr=3.00e-04 wd=1.00e-05 dr=0.30 | val_acc=0.9983 val_syn_cc=nan val_loss=0.0115 | test_acc=0.9958 test_syn_cc=nan| score=0.9983
0.20 0.00 0.80 0.00 | 0.998±0.003 | nan±nan | 0.996±0.002 | nan±nan | best lr=3.00e-04 wd=1.00e-05 dr=0.30 | ADD
[TUNE main] lr=3.00e-04 wd=1.00e-05 dr=0.30 | val_acc=0.9817 val_syn_cc=0.9310 val_loss=0.0892 | test_acc=0.9822 test_syn_cc=0.9352| score=0.9817
0.75 0.00 0.00 0.25 | 0.982±0.013 | 0.931±0.054 | 0.982±0.004 | 0.935±0.015 | best lr=3.00e-04 wd=1.00e-05 dr=0.30 | ADD
[TUNE main] lr=3.00e-04 wd=1.00e-05 dr=0.30 | val_acc=0.9700 val_syn_cc=0.8106 val_loss=0.0839 | test_acc=0.9493 test_syn_cc=0.6888| score=0.9700
0.85 0.00 -0.00 0.15 | 0.970±0.030 | 0.811±0.208 | 0.949±0.028 | 0.689±0.179 | best lr=3.00e-04 wd=1.00e-05 dr=0.30 | ADD
[TUNE main] lr=3.00e-04 wd=1.00e-05 dr=0.30 | val_acc=0.9983 val_syn_cc=1.0000 val_loss=0.0361 | test_acc=0.9884 test_syn_cc=0.9909| score=0.9983
0.10 0.00 0.05 0.85 | 0.998±0.003 | 1.000±0.000 | 0.988±0.006 | 0.991±0.006 | best lr=3.00e-04 wd=1.00e-05 dr=0.30 | ADD
[TUNE main] lr=3.00e-04 wd=1.00e-05 dr=0.30 | val_acc=0.9867 val_syn_cc=0.9741 val_loss=0.0402 | test_acc=0.9723 test_syn_cc=0.9116| score=0.9867
0.20 0.00 0.55 0.25 | 0.987±0.015 | 0.974±0.029 | 0.972±0.009 | 0.912±0.030 | best lr=3.00e-04 wd=1.00e-05 dr=0.30 | ADD
[TUNE main] lr=3.00e-04 wd=1.00e-05 dr=0.30 | val_acc=0.9867 val_syn_cc=0.9799 val_loss=0.0537 | test_acc=0.9837 test_syn_cc=0.9725| score=0.9867
0.20 0.00 0.40 0.40 | 0.987±0.006 | 0.980±0.013 | 0.984±0.006 | 0.972±0.013 | best lr=3.00e-04 wd=1.00e-05 dr=0.30 | ADD
[TUNE main] lr=3.00e-04 wd=1.00e-05 dr=0.30 | val_acc=0.9650 val_syn_cc=0.6745 val_loss=0.1428 | test_acc=0.9486 test_syn_cc=0.5360| score=0.9650
0.85 0.00 0.05 0.10 | 0.965±0.009 | 0.674±0.045 | 0.949±0.003 | 0.536±0.041 | best lr=3.00e-04 wd=1.00e-05 dr=0.30 | ADD
[TUNE main] lr=3.00e-04 wd=1.00e-05 dr=0.30 | val_acc=1.0000 val_syn_cc=nan val_loss=0.0061 | test_acc=0.9962 test_syn_cc=nan| score=1.0000
0.65 0.00 0.35 0.00 | 1.000±0.000 | nan±nan | 0.996±0.001 | nan±nan | best lr=3.00e-04 wd=1.00e-05 dr=0.30 | ADD
[TUNE main] lr=3.00e-04 wd=1.00e-05 dr=0.30 | val_acc=0.9683 val_syn_cc=0.7054 val_loss=0.1357 | test_acc=0.9669 test_syn_cc=0.5537| score=0.9683
0.80 0.00 0.15 0.05 | 0.968±0.008 | 0.705±0.015 | 0.967±0.001 | 0.554±0.020 | best lr=3.00e-04 wd=1.00e-05 dr=0.30 | ADD
[TUNE main] lr=3.00e-04 wd=1.00e-05 dr=0.30 | val_acc=0.9717 val_syn_cc=0.8835 val_loss=0.1099 | test_acc=0.9631 test_syn_cc=0.8482| score=0.9717
0.20 0.00 0.60 0.20 | 0.972±0.010 | 0.883±0.045 | 0.963±0.013 | 0.848±0.060 | best lr=3.00e-04 wd=1.00e-05 dr=0.30 | ADD
[TUNE main] lr=3.00e-04 wd=1.00e-05 dr=0.30 | val_acc=0.9833 val_syn_cc=0.9739 val_loss=0.0571 | test_acc=0.9863 test_syn_cc=0.9720| score=0.9833
0.15 0.00 0.50 0.35 | 0.983±0.006 | 0.974±0.026 | 0.986±0.004 | 0.972±0.011 | best lr=3.00e-04 wd=1.00e-05 dr=0.30 | ADD
[TUNE main] lr=3.00e-04 wd=1.00e-05 dr=0.30 | val_acc=0.9967 val_syn_cc=1.0000 val_loss=0.0245 | test_acc=0.9897 test_syn_cc=0.9900| score=0.9967
0.30 0.00 0.05 0.65 | 0.997±0.003 | 1.000±0.000 | 0.990±0.003 | 0.990±0.003 | best lr=3.00e-04 wd=1.00e-05 dr=0.30 | ADD
[TUNE main] lr=3.00e-04 wd=1.00e-05 dr=0.30 | val_acc=0.9767 val_syn_cc=0.8980 val_loss=0.1160 | test_acc=0.9657 test_syn_cc=0.8552| score=0.9767
0.50 0.00 0.30 0.20 | 0.977±0.015 | 0.898±0.065 | 0.966±0.012 | 0.855±0.065 | best lr=3.00e-04 wd=1.00e-05 dr=0.30 | ADD
[TUNE main] lr=3.00e-04 wd=1.00e-05 dr=0.30 | val_acc=0.9917 val_syn_cc=0.9815 val_loss=0.0436 | test_acc=0.9837 test_syn_cc=0.9495| score=0.9917
0.70 0.00 -0.00 0.30 | 0.992±0.006 | 0.981±0.003 | 0.984±0.006 | 0.950±0.020 | best lr=3.00e-04 wd=1.00e-05 dr=0.30 | ADD
[TUNE main] lr=3.00e-04 wd=1.00e-05 dr=0.30 | val_acc=0.9617 val_syn_cc=0.8044 val_loss=0.1723 | test_acc=0.9538 test_syn_cc=0.7891| score=0.9617
0.10 0.00 0.70 0.20 | 0.962±0.012 | 0.804±0.023 | 0.954±0.016 | 0.789±0.069 | best lr=3.00e-04 wd=1.00e-05 dr=0.30 | ADD
[TUNE main] lr=3.00e-04 wd=1.00e-05 dr=0.30 | val_acc=0.9917 val_syn_cc=0.9942 val_loss=0.0484 | test_acc=0.9875 test_syn_cc=0.9872| score=0.9917
0.10 0.00 0.35 0.55 | 0.992±0.006 | 0.994±0.005 | 0.987±0.001 | 0.987±0.003 | best lr=3.00e-04 wd=1.00e-05 dr=0.30 | ADD
[TUNE main] lr=3.00e-04 wd=1.00e-05 dr=0.30 | val_acc=0.9883 val_syn_cc=0.7556 val_loss=0.0811 | test_acc=0.9745 test_syn_cc=0.4991| score=0.9883
0.00 0.00 0.95 0.05 | 0.988±0.008 | 0.756±0.077 | 0.974±0.001 | 0.499±0.008 | best lr=3.00e-04 wd=1.00e-05 dr=0.30 | ADD
[TUNE main] lr=3.00e-04 wd=1.00e-05 dr=0.30 | val_acc=0.9967 val_syn_cc=nan val_loss=0.0148 | test_acc=0.9950 test_syn_cc=nan| score=0.9967
0.40 0.00 0.60 0.00 | 0.997±0.006 | nan±nan | 0.995±0.001 | nan±nan | best lr=3.00e-04 wd=1.00e-05 dr=0.30 | ADD
[TUNE main] lr=3.00e-04 wd=1.00e-05 dr=0.30 | val_acc=0.9817 val_syn_cc=0.9810 val_loss=0.0853 | test_acc=0.9843 test_syn_cc=0.9672| score=0.9817
0.55 0.00 0.10 0.35 | 0.982±0.010 | 0.981±0.022 | 0.984±0.001 | 0.967±0.006 | best lr=3.00e-04 wd=1.00e-05 dr=0.30 | ADD
[TUNE main] lr=3.00e-04 wd=1.00e-05 dr=0.30 | val_acc=0.9967 val_syn_cc=0.9979 val_loss=0.0185 | test_acc=0.9912 test_syn_cc=0.9927| score=0.9967
0.20 0.00 0.05 0.75 | 0.997±0.006 | 0.998±0.004 | 0.991±0.002 | 0.993±0.005 | best lr=3.00e-04 wd=1.00e-05 dr=0.30 | ADD
[TUNE main] lr=3.00e-04 wd=1.00e-05 dr=0.30 | val_acc=0.9867 val_syn_cc=0.9863 val_loss=0.0458 | test_acc=0.9835 test_syn_cc=0.9765| score=0.9867
0.10 0.00 0.45 0.45 | 0.987±0.008 | 0.986±0.015 | 0.983±0.003 | 0.977±0.006 | best lr=3.00e-04 wd=1.00e-05 dr=0.30 | ADD
[TUNE main] lr=3.00e-04 wd=1.00e-05 dr=0.30 | val_acc=0.9733 val_syn_cc=0.9378 val_loss=0.1110 | test_acc=0.9688 test_syn_cc=0.9162| score=0.9733
0.30 0.00 0.40 0.30 | 0.973±0.003 | 0.938±0.026 | 0.969±0.004 | 0.916±0.012 | best lr=3.00e-04 wd=1.00e-05 dr=0.30 | ADD
[TUNE main] lr=3.00e-04 wd=1.00e-05 dr=0.30 | val_acc=1.0000 val_syn_cc=1.0000 val_loss=0.0106 | test_acc=0.9820 test_syn_cc=0.9722| score=1.0000
0.40 0.00 0.15 0.45 | 1.000±0.000 | 1.000±0.000 | 0.982±0.007 | 0.972±0.015 | best lr=3.00e-04 wd=1.00e-05 dr=0.30 | ADD
[TUNE main] lr=3.00e-04 wd=1.00e-05 dr=0.30 | val_acc=0.9600 val_syn_cc=0.7761 val_loss=0.1607 | test_acc=0.9438 test_syn_cc=0.6546| score=0.9600
0.05 0.00 0.80 0.15 | 0.960±0.015 | 0.776±0.082 | 0.944±0.023 | 0.655±0.129 | best lr=3.00e-04 wd=1.00e-05 dr=0.30 | ADD
[TUNE main] lr=3.00e-04 wd=1.00e-05 dr=0.30 | val_acc=0.9733 val_syn_cc=0.6667 val_loss=0.1043 | test_acc=0.9586 test_syn_cc=0.5232| score=0.9733
0.55 0.00 0.40 0.05 | 0.973±0.015 | 0.667±0.072 | 0.959±0.013 | 0.523±0.029 | best lr=3.00e-04 wd=1.00e-05 dr=0.30 | ADD
[TUNE main] lr=3.00e-04 wd=1.00e-05 dr=0.30 | val_acc=0.9717 val_syn_cc=0.8758 val_loss=0.1255 | test_acc=0.9642 test_syn_cc=0.7876| score=0.9717
0.80 0.00 0.05 0.15 | 0.972±0.016 | 0.876±0.062 | 0.964±0.005 | 0.788±0.040 | best lr=3.00e-04 wd=1.00e-05 dr=0.30 | ADD
[TUNE main] lr=3.00e-04 wd=1.00e-05 dr=0.30 | val_acc=0.9850 val_syn_cc=0.9591 val_loss=0.0550 | test_acc=0.9795 test_syn_cc=0.9368| score=0.9850
0.00 0.00 0.70 0.30 | 0.985±0.009 | 0.959±0.028 | 0.979±0.005 | 0.937±0.015 | best lr=3.00e-04 wd=1.00e-05 dr=0.30 | ADD
[TUNE main] lr=3.00e-04 wd=1.00e-05 dr=0.30 | val_acc=0.9733 val_syn_cc=0.8647 val_loss=0.1393 | test_acc=0.9562 test_syn_cc=0.7388| score=0.9733
0.75 0.00 0.10 0.15 | 0.973±0.010 | 0.865±0.009 | 0.956±0.008 | 0.739±0.047 | best lr=3.00e-04 wd=1.00e-05 dr=0.30 | ADD
[TUNE main] lr=3.00e-04 wd=1.00e-05 dr=0.30 | val_acc=0.9533 val_syn_cc=0.7572 val_loss=0.1905 | test_acc=0.9592 test_syn_cc=0.7649| score=0.9533
0.50 0.00 0.35 0.15 | 0.953±0.033 | 0.757±0.174 | 0.959±0.015 | 0.765±0.088 | best lr=3.00e-04 wd=1.00e-05 dr=0.30 | ADD
[TUNE main] lr=3.00e-04 wd=1.00e-05 dr=0.30 | val_acc=0.9967 val_syn_cc=0.9947 val_loss=0.0171 | test_acc=0.9922 test_syn_cc=0.9917| score=0.9967
0.35 0.00 -0.00 0.65 | 0.997±0.006 | 0.995±0.009 | 0.992±0.001 | 0.992±0.001 | best lr=3.00e-04 wd=1.00e-05 dr=0.30 | ADD
[TUNE main] lr=3.00e-04 wd=1.00e-05 dr=0.30 | val_acc=0.9767 val_syn_cc=0.6427 val_loss=0.1183 | test_acc=0.9663 test_syn_cc=0.4862| score=0.9767
0.65 0.00 0.30 0.05 | 0.977±0.010 | 0.643±0.114 | 0.966±0.005 | 0.486±0.059 | best lr=3.00e-04 wd=1.00e-05 dr=0.30 | ADD
[TUNE main] lr=3.00e-04 wd=1.00e-05 dr=0.30 | val_acc=1.0000 val_syn_cc=nan val_loss=0.0081 | test_acc=0.9971 test_syn_cc=nan| score=1.0000
0.85 0.00 0.15 0.00 | 1.000±0.000 | nan±nan | 0.997±0.000 | nan±nan | best lr=3.00e-04 wd=1.00e-05 dr=0.30 | ADD
[TUNE main] lr=3.00e-04 wd=1.00e-05 dr=0.30 | val_acc=0.9983 val_syn_cc=nan val_loss=0.0130 | test_acc=0.9979 test_syn_cc=nan| score=0.9983
0.10 0.00 0.90 0.00 | 0.998±0.003 | nan±nan | 0.998±0.000 | nan±nan | best lr=3.00e-04 wd=1.00e-05 dr=0.30 | ADD
[TUNE main] lr=3.00e-04 wd=1.00e-05 dr=0.30 | val_acc=0.9700 val_syn_cc=0.6271 val_loss=0.1186 | test_acc=0.9683 test_syn_cc=0.5161| score=0.9700
0.25 0.00 0.70 0.05 | 0.970±0.015 | 0.627±0.082 | 0.968±0.002 | 0.516±0.043 | best lr=3.00e-04 wd=1.00e-05 dr=0.30 | ADD
[TUNE main] lr=3.00e-04 wd=1.00e-05 dr=0.30 | val_acc=0.9633 val_syn_cc=0.7937 val_loss=0.2026 | test_acc=0.9580 test_syn_cc=0.7598| score=0.9633
0.30 0.00 0.55 0.15 | 0.963±0.010 | 0.794±0.053 | 0.958±0.017 | 0.760±0.096 | best lr=3.00e-04 wd=1.00e-05 dr=0.30 | ADD
[TUNE main] lr=3.00e-04 wd=1.00e-05 dr=0.30 | val_acc=0.9950 val_syn_cc=0.9943 val_loss=0.0518 | test_acc=0.9768 test_syn_cc=0.9663| score=0.9950
0.25 0.00 0.20 0.55 | 0.995±0.005 | 0.994±0.010 | 0.977±0.004 | 0.966±0.005 | best lr=3.00e-04 wd=1.00e-05 dr=0.30 | ADD
[TUNE main] lr=3.00e-04 wd=1.00e-05 dr=0.30 | val_acc=0.9867 val_syn_cc=0.9939 val_loss=0.0422 | test_acc=0.9832 test_syn_cc=0.9793| score=0.9867
0.15 0.00 0.30 0.55 | 0.987±0.008 | 0.994±0.005 | 0.983±0.003 | 0.979±0.004 | best lr=3.00e-04 wd=1.00e-05 dr=0.30 | ADD
[TUNE main] lr=3.00e-04 wd=1.00e-05 dr=0.30 | val_acc=0.9567 val_syn_cc=0.6733 val_loss=0.1892 | test_acc=0.9474 test_syn_cc=0.5544| score=0.9567
0.15 0.00 0.75 0.10 | 0.957±0.008 | 0.673±0.040 | 0.947±0.004 | 0.554±0.017 | best lr=3.00e-04 wd=1.00e-05 dr=0.30 | ADD
[TUNE main] lr=3.00e-04 wd=1.00e-05 dr=0.30 | val_acc=0.9933 val_syn_cc=0.9981 val_loss=0.0202 | test_acc=0.9966 test_syn_cc=0.9970| score=0.9933
0.00 0.00 0.10 0.90 | 0.993±0.008 | 0.998±0.003 | 0.997±0.001 | 0.997±0.001 | best lr=3.00e-04 wd=1.00e-05 dr=0.30 | ADD
[TUNE main] lr=3.00e-04 wd=1.00e-05 dr=0.30 | val_acc=0.9917 val_syn_cc=0.9848 val_loss=0.0406 | test_acc=0.9796 test_syn_cc=0.9572| score=0.9917
0.50 0.00 0.15 0.35 | 0.992±0.006 | 0.985±0.000 | 0.980±0.008 | 0.957±0.022 | best lr=3.00e-04 wd=1.00e-05 dr=0.30 | ADD
[TUNE main] lr=3.00e-04 wd=1.00e-05 dr=0.30 | val_acc=0.9650 val_syn_cc=0.6618 val_loss=0.1311 | test_acc=0.9674 test_syn_cc=0.4727| score=0.9650
0.85 0.00 0.10 0.05 | 0.965±0.022 | 0.662±0.166 | 0.967±0.003 | 0.473±0.013 | best lr=3.00e-04 wd=1.00e-05 dr=0.30 | ADD
[TUNE main] lr=3.00e-04 wd=1.00e-05 dr=0.30 | val_acc=0.9617 val_syn_cc=0.7458 val_loss=0.1778 | test_acc=0.9469 test_syn_cc=0.6593| score=0.9617
0.00 0.00 0.85 0.15 | 0.962±0.010 | 0.746±0.069 | 0.947±0.016 | 0.659±0.091 | best lr=3.00e-04 wd=1.00e-05 dr=0.30 | ADD
[TUNE main] lr=3.00e-04 wd=1.00e-05 dr=0.30 | val_acc=0.9733 val_syn_cc=0.7431 val_loss=0.1005 | test_acc=0.9483 test_syn_cc=0.5423| score=0.9733
0.50 0.00 0.40 0.10 | 0.973±0.012 | 0.743±0.073 | 0.948±0.005 | 0.542±0.028 | best lr=3.00e-04 wd=1.00e-05 dr=0.30 | ADD
[TUNE main] lr=3.00e-04 wd=1.00e-05 dr=0.30 | val_acc=0.9783 val_syn_cc=0.5694 val_loss=0.0852 | test_acc=0.9657 test_syn_cc=0.5184| score=0.9783
0.40 0.00 0.55 0.05 | 0.978±0.012 | 0.569±0.168 | 0.966±0.006 | 0.518±0.029 | best lr=3.00e-04 wd=1.00e-05 dr=0.30 | ADD
[TUNE main] lr=3.00e-04 wd=1.00e-05 dr=0.30 | val_acc=0.9817 val_syn_cc=0.9797 val_loss=0.0571 | test_acc=0.9826 test_syn_cc=0.9698| score=0.9817
0.15 0.00 0.45 0.40 | 0.982±0.014 | 0.980±0.014 | 0.983±0.002 | 0.970±0.002 | best lr=3.00e-04 wd=1.00e-05 dr=0.30 | ADD
[TUNE main] lr=3.00e-04 wd=1.00e-05 dr=0.30 | val_acc=0.9983 val_syn_cc=1.0000 val_loss=0.0125 | test_acc=0.9903 test_syn_cc=0.9786| score=0.9983
0.00 0.00 0.60 0.40 | 0.998±0.003 | 1.000±0.000 | 0.990±0.000 | 0.979±0.001 | best lr=3.00e-04 wd=1.00e-05 dr=0.30 | ADD
[TUNE main] lr=3.00e-04 wd=1.00e-05 dr=0.30 | val_acc=0.9967 val_syn_cc=0.9966 val_loss=0.0313 | test_acc=0.9840 test_syn_cc=0.9756| score=0.9967
0.10 0.00 0.40 0.50 | 0.997±0.006 | 0.997±0.006 | 0.984±0.007 | 0.976±0.016 | best lr=3.00e-04 wd=1.00e-05 dr=0.30 | ADD
[TUNE main] lr=3.00e-04 wd=1.00e-05 dr=0.30 | val_acc=0.9950 val_syn_cc=1.0000 val_loss=0.0194 | test_acc=0.9897 test_syn_cc=0.9909| score=0.9950
0.05 0.00 0.25 0.70 | 0.995±0.005 | 1.000±0.000 | 0.990±0.002 | 0.991±0.003 | best lr=3.00e-04 wd=1.00e-05 dr=0.30 | ADD
[TUNE main] lr=3.00e-04 wd=1.00e-05 dr=0.30 | val_acc=0.9900 val_syn_cc=0.9756 val_loss=0.0483 | test_acc=0.9783 test_syn_cc=0.9459| score=0.9900
0.65 0.00 0.05 0.30 | 0.990±0.009 | 0.976±0.013 | 0.978±0.004 | 0.946±0.015 | best lr=3.00e-04 wd=1.00e-05 dr=0.30 | ADD
[TUNE main] lr=3.00e-04 wd=1.00e-05 dr=0.30 | val_acc=0.9967 val_syn_cc=1.0000 val_loss=0.0347 | test_acc=0.9853 test_syn_cc=0.9832| score=0.9967
0.25 0.00 0.10 0.65 | 0.997±0.006 | 1.000±0.000 | 0.985±0.004 | 0.983±0.006 | best lr=3.00e-04 wd=1.00e-05 dr=0.30 | ADD
[TUNE main] lr=3.00e-04 wd=1.00e-05 dr=0.30 | val_acc=0.9650 val_syn_cc=0.7992 val_loss=0.1886 | test_acc=0.9536 test_syn_cc=0.7247| score=0.9650
0.70 0.00 0.15 0.15 | 0.965±0.005 | 0.799±0.034 | 0.954±0.009 | 0.725±0.077 | best lr=3.00e-04 wd=1.00e-05 dr=0.30 | ADD
[TUNE main] lr=3.00e-04 wd=1.00e-05 dr=0.30 | val_acc=0.9750 val_syn_cc=0.8803 val_loss=0.1211 | test_acc=0.9569 test_syn_cc=0.8226| score=0.9750
0.40 0.00 0.40 0.20 | 0.975±0.017 | 0.880±0.079 | 0.957±0.013 | 0.823±0.060 | best lr=3.00e-04 wd=1.00e-05 dr=0.30 | ADD
[TUNE main] lr=3.00e-04 wd=1.00e-05 dr=0.30 | val_acc=0.9900 val_syn_cc=0.9972 val_loss=0.0349 | test_acc=0.9872 test_syn_cc=0.9873| score=0.9900
0.35 0.00 0.05 0.60 | 0.990±0.009 | 0.997±0.005 | 0.987±0.007 | 0.987±0.010 | best lr=3.00e-04 wd=1.00e-05 dr=0.30 | ADD
[TUNE main] lr=3.00e-04 wd=1.00e-05 dr=0.30 | val_acc=0.9983 val_syn_cc=0.9978 val_loss=0.0128 | test_acc=0.9947 test_syn_cc=0.9949| score=0.9983
0.00 0.00 0.25 0.75 | 0.998±0.003 | 0.998±0.004 | 0.995±0.002 | 0.995±0.002 | best lr=3.00e-04 wd=1.00e-05 dr=0.30 | ADD
[TUNE main] lr=3.00e-04 wd=1.00e-05 dr=0.30 | val_acc=0.9983 val_syn_cc=0.9975 val_loss=0.0201 | test_acc=0.9907 test_syn_cc=0.9881| score=0.9983
0.00 0.00 0.35 0.65 | 0.998±0.003 | 0.998±0.004 | 0.991±0.005 | 0.988±0.007 | best lr=3.00e-04 wd=1.00e-05 dr=0.30 | ADD
[TUNE main] lr=3.00e-04 wd=1.00e-05 dr=0.30 | val_acc=0.9867 val_syn_cc=0.9861 val_loss=0.0590 | test_acc=0.9823 test_syn_cc=0.9629| score=0.9867
0.45 0.00 0.20 0.35 | 0.987±0.003 | 0.986±0.001 | 0.982±0.003 | 0.963±0.008 | best lr=3.00e-04 wd=1.00e-05 dr=0.30 | ADD
[TUNE main] lr=3.00e-04 wd=1.00e-05 dr=0.30 | val_acc=0.9800 val_syn_cc=0.9552 val_loss=0.0697 | test_acc=0.9718 test_syn_cc=0.9096| score=0.9800
0.35 0.00 0.40 0.25 | 0.980±0.015 | 0.955±0.041 | 0.972±0.014 | 0.910±0.049 | best lr=3.00e-04 wd=1.00e-05 dr=0.30 | ADD
[TUNE main] lr=3.00e-04 wd=1.00e-05 dr=0.30 | val_acc=0.9917 val_syn_cc=0.9876 val_loss=0.0463 | test_acc=0.9862 test_syn_cc=0.9782| score=0.9917
0.15 0.00 0.40 0.45 | 0.992±0.003 | 0.988±0.013 | 0.986±0.005 | 0.978±0.010 | best lr=3.00e-04 wd=1.00e-05 dr=0.30 | ADD
[TUNE main] lr=3.00e-04 wd=1.00e-05 dr=0.30 | val_acc=0.9900 val_syn_cc=0.9680 val_loss=0.0579 | test_acc=0.9726 test_syn_cc=0.9267| score=0.9900
0.25 0.00 0.45 0.30 | 0.990±0.005 | 0.968±0.014 | 0.973±0.002 | 0.927±0.005 | best lr=3.00e-04 wd=1.00e-05 dr=0.30 | ADD
[TUNE main] lr=3.00e-04 wd=1.00e-05 dr=0.30 | val_acc=1.0000 val_syn_cc=1.0000 val_loss=0.0086 | test_acc=0.9876 test_syn_cc=0.9870| score=1.0000
0.25 0.00 0.15 0.60 | 1.000±0.000 | 1.000±0.000 | 0.988±0.003 | 0.987±0.004 | best lr=3.00e-04 wd=1.00e-05 dr=0.30 | ADD
[TUNE main] lr=3.00e-04 wd=1.00e-05 dr=0.30 | val_acc=0.9833 val_syn_cc=0.9612 val_loss=0.0560 | test_acc=0.9750 test_syn_cc=0.9321| score=0.9833
0.15 0.00 0.55 0.30 | 0.983±0.010 | 0.961±0.025 | 0.975±0.002 | 0.932±0.006 | best lr=3.00e-04 wd=1.00e-05 dr=0.30 | ADD
[TUNE main] lr=3.00e-04 wd=1.00e-05 dr=0.30 | val_acc=0.9983 val_syn_cc=nan val_loss=0.0178 | test_acc=0.9952 test_syn_cc=nan| score=0.9983
0.25 0.00 0.75 0.00 | 0.998±0.003 | nan±nan | 0.995±0.003 | nan±nan | best lr=3.00e-04 wd=1.00e-05 dr=0.30 | ADD
[TUNE main] lr=3.00e-04 wd=1.00e-05 dr=0.30 | val_acc=0.9817 val_syn_cc=0.9321 val_loss=0.0696 | test_acc=0.9719 test_syn_cc=0.9006| score=0.9817
0.00 0.00 0.75 0.25 | 0.982±0.019 | 0.932±0.082 | 0.972±0.024 | 0.901±0.086 | best lr=3.00e-04 wd=1.00e-05 dr=0.30 | ADD
[TUNE main] lr=3.00e-04 wd=1.00e-05 dr=0.30 | val_acc=0.9817 val_syn_cc=0.7056 val_loss=0.1119 | test_acc=0.9694 test_syn_cc=0.4905| score=0.9817
0.05 0.00 0.90 0.05 | 0.982±0.003 | 0.706±0.042 | 0.969±0.003 | 0.491±0.028 | best lr=3.00e-04 wd=1.00e-05 dr=0.30 | ADD
[TUNE main] lr=3.00e-04 wd=1.00e-05 dr=0.30 | val_acc=0.9967 val_syn_cc=1.0000 val_loss=0.0174 | test_acc=0.9933 test_syn_cc=0.9942| score=0.9967
0.20 0.00 0.00 0.80 | 0.997±0.003 | 1.000±0.000 | 0.993±0.002 | 0.994±0.002 | best lr=3.00e-04 wd=1.00e-05 dr=0.30 | ADD
[TUNE main] lr=3.00e-04 wd=1.00e-05 dr=0.30 | val_acc=0.9933 val_syn_cc=0.9898 val_loss=0.0338 | test_acc=0.9782 test_syn_cc=0.9612| score=0.9933
0.50 0.00 0.05 0.45 | 0.993±0.006 | 0.990±0.010 | 0.978±0.007 | 0.961±0.019 | best lr=3.00e-04 wd=1.00e-05 dr=0.30 | ADD
[TUNE main] lr=3.00e-04 wd=1.00e-05 dr=0.30 | val_acc=0.9583 val_syn_cc=0.6508 val_loss=0.1407 | test_acc=0.9472 test_syn_cc=0.5562| score=0.9583
0.75 0.00 0.15 0.10 | 0.958±0.008 | 0.651±0.027 | 0.947±0.006 | 0.556±0.030 | best lr=3.00e-04 wd=1.00e-05 dr=0.30 | ADD
[TUNE main] lr=3.00e-04 wd=1.00e-05 dr=0.30 | val_acc=0.9900 val_syn_cc=0.9745 val_loss=0.0296 | test_acc=0.9870 test_syn_cc=0.9730| score=0.9900
0.60 0.00 0.05 0.35 | 0.990±0.005 | 0.975±0.010 | 0.987±0.004 | 0.973±0.009 | best lr=3.00e-04 wd=1.00e-05 dr=0.30 | ADD
[TUNE main] lr=3.00e-04 wd=1.00e-05 dr=0.30 | val_acc=0.9933 val_syn_cc=1.0000 val_loss=0.0250 | test_acc=0.9858 test_syn_cc=0.9829| score=0.9933
0.30 0.00 0.15 0.55 | 0.993±0.008 | 1.000±0.000 | 0.986±0.001 | 0.983±0.005 | best lr=3.00e-04 wd=1.00e-05 dr=0.30 | ADD
[TUNE main] lr=3.00e-04 wd=1.00e-05 dr=0.30 | val_acc=0.9983 val_syn_cc=0.9970 val_loss=0.0164 | test_acc=0.9865 test_syn_cc=0.9759| score=0.9983
0.55 0.00 -0.00 0.45 | 0.998±0.003 | 0.997±0.005 | 0.987±0.004 | 0.976±0.012 | best lr=3.00e-04 wd=1.00e-05 dr=0.30 | ADD
[TUNE main] lr=3.00e-04 wd=1.00e-05 dr=0.30 | val_acc=0.9850 val_syn_cc=0.9947 val_loss=0.0511 | test_acc=0.9762 test_syn_cc=0.9408| score=0.9850
0.50 0.00 0.20 0.30 | 0.985±0.005 | 0.995±0.009 | 0.976±0.003 | 0.941±0.010 | best lr=3.00e-04 wd=1.00e-05 dr=0.30 | ADD
[TUNE main] lr=3.00e-04 wd=1.00e-05 dr=0.30 | val_acc=0.9783 val_syn_cc=0.9374 val_loss=0.1126 | test_acc=0.9724 test_syn_cc=0.9100| score=0.9783
0.55 0.00 0.20 0.25 | 0.978±0.008 | 0.937±0.036 | 0.972±0.007 | 0.910±0.018 | best lr=3.00e-04 wd=1.00e-05 dr=0.30 | ADD
[TUNE main] lr=3.00e-04 wd=1.00e-05 dr=0.30 | val_acc=0.9950 val_syn_cc=0.9980 val_loss=0.0223 | test_acc=0.9936 test_syn_cc=0.9941| score=0.9950
0.00 0.00 0.15 0.85 | 0.995±0.005 | 0.998±0.003 | 0.994±0.002 | 0.994±0.003 | best lr=3.00e-04 wd=1.00e-05 dr=0.30 | ADD
[TUNE main] lr=3.00e-04 wd=1.00e-05 dr=0.30 | val_acc=0.9883 val_syn_cc=0.9947 val_loss=0.0470 | test_acc=0.9871 test_syn_cc=0.9893| score=0.9883
0.15 0.00 0.20 0.65 | 0.988±0.010 | 0.995±0.005 | 0.987±0.003 | 0.989±0.003 | best lr=3.00e-04 wd=1.00e-05 dr=0.30 | ADD
[TUNE main] lr=3.00e-04 wd=1.00e-05 dr=0.30 | val_acc=0.9883 val_syn_cc=0.9806 val_loss=0.0377 | test_acc=0.9889 test_syn_cc=0.9840| score=0.9883
0.25 0.00 0.30 0.45 | 0.988±0.008 | 0.981±0.006 | 0.989±0.002 | 0.984±0.002 | best lr=3.00e-04 wd=1.00e-05 dr=0.30 | ADD
[TUNE main] lr=3.00e-04 wd=1.00e-05 dr=0.30 | val_acc=0.9933 val_syn_cc=0.9978 val_loss=0.0337 | test_acc=0.9902 test_syn_cc=0.9906| score=0.9933
0.10 0.00 0.15 0.75 | 0.993±0.006 | 0.998±0.004 | 0.990±0.004 | 0.991±0.006 | best lr=3.00e-04 wd=1.00e-05 dr=0.30 | ADD
[TUNE main] lr=3.00e-04 wd=1.00e-05 dr=0.30 | val_acc=0.9817 val_syn_cc=0.9397 val_loss=0.0629 | test_acc=0.9773 test_syn_cc=0.9274| score=0.9817
0.40 0.00 0.35 0.25 | 0.982±0.013 | 0.940±0.037 | 0.977±0.006 | 0.927±0.019 | best lr=3.00e-04 wd=1.00e-05 dr=0.30 | ADD
[TUNE main] lr=3.00e-04 wd=1.00e-05 dr=0.30 | val_acc=0.9733 val_syn_cc=0.8952 val_loss=0.1416 | test_acc=0.9691 test_syn_cc=0.8965| score=0.9733
0.30 0.00 0.45 0.25 | 0.973±0.015 | 0.895±0.067 | 0.969±0.012 | 0.897±0.037 | best lr=3.00e-04 wd=1.00e-05 dr=0.30 | ADD
[TUNE main] lr=3.00e-04 wd=1.00e-05 dr=0.30 | val_acc=0.9917 val_syn_cc=0.9942 val_loss=0.0229 | test_acc=0.9885 test_syn_cc=0.9900| score=0.9917
0.15 0.00 0.25 0.60 | 0.992±0.003 | 0.994±0.010 | 0.989±0.001 | 0.990±0.003 | best lr=3.00e-04 wd=1.00e-05 dr=0.30 | ADD
[TUNE main] lr=3.00e-04 wd=1.00e-05 dr=0.30 | val_acc=0.9983 val_syn_cc=0.9952 val_loss=0.0209 | test_acc=0.9816 test_syn_cc=0.9658| score=0.9983
0.40 0.00 0.20 0.40 | 0.998±0.003 | 0.995±0.008 | 0.982±0.003 | 0.966±0.008 | best lr=3.00e-04 wd=1.00e-05 dr=0.30 | ADD
[TUNE main] lr=3.00e-04 wd=1.00e-05 dr=0.30 | val_acc=0.9550 val_syn_cc=0.7484 val_loss=0.2175 | test_acc=0.9258 test_syn_cc=0.5464| score=0.9550
0.35 0.00 0.50 0.15 | 0.955±0.022 | 0.748±0.074 | 0.926±0.007 | 0.546±0.078 | best lr=3.00e-04 wd=1.00e-05 dr=0.30 | ADD
[TUNE main] lr=3.00e-04 wd=1.00e-05 dr=0.30 | val_acc=0.9917 val_syn_cc=0.9844 val_loss=0.0362 | test_acc=0.9813 test_syn_cc=0.9630| score=0.9917
0.50 0.00 0.10 0.40 | 0.992±0.008 | 0.984±0.018 | 0.981±0.006 | 0.963±0.016 | best lr=3.00e-04 wd=1.00e-05 dr=0.30 | ADD
[TUNE main] lr=3.00e-04 wd=1.00e-05 dr=0.30 | val_acc=0.9933 val_syn_cc=0.9935 val_loss=0.0242 | test_acc=0.9846 test_syn_cc=0.9762| score=0.9933
0.45 0.00 0.10 0.45 | 0.993±0.008 | 0.993±0.011 | 0.985±0.005 | 0.976±0.014 | best lr=3.00e-04 wd=1.00e-05 dr=0.30 | ADD
[TUNE main] lr=3.00e-04 wd=1.00e-05 dr=0.30 | val_acc=0.9833 val_syn_cc=0.5794 val_loss=0.0632 | test_acc=0.9625 test_syn_cc=0.5169| score=0.9833
0.45 0.00 0.50 0.05 | 0.983±0.008 | 0.579±0.084 | 0.963±0.011 | 0.517±0.071 | best lr=3.00e-04 wd=1.00e-05 dr=0.30 | ADD
[TUNE main] lr=3.00e-04 wd=1.00e-05 dr=0.30 | val_acc=0.9850 val_syn_cc=0.9764 val_loss=0.0599 | test_acc=0.9839 test_syn_cc=0.9641| score=0.9850
0.05 0.00 0.60 0.35 | 0.985±0.010 | 0.976±0.014 | 0.984±0.002 | 0.964±0.008 | best lr=3.00e-04 wd=1.00e-05 dr=0.30 | ADD
[TUNE main] lr=3.00e-04 wd=1.00e-05 dr=0.30 | val_acc=0.9583 val_syn_cc=0.7634 val_loss=0.1876 | test_acc=0.9516 test_syn_cc=0.7102| score=0.9583
0.60 0.00 0.25 0.15 | 0.958±0.019 | 0.763±0.103 | 0.952±0.008 | 0.710±0.040 | best lr=3.00e-04 wd=1.00e-05 dr=0.30 | ADD
[TUNE main] lr=3.00e-04 wd=1.00e-05 dr=0.30 | val_acc=0.9833 val_syn_cc=0.9594 val_loss=0.0535 | test_acc=0.9811 test_syn_cc=0.9522| score=0.9833
0.00 0.00 0.65 0.35 | 0.983±0.018 | 0.959±0.038 | 0.981±0.006 | 0.952±0.016 | best lr=3.00e-04 wd=1.00e-05 dr=0.30 | ADD
[TUNE main] lr=3.00e-04 wd=1.00e-05 dr=0.30 | val_acc=0.9817 val_syn_cc=0.9736 val_loss=0.0568 | test_acc=0.9812 test_syn_cc=0.9655| score=0.9817
0.45 0.00 0.15 0.40 | 0.982±0.013 | 0.974±0.012 | 0.981±0.002 | 0.966±0.002 | best lr=3.00e-04 wd=1.00e-05 dr=0.30 | ADD
[TUNE main] lr=3.00e-04 wd=1.00e-05 dr=0.30 | val_acc=0.9700 val_syn_cc=0.7200 val_loss=0.2126 | test_acc=0.9469 test_syn_cc=0.5306| score=0.9700
0.10 0.00 0.80 0.10 | 0.970±0.005 | 0.720±0.028 | 0.947±0.001 | 0.531±0.012 | best lr=3.00e-04 wd=1.00e-05 dr=0.30 | ADD
[TUNE main] lr=3.00e-04 wd=1.00e-05 dr=0.30 | val_acc=0.9783 val_syn_cc=0.9330 val_loss=0.0823 | test_acc=0.9675 test_syn_cc=0.8859| score=0.9783
0.50 0.00 0.25 0.25 | 0.978±0.003 | 0.933±0.004 | 0.967±0.008 | 0.886±0.040 | best lr=3.00e-04 wd=1.00e-05 dr=0.30 | ADD
[TUNE main] lr=3.00e-04 wd=1.00e-05 dr=0.30 | val_acc=0.9867 val_syn_cc=0.9707 val_loss=0.0663 | test_acc=0.9802 test_syn_cc=0.9571| score=0.9867
0.35 0.00 0.30 0.35 | 0.987±0.008 | 0.971±0.016 | 0.980±0.006 | 0.957±0.016 | best lr=3.00e-04 wd=1.00e-05 dr=0.30 | ADD
[TUNE main] lr=3.00e-04 wd=1.00e-05 dr=0.30 | val_acc=0.9883 val_syn_cc=0.9903 val_loss=0.0461 | test_acc=0.9828 test_syn_cc=0.9768| score=0.9883
0.25 0.00 0.25 0.50 | 0.988±0.006 | 0.990±0.010 | 0.983±0.003 | 0.977±0.006 | best lr=3.00e-04 wd=1.00e-05 dr=0.30 | ADD
[TUNE main] lr=3.00e-04 wd=1.00e-05 dr=0.30 | val_acc=0.9950 val_syn_cc=0.9973 val_loss=0.0214 | test_acc=0.9887 test_syn_cc=0.9898| score=0.9950
0.20 0.00 0.20 0.60 | 0.995±0.000 | 0.997±0.005 | 0.989±0.002 | 0.990±0.000 | best lr=3.00e-04 wd=1.00e-05 dr=0.30 | ADD
[TUNE main] lr=3.00e-04 wd=1.00e-05 dr=0.30 | val_acc=0.9567 val_syn_cc=0.7484 val_loss=0.1957 | test_acc=0.9548 test_syn_cc=0.7372| score=0.9567
0.40 0.00 0.45 0.15 | 0.957±0.016 | 0.748±0.125 | 0.955±0.008 | 0.737±0.043 | best lr=3.00e-04 wd=1.00e-05 dr=0.30 | ADD
[TUNE main] lr=3.00e-04 wd=1.00e-05 dr=0.30 | val_acc=0.9733 val_syn_cc=0.8982 val_loss=0.1006 | test_acc=0.9631 test_syn_cc=0.8817| score=0.9733
0.25 0.00 0.50 0.25 | 0.973±0.006 | 0.898±0.036 | 0.963±0.012 | 0.882±0.042 | best lr=3.00e-04 wd=1.00e-05 dr=0.30 | ADD
[TUNE main] lr=3.00e-04 wd=1.00e-05 dr=0.30 | val_acc=0.9767 val_syn_cc=0.6355 val_loss=0.0836 | test_acc=0.9650 test_syn_cc=0.4648| score=0.9767
0.20 0.00 0.75 0.05 | 0.977±0.013 | 0.636±0.118 | 0.965±0.001 | 0.465±0.019 | best lr=3.00e-04 wd=1.00e-05 dr=0.30 | ADD
[TUNE main] lr=3.00e-04 wd=1.00e-05 dr=0.30 | val_acc=1.0000 val_syn_cc=1.0000 val_loss=0.0064 | test_acc=0.9941 test_syn_cc=0.9953| score=1.0000
0.15 0.00 -0.00 0.85 | 1.000±0.000 | 1.000±0.000 | 0.994±0.002 | 0.995±0.001 | best lr=3.00e-04 wd=1.00e-05 dr=0.30 | ADD
[TUNE main] lr=3.00e-04 wd=1.00e-05 dr=0.30 | val_acc=0.9983 val_syn_cc=1.0000 val_loss=0.0150 | test_acc=0.9928 test_syn_cc=0.9937| score=0.9983
0.00 0.00 0.05 0.95 | 0.998±0.003 | 1.000±0.000 | 0.993±0.001 | 0.994±0.001 | best lr=3.00e-04 wd=1.00e-05 dr=0.30 | ADD
[TUNE main] lr=3.00e-04 wd=1.00e-05 dr=0.30 | val_acc=0.9900 val_syn_cc=0.9860 val_loss=0.0525 | test_acc=0.9784 test_syn_cc=0.9572| score=0.9900
0.25 0.00 0.35 0.40 | 0.990±0.010 | 0.986±0.014 | 0.978±0.005 | 0.957±0.012 | best lr=3.00e-04 wd=1.00e-05 dr=0.30 | ADD
[TUNE main] lr=3.00e-04 wd=1.00e-05 dr=0.30 | val_acc=0.9883 val_syn_cc=0.9920 val_loss=0.0387 | test_acc=0.9816 test_syn_cc=0.9639| score=0.9883
0.05 0.00 0.55 0.40 | 0.988±0.012 | 0.992±0.007 | 0.982±0.003 | 0.964±0.009 | best lr=3.00e-04 wd=1.00e-05 dr=0.30 | ADD
[TUNE main] lr=3.00e-04 wd=1.00e-05 dr=0.30 | val_acc=0.9633 val_syn_cc=0.7361 val_loss=0.1720 | test_acc=0.9431 test_syn_cc=0.5217| score=0.9633
0.40 0.00 0.50 0.10 | 0.963±0.024 | 0.736±0.180 | 0.943±0.005 | 0.522±0.030 | best lr=3.00e-04 wd=1.00e-05 dr=0.30 | ADD
[TUNE main] lr=3.00e-04 wd=1.00e-05 dr=0.30 | val_acc=0.9983 val_syn_cc=0.9965 val_loss=0.0220 | test_acc=0.9882 test_syn_cc=0.9814| score=0.9983
0.00 0.00 0.50 0.50 | 0.998±0.003 | 0.997±0.006 | 0.988±0.004 | 0.981±0.007 | best lr=3.00e-04 wd=1.00e-05 dr=0.30 | ADD
[TUNE main] lr=3.00e-04 wd=1.00e-05 dr=0.30 | val_acc=1.0000 val_syn_cc=1.0000 val_loss=0.0217 | test_acc=0.9867 test_syn_cc=0.9832| score=1.0000
0.40 0.00 0.05 0.55 | 1.000±0.000 | 1.000±0.000 | 0.987±0.000 | 0.983±0.003 | best lr=3.00e-04 wd=1.00e-05 dr=0.30 | ADD
[TUNE main] lr=3.00e-04 wd=1.00e-05 dr=0.30 | val_acc=0.9900 val_syn_cc=0.9931 val_loss=0.0341 | test_acc=0.9839 test_syn_cc=0.9745| score=0.9900
0.35 0.00 0.20 0.45 | 0.990±0.005 | 0.993±0.012 | 0.984±0.002 | 0.974±0.003 | best lr=3.00e-04 wd=1.00e-05 dr=0.30 | ADD
[TUNE main] lr=3.00e-04 wd=1.00e-05 dr=0.30 | val_acc=0.9950 val_syn_cc=1.0000 val_loss=0.0228 | test_acc=0.9897 test_syn_cc=0.9929| score=0.9950
0.05 0.00 0.10 0.85 | 0.995±0.005 | 1.000±0.000 | 0.990±0.004 | 0.993±0.004 | best lr=3.00e-04 wd=1.00e-05 dr=0.30 | ADD
[TUNE main] lr=3.00e-04 wd=1.00e-05 dr=0.30 | val_acc=0.9983 val_syn_cc=0.9978 val_loss=0.0113 | test_acc=0.9912 test_syn_cc=0.9943| score=0.9983
0.15 0.00 0.10 0.75 | 0.998±0.003 | 0.998±0.004 | 0.991±0.002 | 0.994±0.001 | best lr=3.00e-04 wd=1.00e-05 dr=0.30 | ADD
[TUNE main] lr=3.00e-04 wd=1.00e-05 dr=0.30 | val_acc=0.9500 val_syn_cc=0.7111 val_loss=0.2970 | test_acc=0.9367 test_syn_cc=0.6293| score=0.9500
0.55 0.00 0.30 0.15 | 0.950±0.013 | 0.711±0.077 | 0.937±0.013 | 0.629±0.095 | best lr=3.00e-04 wd=1.00e-05 dr=0.30 | ADD
[TUNE main] lr=3.00e-04 wd=1.00e-05 dr=0.30 | val_acc=1.0000 val_syn_cc=nan val_loss=0.0041 | test_acc=0.9998 test_syn_cc=nan| score=1.0000
0.00 0.00 1.00 0.00 | 1.000±0.000 | nan±nan | 1.000±0.000 | nan±nan | best lr=3.00e-04 wd=1.00e-05 dr=0.30 | ADD
[TUNE main] lr=3.00e-04 wd=1.00e-05 dr=0.30 | val_acc=0.9967 val_syn_cc=1.0000 val_loss=0.0184 | test_acc=0.9939 test_syn_cc=0.9957| score=0.9967
0.05 0.00 0.05 0.90 | 0.997±0.003 | 1.000±0.000 | 0.994±0.003 | 0.996±0.002 | best lr=3.00e-04 wd=1.00e-05 dr=0.30 | ADD
[TUNE main] lr=3.00e-04 wd=1.00e-05 dr=0.30 | val_acc=1.0000 val_syn_cc=1.0000 val_loss=0.0091 | test_acc=0.9889 test_syn_cc=0.9790| score=1.0000
0.00 0.00 0.55 0.45 | 1.000±0.000 | 1.000±0.000 | 0.989±0.001 | 0.979±0.003 | best lr=3.00e-04 wd=1.00e-05 dr=0.30 | ADD
[TUNE main] lr=3.00e-04 wd=1.00e-05 dr=0.30 | val_acc=0.9950 val_syn_cc=1.0000 val_loss=0.0236 | test_acc=0.9919 test_syn_cc=0.9936| score=0.9950
0.10 0.00 0.10 0.80 | 0.995±0.005 | 1.000±0.000 | 0.992±0.002 | 0.994±0.002 | best lr=3.00e-04 wd=1.00e-05 dr=0.30 | ADD
[TUNE main] lr=3.00e-04 wd=1.00e-05 dr=0.30 | val_acc=0.9817 val_syn_cc=0.6316 val_loss=0.0967 | test_acc=0.9601 test_syn_cc=0.4985| score=0.9817
0.50 0.00 0.45 0.05 | 0.982±0.010 | 0.632±0.080 | 0.960±0.008 | 0.498±0.034 | best lr=3.00e-04 wd=1.00e-05 dr=0.30 | ADD
[TUNE main] lr=3.00e-04 wd=1.00e-05 dr=0.30 | val_acc=0.9950 val_syn_cc=1.0000 val_loss=0.0289 | test_acc=0.9859 test_syn_cc=0.9833| score=0.9950
0.05 0.00 0.30 0.65 | 0.995±0.005 | 1.000±0.000 | 0.986±0.006 | 0.983±0.008 | best lr=3.00e-04 wd=1.00e-05 dr=0.30 | ADD
[TUNE main] lr=3.00e-04 wd=1.00e-05 dr=0.30 | val_acc=0.9833 val_syn_cc=0.9835 val_loss=0.0478 | test_acc=0.9857 test_syn_cc=0.9716| score=0.9833
0.20 0.00 0.45 0.35 | 0.983±0.010 | 0.984±0.014 | 0.986±0.001 | 0.972±0.003 | best lr=3.00e-04 wd=1.00e-05 dr=0.30 | ADD
[TUNE main] lr=3.00e-04 wd=1.00e-05 dr=0.30 | val_acc=0.9850 val_syn_cc=0.9888 val_loss=0.0375 | test_acc=0.9847 test_syn_cc=0.9760| score=0.9850
0.20 0.00 0.35 0.45 | 0.985±0.005 | 0.989±0.011 | 0.985±0.004 | 0.976±0.007 | best lr=3.00e-04 wd=1.00e-05 dr=0.30 | ADD
[TUNE main] lr=3.00e-04 wd=1.00e-05 dr=0.30 | val_acc=0.9933 val_syn_cc=0.9903 val_loss=0.0298 | test_acc=0.9871 test_syn_cc=0.9821| score=0.9933
0.45 0.00 0.05 0.50 | 0.993±0.003 | 0.990±0.010 | 0.987±0.003 | 0.982±0.003 | best lr=3.00e-04 wd=1.00e-05 dr=0.30 | ADD
[TUNE main] lr=3.00e-04 wd=1.00e-05 dr=0.30 | val_acc=0.9717 val_syn_cc=0.8522 val_loss=0.1132 | test_acc=0.9651 test_syn_cc=0.8476| score=0.9717
0.05 0.00 0.75 0.20 | 0.972±0.013 | 0.852±0.086 | 0.965±0.003 | 0.848±0.022 | best lr=3.00e-04 wd=1.00e-05 dr=0.30 | ADD
[TUNE main] lr=3.00e-04 wd=1.00e-05 dr=0.30 | val_acc=0.9983 val_syn_cc=nan val_loss=0.0104 | test_acc=0.9968 test_syn_cc=nan| score=0.9983
0.15 0.00 0.85 0.00 | 0.998±0.003 | nan±nan | 0.997±0.001 | nan±nan | best lr=3.00e-04 wd=1.00e-05 dr=0.30 | ADD
[TUNE main] lr=3.00e-04 wd=1.00e-05 dr=0.30 | val_acc=0.9933 val_syn_cc=0.9933 val_loss=0.0301 | test_acc=0.9879 test_syn_cc=0.9843| score=0.9933
0.35 0.00 0.15 0.50 | 0.993±0.006 | 0.993±0.012 | 0.988±0.003 | 0.984±0.006 | best lr=3.00e-04 wd=1.00e-05 dr=0.30 | ADD
[TUNE main] lr=3.00e-04 wd=1.00e-05 dr=0.30 | val_acc=0.9933 val_syn_cc=0.9977 val_loss=0.0235 | test_acc=0.9911 test_syn_cc=0.9921| score=0.9933
0.10 0.00 0.20 0.70 | 0.993±0.003 | 0.998±0.004 | 0.991±0.001 | 0.992±0.002 | best lr=3.00e-04 wd=1.00e-05 dr=0.30 | ADD
[TUNE main] lr=3.00e-04 wd=1.00e-05 dr=0.30 | val_acc=0.9933 val_syn_cc=0.9928 val_loss=0.0275 | test_acc=0.9908 test_syn_cc=0.9886| score=0.9933
0.00 0.00 0.30 0.70 | 0.993±0.006 | 0.993±0.007 | 0.991±0.004 | 0.989±0.006 | best lr=3.00e-04 wd=1.00e-05 dr=0.30 | ADD
[TUNE main] lr=3.00e-04 wd=1.00e-05 dr=0.30 | val_acc=0.9517 val_syn_cc=0.6463 val_loss=0.2132 | test_acc=0.9485 test_syn_cc=0.5695| score=0.9517
0.70 0.00 0.20 0.10 | 0.952±0.018 | 0.646±0.094 | 0.949±0.005 | 0.570±0.057 | best lr=3.00e-04 wd=1.00e-05 dr=0.30 | ADD
[TUNE main] lr=3.00e-04 wd=1.00e-05 dr=0.30 | val_acc=0.9700 val_syn_cc=0.7771 val_loss=0.1209 | test_acc=0.9549 test_syn_cc=0.6043| score=0.9700
0.60 0.00 0.30 0.10 | 0.970±0.005 | 0.777±0.044 | 0.955±0.008 | 0.604±0.072 | best lr=3.00e-04 wd=1.00e-05 dr=0.30 | ADD
[TUNE main] lr=3.00e-04 wd=1.00e-05 dr=0.30 | val_acc=0.9983 val_syn_cc=0.9968 val_loss=0.0138 | test_acc=0.9889 test_syn_cc=0.9848| score=0.9983
0.45 0.00 0.00 0.55 | 0.998±0.003 | 0.997±0.006 | 0.989±0.003 | 0.985±0.005 | best lr=3.00e-04 wd=1.00e-05 dr=0.30 | ADD
[TUNE main] lr=3.00e-04 wd=1.00e-05 dr=0.30 | val_acc=0.9667 val_syn_cc=0.7074 val_loss=0.1617 | test_acc=0.9420 test_syn_cc=0.4857| score=0.9667
0.05 0.00 0.85 0.10 | 0.967±0.010 | 0.707±0.101 | 0.942±0.007 | 0.486±0.034 | best lr=3.00e-04 wd=1.00e-05 dr=0.30 | ADD
[TUNE main] lr=3.00e-04 wd=1.00e-05 dr=0.30 | val_acc=0.9783 val_syn_cc=0.8907 val_loss=0.1039 | test_acc=0.9648 test_syn_cc=0.8287| score=0.9783
0.80 0.00 -0.00 0.20 | 0.978±0.012 | 0.891±0.061 | 0.965±0.007 | 0.829±0.037 | best lr=3.00e-04 wd=1.00e-05 dr=0.30 | ADD
[TUNE main] lr=3.00e-04 wd=1.00e-05 dr=0.30 | val_acc=0.9617 val_syn_cc=0.8206 val_loss=0.1828 | test_acc=0.9548 test_syn_cc=0.7906| score=0.9617
0.75 0.00 0.05 0.20 | 0.962±0.012 | 0.821±0.078 | 0.955±0.008 | 0.791±0.036 | best lr=3.00e-04 wd=1.00e-05 dr=0.30 | ADD
[TUNE main] lr=3.00e-04 wd=1.00e-05 dr=0.30 | val_acc=0.9783 val_syn_cc=0.9380 val_loss=0.1040 | test_acc=0.9707 test_syn_cc=0.9143| score=0.9783
0.60 0.00 0.10 0.30 | 0.978±0.006 | 0.938±0.025 | 0.971±0.012 | 0.914±0.034 | best lr=3.00e-04 wd=1.00e-05 dr=0.30 | ADD
[TUNE main] lr=3.00e-04 wd=1.00e-05 dr=0.30 | val_acc=0.9817 val_syn_cc=0.9410 val_loss=0.0722 | test_acc=0.9679 test_syn_cc=0.8671| score=0.9817
0.35 0.00 0.45 0.20 | 0.982±0.010 | 0.941±0.038 | 0.968±0.009 | 0.867±0.036 | best lr=3.00e-04 wd=1.00e-05 dr=0.30 | ADD
[TUNE main] lr=3.00e-04 wd=1.00e-05 dr=0.30 | val_acc=1.0000 val_syn_cc=nan val_loss=0.0084 | test_acc=0.9954 test_syn_cc=nan| score=1.0000
0.70 0.00 0.30 0.00 | 1.000±0.000 | nan±nan | 0.995±0.003 | nan±nan | best lr=3.00e-04 wd=1.00e-05 dr=0.30 | ADD
[TUNE main] lr=3.00e-04 wd=1.00e-05 dr=0.30 | val_acc=0.9817 val_syn_cc=0.9857 val_loss=0.0450 | test_acc=0.9823 test_syn_cc=0.9705| score=0.9817
0.30 0.00 0.25 0.45 | 0.982±0.008 | 0.986±0.005 | 0.982±0.004 | 0.971±0.008 | best lr=3.00e-04 wd=1.00e-05 dr=0.30 | ADD
[TUNE main] lr=3.00e-04 wd=1.00e-05 dr=0.30 | val_acc=0.9517 val_syn_cc=0.8034 val_loss=0.1895 | test_acc=0.9471 test_syn_cc=0.7621| score=0.9517
0.15 0.00 0.65 0.20 | 0.952±0.006 | 0.803±0.069 | 0.947±0.022 | 0.762±0.087 | best lr=3.00e-04 wd=1.00e-05 dr=0.30 | ADD
[TUNE main] lr=3.00e-04 wd=1.00e-05 dr=0.30 | val_acc=0.9850 val_syn_cc=0.9649 val_loss=0.0662 | test_acc=0.9808 test_syn_cc=0.9465| score=0.9850
0.20 0.00 0.50 0.30 | 0.985±0.010 | 0.965±0.016 | 0.981±0.004 | 0.947±0.014 | best lr=3.00e-04 wd=1.00e-05 dr=0.30 | ADD
[TUNE main] lr=3.00e-04 wd=1.00e-05 dr=0.30 | val_acc=0.9667 val_syn_cc=0.7026 val_loss=0.1956 | test_acc=0.9442 test_syn_cc=0.4867| score=0.9667
0.00 0.00 0.90 0.10 | 0.967±0.016 | 0.703±0.162 | 0.944±0.002 | 0.487±0.009 | best lr=3.00e-04 wd=1.00e-05 dr=0.30 | ADD
[TUNE main] lr=3.00e-04 wd=1.00e-05 dr=0.30 | val_acc=0.9667 val_syn_cc=0.9210 val_loss=0.0941 | test_acc=0.9719 test_syn_cc=0.9224| score=0.9667
0.10 0.00 0.60 0.30 | 0.967±0.018 | 0.921±0.041 | 0.972±0.006 | 0.922±0.019 | best lr=3.00e-04 wd=1.00e-05 dr=0.30 | ADD
[TUNE main] lr=3.00e-04 wd=1.00e-05 dr=0.30 | val_acc=0.9983 val_syn_cc=1.0000 val_loss=0.0192 | test_acc=0.9899 test_syn_cc=0.9835| score=0.9983
0.00 0.00 0.45 0.55 | 0.998±0.003 | 1.000±0.000 | 0.990±0.002 | 0.984±0.002 | best lr=3.00e-04 wd=1.00e-05 dr=0.30 | ADD
[TUNE main] lr=3.00e-04 wd=1.00e-05 dr=0.30 | val_acc=0.9950 val_syn_cc=0.9967 val_loss=0.0195 | test_acc=0.9830 test_syn_cc=0.9784| score=0.9950
0.30 0.00 0.20 0.50 | 0.995±0.005 | 0.997±0.006 | 0.983±0.006 | 0.978±0.009 | best lr=3.00e-04 wd=1.00e-05 dr=0.30 | ADD
[TUNE main] lr=3.00e-04 wd=1.00e-05 dr=0.30 | val_acc=0.9683 val_syn_cc=0.7402 val_loss=0.1354 | test_acc=0.9428 test_syn_cc=0.5474| score=0.9683
0.35 0.00 0.55 0.10 | 0.968±0.010 | 0.740±0.031 | 0.943±0.012 | 0.547±0.055 | best lr=3.00e-04 wd=1.00e-05 dr=0.30 | ADD
[TUNE main] lr=3.00e-04 wd=1.00e-05 dr=0.30 | val_acc=0.9967 val_syn_cc=1.0000 val_loss=0.0283 | test_acc=0.9901 test_syn_cc=0.9913| score=0.9967
0.20 0.00 0.10 0.70 | 0.997±0.006 | 1.000±0.000 | 0.990±0.003 | 0.991±0.003 | best lr=3.00e-04 wd=1.00e-05 dr=0.30 | ADD
[TUNE main] lr=3.00e-04 wd=1.00e-05 dr=0.30 | val_acc=0.9933 val_syn_cc=0.9972 val_loss=0.0228 | test_acc=0.9878 test_syn_cc=0.9856| score=0.9933
0.05 0.00 0.35 0.60 | 0.993±0.003 | 0.997±0.005 | 0.988±0.004 | 0.986±0.005 | best lr=3.00e-04 wd=1.00e-05 dr=0.30 | ADD
[TUNE main] lr=3.00e-04 wd=1.00e-05 dr=0.30 | val_acc=0.9917 val_syn_cc=0.9969 val_loss=0.0278 | test_acc=0.9854 test_syn_cc=0.9792| score=0.9917
0.40 0.00 0.10 0.50 | 0.992±0.006 | 0.997±0.005 | 0.985±0.001 | 0.979±0.000 | best lr=3.00e-04 wd=1.00e-05 dr=0.30 | ADD
[TUNE main] lr=3.00e-04 wd=1.00e-05 dr=0.30 | val_acc=0.9767 val_syn_cc=0.6474 val_loss=0.1352 | test_acc=0.9645 test_syn_cc=0.4864| score=0.9767
0.60 0.00 0.35 0.05 | 0.977±0.006 | 0.647±0.057 | 0.965±0.004 | 0.486±0.053 | best lr=3.00e-04 wd=1.00e-05 dr=0.30 | ADD
[TUNE main] lr=3.00e-04 wd=1.00e-05 dr=0.30 | val_acc=0.9600 val_syn_cc=0.7144 val_loss=0.1174 | test_acc=0.9419 test_syn_cc=0.5036| score=0.9600
0.25 0.00 0.65 0.10 | 0.960±0.020 | 0.714±0.057 | 0.942±0.010 | 0.504±0.048 | best lr=3.00e-04 wd=1.00e-05 dr=0.30 | ADD
[TUNE main] lr=3.00e-04 wd=1.00e-05 dr=0.30 | val_acc=0.9600 val_syn_cc=0.6774 val_loss=0.1295 | test_acc=0.9458 test_syn_cc=0.5269| score=0.9600
0.30 0.00 0.60 0.10 | 0.960±0.020 | 0.677±0.033 | 0.946±0.005 | 0.527±0.037 | best lr=3.00e-04 wd=1.00e-05 dr=0.30 | ADD
[TUNE main] lr=3.00e-04 wd=1.00e-05 dr=0.30 | val_acc=0.9833 val_syn_cc=0.9135 val_loss=0.0804 | test_acc=0.9716 test_syn_cc=0.8913| score=0.9833
0.45 0.00 0.35 0.20 | 0.983±0.008 | 0.913±0.037 | 0.972±0.006 | 0.891±0.035 | best lr=3.00e-04 wd=1.00e-05 dr=0.30 | ADD
[TUNE main] lr=3.00e-04 wd=1.00e-05 dr=0.30 | val_acc=0.9967 val_syn_cc=nan val_loss=0.0170 | test_acc=0.9951 test_syn_cc=nan| score=0.9967
0.45 0.00 0.55 0.00 | 0.997±0.006 | nan±nan | 0.995±0.002 | nan±nan | best lr=3.00e-04 wd=1.00e-05 dr=0.30 | ADD
[TUNE main] lr=3.00e-04 wd=1.00e-05 dr=0.30 | val_acc=0.9967 val_syn_cc=0.9961 val_loss=0.0201 | test_acc=0.9867 test_syn_cc=0.9782| score=0.9967
0.30 0.00 0.30 0.40 | 0.997±0.003 | 0.996±0.007 | 0.987±0.005 | 0.978±0.008 | best lr=3.00e-04 wd=1.00e-05 dr=0.30 | ADD
[TUNE main] lr=3.00e-04 wd=1.00e-05 dr=0.30 | val_acc=0.9933 val_syn_cc=0.9941 val_loss=0.0152 | test_acc=0.9878 test_syn_cc=0.9861| score=0.9933
0.20 0.00 0.25 0.55 | 0.993±0.003 | 0.994±0.005 | 0.988±0.002 | 0.986±0.003 | best lr=3.00e-04 wd=1.00e-05 dr=0.30 | ADD
[TUNE main] lr=3.00e-04 wd=1.00e-05 dr=0.30 | val_acc=0.9750 val_syn_cc=0.8230 val_loss=0.1357 | test_acc=0.9511 test_syn_cc=0.5948| score=0.9750
0.65 0.00 0.25 0.10 | 0.975±0.013 | 0.823±0.083 | 0.951±0.013 | 0.595±0.110 | best lr=3.00e-04 wd=1.00e-05 dr=0.30 | ADD
[TUNE main] lr=3.00e-04 wd=1.00e-05 dr=0.30 | val_acc=0.9983 val_syn_cc=nan val_loss=0.0130 | test_acc=0.9978 test_syn_cc=nan| score=0.9983
0.05 0.00 0.95 0.00 | 0.998±0.003 | nan±nan | 0.998±0.001 | nan±nan | best lr=3.00e-04 wd=1.00e-05 dr=0.30 | ADD
[TUNE main] lr=3.00e-04 wd=1.00e-05 dr=0.30 | val_acc=0.9800 val_syn_cc=0.9540 val_loss=0.0867 | test_acc=0.9798 test_syn_cc=0.9496| score=0.9800
0.55 0.00 0.15 0.30 | 0.980±0.010 | 0.954±0.017 | 0.980±0.005 | 0.950±0.019 | best lr=3.00e-04 wd=1.00e-05 dr=0.30 | ADD
[TUNE main] lr=3.00e-04 wd=1.00e-05 dr=0.30 | val_acc=0.9900 val_syn_cc=0.9765 val_loss=0.0456 | test_acc=0.9805 test_syn_cc=0.9604| score=0.9900
0.30 0.00 0.35 0.35 | 0.990±0.005 | 0.977±0.015 | 0.981±0.003 | 0.960±0.007 | best lr=3.00e-04 wd=1.00e-05 dr=0.30 | ADD
[TUNE main] lr=3.00e-04 wd=1.00e-05 dr=0.30 | val_acc=1.0000 val_syn_cc=1.0000 val_loss=0.0062 | test_acc=0.9938 test_syn_cc=0.9955| score=1.0000
0.10 0.00 0.00 0.90 | 1.000±0.000 | 1.000±0.000 | 0.994±0.001 | 0.995±0.002 | best lr=3.00e-04 wd=1.00e-05 dr=0.30 | ADD
[TUNE main] lr=3.00e-04 wd=1.00e-05 dr=0.30 | val_acc=0.9633 val_syn_cc=0.5429 val_loss=0.1072 | test_acc=0.9658 test_syn_cc=0.4749| score=0.9633
0.10 0.00 0.85 0.05 | 0.963±0.003 | 0.543±0.119 | 0.966±0.003 | 0.475±0.035 | best lr=3.00e-04 wd=1.00e-05 dr=0.30 | ADD
[TUNE main] lr=3.00e-04 wd=1.00e-05 dr=0.30 | val_acc=1.0000 val_syn_cc=nan val_loss=0.0078 | test_acc=0.9968 test_syn_cc=nan| score=1.0000
0.60 0.00 0.40 0.00 | 1.000±0.000 | nan±nan | 0.997±0.001 | nan±nan | best lr=3.00e-04 wd=1.00e-05 dr=0.30 | ADD
[TUNE main] lr=3.00e-04 wd=1.00e-05 dr=0.30 | val_acc=0.9967 val_syn_cc=1.0000 val_loss=0.0173 | test_acc=0.9901 test_syn_cc=0.9914| score=0.9967
0.15 0.00 0.15 0.70 | 0.997±0.006 | 1.000±0.000 | 0.990±0.002 | 0.991±0.003 | best lr=3.00e-04 wd=1.00e-05 dr=0.30 | ADD
[TUNE main] lr=3.00e-04 wd=1.00e-05 dr=0.30 | val_acc=0.9783 val_syn_cc=0.8813 val_loss=0.0812 | test_acc=0.9561 test_syn_cc=0.7539| score=0.9783
0.65 0.00 0.20 0.15 | 0.978±0.006 | 0.881±0.036 | 0.956±0.012 | 0.754±0.087 | best lr=3.00e-04 wd=1.00e-05 dr=0.30 | ADD
[TUNE main] lr=3.00e-04 wd=1.00e-05 dr=0.30 | val_acc=0.9933 val_syn_cc=0.9970 val_loss=0.0287 | test_acc=0.9878 test_syn_cc=0.9841| score=0.9933
0.15 0.00 0.35 0.50 | 0.993±0.003 | 0.997±0.005 | 0.988±0.002 | 0.984±0.002 | best lr=3.00e-04 wd=1.00e-05 dr=0.30 | ADD
[TUNE main] lr=3.00e-04 wd=1.00e-05 dr=0.30 | val_acc=0.9883 val_syn_cc=0.9719 val_loss=0.0594 | test_acc=0.9832 test_syn_cc=0.9577| score=0.9883
0.65 0.00 -0.00 0.35 | 0.988±0.012 | 0.972±0.023 | 0.983±0.002 | 0.958±0.009 | best lr=3.00e-04 wd=1.00e-05 dr=0.30 | ADD
[TUNE main] lr=3.00e-04 wd=1.00e-05 dr=0.30 | val_acc=0.9750 val_syn_cc=0.6121 val_loss=0.0840 | test_acc=0.9720 test_syn_cc=0.4908| score=0.9750
0.95 0.00 -0.00 0.05 | 0.975±0.005 | 0.612±0.201 | 0.972±0.005 | 0.491±0.035 | best lr=3.00e-04 wd=1.00e-05 dr=0.30 | ADD
[TUNE main] lr=3.00e-04 wd=1.00e-05 dr=0.30 | val_acc=0.9917 val_syn_cc=0.9973 val_loss=0.0286 | test_acc=0.9875 test_syn_cc=0.9902| score=0.9917
0.30 0.00 0.10 0.60 | 0.992±0.006 | 0.997±0.005 | 0.987±0.003 | 0.990±0.005 | best lr=3.00e-04 wd=1.00e-05 dr=0.30 | ADD
[TUNE main] lr=3.00e-04 wd=1.00e-05 dr=0.30 | val_acc=0.9950 val_syn_cc=0.9963 val_loss=0.0215 | test_acc=0.9871 test_syn_cc=0.9846| score=0.9950
0.20 0.00 0.30 0.50 | 0.995±0.005 | 0.996±0.006 | 0.987±0.001 | 0.985±0.003 | best lr=3.00e-04 wd=1.00e-05 dr=0.30 | ADD
[TUNE main] lr=3.00e-04 wd=1.00e-05 dr=0.30 | val_acc=0.9650 val_syn_cc=0.8475 val_loss=0.1719 | test_acc=0.9629 test_syn_cc=0.8384| score=0.9650
0.70 0.00 0.10 0.20 | 0.965±0.017 | 0.847±0.067 | 0.963±0.007 | 0.838±0.040 | best lr=3.00e-04 wd=1.00e-05 dr=0.30 | ADD
[TUNE main] lr=3.00e-04 wd=1.00e-05 dr=0.30 | val_acc=0.9867 val_syn_cc=0.9554 val_loss=0.0599 | test_acc=0.9763 test_syn_cc=0.9182| score=0.9867
0.70 0.00 0.05 0.25 | 0.987±0.010 | 0.955±0.043 | 0.976±0.005 | 0.918±0.023 | best lr=3.00e-04 wd=1.00e-05 dr=0.30 | ADD
[TUNE main] lr=3.00e-04 wd=1.00e-05 dr=0.30 | val_acc=0.9617 val_syn_cc=0.8087 val_loss=0.1490 | test_acc=0.9603 test_syn_cc=0.7952| score=0.9617
0.00 0.00 0.80 0.20 | 0.962±0.024 | 0.809±0.104 | 0.960±0.014 | 0.795±0.076 | best lr=3.00e-04 wd=1.00e-05 dr=0.30 | ADD
[TUNE main] lr=3.00e-04 wd=1.00e-05 dr=0.30 | val_acc=0.9683 val_syn_cc=0.5848 val_loss=0.1332 | test_acc=0.9582 test_syn_cc=0.4942| score=0.9683
0.15 0.00 0.80 0.05 | 0.968±0.018 | 0.585±0.123 | 0.958±0.018 | 0.494±0.021 | best lr=3.00e-04 wd=1.00e-05 dr=0.30 | ADD
[TUNE main] lr=3.00e-04 wd=1.00e-05 dr=0.30 | val_acc=0.9700 val_syn_cc=0.7528 val_loss=0.1541 | test_acc=0.9536 test_syn_cc=0.5878| score=0.9700
0.80 0.00 0.10 0.10 | 0.970±0.010 | 0.753±0.075 | 0.954±0.005 | 0.588±0.081 | best lr=3.00e-04 wd=1.00e-05 dr=0.30 | ADD
[TUNE main] lr=3.00e-04 wd=1.00e-05 dr=0.30 | val_acc=0.9883 val_syn_cc=0.9874 val_loss=0.0299 | test_acc=0.9796 test_syn_cc=0.9448| score=0.9883
0.05 0.00 0.65 0.30 | 0.988±0.003 | 0.987±0.011 | 0.980±0.004 | 0.945±0.017 | best lr=3.00e-04 wd=1.00e-05 dr=0.30 | ADD
[TUNE main] lr=3.00e-04 wd=1.00e-05 dr=0.30 | val_acc=0.9867 val_syn_cc=0.9821 val_loss=0.0452 | test_acc=0.9758 test_syn_cc=0.9368| score=0.9867
0.45 0.00 0.25 0.30 | 0.987±0.013 | 0.982±0.031 | 0.976±0.007 | 0.937±0.021 | best lr=3.00e-04 wd=1.00e-05 dr=0.30 | ADD
[TUNE main] lr=3.00e-04 wd=1.00e-05 dr=0.30 | val_acc=0.9983 val_syn_cc=nan val_loss=0.0088 | test_acc=0.9961 test_syn_cc=nan| score=0.9983
0.80 0.00 0.20 0.00 | 0.998±0.003 | nan±nan | 0.996±0.001 | nan±nan | best lr=3.00e-04 wd=1.00e-05 dr=0.30 | ADD
[TUNE main] lr=3.00e-04 wd=1.00e-05 dr=0.30 | val_acc=0.9967 val_syn_cc=1.0000 val_loss=0.0431 | test_acc=0.9938 test_syn_cc=0.9954| score=0.9967
0.05 0.00 -0.00 0.95 | 0.997±0.003 | 1.000±0.000 | 0.994±0.002 | 0.995±0.002 | best lr=3.00e-04 wd=1.00e-05 dr=0.30 | ADD
[TUNE main] lr=3.00e-04 wd=1.00e-05 dr=0.30 | val_acc=1.0000 val_syn_cc=1.0000 val_loss=0.0140 | test_acc=0.9884 test_syn_cc=0.9836| score=1.0000
0.40 0.00 -0.00 0.60 | 1.000±0.000 | 1.000±0.000 | 0.988±0.004 | 0.984±0.008 | best lr=3.00e-04 wd=1.00e-05 dr=0.30 | ADD
[TUNE main] lr=3.00e-04 wd=1.00e-05 dr=0.30 | val_acc=0.9750 val_syn_cc=0.7444 val_loss=0.0861 | test_acc=0.9697 test_syn_cc=0.5134| score=0.9750
0.75 0.00 0.20 0.05 | 0.975±0.005 | 0.744±0.010 | 0.970±0.002 | 0.513±0.020 | best lr=3.00e-04 wd=1.00e-05 dr=0.30 | ADD
[TUNE main] lr=3.00e-04 wd=1.00e-05 dr=0.30 | val_acc=0.9800 val_syn_cc=0.9458 val_loss=0.0871 | test_acc=0.9715 test_syn_cc=0.9034| score=0.9800
0.10 0.00 0.65 0.25 | 0.980±0.015 | 0.946±0.050 | 0.971±0.007 | 0.903±0.029 | best lr=3.00e-04 wd=1.00e-05 dr=0.30 | ADD
[TUNE main] lr=3.00e-04 wd=1.00e-05 dr=0.30 | val_acc=1.0000 val_syn_cc=nan val_loss=0.0060 | test_acc=0.9998 test_syn_cc=nan| score=1.0000
1.00 0.00 0.00 0.00 | 1.000±0.000 | nan±nan | 1.000±0.000 | nan±nan | best lr=3.00e-04 wd=1.00e-05 dr=0.30 | ADD
[TUNE main] lr=3.00e-04 wd=1.00e-05 dr=0.30 | val_acc=0.9950 val_syn_cc=0.9936 val_loss=0.0204 | test_acc=0.9889 test_syn_cc=0.9841| score=0.9950
0.05 0.00 0.45 0.50 | 0.995±0.009 | 0.994±0.011 | 0.989±0.002 | 0.984±0.004 | best lr=3.00e-04 wd=1.00e-05 dr=0.30 | ADD
[TUNE main] lr=3.00e-04 wd=1.00e-05 dr=0.30 | val_acc=0.9667 val_syn_cc=0.6872 val_loss=0.1480 | test_acc=0.9437 test_syn_cc=0.5108| score=0.9667
0.20 0.00 0.70 0.10 | 0.967±0.016 | 0.687±0.039 | 0.944±0.006 | 0.511±0.035 | best lr=3.00e-04 wd=1.00e-05 dr=0.30 | ADD
[TUNE main] lr=3.00e-04 wd=1.00e-05 dr=0.30 | val_acc=0.9733 val_syn_cc=0.5905 val_loss=0.1443 | test_acc=0.9713 test_syn_cc=0.4981| score=0.9733
0.90 0.00 0.05 0.05 | 0.973±0.025 | 0.590±0.201 | 0.971±0.001 | 0.498±0.021 | best lr=3.00e-04 wd=1.00e-05 dr=0.30 | ADD
[TUNE main] lr=3.00e-04 wd=1.00e-05 dr=0.30 | val_acc=1.0000 val_syn_cc=1.0000 val_loss=0.0534 | test_acc=0.9960 test_syn_cc=0.9960| score=1.0000
0.00 0.00 0.00 1.00 | 1.000±0.000 | 1.000±0.000 | 0.996±0.003 | 0.996±0.003 | best lr=3.00e-04 wd=1.00e-05 dr=0.30 | ADD
[TUNE main] lr=3.00e-04 wd=1.00e-05 dr=0.30 | val_acc=0.9667 val_syn_cc=0.8261 val_loss=0.1606 | test_acc=0.9477 test_syn_cc=0.7062| score=0.9667
0.25 0.00 0.60 0.15 | 0.967±0.008 | 0.826±0.035 | 0.948±0.027 | 0.706±0.149 | best lr=3.00e-04 wd=1.00e-05 dr=0.30 | ADD
[TUNE main] lr=3.00e-04 wd=1.00e-05 dr=0.30 | val_acc=0.9983 val_syn_cc=nan val_loss=0.0164 | test_acc=0.9961 test_syn_cc=nan| score=0.9983
0.35 0.00 0.65 0.00 | 0.998±0.003 | nan±nan | 0.996±0.001 | nan±nan | best lr=3.00e-04 wd=1.00e-05 dr=0.30 | ADD
[TUNE main] lr=3.00e-04 wd=1.00e-05 dr=0.30 | val_acc=0.9483 val_syn_cc=0.6880 val_loss=0.1720 | test_acc=0.9467 test_syn_cc=0.6767| score=0.9483
0.45 0.00 0.40 0.15 | 0.948±0.010 | 0.688±0.087 | 0.947±0.025 | 0.677±0.173 | best lr=3.00e-04 wd=1.00e-05 dr=0.30 | ADD
[TUNE main] lr=3.00e-04 wd=1.00e-05 dr=0.30 | val_acc=0.9517 val_syn_cc=0.7395 val_loss=0.2137 | test_acc=0.9588 test_syn_cc=0.7563| score=0.9517
0.15 0.00 0.70 0.15 | 0.952±0.015 | 0.740±0.063 | 0.959±0.013 | 0.756±0.067 | best lr=3.00e-04 wd=1.00e-05 dr=0.30 | ADD
[TUNE main] lr=3.00e-04 wd=1.00e-05 dr=0.30 | val_acc=0.9917 val_syn_cc=0.9931 val_loss=0.0388 | test_acc=0.9902 test_syn_cc=0.9832| score=0.9917
0.50 0.00 0.00 0.50 | 0.992±0.008 | 0.993±0.012 | 0.990±0.003 | 0.983±0.006 | best lr=3.00e-04 wd=1.00e-05 dr=0.30 | ADD
[TUNE main] lr=3.00e-04 wd=1.00e-05 dr=0.30 | val_acc=0.9967 val_syn_cc=1.0000 val_loss=0.0221 | test_acc=0.9908 test_syn_cc=0.9938| score=0.9967
0.15 0.00 0.05 0.80 | 0.997±0.006 | 1.000±0.000 | 0.991±0.001 | 0.994±0.001 | best lr=3.00e-04 wd=1.00e-05 dr=0.30 | ADD
[TUNE main] lr=3.00e-04 wd=1.00e-05 dr=0.30 | val_acc=0.9800 val_syn_cc=0.9440 val_loss=0.0680 | test_acc=0.9794 test_syn_cc=0.9354| score=0.9800
0.65 0.00 0.10 0.25 | 0.980±0.009 | 0.944±0.032 | 0.979±0.008 | 0.935±0.039 | best lr=3.00e-04 wd=1.00e-05 dr=0.30 | ADD
[TUNE main] lr=3.00e-04 wd=1.00e-05 dr=0.30 | val_acc=0.9500 val_syn_cc=0.5813 val_loss=0.2626 | test_acc=0.9430 test_syn_cc=0.5005| score=0.9500
0.45 0.00 0.45 0.10 | 0.950±0.010 | 0.581±0.161 | 0.943±0.001 | 0.500±0.010 | best lr=3.00e-04 wd=1.00e-05 dr=0.30 | ADD
[TUNE main] lr=3.00e-04 wd=1.00e-05 dr=0.30 | val_acc=0.9683 val_syn_cc=0.8707 val_loss=0.1859 | test_acc=0.9667 test_syn_cc=0.8659| score=0.9683
0.65 0.00 0.15 0.20 | 0.968±0.020 | 0.871±0.080 | 0.967±0.011 | 0.866±0.046 | best lr=3.00e-04 wd=1.00e-05 dr=0.30 | ADD
[TUNE main] lr=3.00e-04 wd=1.00e-05 dr=0.30 | val_acc=1.0000 val_syn_cc=nan val_loss=0.0060 | test_acc=0.9973 test_syn_cc=nan| score=1.0000
0.75 0.00 0.25 0.00 | 1.000±0.000 | nan±nan | 0.997±0.000 | nan±nan | best lr=3.00e-04 wd=1.00e-05 dr=0.30 | ADD
[TUNE main] lr=3.00e-04 wd=1.00e-05 dr=0.30 | val_acc=0.9700 val_syn_cc=0.5566 val_loss=0.1196 | test_acc=0.9683 test_syn_cc=0.4953| score=0.9700
0.30 0.00 0.65 0.05 | 0.970±0.010 | 0.557±0.071 | 0.968±0.002 | 0.495±0.013 | best lr=3.00e-04 wd=1.00e-05 dr=0.30 | ADD
[TUNE main] lr=3.00e-04 wd=1.00e-05 dr=0.30 | val_acc=0.9833 val_syn_cc=0.9399 val_loss=0.0730 | test_acc=0.9741 test_syn_cc=0.8945| score=0.9833
0.55 0.00 0.25 0.20 | 0.983±0.013 | 0.940±0.040 | 0.974±0.004 | 0.894±0.014 | best lr=3.00e-04 wd=1.00e-05 dr=0.30 | ADD
[TUNE main] lr=3.00e-04 wd=1.00e-05 dr=0.30 | val_acc=0.9783 val_syn_cc=0.9395 val_loss=0.0942 | test_acc=0.9722 test_syn_cc=0.9215| score=0.9783
0.35 0.00 0.35 0.30 | 0.978±0.013 | 0.939±0.040 | 0.972±0.006 | 0.921±0.021 | best lr=3.00e-04 wd=1.00e-05 dr=0.30 | ADD
[TUNE main] lr=3.00e-04 wd=1.00e-05 dr=0.30 | val_acc=0.9967 val_syn_cc=0.9948 val_loss=0.0227 | test_acc=0.9910 test_syn_cc=0.9869| score=0.9967
0.00 0.00 0.40 0.60 | 0.997±0.006 | 0.995±0.009 | 0.991±0.002 | 0.987±0.003 | best lr=3.00e-04 wd=1.00e-05 dr=0.30 | ADD
[TUNE main] lr=3.00e-04 wd=1.00e-05 dr=0.30 | val_acc=0.9900 val_syn_cc=0.9972 val_loss=0.0375 | test_acc=0.9867 test_syn_cc=0.9851| score=0.9900
0.10 0.00 0.30 0.60 | 0.990±0.000 | 0.997±0.005 | 0.987±0.004 | 0.985±0.007 | best lr=3.00e-04 wd=1.00e-05 dr=0.30 | ADD
[TUNE main] lr=3.00e-04 wd=1.00e-05 dr=0.30 | val_acc=0.9900 val_syn_cc=0.9821 val_loss=0.0306 | test_acc=0.9822 test_syn_cc=0.9648| score=0.9900
0.10 0.00 0.55 0.35 | 0.990±0.000 | 0.982±0.008 | 0.982±0.002 | 0.965±0.004 | best lr=3.00e-04 wd=1.00e-05 dr=0.30 | ADD
[TUNE main] lr=3.00e-04 wd=1.00e-05 dr=0.30 | val_acc=0.9950 val_syn_cc=0.9886 val_loss=0.0390 | test_acc=0.9839 test_syn_cc=0.9720| score=0.9950
0.55 0.00 0.05 0.40 | 0.995±0.005 | 0.989±0.012 | 0.984±0.001 | 0.972±0.003 | best lr=3.00e-04 wd=1.00e-05 dr=0.30 | ADD
[TUNE main] lr=3.00e-04 wd=1.00e-05 dr=0.30 | val_acc=0.9900 val_syn_cc=0.9791 val_loss=0.0562 | test_acc=0.9826 test_syn_cc=0.9491| score=0.9900
0.15 0.00 0.60 0.25 | 0.990±0.010 | 0.979±0.022 | 0.983±0.007 | 0.949±0.023 | best lr=3.00e-04 wd=1.00e-05 dr=0.30 | ADD
[TUNE main] lr=3.00e-04 wd=1.00e-05 dr=0.30 | val_acc=0.9900 val_syn_cc=0.9843 val_loss=0.0428 | test_acc=0.9858 test_syn_cc=0.9702| score=0.9900
0.60 0.00 -0.00 0.40 | 0.990±0.009 | 0.984±0.018 | 0.986±0.006 | 0.970±0.012 | best lr=3.00e-04 wd=1.00e-05 dr=0.30 | ADD
[TUNE main] lr=3.00e-04 wd=1.00e-05 dr=0.30 | val_acc=0.9917 val_syn_cc=0.9979 val_loss=0.0350 | test_acc=0.9921 test_syn_cc=0.9941| score=0.9917
0.05 0.00 0.15 0.80 | 0.992±0.003 | 0.998±0.004 | 0.992±0.002 | 0.994±0.002 | best lr=3.00e-04 wd=1.00e-05 dr=0.30 | ADD
[TUNE main] lr=3.00e-04 wd=1.00e-05 dr=0.30 | val_acc=0.9967 val_syn_cc=1.0000 val_loss=0.0158 | test_acc=0.9849 test_syn_cc=0.9753| score=0.9967
0.05 0.00 0.50 0.45 | 0.997±0.003 | 1.000±0.000 | 0.985±0.006 | 0.975±0.009 | best lr=3.00e-04 wd=1.00e-05 dr=0.30 | ADD
[TUNE main] lr=3.00e-04 wd=1.00e-05 dr=0.30 | val_acc=0.9983 val_syn_cc=1.0000 val_loss=0.0153 | test_acc=0.9928 test_syn_cc=0.9932| score=0.9983
0.25 0.00 0.00 0.75 | 0.998±0.003 | 1.000±0.000 | 0.993±0.001 | 0.993±0.001 | best lr=3.00e-04 wd=1.00e-05 dr=0.30 | ADD
[TUNE main] lr=3.00e-04 wd=1.00e-05 dr=0.30 | val_acc=0.9733 val_syn_cc=0.9177 val_loss=0.0850 | test_acc=0.9683 test_syn_cc=0.8947| score=0.9733
0.05 0.00 0.70 0.25 | 0.973±0.008 | 0.918±0.018 | 0.968±0.014 | 0.895±0.057 | best lr=3.00e-04 wd=1.00e-05 dr=0.30 | ADD
[TUNE main] lr=3.00e-04 wd=1.00e-05 dr=0.30 | val_acc=0.9700 val_syn_cc=0.8431 val_loss=0.1268 | test_acc=0.9581 test_syn_cc=0.7602| score=0.9700
0.10 0.00 0.75 0.15 | 0.970±0.010 | 0.843±0.017 | 0.958±0.011 | 0.760±0.075 | best lr=3.00e-04 wd=1.00e-05 dr=0.30 | ADD
[TUNE main] lr=3.00e-04 wd=1.00e-05 dr=0.30 | val_acc=0.9917 val_syn_cc=0.9837 val_loss=0.0506 | test_acc=0.9743 test_syn_cc=0.9308| score=0.9917
0.40 0.00 0.30 0.30 | 0.992±0.003 | 0.984±0.015 | 0.974±0.009 | 0.931±0.028 | best lr=3.00e-04 wd=1.00e-05 dr=0.30 | ADD
[TUNE main] lr=3.00e-04 wd=1.00e-05 dr=0.30 | val_acc=0.9950 val_syn_cc=0.9974 val_loss=0.0243 | test_acc=0.9881 test_syn_cc=0.9878| score=0.9950
0.30 0.00 -0.00 0.70 | 0.995±0.009 | 0.997±0.005 | 0.988±0.001 | 0.988±0.001 | best lr=3.00e-04 wd=1.00e-05 dr=0.30 | ADD
[TUNE main] lr=3.00e-04 wd=1.00e-05 dr=0.30 | val_acc=0.9667 val_syn_cc=0.6649 val_loss=0.2002 | test_acc=0.9564 test_syn_cc=0.5905| score=0.9667
0.90 0.00 -0.00 0.10 | 0.967±0.021 | 0.665±0.205 | 0.956±0.010 | 0.590±0.121 | best lr=3.00e-04 wd=1.00e-05 dr=0.30 | ADD
[TUNE main] lr=3.00e-04 wd=1.00e-05 dr=0.30 | val_acc=1.0000 val_syn_cc=nan val_loss=0.0094 | test_acc=0.9974 test_syn_cc=nan| score=1.0000
0.95 0.00 0.05 0.00 | 1.000±0.000 | nan±nan | 0.997±0.001 | nan±nan | best lr=3.00e-04 wd=1.00e-05 dr=0.30 | ADD
[TUNE main] lr=3.00e-04 wd=1.00e-05 dr=0.30 | val_acc=0.9600 val_syn_cc=0.5239 val_loss=0.1503 | test_acc=0.9700 test_syn_cc=0.5162| score=0.9600
0.70 0.00 0.25 0.05 | 0.960±0.000 | 0.524±0.021 | 0.970±0.000 | 0.516±0.032 | best lr=3.00e-04 wd=1.00e-05 dr=0.30 | ADD
[TUNE main] lr=3.00e-04 wd=1.00e-05 dr=0.30 | val_acc=0.9733 val_syn_cc=0.8698 val_loss=0.1166 | test_acc=0.9702 test_syn_cc=0.8778| score=0.9733
0.60 0.00 0.20 0.20 | 0.973±0.010 | 0.870±0.056 | 0.970±0.003 | 0.878±0.018 | best lr=3.00e-04 wd=1.00e-05 dr=0.30 | ADD
[TUNE main] lr=3.00e-04 wd=1.00e-05 dr=0.30 | val_acc=0.9983 val_syn_cc=nan val_loss=0.0091 | test_acc=0.9961 test_syn_cc=nan| score=0.9983
0.50 0.00 0.50 0.00 | 0.998±0.003 | nan±nan | 0.996±0.001 | nan±nan | best lr=3.00e-04 wd=1.00e-05 dr=0.30 | ADD
[TUNE main] lr=3.00e-04 wd=1.00e-05 dr=0.30 | val_acc=0.9717 val_syn_cc=0.8954 val_loss=0.1037 | test_acc=0.9673 test_syn_cc=0.8648| score=0.9717
0.25 0.00 0.55 0.20 | 0.972±0.008 | 0.895±0.046 | 0.967±0.008 | 0.865±0.036 | best lr=3.00e-04 wd=1.00e-05 dr=0.30 | ADD
[TUNE main] lr=3.00e-04 wd=1.00e-05 dr=0.30 | val_acc=0.9600 val_syn_cc=0.6516 val_loss=0.1659 | test_acc=0.9498 test_syn_cc=0.5623| score=0.9600
0.55 0.00 0.35 0.10 | 0.960±0.013 | 0.652±0.119 | 0.950±0.009 | 0.562±0.065 | best lr=3.00e-04 wd=1.00e-05 dr=0.30 | ADD
[TUNE main] lr=3.00e-04 wd=1.00e-05 dr=0.30 | val_acc=0.9983 val_syn_cc=nan val_loss=0.0168 | test_acc=0.9961 test_syn_cc=nan| score=0.9983
0.30 0.00 0.70 0.00 | 0.998±0.003 | nan±nan | 0.996±0.001 | nan±nan | best lr=3.00e-04 wd=1.00e-05 dr=0.30 | ADD
[TUNE main] lr=3.00e-04 wd=1.00e-05 dr=0.30 | val_acc=1.0000 val_syn_cc=nan val_loss=0.0085 | test_acc=0.9978 test_syn_cc=nan| score=1.0000
0.90 0.00 0.10 0.00 | 1.000±0.000 | nan±nan | 0.998±0.000 | nan±nan | best lr=3.00e-04 wd=1.00e-05 dr=0.30 | ADD
[TUNE main] lr=3.00e-04 wd=1.00e-05 dr=0.30 | val_acc=0.9867 val_syn_cc=0.9844 val_loss=0.0488 | test_acc=0.9850 test_syn_cc=0.9732| score=0.9867
0.10 0.00 0.50 0.40 | 0.987±0.003 | 0.984±0.005 | 0.985±0.003 | 0.973±0.007 | best lr=3.00e-04 wd=1.00e-05 dr=0.30 | ADD
[TUNE main] lr=3.00e-04 wd=1.00e-05 dr=0.30 | val_acc=0.9900 val_syn_cc=0.9950 val_loss=0.0491 | test_acc=0.9852 test_syn_cc=0.9848| score=0.9900
0.10 0.00 0.25 0.65 | 0.990±0.010 | 0.995±0.009 | 0.985±0.003 | 0.985±0.006 | best lr=3.00e-04 wd=1.00e-05 dr=0.30 | ADD
[TUNE main] lr=3.00e-04 wd=1.00e-05 dr=0.30 | val_acc=0.9967 val_syn_cc=0.9977 val_loss=0.0222 | test_acc=0.9872 test_syn_cc=0.9902| score=0.9967
0.20 0.00 0.15 0.65 | 0.997±0.003 | 0.998±0.004 | 0.987±0.001 | 0.990±0.003 | best lr=3.00e-04 wd=1.00e-05 dr=0.30 | ADD
[TUNE main] lr=3.00e-04 wd=1.00e-05 dr=0.30 | val_acc=0.9933 val_syn_cc=1.0000 val_loss=0.0294 | test_acc=0.9892 test_syn_cc=0.9871| score=0.9933
0.05 0.00 0.40 0.55 | 0.993±0.003 | 1.000±0.000 | 0.989±0.003 | 0.987±0.007 | best lr=3.00e-04 wd=1.00e-05 dr=0.30 | ADD
[TUNE main] lr=3.00e-04 wd=1.00e-05 dr=0.30 | val_acc=0.9917 val_syn_cc=0.8102 val_loss=0.0743 | test_acc=0.9698 test_syn_cc=0.5077| score=0.9917
0.35 0.00 0.60 0.05 | 0.992±0.003 | 0.810±0.056 | 0.970±0.005 | 0.508±0.021 | best lr=3.00e-04 wd=1.00e-05 dr=0.30 | ADD
[TUNE main] lr=3.00e-04 wd=1.00e-05 dr=0.30 | val_acc=0.9483 val_syn_cc=0.7434 val_loss=0.2172 | test_acc=0.9457 test_syn_cc=0.6690| score=0.9483
0.20 0.00 0.65 0.15 | 0.948±0.028 | 0.743±0.108 | 0.946±0.028 | 0.669±0.201 | best lr=3.00e-04 wd=1.00e-05 dr=0.30 | ADD
[TUNE main] lr=3.00e-04 wd=1.00e-05 dr=0.30 | val_acc=0.9950 val_syn_cc=0.9933 val_loss=0.0206 | test_acc=0.9903 test_syn_cc=0.9925| score=0.9950
0.05 0.00 0.20 0.75 | 0.995±0.000 | 0.993±0.000 | 0.990±0.001 | 0.993±0.002 | best lr=3.00e-04 wd=1.00e-05 dr=0.30 | ADD
[TUNE main] lr=3.00e-04 wd=1.00e-05 dr=0.30 | val_acc=0.9767 val_syn_cc=0.9211 val_loss=0.0711 | test_acc=0.9745 test_syn_cc=0.9166| score=0.9767
0.45 0.00 0.30 0.25 | 0.977±0.021 | 0.921±0.069 | 0.974±0.009 | 0.917±0.031 | best lr=3.00e-04 wd=1.00e-05 dr=0.30 | ADD
[TUNE main] lr=3.00e-04 wd=1.00e-05 dr=0.30 | val_acc=0.9950 val_syn_cc=0.9980 val_loss=0.0166 | test_acc=0.9939 test_syn_cc=0.9943| score=0.9950
0.00 0.00 0.20 0.80 | 0.995±0.000 | 0.998±0.004 | 0.994±0.003 | 0.994±0.003 | best lr=3.00e-04 wd=1.00e-05 dr=0.30 | ADD
[LOG] saved: pid_synthetic_tuning/maintuned_valacc_nlrwddr.jsonl (total entries: 0)
[1;34mwandb[0m: 
[1;34mwandb[0m: 🚀 View run [33mcrisp-frog-74[0m at: [34m[0m
[1;34mwandb[0m: Find logs at: [1;35mwandb/run-20260116_213933-lpay0r65/logs[0m
Job finished
