000 (007.003.000) 2026-01-16 21:39:18 Job submitted from host: <10.87.28.151:9618?addrs=10.87.28.151-9618&alias=brigand.esat.kuleuven.be&noUDP&sock=schedd_1447_19a1>
...
001 (007.003.000) 2026-01-16 21:39:22 Job executing on host: <10.87.24.126:9618?addrs=10.87.24.126-9618&alias=emerald.esat.kuleuven.be&noUDP&sock=startd_1492_f764>
	SlotName: slot1_1@emerald.esat.kuleuven.be
	AvailableGPUs = { GPUs_GPU_31e2eece }
	CondorScratchDir = "/usr/data/condor/execute/dir_1815172/scratch"
	Cpus = 8
	Disk = 1048576
	GPUs = 1
	GPUs_GPU_31e2eece = [ Id = "GPU-31e2eece"; ClockMhz = 1545.0; Capability = 7.5; CoresPerCU = 64; DeviceName = "NVIDIA GeForce RTX 2080 Ti"; DeviceUuid = "31e2eece-d5ec-116c-9438-b729831cecbf"; ECCEnabled = false; ComputeUnits = 68; NvidiaDriver = "580.119.02"; DriverVersion = 13.0; DevicePciBusId = "0000:01:00.0"; GlobalMemoryMb = 10821; MaxSupportedVersion = 13000 ]
	Memory = 20480
...
006 (007.003.000) 2026-01-16 21:39:30 Image size of job updated: 373184
	365  -  MemoryUsage of job (MB)
	373184  -  ResidentSetSize of job (KB)
...
006 (007.003.000) 2026-01-16 21:44:30 Image size of job updated: 830552
	812  -  MemoryUsage of job (MB)
	830552  -  ResidentSetSize of job (KB)
...
006 (007.003.000) 2026-01-16 21:49:31 Image size of job updated: 831420
	812  -  MemoryUsage of job (MB)
	830552  -  ResidentSetSize of job (KB)
...
006 (007.003.000) 2026-01-16 21:54:32 Image size of job updated: 831672
	812  -  MemoryUsage of job (MB)
	830552  -  ResidentSetSize of job (KB)
...
006 (007.003.000) 2026-01-16 21:59:32 Image size of job updated: 831752
	812  -  MemoryUsage of job (MB)
	831336  -  ResidentSetSize of job (KB)
...
006 (007.003.000) 2026-01-16 22:09:34 Image size of job updated: 852360
	812  -  MemoryUsage of job (MB)
	831336  -  ResidentSetSize of job (KB)
...
006 (007.003.000) 2026-01-16 22:14:34 Image size of job updated: 852360
	812  -  MemoryUsage of job (MB)
	831452  -  ResidentSetSize of job (KB)
...
006 (007.003.000) 2026-01-16 22:24:36 Image size of job updated: 852528
	812  -  MemoryUsage of job (MB)
	831452  -  ResidentSetSize of job (KB)
...
006 (007.003.000) 2026-01-16 22:29:36 Image size of job updated: 852528
	813  -  MemoryUsage of job (MB)
	831616  -  ResidentSetSize of job (KB)
...
006 (007.003.000) 2026-01-16 22:39:38 Image size of job updated: 852528
	813  -  MemoryUsage of job (MB)
	831908  -  ResidentSetSize of job (KB)
...
005 (007.003.000) 2026-01-16 22:58:28 Job terminated.
	(1) Normal termination (return value 0)
		Usr 0 01:18:10, Sys 0 00:00:30  -  Run Remote Usage
		Usr 0 00:00:00, Sys 0 00:00:00  -  Run Local Usage
		Usr 0 01:18:10, Sys 0 00:00:30  -  Total Remote Usage
		Usr 0 00:00:00, Sys 0 00:00:00  -  Total Local Usage
	0  -  Run Bytes Sent By Job
	0  -  Run Bytes Received By Job
	0  -  Total Bytes Sent By Job
	0  -  Total Bytes Received By Job
	Partitionable Resources :    Usage  Request Allocated Assigned
	   Cpus                 :     1.00        8         8 
	   Disk (KB)            :     2     1048576   1048576 
	   GPUs                 :     0.20        1         1 "GPU-31e2eece"
	   GpusMemory (MB)      :   843                       
	   Memory (MB)          :   813       20480     20480 
	   TimeExecute (s)      :  4746                       
	   TimeSlotBusy (s)     :  4746                       
...
