/esat/smcdata/users/kkontras/Image_Dataset/no_backup/envs/synergy_new/lib/python3.10/site-packages/torch/cuda/__init__.py:283: UserWarning: 
    Found GPU0 NVIDIA TITAN X (Pascal) which is of cuda capability 6.1.
    Minimum and Maximum cuda capability supported by this version of PyTorch is
    (7.0) - (12.0)
    
  warnings.warn(
/esat/smcdata/users/kkontras/Image_Dataset/no_backup/envs/synergy_new/lib/python3.10/site-packages/torch/cuda/__init__.py:304: UserWarning: 
    Please install PyTorch with a following CUDA
    configurations:  12.6 following instructions at
    https://pytorch.org/get-started/locally/
    
  warnings.warn(matched_cuda_warn.format(matched_arches))
/esat/smcdata/users/kkontras/Image_Dataset/no_backup/envs/synergy_new/lib/python3.10/site-packages/torch/cuda/__init__.py:326: UserWarning: 
NVIDIA TITAN X (Pascal) with CUDA capability sm_61 is not compatible with the current PyTorch installation.
The current PyTorch install supports CUDA capabilities sm_70 sm_75 sm_80 sm_86 sm_90 sm_100 sm_120.
If you want to use the NVIDIA TITAN X (Pascal) GPU with PyTorch, please check the instructions at https://pytorch.org/get-started/locally/

  warnings.warn(
Traceback (most recent call last):
  File "/esat/smcdata/users/kkontras/Image_Dataset/no_backup/git/Synergy/mydatasets/Xor/Xor_PID3Main_MaskSynIB_Search.py", line 2188, in <module>
    sweep_nonoverlap(cfg, seeds=[0,1,2], lr_vals=lr_vals, wd_vals=wd_vals, dropout_vals=dropout_vals, step=0.05, targets_psyn=[0.05, 0.1, 0.15, 0.2], select_by="val_acc", save_path=os.path.join(cfg.out_dir, "maintuned_valacc_nlrwddr.jsonl"))
  File "/esat/smcdata/users/kkontras/Image_Dataset/no_backup/git/Synergy/mydatasets/Xor/Xor_PID3Main_MaskSynIB_Search.py", line 1844, in sweep_nonoverlap
    this_best = select_best_lr_wd_dropout(
  File "/esat/smcdata/users/kkontras/Image_Dataset/no_backup/git/Synergy/mydatasets/Xor/Xor_PID3Main_MaskSynIB_Search.py", line 1974, in select_best_lr_wd_dropout
    rep = run_main(cfg, train_loader, val_loader, test_loader, device, verbose=False)
  File "/esat/smcdata/users/kkontras/Image_Dataset/no_backup/git/Synergy/mydatasets/Xor/Xor_PID3Main_MaskSynIB_Search.py", line 1097, in run_main
    model, hist = train_main(cfg, train_loader, device, val_loader=val_loader)
  File "/esat/smcdata/users/kkontras/Image_Dataset/no_backup/git/Synergy/mydatasets/Xor/Xor_PID3Main_MaskSynIB_Search.py", line 567, in train_main
    f, u0, u1 = model.forward_logits(x0, x1)
  File "/esat/smcdata/users/kkontras/Image_Dataset/no_backup/git/Synergy/mydatasets/Xor/Xor_PID3Main_MaskSynIB_Search.py", line 404, in forward_logits
    h0, h1 = self.enc0(x0), self.enc1(x1)
  File "/esat/smcdata/users/kkontras/Image_Dataset/no_backup/envs/synergy_new/lib/python3.10/site-packages/torch/nn/modules/module.py", line 1775, in _wrapped_call_impl
    return self._call_impl(*args, **kwargs)
  File "/esat/smcdata/users/kkontras/Image_Dataset/no_backup/envs/synergy_new/lib/python3.10/site-packages/torch/nn/modules/module.py", line 1786, in _call_impl
    return forward_call(*args, **kwargs)
  File "/esat/smcdata/users/kkontras/Image_Dataset/no_backup/envs/synergy_new/lib/python3.10/site-packages/torch/nn/modules/container.py", line 250, in forward
    input = module(input)
  File "/esat/smcdata/users/kkontras/Image_Dataset/no_backup/envs/synergy_new/lib/python3.10/site-packages/torch/nn/modules/module.py", line 1775, in _wrapped_call_impl
    return self._call_impl(*args, **kwargs)
  File "/esat/smcdata/users/kkontras/Image_Dataset/no_backup/envs/synergy_new/lib/python3.10/site-packages/torch/nn/modules/module.py", line 1786, in _call_impl
    return forward_call(*args, **kwargs)
  File "/esat/smcdata/users/kkontras/Image_Dataset/no_backup/envs/synergy_new/lib/python3.10/site-packages/torch/nn/modules/activation.py", line 144, in forward
    return F.relu(input, inplace=self.inplace)
  File "/esat/smcdata/users/kkontras/Image_Dataset/no_backup/envs/synergy_new/lib/python3.10/site-packages/torch/nn/functional.py", line 1697, in relu
    result = torch.relu(input)
torch.AcceleratorError: CUDA error: no kernel image is available for execution on the device
Search for `cudaErrorNoKernelImageForDevice' in https://docs.nvidia.com/cuda/cuda-runtime-api/group__CUDART__TYPES.html for more information.
CUDA kernel errors might be asynchronously reported at some other API call, so the stacktrace below might be incorrect.
For debugging consider passing CUDA_LAUNCH_BLOCKING=1
Compile with `TORCH_USE_CUDA_DSA` to enable device-side assertions.

