000 (007.007.000) 2026-01-16 21:39:18 Job submitted from host: <10.87.28.151:9618?addrs=10.87.28.151-9618&alias=brigand.esat.kuleuven.be&noUDP&sock=schedd_1447_19a1>
...
001 (007.007.000) 2026-01-16 21:39:28 Job executing on host: <10.87.24.2:9618?addrs=10.87.24.2-9618&alias=amethyst.esat.kuleuven.be&noUDP&sock=startd_2066_aec1>
	SlotName: slot1_1@amethyst.esat.kuleuven.be
	AvailableGPUs = { GPUs_GPU_2e781e70 }
	CondorScratchDir = "/usr/data/condor/execute/dir_342153/scratch"
	Cpus = 8
	Disk = 1048576
	GPUs = 1
	GPUs_GPU_2e781e70 = [ Id = "GPU-2e781e70"; ClockMhz = 1807.0; Capability = 8.6; CoresPerCU = 128; DeviceName = "NVIDIA GeForce RTX 3060"; DeviceUuid = "2e781e70-9b88-ebde-3296-adca0cdf7bfe"; ECCEnabled = false; ComputeUnits = 28; NvidiaDriver = "580.119.02"; DriverVersion = 13.0; DevicePciBusId = "0000:01:00.0"; GlobalMemoryMb = 11910; MaxSupportedVersion = 13000 ]
	Memory = 20480
...
006 (007.007.000) 2026-01-16 21:39:36 Image size of job updated: 217444
	213  -  MemoryUsage of job (MB)
	217444  -  ResidentSetSize of job (KB)
...
006 (007.007.000) 2026-01-16 21:44:36 Image size of job updated: 900796
	880  -  MemoryUsage of job (MB)
	900796  -  ResidentSetSize of job (KB)
...
006 (007.007.000) 2026-01-16 22:04:39 Image size of job updated: 901408
	880  -  MemoryUsage of job (MB)
	900796  -  ResidentSetSize of job (KB)
...
006 (007.007.000) 2026-01-16 22:34:41 Image size of job updated: 901640
	880  -  MemoryUsage of job (MB)
	900796  -  ResidentSetSize of job (KB)
...
005 (007.007.000) 2026-01-16 23:02:45 Job terminated.
	(1) Normal termination (return value 0)
		Usr 0 01:22:14, Sys 0 00:00:28  -  Run Remote Usage
		Usr 0 00:00:00, Sys 0 00:00:00  -  Run Local Usage
		Usr 0 01:22:14, Sys 0 00:00:28  -  Total Remote Usage
		Usr 0 00:00:00, Sys 0 00:00:00  -  Total Local Usage
	0  -  Run Bytes Sent By Job
	0  -  Run Bytes Received By Job
	0  -  Total Bytes Sent By Job
	0  -  Total Bytes Received By Job
	Partitionable Resources :    Usage  Request Allocated Assigned
	   Cpus                 :     1.00        8         8 
	   Disk (KB)            :     2     1048576   1048576 
	   GPUs                 :     0.24        1         1 "GPU-2e781e70"
	   GpusMemory (MB)      :  1166                       
	   Memory (MB)          :   880       20480     20480 
	   TimeExecute (s)      :  4997                       
	   TimeSlotBusy (s)     :  4997                       
...
