000 (007.008.000) 2026-01-16 21:39:18 Job submitted from host: <10.87.28.151:9618?addrs=10.87.28.151-9618&alias=brigand.esat.kuleuven.be&noUDP&sock=schedd_1447_19a1>
...
001 (007.008.000) 2026-01-16 21:39:23 Job executing on host: <10.87.24.46:9618?addrs=10.87.24.46-9618&alias=molder.esat.kuleuven.be&noUDP&sock=startd_1335_4706>
	SlotName: slot1_1@molder.esat.kuleuven.be
	AvailableGPUs = { GPUs_GPU_fd9ec5df }
	CondorScratchDir = "/volume1/condor/execute/dir_2828915/scratch"
	Cpus = 8
	Disk = 1048576
	GPUs = 1
	GPUs_GPU_fd9ec5df = [ Id = "GPU-fd9ec5df"; ClockMhz = 1807.0; Capability = 8.6; CoresPerCU = 128; DeviceName = "NVIDIA GeForce RTX 3060"; DeviceUuid = "fd9ec5df-3910-8a45-7600-335143d149cf"; ECCEnabled = false; ComputeUnits = 28; NvidiaDriver = "570.153.02"; DriverVersion = 12.8; DevicePciBusId = "0000:01:00.0"; GlobalMemoryMb = 11921; MaxSupportedVersion = 12080 ]
	Memory = 20480
...
006 (007.008.000) 2026-01-16 21:39:31 Image size of job updated: 312984
	306  -  MemoryUsage of job (MB)
	312984  -  ResidentSetSize of job (KB)
...
006 (007.008.000) 2026-01-16 21:44:31 Image size of job updated: 942212
	913  -  MemoryUsage of job (MB)
	934020  -  ResidentSetSize of job (KB)
...
006 (007.008.000) 2026-01-16 21:49:32 Image size of job updated: 1032732
	1009  -  MemoryUsage of job (MB)
	1032732  -  ResidentSetSize of job (KB)
...
006 (007.008.000) 2026-01-16 21:54:32 Image size of job updated: 1080428
	1056  -  MemoryUsage of job (MB)
	1080428  -  ResidentSetSize of job (KB)
...
006 (007.008.000) 2026-01-16 21:59:32 Image size of job updated: 1083496
	1059  -  MemoryUsage of job (MB)
	1083496  -  ResidentSetSize of job (KB)
...
006 (007.008.000) 2026-01-16 22:04:33 Image size of job updated: 1083508
	1059  -  MemoryUsage of job (MB)
	1083496  -  ResidentSetSize of job (KB)
...
006 (007.008.000) 2026-01-16 22:29:34 Image size of job updated: 1106952
	1059  -  MemoryUsage of job (MB)
	1083496  -  ResidentSetSize of job (KB)
...
006 (007.008.000) 2026-01-16 22:34:35 Image size of job updated: 1106972
	1059  -  MemoryUsage of job (MB)
	1083496  -  ResidentSetSize of job (KB)
...
006 (007.008.000) 2026-01-16 22:49:36 Image size of job updated: 1109896
	1068  -  MemoryUsage of job (MB)
	1093512  -  ResidentSetSize of job (KB)
...
005 (007.008.000) 2026-01-16 22:51:26 Job terminated.
	(1) Normal termination (return value 0)
		Usr 0 01:12:32, Sys 0 00:00:31  -  Run Remote Usage
		Usr 0 00:00:00, Sys 0 00:00:00  -  Run Local Usage
		Usr 0 01:12:32, Sys 0 00:00:31  -  Total Remote Usage
		Usr 0 00:00:00, Sys 0 00:00:00  -  Total Local Usage
	0  -  Run Bytes Sent By Job
	0  -  Run Bytes Received By Job
	0  -  Total Bytes Sent By Job
	0  -  Total Bytes Received By Job
	Partitionable Resources :    Usage  Request Allocated Assigned
	   Cpus                 :     1.02        8         8 
	   Disk (KB)            :     2     1048576   1048576 
	   GPUs                 :     0.28        1         1 "GPU-fd9ec5df"
	   GpusMemory (MB)      :   694                       
	   Memory (MB)          :  1068       20480     20480 
	   TimeExecute (s)      :  4322                       
	   TimeSlotBusy (s)     :  4322                       
...
