Starting Job
/esat/smcdata/users/kkontras/Image_Dataset/no_backup/git/Synergy/mydatasets/Xor/Xor_PID3Main_MaskSynIB_Search.py
/esat/smcdata/users/kkontras/Image_Dataset/no_backup/envs/synergy_new/bin/python
Python 3.10.19
/esat/smcdata/users/kkontras/Image_Dataset/no_backup/git/Synergy
We have 1 GPU
/esat/smcdata/users/kkontras/Image_Dataset/no_backup/git/Synergy/mydatasets/Xor/Xor_PID3Main_MaskSynIB_Search.py

Executing command: python /esat/smcdata/users/kkontras/Image_Dataset/no_backup/git/Synergy/mydatasets/Xor/Xor_PID3Main_MaskSynIB_Search.py
[LOAD] path=pid_synthetic_tuning/maintuned_valacc_nlrwddr.jsonl
[LOAD] abs_path=/esat/smcdata/users/kkontras/Image_Dataset/no_backup/git/Synergy/pid_synthetic_tuning/maintuned_valacc_nlrwddr.jsonl
[LOAD] file does not exist -> returning empty
==============================================================================================================
[DEFAULT CONFIG]
  dims: dim0=32 dim1=32
  blocks0: unique=6 red=6 syn=6 noise=14 | random_pos=False
  blocks1: unique=6 red=6 syn=6 noise=14 | random_pos=False
  SNR: unique_strength=3 red_strength=3 syn_strength=3 noise_std=1
  train: n_train=2000 n_test=4000 batch=64 epochs=30 lr=3.0e-04
  loss: lambda_uni=1 lambda_kl=10 lambda_shortcut_inv=0
  probs: u1=0.3, u2=0.3, red=0.3, syn=0.1
==============================================================================================================
[RUN] sweep non-overlap source probs (u1/u2/red/syn)
[LOG] append/dedupe json: pid_synthetic_tuning/maintuned_valacc_nlrwddr.jsonl
pu1 pu2 pred psyn | MainTot SynIBTot | Main(u1,u2,red,syn) | SynIB(u1,u2,red,syn) | det | status
---------------------------------------------------------------------------------------------------
[TUNE main] lr=3.00e-04 wd=1.00e-05 dr=0.30 | val_acc=0.9517 val_syn_cc=0.6463 val_loss=0.2083 | test_acc=0.9480 test_syn_cc=0.5695| score=0.9517
0.70 0.00 0.20 0.10 | 0.952±0.018 | 0.646±0.094 | 0.948±0.006 | 0.570±0.057 | best lr=3.00e-04 wd=1.00e-05 dr=0.30 | ADD
[TUNE main] lr=3.00e-04 wd=1.00e-05 dr=0.30 | val_acc=0.9933 val_syn_cc=0.9972 val_loss=0.0246 | test_acc=0.9873 test_syn_cc=0.9872| score=0.9933
0.35 0.00 0.05 0.60 | 0.993±0.008 | 0.997±0.005 | 0.987±0.006 | 0.987±0.008 | best lr=3.00e-04 wd=1.00e-05 dr=0.30 | ADD
[TUNE main] lr=3.00e-04 wd=1.00e-05 dr=0.30 | val_acc=0.9733 val_syn_cc=0.9394 val_loss=0.0700 | test_acc=0.9721 test_syn_cc=0.9127| score=0.9733
0.60 0.00 0.15 0.25 | 0.973±0.016 | 0.939±0.055 | 0.972±0.008 | 0.913±0.029 | best lr=3.00e-04 wd=1.00e-05 dr=0.30 | ADD
[TUNE main] lr=3.00e-04 wd=1.00e-05 dr=0.30 | val_acc=0.9650 val_syn_cc=0.6618 val_loss=0.1312 | test_acc=0.9674 test_syn_cc=0.4727| score=0.9650
0.85 0.00 0.10 0.05 | 0.965±0.022 | 0.662±0.166 | 0.967±0.003 | 0.473±0.013 | best lr=3.00e-04 wd=1.00e-05 dr=0.30 | ADD
[TUNE main] lr=3.00e-04 wd=1.00e-05 dr=0.30 | val_acc=0.9633 val_syn_cc=0.7836 val_loss=0.1511 | test_acc=0.9537 test_syn_cc=0.7236| score=0.9633
0.60 0.00 0.25 0.15 | 0.963±0.023 | 0.784±0.137 | 0.954±0.010 | 0.724±0.054 | best lr=3.00e-04 wd=1.00e-05 dr=0.30 | ADD
[TUNE main] lr=3.00e-04 wd=1.00e-05 dr=0.30 | val_acc=1.0000 val_syn_cc=nan val_loss=0.0081 | test_acc=0.9971 test_syn_cc=nan| score=1.0000
0.85 0.00 0.15 0.00 | 1.000±0.000 | nan±nan | 0.997±0.000 | nan±nan | best lr=3.00e-04 wd=1.00e-05 dr=0.30 | ADD
[TUNE main] lr=3.00e-04 wd=1.00e-05 dr=0.30 | val_acc=0.9750 val_syn_cc=0.9258 val_loss=0.0759 | test_acc=0.9692 test_syn_cc=0.9101| score=0.9750
0.60 0.00 0.10 0.30 | 0.975±0.005 | 0.926±0.027 | 0.969±0.010 | 0.910±0.023 | best lr=3.00e-04 wd=1.00e-05 dr=0.30 | ADD
[TUNE main] lr=3.00e-04 wd=1.00e-05 dr=0.30 | val_acc=0.9500 val_syn_cc=0.7395 val_loss=0.2117 | test_acc=0.9590 test_syn_cc=0.7578| score=0.9500
0.15 0.00 0.70 0.15 | 0.950±0.018 | 0.740±0.063 | 0.959±0.013 | 0.758±0.064 | best lr=3.00e-04 wd=1.00e-05 dr=0.30 | ADD
[TUNE main] lr=3.00e-04 wd=1.00e-05 dr=0.30 | val_acc=0.9700 val_syn_cc=0.7771 val_loss=0.1136 | test_acc=0.9558 test_syn_cc=0.6078| score=0.9700
0.60 0.00 0.30 0.10 | 0.970±0.005 | 0.777±0.044 | 0.956±0.009 | 0.608±0.075 | best lr=3.00e-04 wd=1.00e-05 dr=0.30 | ADD
[TUNE main] lr=3.00e-04 wd=1.00e-05 dr=0.30 | val_acc=0.9700 val_syn_cc=0.9263 val_loss=0.0783 | test_acc=0.9733 test_syn_cc=0.9259| score=0.9700
0.10 0.00 0.60 0.30 | 0.970±0.015 | 0.926±0.038 | 0.973±0.005 | 0.926±0.020 | best lr=3.00e-04 wd=1.00e-05 dr=0.30 | ADD
[TUNE main] lr=3.00e-04 wd=1.00e-05 dr=0.30 | val_acc=0.9950 val_syn_cc=1.0000 val_loss=0.0231 | test_acc=0.9844 test_syn_cc=0.9744| score=0.9950
0.05 0.00 0.50 0.45 | 0.995±0.005 | 1.000±0.000 | 0.984±0.006 | 0.974±0.009 | best lr=3.00e-04 wd=1.00e-05 dr=0.30 | ADD
[TUNE main] lr=3.00e-04 wd=1.00e-05 dr=0.30 | val_acc=0.9767 val_syn_cc=0.6355 val_loss=0.0836 | test_acc=0.9650 test_syn_cc=0.4648| score=0.9767
0.20 0.00 0.75 0.05 | 0.977±0.013 | 0.636±0.118 | 0.965±0.001 | 0.465±0.019 | best lr=3.00e-04 wd=1.00e-05 dr=0.30 | ADD
[TUNE main] lr=3.00e-04 wd=1.00e-05 dr=0.30 | val_acc=0.9850 val_syn_cc=0.9835 val_loss=0.0477 | test_acc=0.9858 test_syn_cc=0.9721| score=0.9850
0.20 0.00 0.45 0.35 | 0.985±0.009 | 0.984±0.014 | 0.986±0.001 | 0.972±0.003 | best lr=3.00e-04 wd=1.00e-05 dr=0.30 | ADD
[TUNE main] lr=3.00e-04 wd=1.00e-05 dr=0.30 | val_acc=0.9883 val_syn_cc=0.9902 val_loss=0.0325 | test_acc=0.9837 test_syn_cc=0.9761| score=0.9883
0.45 0.00 0.10 0.45 | 0.988±0.012 | 0.990±0.017 | 0.984±0.005 | 0.976±0.011 | best lr=3.00e-04 wd=1.00e-05 dr=0.30 | ADD
[TUNE main] lr=3.00e-04 wd=1.00e-05 dr=0.30 | val_acc=0.9983 val_syn_cc=1.0000 val_loss=0.0348 | test_acc=0.9893 test_syn_cc=0.9891| score=0.9983
0.25 0.00 0.05 0.70 | 0.998±0.003 | 1.000±0.000 | 0.989±0.002 | 0.989±0.003 | best lr=3.00e-04 wd=1.00e-05 dr=0.30 | ADD
[TUNE main] lr=3.00e-04 wd=1.00e-05 dr=0.30 | val_acc=1.0000 val_syn_cc=1.0000 val_loss=0.0143 | test_acc=0.9887 test_syn_cc=0.9842| score=1.0000
0.40 0.00 -0.00 0.60 | 1.000±0.000 | 1.000±0.000 | 0.989±0.004 | 0.984±0.008 | best lr=3.00e-04 wd=1.00e-05 dr=0.30 | ADD
[TUNE main] lr=3.00e-04 wd=1.00e-05 dr=0.30 | val_acc=0.9967 val_syn_cc=1.0000 val_loss=0.0431 | test_acc=0.9938 test_syn_cc=0.9955| score=0.9967
0.05 0.00 -0.00 0.95 | 0.997±0.003 | 1.000±0.000 | 0.994±0.002 | 0.996±0.002 | best lr=3.00e-04 wd=1.00e-05 dr=0.30 | ADD
[TUNE main] lr=3.00e-04 wd=1.00e-05 dr=0.30 | val_acc=0.9900 val_syn_cc=0.9972 val_loss=0.0411 | test_acc=0.9864 test_syn_cc=0.9887| score=0.9900
0.15 0.00 0.20 0.65 | 0.990±0.010 | 0.997±0.005 | 0.986±0.003 | 0.989±0.004 | best lr=3.00e-04 wd=1.00e-05 dr=0.30 | ADD
[TUNE main] lr=3.00e-04 wd=1.00e-05 dr=0.30 | val_acc=0.9883 val_syn_cc=0.9712 val_loss=0.0565 | test_acc=0.9728 test_syn_cc=0.9229| score=0.9883
0.40 0.00 0.30 0.30 | 0.988±0.003 | 0.971±0.011 | 0.973±0.009 | 0.923±0.030 | best lr=3.00e-04 wd=1.00e-05 dr=0.30 | ADD
[TUNE main] lr=3.00e-04 wd=1.00e-05 dr=0.30 | val_acc=0.9533 val_syn_cc=0.8034 val_loss=0.1916 | test_acc=0.9469 test_syn_cc=0.7612| score=0.9533
0.15 0.00 0.65 0.20 | 0.953±0.008 | 0.803±0.069 | 0.947±0.022 | 0.761±0.088 | best lr=3.00e-04 wd=1.00e-05 dr=0.30 | ADD
[TUNE main] lr=3.00e-04 wd=1.00e-05 dr=0.30 | val_acc=1.0000 val_syn_cc=nan val_loss=0.0084 | test_acc=0.9954 test_syn_cc=nan| score=1.0000
0.70 0.00 0.30 0.00 | 1.000±0.000 | nan±nan | 0.995±0.003 | nan±nan | best lr=3.00e-04 wd=1.00e-05 dr=0.30 | ADD
[TUNE main] lr=3.00e-04 wd=1.00e-05 dr=0.30 | val_acc=0.9967 val_syn_cc=1.0000 val_loss=0.0147 | test_acc=0.9954 test_syn_cc=0.9957| score=0.9967
0.00 0.00 0.10 0.90 | 0.997±0.006 | 1.000±0.000 | 0.995±0.002 | 0.996±0.002 | best lr=3.00e-04 wd=1.00e-05 dr=0.30 | ADD
[TUNE main] lr=3.00e-04 wd=1.00e-05 dr=0.30 | val_acc=0.9950 val_syn_cc=1.0000 val_loss=0.0239 | test_acc=0.9918 test_syn_cc=0.9934| score=0.9950
0.10 0.00 0.10 0.80 | 0.995±0.005 | 1.000±0.000 | 0.992±0.002 | 0.993±0.002 | best lr=3.00e-04 wd=1.00e-05 dr=0.30 | ADD
[TUNE main] lr=3.00e-04 wd=1.00e-05 dr=0.30 | val_acc=0.9733 val_syn_cc=0.6667 val_loss=0.1043 | test_acc=0.9586 test_syn_cc=0.5232| score=0.9733
0.55 0.00 0.40 0.05 | 0.973±0.015 | 0.667±0.072 | 0.959±0.013 | 0.523±0.029 | best lr=3.00e-04 wd=1.00e-05 dr=0.30 | ADD
[TUNE main] lr=3.00e-04 wd=1.00e-05 dr=0.30 | val_acc=0.9600 val_syn_cc=0.5239 val_loss=0.1503 | test_acc=0.9700 test_syn_cc=0.5162| score=0.9600
0.70 0.00 0.25 0.05 | 0.960±0.000 | 0.524±0.021 | 0.970±0.000 | 0.516±0.032 | best lr=3.00e-04 wd=1.00e-05 dr=0.30 | ADD
[TUNE main] lr=3.00e-04 wd=1.00e-05 dr=0.30 | val_acc=0.9967 val_syn_cc=0.9957 val_loss=0.0126 | test_acc=0.9900 test_syn_cc=0.9925| score=0.9967
0.15 0.00 0.10 0.75 | 0.997±0.003 | 0.996±0.004 | 0.990±0.001 | 0.993±0.002 | best lr=3.00e-04 wd=1.00e-05 dr=0.30 | ADD
[TUNE main] lr=3.00e-04 wd=1.00e-05 dr=0.30 | val_acc=0.9883 val_syn_cc=0.9895 val_loss=0.0319 | test_acc=0.9836 test_syn_cc=0.9738| score=0.9883
0.35 0.00 0.20 0.45 | 0.988±0.006 | 0.990±0.010 | 0.984±0.002 | 0.974±0.002 | best lr=3.00e-04 wd=1.00e-05 dr=0.30 | ADD
[TUNE main] lr=3.00e-04 wd=1.00e-05 dr=0.30 | val_acc=0.9617 val_syn_cc=0.6533 val_loss=0.2159 | test_acc=0.9514 test_syn_cc=0.5716| score=0.9617
0.55 0.00 0.35 0.10 | 0.962±0.008 | 0.653±0.069 | 0.951±0.007 | 0.572±0.059 | best lr=3.00e-04 wd=1.00e-05 dr=0.30 | ADD
[TUNE main] lr=3.00e-04 wd=1.00e-05 dr=0.30 | val_acc=0.9833 val_syn_cc=0.9644 val_loss=0.0634 | test_acc=0.9773 test_syn_cc=0.9501| score=0.9833
0.40 0.00 0.25 0.35 | 0.983±0.015 | 0.964±0.040 | 0.977±0.008 | 0.950±0.019 | best lr=3.00e-04 wd=1.00e-05 dr=0.30 | ADD
[TUNE main] lr=3.00e-04 wd=1.00e-05 dr=0.30 | val_acc=1.0000 val_syn_cc=1.0000 val_loss=0.0095 | test_acc=0.9826 test_syn_cc=0.9737| score=1.0000
0.40 0.00 0.15 0.45 | 1.000±0.000 | 1.000±0.000 | 0.983±0.007 | 0.974±0.014 | best lr=3.00e-04 wd=1.00e-05 dr=0.30 | ADD
[TUNE main] lr=3.00e-04 wd=1.00e-05 dr=0.30 | val_acc=0.9583 val_syn_cc=0.7680 val_loss=0.2467 | test_acc=0.9344 test_syn_cc=0.6141| score=0.9583
0.35 0.00 0.50 0.15 | 0.958±0.020 | 0.768±0.064 | 0.934±0.007 | 0.614±0.038 | best lr=3.00e-04 wd=1.00e-05 dr=0.30 | ADD
[TUNE main] lr=3.00e-04 wd=1.00e-05 dr=0.30 | val_acc=0.9983 val_syn_cc=1.0000 val_loss=0.0357 | test_acc=0.9884 test_syn_cc=0.9911| score=0.9983
0.10 0.00 0.05 0.85 | 0.998±0.003 | 1.000±0.000 | 0.988±0.006 | 0.991±0.006 | best lr=3.00e-04 wd=1.00e-05 dr=0.30 | ADD
[TUNE main] lr=3.00e-04 wd=1.00e-05 dr=0.30 | val_acc=0.9983 val_syn_cc=nan val_loss=0.0115 | test_acc=0.9958 test_syn_cc=nan| score=0.9983
0.20 0.00 0.80 0.00 | 0.998±0.003 | nan±nan | 0.996±0.002 | nan±nan | best lr=3.00e-04 wd=1.00e-05 dr=0.30 | ADD
[TUNE main] lr=3.00e-04 wd=1.00e-05 dr=0.30 | val_acc=0.9767 val_syn_cc=0.8550 val_loss=0.1123 | test_acc=0.9549 test_syn_cc=0.7417| score=0.9767
0.65 0.00 0.20 0.15 | 0.977±0.014 | 0.855±0.099 | 0.955±0.013 | 0.742±0.098 | best lr=3.00e-04 wd=1.00e-05 dr=0.30 | ADD
[TUNE main] lr=3.00e-04 wd=1.00e-05 dr=0.30 | val_acc=0.9767 val_syn_cc=0.8971 val_loss=0.1262 | test_acc=0.9612 test_syn_cc=0.8339| score=0.9767
0.50 0.00 0.30 0.20 | 0.977±0.010 | 0.897±0.043 | 0.961±0.011 | 0.834±0.059 | best lr=3.00e-04 wd=1.00e-05 dr=0.30 | ADD
[TUNE main] lr=3.00e-04 wd=1.00e-05 dr=0.30 | val_acc=0.9983 val_syn_cc=0.9978 val_loss=0.0139 | test_acc=0.9942 test_syn_cc=0.9940| score=0.9983
0.00 0.00 0.25 0.75 | 0.998±0.003 | 0.998±0.004 | 0.994±0.001 | 0.994±0.001 | best lr=3.00e-04 wd=1.00e-05 dr=0.30 | ADD
[TUNE main] lr=3.00e-04 wd=1.00e-05 dr=0.30 | val_acc=0.9617 val_syn_cc=0.8625 val_loss=0.1453 | test_acc=0.9493 test_syn_cc=0.7813| score=0.9617
0.30 0.00 0.50 0.20 | 0.962±0.010 | 0.862±0.041 | 0.949±0.013 | 0.781±0.048 | best lr=3.00e-04 wd=1.00e-05 dr=0.30 | ADD
[TUNE main] lr=3.00e-04 wd=1.00e-05 dr=0.30 | val_acc=0.9833 val_syn_cc=0.9528 val_loss=0.0898 | test_acc=0.9735 test_syn_cc=0.9114| score=0.9833
0.10 0.00 0.65 0.25 | 0.983±0.010 | 0.953±0.027 | 0.974±0.003 | 0.911±0.008 | best lr=3.00e-04 wd=1.00e-05 dr=0.30 | ADD
[TUNE main] lr=3.00e-04 wd=1.00e-05 dr=0.30 | val_acc=0.9950 val_syn_cc=0.9980 val_loss=0.0165 | test_acc=0.9941 test_syn_cc=0.9945| score=0.9950
0.00 0.00 0.20 0.80 | 0.995±0.000 | 0.998±0.004 | 0.994±0.003 | 0.995±0.003 | best lr=3.00e-04 wd=1.00e-05 dr=0.30 | ADD
[TUNE main] lr=3.00e-04 wd=1.00e-05 dr=0.30 | val_acc=0.9983 val_syn_cc=0.9970 val_loss=0.0158 | test_acc=0.9873 test_syn_cc=0.9774| score=0.9983
0.55 0.00 -0.00 0.45 | 0.998±0.003 | 0.997±0.005 | 0.987±0.003 | 0.977±0.010 | best lr=3.00e-04 wd=1.00e-05 dr=0.30 | ADD
[TUNE main] lr=3.00e-04 wd=1.00e-05 dr=0.30 | val_acc=0.9833 val_syn_cc=0.9585 val_loss=0.0608 | test_acc=0.9811 test_syn_cc=0.9441| score=0.9833
0.00 0.00 0.70 0.30 | 0.983±0.006 | 0.959±0.014 | 0.981±0.006 | 0.944±0.018 | best lr=3.00e-04 wd=1.00e-05 dr=0.30 | ADD
[TUNE main] lr=3.00e-04 wd=1.00e-05 dr=0.30 | val_acc=0.9700 val_syn_cc=0.7038 val_loss=0.1732 | test_acc=0.9450 test_syn_cc=0.5172| score=0.9700
0.20 0.00 0.70 0.10 | 0.970±0.015 | 0.704±0.022 | 0.945±0.004 | 0.517±0.028 | best lr=3.00e-04 wd=1.00e-05 dr=0.30 | ADD
[TUNE main] lr=3.00e-04 wd=1.00e-05 dr=0.30 | val_acc=0.9917 val_syn_cc=0.9942 val_loss=0.0485 | test_acc=0.9872 test_syn_cc=0.9869| score=0.9917
0.10 0.00 0.35 0.55 | 0.992±0.006 | 0.994±0.005 | 0.987±0.001 | 0.987±0.003 | best lr=3.00e-04 wd=1.00e-05 dr=0.30 | ADD
[TUNE main] lr=3.00e-04 wd=1.00e-05 dr=0.30 | val_acc=0.9983 val_syn_cc=0.9965 val_loss=0.0210 | test_acc=0.9879 test_syn_cc=0.9812| score=0.9983
0.00 0.00 0.50 0.50 | 0.998±0.003 | 0.997±0.006 | 0.988±0.004 | 0.981±0.008 | best lr=3.00e-04 wd=1.00e-05 dr=0.30 | ADD
[TUNE main] lr=3.00e-04 wd=1.00e-05 dr=0.30 | val_acc=1.0000 val_syn_cc=nan val_loss=0.0060 | test_acc=0.9973 test_syn_cc=nan| score=1.0000
0.75 0.00 0.25 0.00 | 1.000±0.000 | nan±nan | 0.997±0.000 | nan±nan | best lr=3.00e-04 wd=1.00e-05 dr=0.30 | ADD
[TUNE main] lr=3.00e-04 wd=1.00e-05 dr=0.30 | val_acc=0.9983 val_syn_cc=1.0000 val_loss=0.0137 | test_acc=0.9933 test_syn_cc=0.9940| score=0.9983
0.25 0.00 0.00 0.75 | 0.998±0.003 | 1.000±0.000 | 0.993±0.002 | 0.994±0.002 | best lr=3.00e-04 wd=1.00e-05 dr=0.30 | ADD
[TUNE main] lr=3.00e-04 wd=1.00e-05 dr=0.30 | val_acc=0.9750 val_syn_cc=0.8647 val_loss=0.1271 | test_acc=0.9583 test_syn_cc=0.7503| score=0.9750
0.75 0.00 0.10 0.15 | 0.975±0.010 | 0.865±0.009 | 0.958±0.008 | 0.750±0.051 | best lr=3.00e-04 wd=1.00e-05 dr=0.30 | ADD
[TUNE main] lr=3.00e-04 wd=1.00e-05 dr=0.30 | val_acc=0.9900 val_syn_cc=0.9888 val_loss=0.0407 | test_acc=0.9842 test_syn_cc=0.9745| score=0.9900
0.20 0.00 0.35 0.45 | 0.990±0.005 | 0.989±0.011 | 0.984±0.004 | 0.975±0.008 | best lr=3.00e-04 wd=1.00e-05 dr=0.30 | ADD
[TUNE main] lr=3.00e-04 wd=1.00e-05 dr=0.30 | val_acc=0.9967 val_syn_cc=1.0000 val_loss=0.0239 | test_acc=0.9894 test_syn_cc=0.9903| score=0.9967
0.05 0.00 0.25 0.70 | 0.997±0.003 | 1.000±0.000 | 0.989±0.001 | 0.990±0.002 | best lr=3.00e-04 wd=1.00e-05 dr=0.30 | ADD
[TUNE main] lr=3.00e-04 wd=1.00e-05 dr=0.30 | val_acc=0.9950 val_syn_cc=0.9943 val_loss=0.0517 | test_acc=0.9768 test_syn_cc=0.9665| score=0.9950
0.25 0.00 0.20 0.55 | 0.995±0.005 | 0.994±0.010 | 0.977±0.004 | 0.966±0.004 | best lr=3.00e-04 wd=1.00e-05 dr=0.30 | ADD
[TUNE main] lr=3.00e-04 wd=1.00e-05 dr=0.30 | val_acc=0.9817 val_syn_cc=0.9410 val_loss=0.0669 | test_acc=0.9677 test_syn_cc=0.8654| score=0.9817
0.35 0.00 0.45 0.20 | 0.982±0.010 | 0.941±0.038 | 0.968±0.009 | 0.865±0.035 | best lr=3.00e-04 wd=1.00e-05 dr=0.30 | ADD
[TUNE main] lr=3.00e-04 wd=1.00e-05 dr=0.30 | val_acc=0.9733 val_syn_cc=0.8612 val_loss=0.1118 | test_acc=0.9653 test_syn_cc=0.8480| score=0.9733
0.05 0.00 0.75 0.20 | 0.973±0.013 | 0.861±0.085 | 0.965±0.003 | 0.848±0.023 | best lr=3.00e-04 wd=1.00e-05 dr=0.30 | ADD
[TUNE main] lr=3.00e-04 wd=1.00e-05 dr=0.30 | val_acc=0.9667 val_syn_cc=0.7026 val_loss=0.1954 | test_acc=0.9442 test_syn_cc=0.4867| score=0.9667
0.00 0.00 0.90 0.10 | 0.967±0.016 | 0.703±0.162 | 0.944±0.002 | 0.487±0.009 | best lr=3.00e-04 wd=1.00e-05 dr=0.30 | ADD
[TUNE main] lr=3.00e-04 wd=1.00e-05 dr=0.30 | val_acc=0.9817 val_syn_cc=0.7056 val_loss=0.1169 | test_acc=0.9686 test_syn_cc=0.4795| score=0.9817
0.05 0.00 0.90 0.05 | 0.982±0.003 | 0.706±0.042 | 0.969±0.005 | 0.479±0.037 | best lr=3.00e-04 wd=1.00e-05 dr=0.30 | ADD
[TUNE main] lr=3.00e-04 wd=1.00e-05 dr=0.30 | val_acc=0.9800 val_syn_cc=0.9374 val_loss=0.1136 | test_acc=0.9718 test_syn_cc=0.9081| score=0.9800
0.55 0.00 0.20 0.25 | 0.980±0.010 | 0.937±0.036 | 0.972±0.007 | 0.908±0.018 | best lr=3.00e-04 wd=1.00e-05 dr=0.30 | ADD
[TUNE main] lr=3.00e-04 wd=1.00e-05 dr=0.30 | val_acc=0.9967 val_syn_cc=0.9961 val_loss=0.0215 | test_acc=0.9867 test_syn_cc=0.9773| score=0.9967
0.30 0.00 0.30 0.40 | 0.997±0.003 | 0.996±0.007 | 0.987±0.004 | 0.977±0.007 | best lr=3.00e-04 wd=1.00e-05 dr=0.30 | ADD
[TUNE main] lr=3.00e-04 wd=1.00e-05 dr=0.30 | val_acc=0.9917 val_syn_cc=0.9973 val_loss=0.0287 | test_acc=0.9876 test_syn_cc=0.9904| score=0.9917
0.30 0.00 0.10 0.60 | 0.992±0.006 | 0.997±0.005 | 0.988±0.004 | 0.990±0.005 | best lr=3.00e-04 wd=1.00e-05 dr=0.30 | ADD
[TUNE main] lr=3.00e-04 wd=1.00e-05 dr=0.30 | val_acc=0.9983 val_syn_cc=nan val_loss=0.0091 | test_acc=0.9961 test_syn_cc=nan| score=0.9983
0.50 0.00 0.50 0.00 | 0.998±0.003 | nan±nan | 0.996±0.001 | nan±nan | best lr=3.00e-04 wd=1.00e-05 dr=0.30 | ADD
[TUNE main] lr=3.00e-04 wd=1.00e-05 dr=0.30 | val_acc=0.9933 val_syn_cc=0.9903 val_loss=0.0274 | test_acc=0.9876 test_syn_cc=0.9832| score=0.9933
0.05 0.00 0.45 0.50 | 0.993±0.008 | 0.990±0.010 | 0.988±0.003 | 0.983±0.003 | best lr=3.00e-04 wd=1.00e-05 dr=0.30 | ADD
[TUNE main] lr=3.00e-04 wd=1.00e-05 dr=0.30 | val_acc=0.9733 val_syn_cc=0.7639 val_loss=0.1102 | test_acc=0.9517 test_syn_cc=0.5787| score=0.9733
0.50 0.00 0.40 0.10 | 0.973±0.012 | 0.764±0.105 | 0.952±0.009 | 0.579±0.081 | best lr=3.00e-04 wd=1.00e-05 dr=0.30 | ADD
[TUNE main] lr=3.00e-04 wd=1.00e-05 dr=0.30 | val_acc=0.9817 val_syn_cc=0.9135 val_loss=0.0817 | test_acc=0.9708 test_syn_cc=0.8826| score=0.9817
0.45 0.00 0.35 0.20 | 0.982±0.010 | 0.913±0.037 | 0.971±0.009 | 0.883±0.053 | best lr=3.00e-04 wd=1.00e-05 dr=0.30 | ADD
[TUNE main] lr=3.00e-04 wd=1.00e-05 dr=0.30 | val_acc=0.9750 val_syn_cc=0.6121 val_loss=0.0840 | test_acc=0.9720 test_syn_cc=0.4908| score=0.9750
0.95 0.00 -0.00 0.05 | 0.975±0.005 | 0.612±0.201 | 0.972±0.005 | 0.491±0.035 | best lr=3.00e-04 wd=1.00e-05 dr=0.30 | ADD
[TUNE main] lr=3.00e-04 wd=1.00e-05 dr=0.30 | val_acc=0.9917 val_syn_cc=0.9969 val_loss=0.0278 | test_acc=0.9853 test_syn_cc=0.9790| score=0.9917
0.40 0.00 0.10 0.50 | 0.992±0.006 | 0.997±0.005 | 0.985±0.001 | 0.979±0.001 | best lr=3.00e-04 wd=1.00e-05 dr=0.30 | ADD
[TUNE main] lr=3.00e-04 wd=1.00e-05 dr=0.30 | val_acc=0.9867 val_syn_cc=0.9726 val_loss=0.0435 | test_acc=0.9768 test_syn_cc=0.9374| score=0.9867
0.15 0.00 0.55 0.30 | 0.987±0.010 | 0.973±0.019 | 0.977±0.003 | 0.937±0.012 | best lr=3.00e-04 wd=1.00e-05 dr=0.30 | ADD
[TUNE main] lr=3.00e-04 wd=1.00e-05 dr=0.30 | val_acc=0.9983 val_syn_cc=1.0000 val_loss=0.0180 | test_acc=0.9870 test_syn_cc=0.9839| score=0.9983
0.20 0.00 0.30 0.50 | 0.998±0.003 | 1.000±0.000 | 0.987±0.002 | 0.984±0.003 | best lr=3.00e-04 wd=1.00e-05 dr=0.30 | ADD
[TUNE main] lr=3.00e-04 wd=1.00e-05 dr=0.30 | val_acc=1.0000 val_syn_cc=nan val_loss=0.0078 | test_acc=0.9968 test_syn_cc=nan| score=1.0000
0.60 0.00 0.40 0.00 | 1.000±0.000 | nan±nan | 0.997±0.001 | nan±nan | best lr=3.00e-04 wd=1.00e-05 dr=0.30 | ADD
[TUNE main] lr=3.00e-04 wd=1.00e-05 dr=0.30 | val_acc=0.9750 val_syn_cc=0.7444 val_loss=0.0861 | test_acc=0.9697 test_syn_cc=0.5134| score=0.9750
0.75 0.00 0.20 0.05 | 0.975±0.005 | 0.744±0.010 | 0.970±0.002 | 0.513±0.020 | best lr=3.00e-04 wd=1.00e-05 dr=0.30 | ADD
[TUNE main] lr=3.00e-04 wd=1.00e-05 dr=0.30 | val_acc=0.9950 val_syn_cc=0.9903 val_loss=0.0307 | test_acc=0.9872 test_syn_cc=0.9819| score=0.9950
0.45 0.00 0.05 0.50 | 0.995±0.005 | 0.990±0.010 | 0.987±0.003 | 0.982±0.004 | best lr=3.00e-04 wd=1.00e-05 dr=0.30 | ADD
[TUNE main] lr=3.00e-04 wd=1.00e-05 dr=0.30 | val_acc=0.9767 val_syn_cc=0.6474 val_loss=0.1352 | test_acc=0.9645 test_syn_cc=0.4864| score=0.9767
0.60 0.00 0.35 0.05 | 0.977±0.006 | 0.647±0.057 | 0.965±0.004 | 0.486±0.053 | best lr=3.00e-04 wd=1.00e-05 dr=0.30 | ADD
[TUNE main] lr=3.00e-04 wd=1.00e-05 dr=0.30 | val_acc=0.9533 val_syn_cc=0.5813 val_loss=0.2244 | test_acc=0.9422 test_syn_cc=0.4961| score=0.9533
0.45 0.00 0.45 0.10 | 0.953±0.006 | 0.581±0.161 | 0.942±0.002 | 0.496±0.008 | best lr=3.00e-04 wd=1.00e-05 dr=0.30 | ADD
[TUNE main] lr=3.00e-04 wd=1.00e-05 dr=0.30 | val_acc=0.9883 val_syn_cc=0.7556 val_loss=0.0811 | test_acc=0.9745 test_syn_cc=0.4991| score=0.9883
0.00 0.00 0.95 0.05 | 0.988±0.008 | 0.756±0.077 | 0.974±0.001 | 0.499±0.008 | best lr=3.00e-04 wd=1.00e-05 dr=0.30 | ADD
[TUNE main] lr=3.00e-04 wd=1.00e-05 dr=0.30 | val_acc=0.9967 val_syn_cc=1.0000 val_loss=0.0166 | test_acc=0.9940 test_syn_cc=0.9952| score=0.9967
0.00 0.00 0.15 0.85 | 0.997±0.006 | 1.000±0.000 | 0.994±0.001 | 0.995±0.001 | best lr=3.00e-04 wd=1.00e-05 dr=0.30 | ADD
[TUNE main] lr=3.00e-04 wd=1.00e-05 dr=0.30 | val_acc=0.9983 val_syn_cc=nan val_loss=0.0104 | test_acc=0.9968 test_syn_cc=nan| score=0.9983
0.15 0.00 0.85 0.00 | 0.998±0.003 | nan±nan | 0.997±0.001 | nan±nan | best lr=3.00e-04 wd=1.00e-05 dr=0.30 | ADD
[TUNE main] lr=3.00e-04 wd=1.00e-05 dr=0.30 | val_acc=0.9833 val_syn_cc=0.9797 val_loss=0.0527 | test_acc=0.9826 test_syn_cc=0.9684| score=0.9833
0.15 0.00 0.45 0.40 | 0.983±0.012 | 0.980±0.014 | 0.983±0.002 | 0.968±0.004 | best lr=3.00e-04 wd=1.00e-05 dr=0.30 | ADD
[TUNE main] lr=3.00e-04 wd=1.00e-05 dr=0.30 | val_acc=0.9900 val_syn_cc=0.9903 val_loss=0.0454 | test_acc=0.9835 test_syn_cc=0.9776| score=0.9900
0.25 0.00 0.25 0.50 | 0.990±0.005 | 0.990±0.010 | 0.983±0.002 | 0.978±0.005 | best lr=3.00e-04 wd=1.00e-05 dr=0.30 | ADD
[TUNE main] lr=3.00e-04 wd=1.00e-05 dr=0.30 | val_acc=0.9833 val_syn_cc=0.9857 val_loss=0.0494 | test_acc=0.9809 test_syn_cc=0.9679| score=0.9833
0.30 0.00 0.25 0.45 | 0.983±0.008 | 0.986±0.005 | 0.981±0.004 | 0.968±0.009 | best lr=3.00e-04 wd=1.00e-05 dr=0.30 | ADD
[TUNE main] lr=3.00e-04 wd=1.00e-05 dr=0.30 | val_acc=0.9883 val_syn_cc=0.9806 val_loss=0.0384 | test_acc=0.9889 test_syn_cc=0.9840| score=0.9883
0.25 0.00 0.30 0.45 | 0.988±0.008 | 0.981±0.006 | 0.989±0.002 | 0.984±0.003 | best lr=3.00e-04 wd=1.00e-05 dr=0.30 | ADD
[TUNE main] lr=3.00e-04 wd=1.00e-05 dr=0.30 | val_acc=0.9917 val_syn_cc=0.9860 val_loss=0.0516 | test_acc=0.9801 test_syn_cc=0.9610| score=0.9917
0.25 0.00 0.35 0.40 | 0.992±0.008 | 0.986±0.014 | 0.980±0.005 | 0.961±0.016 | best lr=3.00e-04 wd=1.00e-05 dr=0.30 | ADD
[TUNE main] lr=3.00e-04 wd=1.00e-05 dr=0.30 | val_acc=0.9917 val_syn_cc=0.9940 val_loss=0.0457 | test_acc=0.9793 test_syn_cc=0.9499| score=0.9917
0.45 0.00 0.25 0.30 | 0.992±0.008 | 0.994±0.010 | 0.979±0.001 | 0.950±0.004 | best lr=3.00e-04 wd=1.00e-05 dr=0.30 | ADD
[TUNE main] lr=3.00e-04 wd=1.00e-05 dr=0.30 | val_acc=0.9683 val_syn_cc=0.7074 val_loss=0.1613 | test_acc=0.9420 test_syn_cc=0.4850| score=0.9683
0.05 0.00 0.85 0.10 | 0.968±0.012 | 0.707±0.101 | 0.942±0.007 | 0.485±0.035 | best lr=3.00e-04 wd=1.00e-05 dr=0.30 | ADD
[TUNE main] lr=3.00e-04 wd=1.00e-05 dr=0.30 | val_acc=0.9683 val_syn_cc=0.8129 val_loss=0.1188 | test_acc=0.9595 test_syn_cc=0.7608| score=0.9683
0.85 0.00 -0.00 0.15 | 0.968±0.026 | 0.813±0.181 | 0.959±0.014 | 0.761±0.079 | best lr=3.00e-04 wd=1.00e-05 dr=0.30 | ADD
[TUNE main] lr=3.00e-04 wd=1.00e-05 dr=0.30 | val_acc=0.9967 val_syn_cc=1.0000 val_loss=0.0174 | test_acc=0.9933 test_syn_cc=0.9942| score=0.9967
0.20 0.00 0.00 0.80 | 0.997±0.003 | 1.000±0.000 | 0.993±0.002 | 0.994±0.002 | best lr=3.00e-04 wd=1.00e-05 dr=0.30 | ADD
[TUNE main] lr=3.00e-04 wd=1.00e-05 dr=0.30 | val_acc=0.9917 val_syn_cc=0.9980 val_loss=0.0235 | test_acc=0.9901 test_syn_cc=0.9931| score=0.9917
0.05 0.00 0.10 0.85 | 0.992±0.010 | 0.998±0.003 | 0.990±0.003 | 0.993±0.003 | best lr=3.00e-04 wd=1.00e-05 dr=0.30 | ADD
[TUNE main] lr=3.00e-04 wd=1.00e-05 dr=0.30 | val_acc=0.9867 val_syn_cc=0.9554 val_loss=0.0599 | test_acc=0.9764 test_syn_cc=0.9185| score=0.9867
0.70 0.00 0.05 0.25 | 0.987±0.010 | 0.955±0.043 | 0.976±0.004 | 0.918±0.021 | best lr=3.00e-04 wd=1.00e-05 dr=0.30 | ADD
[TUNE main] lr=3.00e-04 wd=1.00e-05 dr=0.30 | val_acc=0.9667 val_syn_cc=0.7389 val_loss=0.1549 | test_acc=0.9533 test_syn_cc=0.5843| score=0.9667
0.80 0.00 0.10 0.10 | 0.967±0.012 | 0.739±0.067 | 0.953±0.006 | 0.584±0.087 | best lr=3.00e-04 wd=1.00e-05 dr=0.30 | ADD
[TUNE main] lr=3.00e-04 wd=1.00e-05 dr=0.30 | val_acc=0.9600 val_syn_cc=0.6774 val_loss=0.1295 | test_acc=0.9458 test_syn_cc=0.5269| score=0.9600
0.30 0.00 0.60 0.10 | 0.960±0.020 | 0.677±0.033 | 0.946±0.005 | 0.527±0.037 | best lr=3.00e-04 wd=1.00e-05 dr=0.30 | ADD
[TUNE main] lr=3.00e-04 wd=1.00e-05 dr=0.30 | val_acc=0.9600 val_syn_cc=0.6667 val_loss=0.1530 | test_acc=0.9489 test_syn_cc=0.5681| score=0.9600
0.75 0.00 0.15 0.10 | 0.960±0.010 | 0.667±0.048 | 0.949±0.008 | 0.568±0.050 | best lr=3.00e-04 wd=1.00e-05 dr=0.30 | ADD
[TUNE main] lr=3.00e-04 wd=1.00e-05 dr=0.30 | val_acc=0.9683 val_syn_cc=0.7402 val_loss=0.1354 | test_acc=0.9428 test_syn_cc=0.5474| score=0.9683
0.35 0.00 0.55 0.10 | 0.968±0.010 | 0.740±0.031 | 0.943±0.012 | 0.547±0.055 | best lr=3.00e-04 wd=1.00e-05 dr=0.30 | ADD
[TUNE main] lr=3.00e-04 wd=1.00e-05 dr=0.30 | val_acc=0.9867 val_syn_cc=0.9695 val_loss=0.0458 | test_acc=0.9808 test_syn_cc=0.9498| score=0.9867
0.00 0.00 0.65 0.35 | 0.987±0.015 | 0.970±0.030 | 0.981±0.005 | 0.950±0.015 | best lr=3.00e-04 wd=1.00e-05 dr=0.30 | ADD
[TUNE main] lr=3.00e-04 wd=1.00e-05 dr=0.30 | val_acc=0.9833 val_syn_cc=0.9749 val_loss=0.0702 | test_acc=0.9773 test_syn_cc=0.9487| score=0.9833
0.25 0.00 0.40 0.35 | 0.983±0.006 | 0.975±0.010 | 0.977±0.005 | 0.949±0.014 | best lr=3.00e-04 wd=1.00e-05 dr=0.30 | ADD
[TUNE main] lr=3.00e-04 wd=1.00e-05 dr=0.30 | val_acc=0.9867 val_syn_cc=0.9711 val_loss=0.0525 | test_acc=0.9840 test_syn_cc=0.9704| score=0.9867
0.35 0.00 0.30 0.35 | 0.987±0.006 | 0.971±0.002 | 0.984±0.004 | 0.970±0.013 | best lr=3.00e-04 wd=1.00e-05 dr=0.30 | ADD
[TUNE main] lr=3.00e-04 wd=1.00e-05 dr=0.30 | val_acc=0.9800 val_syn_cc=0.9356 val_loss=0.0791 | test_acc=0.9728 test_syn_cc=0.9095| score=0.9800
0.45 0.00 0.30 0.25 | 0.980±0.017 | 0.936±0.057 | 0.973±0.010 | 0.910±0.038 | best lr=3.00e-04 wd=1.00e-05 dr=0.30 | ADD
[TUNE main] lr=3.00e-04 wd=1.00e-05 dr=0.30 | val_acc=0.9950 val_syn_cc=0.9933 val_loss=0.0211 | test_acc=0.9904 test_syn_cc=0.9926| score=0.9950
0.05 0.00 0.20 0.75 | 0.995±0.000 | 0.993±0.000 | 0.990±0.001 | 0.993±0.002 | best lr=3.00e-04 wd=1.00e-05 dr=0.30 | ADD
[TUNE main] lr=3.00e-04 wd=1.00e-05 dr=0.30 | val_acc=0.9833 val_syn_cc=0.5794 val_loss=0.0632 | test_acc=0.9625 test_syn_cc=0.5169| score=0.9833
0.45 0.00 0.50 0.05 | 0.983±0.008 | 0.579±0.084 | 0.963±0.011 | 0.517±0.071 | best lr=3.00e-04 wd=1.00e-05 dr=0.30 | ADD
[TUNE main] lr=3.00e-04 wd=1.00e-05 dr=0.30 | val_acc=0.9933 val_syn_cc=1.0000 val_loss=0.0249 | test_acc=0.9859 test_syn_cc=0.9829| score=0.9933
0.30 0.00 0.15 0.55 | 0.993±0.008 | 1.000±0.000 | 0.986±0.001 | 0.983±0.004 | best lr=3.00e-04 wd=1.00e-05 dr=0.30 | ADD
[TUNE main] lr=3.00e-04 wd=1.00e-05 dr=0.30 | val_acc=0.9683 val_syn_cc=0.7054 val_loss=0.1367 | test_acc=0.9668 test_syn_cc=0.5520| score=0.9683
0.80 0.00 0.15 0.05 | 0.968±0.008 | 0.705±0.015 | 0.967±0.001 | 0.552±0.023 | best lr=3.00e-04 wd=1.00e-05 dr=0.30 | ADD
[TUNE main] lr=3.00e-04 wd=1.00e-05 dr=0.30 | val_acc=0.9700 val_syn_cc=0.5566 val_loss=0.1148 | test_acc=0.9683 test_syn_cc=0.4937| score=0.9700
0.30 0.00 0.65 0.05 | 0.970±0.010 | 0.557±0.071 | 0.968±0.002 | 0.494±0.015 | best lr=3.00e-04 wd=1.00e-05 dr=0.30 | ADD
[TUNE main] lr=3.00e-04 wd=1.00e-05 dr=0.30 | val_acc=0.9900 val_syn_cc=0.9920 val_loss=0.0349 | test_acc=0.9821 test_syn_cc=0.9655| score=0.9900
0.05 0.00 0.55 0.40 | 0.990±0.009 | 0.992±0.007 | 0.982±0.001 | 0.966±0.006 | best lr=3.00e-04 wd=1.00e-05 dr=0.30 | ADD
[TUNE main] lr=3.00e-04 wd=1.00e-05 dr=0.30 | val_acc=0.9833 val_syn_cc=0.9437 val_loss=0.0592 | test_acc=0.9813 test_syn_cc=0.9401| score=0.9833
0.65 0.00 0.10 0.25 | 0.983±0.008 | 0.944±0.044 | 0.981±0.006 | 0.940±0.032 | best lr=3.00e-04 wd=1.00e-05 dr=0.30 | ADD
[TUNE main] lr=3.00e-04 wd=1.00e-05 dr=0.30 | val_acc=1.0000 val_syn_cc=1.0000 val_loss=0.0069 | test_acc=0.9941 test_syn_cc=0.9952| score=1.0000
0.15 0.00 -0.00 0.85 | 1.000±0.000 | 1.000±0.000 | 0.994±0.001 | 0.995±0.001 | best lr=3.00e-04 wd=1.00e-05 dr=0.30 | ADD
[TUNE main] lr=3.00e-04 wd=1.00e-05 dr=0.30 | val_acc=0.9983 val_syn_cc=nan val_loss=0.0168 | test_acc=0.9961 test_syn_cc=nan| score=0.9983
0.30 0.00 0.70 0.00 | 0.998±0.003 | nan±nan | 0.996±0.001 | nan±nan | best lr=3.00e-04 wd=1.00e-05 dr=0.30 | ADD
[TUNE main] lr=3.00e-04 wd=1.00e-05 dr=0.30 | val_acc=0.9633 val_syn_cc=0.5429 val_loss=0.1072 | test_acc=0.9658 test_syn_cc=0.4749| score=0.9633
0.10 0.00 0.85 0.05 | 0.963±0.003 | 0.543±0.119 | 0.966±0.003 | 0.475±0.035 | best lr=3.00e-04 wd=1.00e-05 dr=0.30 | ADD
[TUNE main] lr=3.00e-04 wd=1.00e-05 dr=0.30 | val_acc=0.9933 val_syn_cc=0.9941 val_loss=0.0212 | test_acc=0.9864 test_syn_cc=0.9854| score=0.9933
0.20 0.00 0.25 0.55 | 0.993±0.003 | 0.994±0.005 | 0.986±0.002 | 0.985±0.002 | best lr=3.00e-04 wd=1.00e-05 dr=0.30 | ADD
[TUNE main] lr=3.00e-04 wd=1.00e-05 dr=0.30 | val_acc=0.9967 val_syn_cc=0.9979 val_loss=0.0173 | test_acc=0.9914 test_syn_cc=0.9937| score=0.9967
0.20 0.00 0.05 0.75 | 0.997±0.006 | 0.998±0.004 | 0.991±0.002 | 0.994±0.003 | best lr=3.00e-04 wd=1.00e-05 dr=0.30 | ADD
[TUNE main] lr=3.00e-04 wd=1.00e-05 dr=0.30 | val_acc=0.9933 val_syn_cc=0.9848 val_loss=0.0404 | test_acc=0.9816 test_syn_cc=0.9632| score=0.9933
0.50 0.00 0.15 0.35 | 0.993±0.003 | 0.985±0.000 | 0.982±0.010 | 0.963±0.026 | best lr=3.00e-04 wd=1.00e-05 dr=0.30 | ADD
[TUNE main] lr=3.00e-04 wd=1.00e-05 dr=0.30 | val_acc=0.9967 val_syn_cc=nan val_loss=0.0170 | test_acc=0.9951 test_syn_cc=nan| score=0.9967
0.45 0.00 0.55 0.00 | 0.997±0.006 | nan±nan | 0.995±0.002 | nan±nan | best lr=3.00e-04 wd=1.00e-05 dr=0.30 | ADD
[TUNE main] lr=3.00e-04 wd=1.00e-05 dr=0.30 | val_acc=0.9983 val_syn_cc=1.0000 val_loss=0.0150 | test_acc=0.9928 test_syn_cc=0.9937| score=0.9983
0.00 0.00 0.05 0.95 | 0.998±0.003 | 1.000±0.000 | 0.993±0.001 | 0.994±0.001 | best lr=3.00e-04 wd=1.00e-05 dr=0.30 | ADD
[TUNE main] lr=3.00e-04 wd=1.00e-05 dr=0.30 | val_acc=0.9867 val_syn_cc=0.9756 val_loss=0.0587 | test_acc=0.9833 test_syn_cc=0.9687| score=0.9867
0.10 0.00 0.50 0.40 | 0.987±0.003 | 0.976±0.014 | 0.983±0.007 | 0.969±0.018 | best lr=3.00e-04 wd=1.00e-05 dr=0.30 | ADD
[TUNE main] lr=3.00e-04 wd=1.00e-05 dr=0.30 | val_acc=0.9883 val_syn_cc=0.9764 val_loss=0.0616 | test_acc=0.9844 test_syn_cc=0.9609| score=0.9883
0.65 0.00 -0.00 0.35 | 0.988±0.012 | 0.976±0.015 | 0.984±0.002 | 0.961±0.008 | best lr=3.00e-04 wd=1.00e-05 dr=0.30 | ADD
[TUNE main] lr=3.00e-04 wd=1.00e-05 dr=0.30 | val_acc=0.9483 val_syn_cc=0.6880 val_loss=0.1760 | test_acc=0.9468 test_syn_cc=0.6774| score=0.9483
0.45 0.00 0.40 0.15 | 0.948±0.010 | 0.688±0.087 | 0.947±0.025 | 0.677±0.172 | best lr=3.00e-04 wd=1.00e-05 dr=0.30 | ADD
[TUNE main] lr=3.00e-04 wd=1.00e-05 dr=0.30 | val_acc=0.9733 val_syn_cc=0.8952 val_loss=0.1364 | test_acc=0.9703 test_syn_cc=0.9014| score=0.9733
0.30 0.00 0.45 0.25 | 0.973±0.015 | 0.895±0.067 | 0.970±0.014 | 0.901±0.044 | best lr=3.00e-04 wd=1.00e-05 dr=0.30 | ADD
[TUNE main] lr=3.00e-04 wd=1.00e-05 dr=0.30 | val_acc=0.9967 val_syn_cc=1.0000 val_loss=0.0173 | test_acc=0.9900 test_syn_cc=0.9913| score=0.9967
0.15 0.00 0.15 0.70 | 0.997±0.006 | 1.000±0.000 | 0.990±0.002 | 0.991±0.003 | best lr=3.00e-04 wd=1.00e-05 dr=0.30 | ADD
[TUNE main] lr=3.00e-04 wd=1.00e-05 dr=0.30 | val_acc=0.9783 val_syn_cc=0.9224 val_loss=0.0967 | test_acc=0.9809 test_syn_cc=0.9321| score=0.9783
0.75 0.00 0.00 0.25 | 0.978±0.013 | 0.922±0.068 | 0.981±0.004 | 0.932±0.018 | best lr=3.00e-04 wd=1.00e-05 dr=0.30 | ADD
[TUNE main] lr=3.00e-04 wd=1.00e-05 dr=0.30 | val_acc=0.9933 val_syn_cc=0.9982 val_loss=0.0223 | test_acc=0.9924 test_syn_cc=0.9948| score=0.9933
0.05 0.00 0.05 0.90 | 0.993±0.003 | 0.998±0.003 | 0.992±0.003 | 0.995±0.001 | best lr=3.00e-04 wd=1.00e-05 dr=0.30 | ADD
[TUNE main] lr=3.00e-04 wd=1.00e-05 dr=0.30 | val_acc=0.9983 val_syn_cc=1.0000 val_loss=0.0192 | test_acc=0.9899 test_syn_cc=0.9835| score=0.9983
0.00 0.00 0.45 0.55 | 0.998±0.003 | 1.000±0.000 | 0.990±0.002 | 0.984±0.002 | best lr=3.00e-04 wd=1.00e-05 dr=0.30 | ADD
[TUNE main] lr=3.00e-04 wd=1.00e-05 dr=0.30 | val_acc=0.9983 val_syn_cc=0.9981 val_loss=0.0137 | test_acc=0.9939 test_syn_cc=0.9954| score=0.9983
0.10 0.00 0.00 0.90 | 0.998±0.003 | 0.998±0.003 | 0.994±0.001 | 0.995±0.002 | best lr=3.00e-04 wd=1.00e-05 dr=0.30 | ADD
[TUNE main] lr=3.00e-04 wd=1.00e-05 dr=0.30 | val_acc=1.0000 val_syn_cc=1.0000 val_loss=0.0105 | test_acc=0.9861 test_syn_cc=0.9846| score=1.0000
0.25 0.00 0.15 0.60 | 1.000±0.000 | 1.000±0.000 | 0.986±0.004 | 0.985±0.005 | best lr=3.00e-04 wd=1.00e-05 dr=0.30 | ADD
[TUNE main] lr=3.00e-04 wd=1.00e-05 dr=0.30 | val_acc=0.9950 val_syn_cc=0.9915 val_loss=0.0220 | test_acc=0.9788 test_syn_cc=0.9595| score=0.9950
0.40 0.00 0.20 0.40 | 0.995±0.005 | 0.991±0.008 | 0.979±0.006 | 0.960±0.015 | best lr=3.00e-04 wd=1.00e-05 dr=0.30 | ADD
[TUNE main] lr=3.00e-04 wd=1.00e-05 dr=0.30 | val_acc=0.9900 val_syn_cc=0.9765 val_loss=0.0373 | test_acc=0.9809 test_syn_cc=0.9606| score=0.9900
0.30 0.00 0.35 0.35 | 0.990±0.005 | 0.977±0.015 | 0.981±0.004 | 0.961±0.008 | best lr=3.00e-04 wd=1.00e-05 dr=0.30 | ADD
[TUNE main] lr=3.00e-04 wd=1.00e-05 dr=0.30 | val_acc=0.9700 val_syn_cc=0.8380 val_loss=0.1663 | test_acc=0.9488 test_syn_cc=0.7191| score=0.9700
0.25 0.00 0.60 0.15 | 0.970±0.013 | 0.838±0.053 | 0.949±0.028 | 0.719±0.167 | best lr=3.00e-04 wd=1.00e-05 dr=0.30 | ADD
[TUNE main] lr=3.00e-04 wd=1.00e-05 dr=0.30 | val_acc=0.9867 val_syn_cc=0.9625 val_loss=0.0541 | test_acc=0.9733 test_syn_cc=0.9289| score=0.9867
0.25 0.00 0.45 0.30 | 0.987±0.003 | 0.963±0.005 | 0.973±0.004 | 0.929±0.012 | best lr=3.00e-04 wd=1.00e-05 dr=0.30 | ADD
[TUNE main] lr=3.00e-04 wd=1.00e-05 dr=0.30 | val_acc=0.9967 val_syn_cc=0.9948 val_loss=0.0222 | test_acc=0.9907 test_syn_cc=0.9865| score=0.9967
0.00 0.00 0.40 0.60 | 0.997±0.006 | 0.995±0.009 | 0.991±0.002 | 0.986±0.003 | best lr=3.00e-04 wd=1.00e-05 dr=0.30 | ADD
[TUNE main] lr=3.00e-04 wd=1.00e-05 dr=0.30 | val_acc=0.9983 val_syn_cc=nan val_loss=0.0164 | test_acc=0.9961 test_syn_cc=nan| score=0.9983
0.35 0.00 0.65 0.00 | 0.998±0.003 | nan±nan | 0.996±0.001 | nan±nan | best lr=3.00e-04 wd=1.00e-05 dr=0.30 | ADD
[TUNE main] lr=3.00e-04 wd=1.00e-05 dr=0.30 | val_acc=0.9667 val_syn_cc=0.6649 val_loss=0.1994 | test_acc=0.9564 test_syn_cc=0.5905| score=0.9667
0.90 0.00 -0.00 0.10 | 0.967±0.021 | 0.665±0.205 | 0.956±0.010 | 0.590±0.121 | best lr=3.00e-04 wd=1.00e-05 dr=0.30 | ADD
[TUNE main] lr=3.00e-04 wd=1.00e-05 dr=0.30 | val_acc=0.9900 val_syn_cc=0.9839 val_loss=0.0499 | test_acc=0.9864 test_syn_cc=0.9787| score=0.9900
0.15 0.00 0.40 0.45 | 0.990±0.005 | 0.984±0.014 | 0.986±0.003 | 0.979±0.008 | best lr=3.00e-04 wd=1.00e-05 dr=0.30 | ADD
[TUNE main] lr=3.00e-04 wd=1.00e-05 dr=0.30 | val_acc=0.9967 val_syn_cc=nan val_loss=0.0148 | test_acc=0.9950 test_syn_cc=nan| score=0.9967
0.40 0.00 0.60 0.00 | 0.997±0.006 | nan±nan | 0.995±0.001 | nan±nan | best lr=3.00e-04 wd=1.00e-05 dr=0.30 | ADD
[TUNE main] lr=3.00e-04 wd=1.00e-05 dr=0.30 | val_acc=0.9967 val_syn_cc=1.0000 val_loss=0.0310 | test_acc=0.9898 test_syn_cc=0.9905| score=0.9967
0.20 0.00 0.10 0.70 | 0.997±0.006 | 1.000±0.000 | 0.990±0.003 | 0.990±0.004 | best lr=3.00e-04 wd=1.00e-05 dr=0.30 | ADD
[TUNE main] lr=3.00e-04 wd=1.00e-05 dr=0.30 | val_acc=0.9700 val_syn_cc=0.8494 val_loss=0.1673 | test_acc=0.9546 test_syn_cc=0.7328| score=0.9700
0.10 0.00 0.75 0.15 | 0.970±0.013 | 0.849±0.057 | 0.955±0.008 | 0.733±0.069 | best lr=3.00e-04 wd=1.00e-05 dr=0.30 | ADD
[TUNE main] lr=3.00e-04 wd=1.00e-05 dr=0.30 | val_acc=0.9967 val_syn_cc=0.9947 val_loss=0.0160 | test_acc=0.9926 test_syn_cc=0.9923| score=0.9967
0.35 0.00 -0.00 0.65 | 0.997±0.006 | 0.995±0.009 | 0.993±0.002 | 0.992±0.003 | best lr=3.00e-04 wd=1.00e-05 dr=0.30 | ADD
[TUNE main] lr=3.00e-04 wd=1.00e-05 dr=0.30 | val_acc=0.9850 val_syn_cc=0.9476 val_loss=0.0624 | test_acc=0.9769 test_syn_cc=0.9186| score=0.9850
0.00 0.00 0.75 0.25 | 0.985±0.013 | 0.948±0.055 | 0.977±0.011 | 0.919±0.042 | best lr=3.00e-04 wd=1.00e-05 dr=0.30 | ADD
[TUNE main] lr=3.00e-04 wd=1.00e-05 dr=0.30 | val_acc=0.9917 val_syn_cc=0.9788 val_loss=0.0269 | test_acc=0.9758 test_syn_cc=0.9244| score=0.9917
0.20 0.00 0.55 0.25 | 0.992±0.003 | 0.979±0.003 | 0.976±0.004 | 0.924±0.014 | best lr=3.00e-04 wd=1.00e-05 dr=0.30 | ADD
[TUNE main] lr=3.00e-04 wd=1.00e-05 dr=0.30 | val_acc=0.9983 val_syn_cc=nan val_loss=0.0088 | test_acc=0.9961 test_syn_cc=nan| score=0.9983
0.80 0.00 0.20 0.00 | 0.998±0.003 | nan±nan | 0.996±0.001 | nan±nan | best lr=3.00e-04 wd=1.00e-05 dr=0.30 | ADD
[TUNE main] lr=3.00e-04 wd=1.00e-05 dr=0.30 | val_acc=1.0000 val_syn_cc=nan val_loss=0.0094 | test_acc=0.9974 test_syn_cc=nan| score=1.0000
0.95 0.00 0.05 0.00 | 1.000±0.000 | nan±nan | 0.997±0.001 | nan±nan | best lr=3.00e-04 wd=1.00e-05 dr=0.30 | ADD
[TUNE main] lr=3.00e-04 wd=1.00e-05 dr=0.30 | val_acc=0.9967 val_syn_cc=0.9963 val_loss=0.0205 | test_acc=0.9825 test_syn_cc=0.9674| score=0.9967
0.35 0.00 0.25 0.40 | 0.997±0.003 | 0.996±0.006 | 0.982±0.005 | 0.967±0.010 | best lr=3.00e-04 wd=1.00e-05 dr=0.30 | ADD
[TUNE main] lr=3.00e-04 wd=1.00e-05 dr=0.30 | val_acc=0.9900 val_syn_cc=0.9931 val_loss=0.0409 | test_acc=0.9892 test_syn_cc=0.9822| score=0.9900
0.50 0.00 0.00 0.50 | 0.990±0.009 | 0.993±0.012 | 0.989±0.002 | 0.982±0.005 | best lr=3.00e-04 wd=1.00e-05 dr=0.30 | ADD
[TUNE main] lr=3.00e-04 wd=1.00e-05 dr=0.30 | val_acc=0.9583 val_syn_cc=0.8320 val_loss=0.1887 | test_acc=0.9627 test_syn_cc=0.8390| score=0.9583
0.65 0.00 0.15 0.20 | 0.958±0.028 | 0.832±0.119 | 0.963±0.015 | 0.839±0.072 | best lr=3.00e-04 wd=1.00e-05 dr=0.30 | ADD
[TUNE main] lr=3.00e-04 wd=1.00e-05 dr=0.30 | val_acc=0.9900 val_syn_cc=0.9950 val_loss=0.0478 | test_acc=0.9853 test_syn_cc=0.9847| score=0.9900
0.10 0.00 0.25 0.65 | 0.990±0.010 | 0.995±0.009 | 0.985±0.003 | 0.985±0.006 | best lr=3.00e-04 wd=1.00e-05 dr=0.30 | ADD
[TUNE main] lr=3.00e-04 wd=1.00e-05 dr=0.30 | val_acc=0.9933 val_syn_cc=0.9973 val_loss=0.0397 | test_acc=0.9847 test_syn_cc=0.9826| score=0.9933
0.20 0.00 0.20 0.60 | 0.993±0.003 | 0.997±0.005 | 0.985±0.008 | 0.983±0.012 | best lr=3.00e-04 wd=1.00e-05 dr=0.30 | ADD
[TUNE main] lr=3.00e-04 wd=1.00e-05 dr=0.30 | val_acc=0.9900 val_syn_cc=0.9918 val_loss=0.0566 | test_acc=0.9807 test_syn_cc=0.9660| score=0.9900
0.45 0.00 0.15 0.40 | 0.990±0.005 | 0.992±0.007 | 0.981±0.004 | 0.966±0.007 | best lr=3.00e-04 wd=1.00e-05 dr=0.30 | ADD
[TUNE main] lr=3.00e-04 wd=1.00e-05 dr=0.30 | val_acc=1.0000 val_syn_cc=nan val_loss=0.0061 | test_acc=0.9962 test_syn_cc=nan| score=1.0000
0.65 0.00 0.35 0.00 | 1.000±0.000 | nan±nan | 0.996±0.001 | nan±nan | best lr=3.00e-04 wd=1.00e-05 dr=0.30 | ADD
[TUNE main] lr=3.00e-04 wd=1.00e-05 dr=0.30 | val_acc=0.9917 val_syn_cc=0.9825 val_loss=0.0302 | test_acc=0.9798 test_syn_cc=0.9593| score=0.9917
0.10 0.00 0.55 0.35 | 0.992±0.008 | 0.983±0.015 | 0.980±0.003 | 0.959±0.004 | best lr=3.00e-04 wd=1.00e-05 dr=0.30 | ADD
[TUNE main] lr=3.00e-04 wd=1.00e-05 dr=0.30 | val_acc=0.9883 val_syn_cc=0.9972 val_loss=0.0372 | test_acc=0.9858 test_syn_cc=0.9835| score=0.9883
0.10 0.00 0.30 0.60 | 0.988±0.003 | 0.997±0.005 | 0.986±0.004 | 0.984±0.006 | best lr=3.00e-04 wd=1.00e-05 dr=0.30 | ADD
[TUNE main] lr=3.00e-04 wd=1.00e-05 dr=0.30 | val_acc=0.9733 val_syn_cc=0.8676 val_loss=0.1593 | test_acc=0.9690 test_syn_cc=0.8700| score=0.9733
0.60 0.00 0.20 0.20 | 0.973±0.013 | 0.868±0.073 | 0.969±0.005 | 0.870±0.027 | best lr=3.00e-04 wd=1.00e-05 dr=0.30 | ADD
[TUNE main] lr=3.00e-04 wd=1.00e-05 dr=0.30 | val_acc=0.9967 val_syn_cc=0.9978 val_loss=0.0331 | test_acc=0.9888 test_syn_cc=0.9895| score=0.9967
0.10 0.00 0.15 0.75 | 0.997±0.006 | 0.998±0.004 | 0.989±0.003 | 0.990±0.005 | best lr=3.00e-04 wd=1.00e-05 dr=0.30 | ADD
[TUNE main] lr=3.00e-04 wd=1.00e-05 dr=0.30 | val_acc=1.0000 val_syn_cc=1.0000 val_loss=0.0114 | test_acc=0.9907 test_syn_cc=0.9796| score=1.0000
0.00 0.00 0.60 0.40 | 1.000±0.000 | 1.000±0.000 | 0.991±0.000 | 0.980±0.001 | best lr=3.00e-04 wd=1.00e-05 dr=0.30 | ADD
[TUNE main] lr=3.00e-04 wd=1.00e-05 dr=0.30 | val_acc=0.9950 val_syn_cc=0.9950 val_loss=0.0268 | test_acc=0.9878 test_syn_cc=0.9904| score=0.9950
0.20 0.00 0.15 0.65 | 0.995±0.000 | 0.995±0.004 | 0.988±0.002 | 0.990±0.003 | best lr=3.00e-04 wd=1.00e-05 dr=0.30 | ADD
[TUNE main] lr=3.00e-04 wd=1.00e-05 dr=0.30 | val_acc=0.9683 val_syn_cc=0.7222 val_loss=0.2020 | test_acc=0.9464 test_syn_cc=0.5297| score=0.9683
0.10 0.00 0.80 0.10 | 0.968±0.010 | 0.722±0.074 | 0.946±0.002 | 0.530±0.022 | best lr=3.00e-04 wd=1.00e-05 dr=0.30 | ADD
[TUNE main] lr=3.00e-04 wd=1.00e-05 dr=0.30 | val_acc=0.9983 val_syn_cc=nan val_loss=0.0178 | test_acc=0.9952 test_syn_cc=nan| score=0.9983
0.25 0.00 0.75 0.00 | 0.998±0.003 | nan±nan | 0.995±0.003 | nan±nan | best lr=3.00e-04 wd=1.00e-05 dr=0.30 | ADD
[TUNE main] lr=3.00e-04 wd=1.00e-05 dr=0.30 | val_acc=0.9800 val_syn_cc=0.9763 val_loss=0.0773 | test_acc=0.9823 test_syn_cc=0.9618| score=0.9800
0.55 0.00 0.10 0.35 | 0.980±0.013 | 0.976±0.030 | 0.982±0.004 | 0.962±0.015 | best lr=3.00e-04 wd=1.00e-05 dr=0.30 | ADD
[TUNE main] lr=3.00e-04 wd=1.00e-05 dr=0.30 | val_acc=0.9683 val_syn_cc=0.8714 val_loss=0.1374 | test_acc=0.9666 test_syn_cc=0.8618| score=0.9683
0.25 0.00 0.55 0.20 | 0.968±0.013 | 0.871±0.039 | 0.967±0.012 | 0.862±0.054 | best lr=3.00e-04 wd=1.00e-05 dr=0.30 | ADD
[TUNE main] lr=3.00e-04 wd=1.00e-05 dr=0.30 | val_acc=0.9817 val_syn_cc=0.6316 val_loss=0.1003 | test_acc=0.9604 test_syn_cc=0.4985| score=0.9817
0.50 0.00 0.45 0.05 | 0.982±0.010 | 0.632±0.080 | 0.960±0.009 | 0.498±0.034 | best lr=3.00e-04 wd=1.00e-05 dr=0.30 | ADD
[TUNE main] lr=3.00e-04 wd=1.00e-05 dr=0.30 | val_acc=0.9767 val_syn_cc=0.9485 val_loss=0.0717 | test_acc=0.9732 test_syn_cc=0.9151| score=0.9767
0.35 0.00 0.40 0.25 | 0.977±0.016 | 0.948±0.050 | 0.973±0.010 | 0.915±0.030 | best lr=3.00e-04 wd=1.00e-05 dr=0.30 | ADD
[TUNE main] lr=3.00e-04 wd=1.00e-05 dr=0.30 | val_acc=0.9933 val_syn_cc=0.9977 val_loss=0.0240 | test_acc=0.9911 test_syn_cc=0.9921| score=0.9933
0.10 0.00 0.20 0.70 | 0.993±0.003 | 0.998±0.004 | 0.991±0.001 | 0.992±0.002 | best lr=3.00e-04 wd=1.00e-05 dr=0.30 | ADD
[TUNE main] lr=3.00e-04 wd=1.00e-05 dr=0.30 | val_acc=1.0000 val_syn_cc=1.0000 val_loss=0.0221 | test_acc=0.9855 test_syn_cc=0.9813| score=1.0000
0.40 0.00 0.05 0.55 | 1.000±0.000 | 1.000±0.000 | 0.986±0.002 | 0.981±0.005 | best lr=3.00e-04 wd=1.00e-05 dr=0.30 | ADD
[TUNE main] lr=3.00e-04 wd=1.00e-05 dr=0.30 | val_acc=0.9917 val_syn_cc=0.9766 val_loss=0.0403 | test_acc=0.9778 test_syn_cc=0.9428| score=0.9917
0.65 0.00 0.05 0.30 | 0.992±0.003 | 0.977±0.009 | 0.978±0.002 | 0.943±0.009 | best lr=3.00e-04 wd=1.00e-05 dr=0.30 | ADD
[TUNE main] lr=3.00e-04 wd=1.00e-05 dr=0.30 | val_acc=0.9917 val_syn_cc=0.9942 val_loss=0.0236 | test_acc=0.9889 test_syn_cc=0.9902| score=0.9917
0.15 0.00 0.25 0.60 | 0.992±0.003 | 0.994±0.010 | 0.989±0.002 | 0.990±0.003 | best lr=3.00e-04 wd=1.00e-05 dr=0.30 | ADD
[TUNE main] lr=3.00e-04 wd=1.00e-05 dr=0.30 | val_acc=0.9717 val_syn_cc=0.8840 val_loss=0.1116 | test_acc=0.9628 test_syn_cc=0.8488| score=0.9717
0.20 0.00 0.60 0.20 | 0.972±0.015 | 0.884±0.064 | 0.963±0.014 | 0.849±0.069 | best lr=3.00e-04 wd=1.00e-05 dr=0.30 | ADD
[TUNE main] lr=3.00e-04 wd=1.00e-05 dr=0.30 | val_acc=0.9833 val_syn_cc=0.9491 val_loss=0.0665 | test_acc=0.9751 test_syn_cc=0.8990| score=0.9833
0.55 0.00 0.25 0.20 | 0.983±0.013 | 0.949±0.045 | 0.975±0.005 | 0.899±0.017 | best lr=3.00e-04 wd=1.00e-05 dr=0.30 | ADD
[TUNE main] lr=3.00e-04 wd=1.00e-05 dr=0.30 | val_acc=0.9900 val_syn_cc=0.9808 val_loss=0.0419 | test_acc=0.9808 test_syn_cc=0.9609| score=0.9900
0.50 0.00 0.10 0.40 | 0.990±0.005 | 0.981±0.014 | 0.981±0.006 | 0.961±0.014 | best lr=3.00e-04 wd=1.00e-05 dr=0.30 | ADD
[TUNE main] lr=3.00e-04 wd=1.00e-05 dr=0.30 | val_acc=0.9883 val_syn_cc=0.7731 val_loss=0.0537 | test_acc=0.9681 test_syn_cc=0.5042| score=0.9883
0.35 0.00 0.60 0.05 | 0.988±0.008 | 0.773±0.104 | 0.968±0.005 | 0.504±0.025 | best lr=3.00e-04 wd=1.00e-05 dr=0.30 | ADD
[TUNE main] lr=3.00e-04 wd=1.00e-05 dr=0.30 | val_acc=1.0000 val_syn_cc=nan val_loss=0.0085 | test_acc=0.9978 test_syn_cc=nan| score=1.0000
0.90 0.00 0.10 0.00 | 1.000±0.000 | nan±nan | 0.998±0.000 | nan±nan | best lr=3.00e-04 wd=1.00e-05 dr=0.30 | ADD
[TUNE main] lr=3.00e-04 wd=1.00e-05 dr=0.30 | val_acc=0.9767 val_syn_cc=0.9344 val_loss=0.0922 | test_acc=0.9683 test_syn_cc=0.9085| score=0.9767
0.35 0.00 0.35 0.30 | 0.977±0.013 | 0.934±0.041 | 0.968±0.002 | 0.909±0.006 | best lr=3.00e-04 wd=1.00e-05 dr=0.30 | ADD
[TUNE main] lr=3.00e-04 wd=1.00e-05 dr=0.30 | val_acc=0.9983 val_syn_cc=0.9962 val_loss=0.0108 | test_acc=0.9883 test_syn_cc=0.9778| score=0.9983
0.00 0.00 0.55 0.45 | 0.998±0.003 | 0.996±0.007 | 0.988±0.000 | 0.978±0.002 | best lr=3.00e-04 wd=1.00e-05 dr=0.30 | ADD
[TUNE main] lr=3.00e-04 wd=1.00e-05 dr=0.30 | val_acc=0.9533 val_syn_cc=0.7468 val_loss=0.1956 | test_acc=0.9521 test_syn_cc=0.7188| score=0.9533
0.50 0.00 0.35 0.15 | 0.953±0.033 | 0.747±0.191 | 0.952±0.026 | 0.719±0.164 | best lr=3.00e-04 wd=1.00e-05 dr=0.30 | ADD
[TUNE main] lr=3.00e-04 wd=1.00e-05 dr=0.30 | val_acc=0.9867 val_syn_cc=0.9799 val_loss=0.0554 | test_acc=0.9835 test_syn_cc=0.9725| score=0.9867
0.20 0.00 0.40 0.40 | 0.987±0.006 | 0.980±0.013 | 0.983±0.006 | 0.972±0.013 | best lr=3.00e-04 wd=1.00e-05 dr=0.30 | ADD
[TUNE main] lr=3.00e-04 wd=1.00e-05 dr=0.30 | val_acc=0.9900 val_syn_cc=0.9783 val_loss=0.0443 | test_acc=0.9837 test_syn_cc=0.9524| score=0.9900
0.15 0.00 0.60 0.25 | 0.990±0.013 | 0.978±0.038 | 0.984±0.006 | 0.952±0.024 | best lr=3.00e-04 wd=1.00e-05 dr=0.30 | ADD
[TUNE main] lr=3.00e-04 wd=1.00e-05 dr=0.30 | val_acc=0.9650 val_syn_cc=0.6745 val_loss=0.1421 | test_acc=0.9486 test_syn_cc=0.5368| score=0.9650
0.85 0.00 0.05 0.10 | 0.965±0.009 | 0.674±0.045 | 0.949±0.003 | 0.537±0.041 | best lr=3.00e-04 wd=1.00e-05 dr=0.30 | ADD
[TUNE main] lr=3.00e-04 wd=1.00e-05 dr=0.30 | val_acc=0.9750 val_syn_cc=0.9062 val_loss=0.0928 | test_acc=0.9640 test_syn_cc=0.8849| score=0.9750
0.25 0.00 0.50 0.25 | 0.975±0.005 | 0.906±0.023 | 0.964±0.011 | 0.885±0.031 | best lr=3.00e-04 wd=1.00e-05 dr=0.30 | ADD
[TUNE main] lr=3.00e-04 wd=1.00e-05 dr=0.30 | val_acc=0.9933 val_syn_cc=0.9886 val_loss=0.0341 | test_acc=0.9848 test_syn_cc=0.9750| score=0.9933
0.55 0.00 0.05 0.40 | 0.993±0.003 | 0.989±0.012 | 0.985±0.002 | 0.975±0.002 | best lr=3.00e-04 wd=1.00e-05 dr=0.30 | ADD
[TUNE main] lr=3.00e-04 wd=1.00e-05 dr=0.30 | val_acc=0.9983 val_syn_cc=0.9968 val_loss=0.0218 | test_acc=0.9879 test_syn_cc=0.9834| score=0.9983
0.45 0.00 0.00 0.55 | 0.998±0.003 | 0.997±0.006 | 0.988±0.004 | 0.983±0.006 | best lr=3.00e-04 wd=1.00e-05 dr=0.30 | ADD
[TUNE main] lr=3.00e-04 wd=1.00e-05 dr=0.30 | val_acc=0.9517 val_syn_cc=0.7620 val_loss=0.2071 | test_acc=0.9477 test_syn_cc=0.6827| score=0.9517
0.20 0.00 0.65 0.15 | 0.952±0.025 | 0.762±0.092 | 0.948±0.027 | 0.683±0.199 | best lr=3.00e-04 wd=1.00e-05 dr=0.30 | ADD
[TUNE main] lr=3.00e-04 wd=1.00e-05 dr=0.30 | val_acc=0.9667 val_syn_cc=0.8558 val_loss=0.1697 | test_acc=0.9632 test_syn_cc=0.8384| score=0.9667
0.70 0.00 0.10 0.20 | 0.967±0.019 | 0.856±0.074 | 0.963±0.007 | 0.838±0.040 | best lr=3.00e-04 wd=1.00e-05 dr=0.30 | ADD
[TUNE main] lr=3.00e-04 wd=1.00e-05 dr=0.30 | val_acc=0.9633 val_syn_cc=0.7361 val_loss=0.1720 | test_acc=0.9431 test_syn_cc=0.5217| score=0.9633
0.40 0.00 0.50 0.10 | 0.963±0.024 | 0.736±0.180 | 0.943±0.005 | 0.522±0.030 | best lr=3.00e-04 wd=1.00e-05 dr=0.30 | ADD
[TUNE main] lr=3.00e-04 wd=1.00e-05 dr=0.30 | val_acc=0.9933 val_syn_cc=0.9898 val_loss=0.0314 | test_acc=0.9791 test_syn_cc=0.9630| score=0.9933
0.50 0.00 0.05 0.45 | 0.993±0.006 | 0.990±0.010 | 0.979±0.007 | 0.963±0.018 | best lr=3.00e-04 wd=1.00e-05 dr=0.30 | ADD
[TUNE main] lr=3.00e-04 wd=1.00e-05 dr=0.30 | val_acc=0.9833 val_syn_cc=0.9782 val_loss=0.0507 | test_acc=0.9862 test_syn_cc=0.9715| score=0.9833
0.15 0.00 0.50 0.35 | 0.983±0.008 | 0.978±0.020 | 0.986±0.003 | 0.972±0.009 | best lr=3.00e-04 wd=1.00e-05 dr=0.30 | ADD
[TUNE main] lr=3.00e-04 wd=1.00e-05 dr=0.30 | val_acc=0.9750 val_syn_cc=0.9323 val_loss=0.1205 | test_acc=0.9701 test_syn_cc=0.9225| score=0.9750
0.30 0.00 0.40 0.30 | 0.975±0.000 | 0.932±0.016 | 0.970±0.002 | 0.923±0.005 | best lr=3.00e-04 wd=1.00e-05 dr=0.30 | ADD
[TUNE main] lr=3.00e-04 wd=1.00e-05 dr=0.30 | val_acc=0.9983 val_syn_cc=1.0000 val_loss=0.0256 | test_acc=0.9873 test_syn_cc=0.9880| score=0.9983
0.25 0.00 0.10 0.65 | 0.998±0.003 | 1.000±0.000 | 0.987±0.001 | 0.988±0.004 | best lr=3.00e-04 wd=1.00e-05 dr=0.30 | ADD
[TUNE main] lr=3.00e-04 wd=1.00e-05 dr=0.30 | val_acc=0.9767 val_syn_cc=0.5139 val_loss=0.0853 | test_acc=0.9657 test_syn_cc=0.5169| score=0.9767
0.40 0.00 0.55 0.05 | 0.977±0.010 | 0.514±0.146 | 0.966±0.005 | 0.517±0.027 | best lr=3.00e-04 wd=1.00e-05 dr=0.30 | ADD
[TUNE main] lr=3.00e-04 wd=1.00e-05 dr=0.30 | val_acc=0.9900 val_syn_cc=0.9758 val_loss=0.0443 | test_acc=0.9838 test_syn_cc=0.9495| score=0.9900
0.70 0.00 -0.00 0.30 | 0.990±0.009 | 0.976±0.009 | 0.984±0.006 | 0.950±0.019 | best lr=3.00e-04 wd=1.00e-05 dr=0.30 | ADD
[TUNE main] lr=3.00e-04 wd=1.00e-05 dr=0.30 | val_acc=0.9700 val_syn_cc=0.6271 val_loss=0.1187 | test_acc=0.9683 test_syn_cc=0.5161| score=0.9700
0.25 0.00 0.70 0.05 | 0.970±0.015 | 0.627±0.082 | 0.968±0.002 | 0.516±0.043 | best lr=3.00e-04 wd=1.00e-05 dr=0.30 | ADD
[TUNE main] lr=3.00e-04 wd=1.00e-05 dr=0.30 | val_acc=0.9933 val_syn_cc=0.9928 val_loss=0.0277 | test_acc=0.9907 test_syn_cc=0.9886| score=0.9933
0.00 0.00 0.30 0.70 | 0.993±0.006 | 0.993±0.007 | 0.991±0.004 | 0.989±0.006 | best lr=3.00e-04 wd=1.00e-05 dr=0.30 | ADD
[TUNE main] lr=3.00e-04 wd=1.00e-05 dr=0.30 | val_acc=0.9583 val_syn_cc=0.7758 val_loss=0.1678 | test_acc=0.9414 test_syn_cc=0.6402| score=0.9583
0.05 0.00 0.80 0.15 | 0.958±0.018 | 0.776±0.111 | 0.941±0.022 | 0.640±0.124 | best lr=3.00e-04 wd=1.00e-05 dr=0.30 | ADD
[TUNE main] lr=3.00e-04 wd=1.00e-05 dr=0.30 | val_acc=0.9733 val_syn_cc=0.8230 val_loss=0.1050 | test_acc=0.9505 test_syn_cc=0.5900| score=0.9733
0.65 0.00 0.25 0.10 | 0.973±0.016 | 0.823±0.083 | 0.951±0.013 | 0.590±0.104 | best lr=3.00e-04 wd=1.00e-05 dr=0.30 | ADD
[TUNE main] lr=3.00e-04 wd=1.00e-05 dr=0.30 | val_acc=0.9817 val_syn_cc=0.9165 val_loss=0.0948 | test_acc=0.9619 test_syn_cc=0.8463| score=0.9817
0.40 0.00 0.40 0.20 | 0.982±0.013 | 0.916±0.054 | 0.962±0.008 | 0.846±0.035 | best lr=3.00e-04 wd=1.00e-05 dr=0.30 | ADD
[TUNE main] lr=3.00e-04 wd=1.00e-05 dr=0.30 | val_acc=0.9983 val_syn_cc=nan val_loss=0.0130 | test_acc=0.9979 test_syn_cc=nan| score=0.9983
0.10 0.00 0.90 0.00 | 0.998±0.003 | nan±nan | 0.998±0.000 | nan±nan | best lr=3.00e-04 wd=1.00e-05 dr=0.30 | ADD
[TUNE main] lr=3.00e-04 wd=1.00e-05 dr=0.30 | val_acc=0.9650 val_syn_cc=0.8065 val_loss=0.1936 | test_acc=0.9581 test_syn_cc=0.7587| score=0.9650
0.30 0.00 0.55 0.15 | 0.965±0.013 | 0.806±0.073 | 0.958±0.017 | 0.759±0.095 | best lr=3.00e-04 wd=1.00e-05 dr=0.30 | ADD
[TUNE main] lr=3.00e-04 wd=1.00e-05 dr=0.30 | val_acc=0.9983 val_syn_cc=nan val_loss=0.0130 | test_acc=0.9978 test_syn_cc=nan| score=0.9983
0.05 0.00 0.95 0.00 | 0.998±0.003 | nan±nan | 0.998±0.001 | nan±nan | best lr=3.00e-04 wd=1.00e-05 dr=0.30 | ADD
[TUNE main] lr=3.00e-04 wd=1.00e-05 dr=0.30 | val_acc=0.9900 val_syn_cc=0.9807 val_loss=0.0361 | test_acc=0.9769 test_syn_cc=0.9369| score=0.9900
0.05 0.00 0.65 0.30 | 0.990±0.000 | 0.981±0.020 | 0.977±0.009 | 0.937±0.031 | best lr=3.00e-04 wd=1.00e-05 dr=0.30 | ADD
[TUNE main] lr=3.00e-04 wd=1.00e-05 dr=0.30 | val_acc=0.9933 val_syn_cc=0.9970 val_loss=0.0310 | test_acc=0.9873 test_syn_cc=0.9841| score=0.9933
0.15 0.00 0.35 0.50 | 0.993±0.003 | 0.997±0.005 | 0.987±0.002 | 0.984±0.002 | best lr=3.00e-04 wd=1.00e-05 dr=0.30 | ADD
[TUNE main] lr=3.00e-04 wd=1.00e-05 dr=0.30 | val_acc=0.9950 val_syn_cc=1.0000 val_loss=0.0263 | test_acc=0.9880 test_syn_cc=0.9891| score=0.9950
0.30 0.00 0.05 0.65 | 0.995±0.000 | 1.000±0.000 | 0.988±0.002 | 0.989±0.001 | best lr=3.00e-04 wd=1.00e-05 dr=0.30 | ADD
[TUNE main] lr=3.00e-04 wd=1.00e-05 dr=0.30 | val_acc=0.9917 val_syn_cc=0.9933 val_loss=0.0317 | test_acc=0.9878 test_syn_cc=0.9838| score=0.9917
0.35 0.00 0.15 0.50 | 0.992±0.003 | 0.993±0.012 | 0.988±0.003 | 0.984±0.006 | best lr=3.00e-04 wd=1.00e-05 dr=0.30 | ADD
[TUNE main] lr=3.00e-04 wd=1.00e-05 dr=0.30 | val_acc=0.9633 val_syn_cc=0.7570 val_loss=0.1602 | test_acc=0.9476 test_syn_cc=0.6640| score=0.9633
0.00 0.00 0.85 0.15 | 0.963±0.008 | 0.757±0.050 | 0.948±0.013 | 0.664±0.076 | best lr=3.00e-04 wd=1.00e-05 dr=0.30 | ADD
[TUNE main] lr=3.00e-04 wd=1.00e-05 dr=0.30 | val_acc=0.9983 val_syn_cc=0.9975 val_loss=0.0204 | test_acc=0.9917 test_syn_cc=0.9893| score=0.9983
0.00 0.00 0.35 0.65 | 0.998±0.003 | 0.998±0.004 | 0.992±0.005 | 0.989±0.007 | best lr=3.00e-04 wd=1.00e-05 dr=0.30 | ADD
[TUNE main] lr=3.00e-04 wd=1.00e-05 dr=0.30 | val_acc=0.9750 val_syn_cc=0.6011 val_loss=0.1021 | test_acc=0.9671 test_syn_cc=0.4772| score=0.9750
0.65 0.00 0.30 0.05 | 0.975±0.009 | 0.601±0.143 | 0.967±0.005 | 0.477±0.056 | best lr=3.00e-04 wd=1.00e-05 dr=0.30 | ADD
[TUNE main] lr=3.00e-04 wd=1.00e-05 dr=0.30 | val_acc=0.9633 val_syn_cc=0.8452 val_loss=0.1655 | test_acc=0.9603 test_syn_cc=0.8259| score=0.9633
0.10 0.00 0.70 0.20 | 0.963±0.006 | 0.845±0.044 | 0.960±0.025 | 0.826±0.113 | best lr=3.00e-04 wd=1.00e-05 dr=0.30 | ADD
[TUNE main] lr=3.00e-04 wd=1.00e-05 dr=0.30 | val_acc=0.9867 val_syn_cc=0.9939 val_loss=0.0427 | test_acc=0.9834 test_syn_cc=0.9794| score=0.9867
0.15 0.00 0.30 0.55 | 0.987±0.008 | 0.994±0.005 | 0.983±0.003 | 0.979±0.003 | best lr=3.00e-04 wd=1.00e-05 dr=0.30 | ADD
[TUNE main] lr=3.00e-04 wd=1.00e-05 dr=0.30 | val_acc=0.9683 val_syn_cc=0.7311 val_loss=0.1632 | test_acc=0.9423 test_syn_cc=0.5067| score=0.9683
0.25 0.00 0.65 0.10 | 0.968±0.013 | 0.731±0.030 | 0.942±0.005 | 0.507±0.026 | best lr=3.00e-04 wd=1.00e-05 dr=0.30 | ADD
[TUNE main] lr=3.00e-04 wd=1.00e-05 dr=0.30 | val_acc=0.9917 val_syn_cc=0.9979 val_loss=0.0533 | test_acc=0.9890 test_syn_cc=0.9904| score=0.9917
0.05 0.00 0.15 0.80 | 0.992±0.003 | 0.998±0.004 | 0.989±0.007 | 0.990±0.007 | best lr=3.00e-04 wd=1.00e-05 dr=0.30 | ADD
[TUNE main] lr=3.00e-04 wd=1.00e-05 dr=0.30 | val_acc=0.9850 val_syn_cc=0.9649 val_loss=0.0624 | test_acc=0.9831 test_syn_cc=0.9548| score=0.9850
0.20 0.00 0.50 0.30 | 0.985±0.010 | 0.965±0.016 | 0.983±0.003 | 0.955±0.010 | best lr=3.00e-04 wd=1.00e-05 dr=0.30 | ADD
[TUNE main] lr=3.00e-04 wd=1.00e-05 dr=0.30 | val_acc=0.9733 val_syn_cc=0.5905 val_loss=0.1443 | test_acc=0.9712 test_syn_cc=0.4965| score=0.9733
0.90 0.00 0.05 0.05 | 0.973±0.025 | 0.590±0.201 | 0.971±0.002 | 0.497±0.019 | best lr=3.00e-04 wd=1.00e-05 dr=0.30 | ADD
[TUNE main] lr=3.00e-04 wd=1.00e-05 dr=0.30 | val_acc=0.9683 val_syn_cc=0.5848 val_loss=0.1335 | test_acc=0.9583 test_syn_cc=0.4958| score=0.9683
0.15 0.00 0.80 0.05 | 0.968±0.018 | 0.585±0.123 | 0.958±0.018 | 0.496±0.020 | best lr=3.00e-04 wd=1.00e-05 dr=0.30 | ADD
[TUNE main] lr=3.00e-04 wd=1.00e-05 dr=0.30 | val_acc=0.9800 val_syn_cc=0.9323 val_loss=0.0772 | test_acc=0.9698 test_syn_cc=0.8982| score=0.9800
0.05 0.00 0.70 0.25 | 0.980±0.009 | 0.932±0.026 | 0.970±0.014 | 0.898±0.058 | best lr=3.00e-04 wd=1.00e-05 dr=0.30 | ADD
[TUNE main] lr=3.00e-04 wd=1.00e-05 dr=0.30 | val_acc=1.0000 val_syn_cc=nan val_loss=0.0041 | test_acc=0.9998 test_syn_cc=nan| score=1.0000
0.00 0.00 1.00 0.00 | 1.000±0.000 | nan±nan | 1.000±0.000 | nan±nan | best lr=3.00e-04 wd=1.00e-05 dr=0.30 | ADD
[TUNE main] lr=3.00e-04 wd=1.00e-05 dr=0.30 | val_acc=0.9933 val_syn_cc=0.9967 val_loss=0.0204 | test_acc=0.9827 test_syn_cc=0.9777| score=0.9933
0.30 0.00 0.20 0.50 | 0.993±0.003 | 0.997±0.006 | 0.983±0.006 | 0.978±0.009 | best lr=3.00e-04 wd=1.00e-05 dr=0.30 | ADD
[TUNE main] lr=3.00e-04 wd=1.00e-05 dr=0.30 | val_acc=0.9550 val_syn_cc=0.7365 val_loss=0.1948 | test_acc=0.9541 test_syn_cc=0.7307| score=0.9550
0.40 0.00 0.45 0.15 | 0.955±0.013 | 0.737±0.105 | 0.954±0.007 | 0.731±0.033 | best lr=3.00e-04 wd=1.00e-05 dr=0.30 | ADD
[TUNE main] lr=3.00e-04 wd=1.00e-05 dr=0.30 | val_acc=0.9950 val_syn_cc=1.0000 val_loss=0.0178 | test_acc=0.9883 test_syn_cc=0.9872| score=0.9950
0.05 0.00 0.35 0.60 | 0.995±0.005 | 1.000±0.000 | 0.988±0.004 | 0.987±0.004 | best lr=3.00e-04 wd=1.00e-05 dr=0.30 | ADD
[TUNE main] lr=3.00e-04 wd=1.00e-05 dr=0.30 | val_acc=0.9950 val_syn_cc=1.0000 val_loss=0.0290 | test_acc=0.9857 test_syn_cc=0.9832| score=0.9950
0.05 0.00 0.30 0.65 | 0.995±0.005 | 1.000±0.000 | 0.986±0.006 | 0.983±0.008 | best lr=3.00e-04 wd=1.00e-05 dr=0.30 | ADD
[TUNE main] lr=3.00e-04 wd=1.00e-05 dr=0.30 | val_acc=0.9600 val_syn_cc=0.6867 val_loss=0.1828 | test_acc=0.9492 test_syn_cc=0.5695| score=0.9600
0.15 0.00 0.75 0.10 | 0.960±0.009 | 0.687±0.064 | 0.949±0.007 | 0.570±0.031 | best lr=3.00e-04 wd=1.00e-05 dr=0.30 | ADD
[TUNE main] lr=3.00e-04 wd=1.00e-05 dr=0.30 | val_acc=0.9867 val_syn_cc=0.9861 val_loss=0.0592 | test_acc=0.9822 test_syn_cc=0.9625| score=0.9867
0.45 0.00 0.20 0.35 | 0.987±0.003 | 0.986±0.001 | 0.982±0.003 | 0.962±0.009 | best lr=3.00e-04 wd=1.00e-05 dr=0.30 | ADD
[TUNE main] lr=3.00e-04 wd=1.00e-05 dr=0.30 | val_acc=0.9767 val_syn_cc=0.9323 val_loss=0.0837 | test_acc=0.9750 test_syn_cc=0.9191| score=0.9767
0.40 0.00 0.35 0.25 | 0.977±0.015 | 0.932±0.046 | 0.975±0.004 | 0.919±0.014 | best lr=3.00e-04 wd=1.00e-05 dr=0.30 | ADD
[TUNE main] lr=3.00e-04 wd=1.00e-05 dr=0.30 | val_acc=0.9933 val_syn_cc=1.0000 val_loss=0.0263 | test_acc=0.9908 test_syn_cc=0.9905| score=0.9933
0.05 0.00 0.40 0.55 | 0.993±0.003 | 1.000±0.000 | 0.991±0.001 | 0.991±0.000 | best lr=3.00e-04 wd=1.00e-05 dr=0.30 | ADD
[TUNE main] lr=3.00e-04 wd=1.00e-05 dr=0.30 | val_acc=0.9950 val_syn_cc=0.9936 val_loss=0.0308 | test_acc=0.9849 test_syn_cc=0.9778| score=0.9950
0.10 0.00 0.40 0.50 | 0.995±0.005 | 0.994±0.006 | 0.985±0.004 | 0.978±0.008 | best lr=3.00e-04 wd=1.00e-05 dr=0.30 | ADD
[TUNE main] lr=3.00e-04 wd=1.00e-05 dr=0.30 | val_acc=1.0000 val_syn_cc=1.0000 val_loss=0.0530 | test_acc=0.9959 test_syn_cc=0.9959| score=1.0000
0.00 0.00 0.00 1.00 | 1.000±0.000 | 1.000±0.000 | 0.996±0.003 | 0.996±0.003 | best lr=3.00e-04 wd=1.00e-05 dr=0.30 | ADD
[TUNE main] lr=3.00e-04 wd=1.00e-05 dr=0.30 | val_acc=0.9933 val_syn_cc=0.9882 val_loss=0.0370 | test_acc=0.9871 test_syn_cc=0.9713| score=0.9933
0.60 0.00 -0.00 0.40 | 0.993±0.003 | 0.988±0.012 | 0.987±0.006 | 0.971±0.015 | best lr=3.00e-04 wd=1.00e-05 dr=0.30 | ADD
[TUNE main] lr=3.00e-04 wd=1.00e-05 dr=0.30 | val_acc=0.9867 val_syn_cc=0.9900 val_loss=0.0432 | test_acc=0.9832 test_syn_cc=0.9765| score=0.9867
0.10 0.00 0.45 0.45 | 0.987±0.013 | 0.990±0.017 | 0.983±0.003 | 0.977±0.006 | best lr=3.00e-04 wd=1.00e-05 dr=0.30 | ADD
[TUNE main] lr=3.00e-04 wd=1.00e-05 dr=0.30 | val_acc=1.0000 val_syn_cc=nan val_loss=0.0070 | test_acc=0.9962 test_syn_cc=nan| score=1.0000
0.55 0.00 0.45 0.00 | 1.000±0.000 | nan±nan | 0.996±0.001 | nan±nan | best lr=3.00e-04 wd=1.00e-05 dr=0.30 | ADD
[TUNE main] lr=3.00e-04 wd=1.00e-05 dr=0.30 | val_acc=0.9600 val_syn_cc=0.8009 val_loss=0.1693 | test_acc=0.9577 test_syn_cc=0.7790| score=0.9600
0.00 0.00 0.80 0.20 | 0.960±0.026 | 0.801±0.117 | 0.958±0.015 | 0.779±0.085 | best lr=3.00e-04 wd=1.00e-05 dr=0.30 | ADD
[TUNE main] lr=3.00e-04 wd=1.00e-05 dr=0.30 | val_acc=0.9767 val_syn_cc=0.9255 val_loss=0.1004 | test_acc=0.9656 test_syn_cc=0.8812| score=0.9767
0.50 0.00 0.25 0.25 | 0.977±0.003 | 0.925±0.015 | 0.966±0.007 | 0.881±0.037 | best lr=3.00e-04 wd=1.00e-05 dr=0.30 | ADD
[TUNE main] lr=3.00e-04 wd=1.00e-05 dr=0.30 | val_acc=0.9700 val_syn_cc=0.8663 val_loss=0.1426 | test_acc=0.9623 test_syn_cc=0.7761| score=0.9700
0.80 0.00 0.05 0.15 | 0.970±0.017 | 0.866±0.074 | 0.962±0.003 | 0.776±0.032 | best lr=3.00e-04 wd=1.00e-05 dr=0.30 | ADD
[TUNE main] lr=3.00e-04 wd=1.00e-05 dr=0.30 | val_acc=0.9850 val_syn_cc=0.9947 val_loss=0.0512 | test_acc=0.9762 test_syn_cc=0.9408| score=0.9850
0.50 0.00 0.20 0.30 | 0.985±0.005 | 0.995±0.009 | 0.976±0.003 | 0.941±0.010 | best lr=3.00e-04 wd=1.00e-05 dr=0.30 | ADD
[TUNE main] lr=3.00e-04 wd=1.00e-05 dr=0.30 | val_acc=0.9817 val_syn_cc=0.9613 val_loss=0.0984 | test_acc=0.9789 test_syn_cc=0.9450| score=0.9817
0.55 0.00 0.15 0.30 | 0.982±0.008 | 0.961±0.004 | 0.979±0.008 | 0.945±0.025 | best lr=3.00e-04 wd=1.00e-05 dr=0.30 | ADD
[TUNE main] lr=3.00e-04 wd=1.00e-05 dr=0.30 | val_acc=0.9967 val_syn_cc=1.0000 val_loss=0.0219 | test_acc=0.9908 test_syn_cc=0.9937| score=0.9967
0.15 0.00 0.05 0.80 | 0.997±0.006 | 1.000±0.000 | 0.991±0.001 | 0.994±0.001 | best lr=3.00e-04 wd=1.00e-05 dr=0.30 | ADD
[TUNE main] lr=3.00e-04 wd=1.00e-05 dr=0.30 | val_acc=0.9617 val_syn_cc=0.7900 val_loss=0.1872 | test_acc=0.9517 test_syn_cc=0.7102| score=0.9617
0.70 0.00 0.15 0.15 | 0.962±0.008 | 0.790±0.045 | 0.952±0.005 | 0.710±0.051 | best lr=3.00e-04 wd=1.00e-05 dr=0.30 | ADD
[TUNE main] lr=3.00e-04 wd=1.00e-05 dr=0.30 | val_acc=0.9983 val_syn_cc=0.9973 val_loss=0.0150 | test_acc=0.9840 test_syn_cc=0.9797| score=0.9983
0.35 0.00 0.10 0.55 | 0.998±0.003 | 0.997±0.005 | 0.984±0.003 | 0.980±0.007 | best lr=3.00e-04 wd=1.00e-05 dr=0.30 | ADD
[TUNE main] lr=3.00e-04 wd=1.00e-05 dr=0.30 | val_acc=0.9833 val_syn_cc=0.9720 val_loss=0.0790 | test_acc=0.9821 test_syn_cc=0.9596| score=0.9833
0.05 0.00 0.60 0.35 | 0.983±0.013 | 0.972±0.021 | 0.982±0.005 | 0.960±0.016 | best lr=3.00e-04 wd=1.00e-05 dr=0.30 | ADD
[TUNE main] lr=3.00e-04 wd=1.00e-05 dr=0.30 | val_acc=1.0000 val_syn_cc=nan val_loss=0.0060 | test_acc=0.9998 test_syn_cc=nan| score=1.0000
1.00 0.00 0.00 0.00 | 1.000±0.000 | nan±nan | 1.000±0.000 | nan±nan | best lr=3.00e-04 wd=1.00e-05 dr=0.30 | ADD
[TUNE main] lr=3.00e-04 wd=1.00e-05 dr=0.30 | val_acc=0.9750 val_syn_cc=0.8736 val_loss=0.1053 | test_acc=0.9581 test_syn_cc=0.7976| score=0.9750
0.80 0.00 -0.00 0.20 | 0.975±0.017 | 0.874±0.090 | 0.958±0.018 | 0.798±0.089 | best lr=3.00e-04 wd=1.00e-05 dr=0.30 | ADD
[TUNE main] lr=3.00e-04 wd=1.00e-05 dr=0.30 | val_acc=0.9633 val_syn_cc=0.8293 val_loss=0.1670 | test_acc=0.9595 test_syn_cc=0.8139| score=0.9633
0.75 0.00 0.05 0.20 | 0.963±0.010 | 0.829±0.074 | 0.959±0.011 | 0.814±0.053 | best lr=3.00e-04 wd=1.00e-05 dr=0.30 | ADD
[TUNE main] lr=3.00e-04 wd=1.00e-05 dr=0.30 | val_acc=0.9467 val_syn_cc=0.6899 val_loss=0.2972 | test_acc=0.9361 test_syn_cc=0.6277| score=0.9467
0.55 0.00 0.30 0.15 | 0.947±0.013 | 0.690±0.068 | 0.936±0.014 | 0.628±0.096 | best lr=3.00e-04 wd=1.00e-05 dr=0.30 | ADD
[TUNE main] lr=3.00e-04 wd=1.00e-05 dr=0.30 | val_acc=0.9867 val_syn_cc=0.9712 val_loss=0.0337 | test_acc=0.9848 test_syn_cc=0.9662| score=0.9867
0.60 0.00 0.05 0.35 | 0.987±0.008 | 0.971±0.026 | 0.985±0.003 | 0.966±0.005 | best lr=3.00e-04 wd=1.00e-05 dr=0.30 | ADD
[TUNE main] lr=3.00e-04 wd=1.00e-05 dr=0.30 | val_acc=0.9933 val_syn_cc=0.9974 val_loss=0.0289 | test_acc=0.9878 test_syn_cc=0.9886| score=0.9933
0.30 0.00 -0.00 0.70 | 0.993±0.012 | 0.997±0.005 | 0.988±0.001 | 0.989±0.000 | best lr=3.00e-04 wd=1.00e-05 dr=0.30 | ADD
[LOG] saved: pid_synthetic_tuning/maintuned_valacc_nlrwddr.jsonl (total entries: 0)
[1;34mwandb[0m: 
[1;34mwandb[0m: 🚀 View run [33mconfused-snowflake-76[0m at: [34m[0m
[1;34mwandb[0m: Find logs at: [1;35mwandb/run-20260116_213939-9eyhg1p3/logs[0m
Job finished
