Starting Job
/esat/smcdata/users/kkontras/Image_Dataset/no_backup/git/Synergy/mydatasets/Xor/Xor_PID3Main_MaskSynIB_Search.py
/esat/smcdata/users/kkontras/Image_Dataset/no_backup/envs/synergy_new/bin/python
Python 3.10.19
/esat/smcdata/users/kkontras/Image_Dataset/no_backup/git/Synergy
We have 1 GPU
/esat/smcdata/users/kkontras/Image_Dataset/no_backup/git/Synergy/mydatasets/Xor/Xor_PID3Main_MaskSynIB_Search.py

Executing command: python /esat/smcdata/users/kkontras/Image_Dataset/no_backup/git/Synergy/mydatasets/Xor/Xor_PID3Main_MaskSynIB_Search.py
[LOAD] path=pid_synthetic_tuning/maintuned_valacc_nlrwddr.jsonl
[LOAD] abs_path=/esat/smcdata/users/kkontras/Image_Dataset/no_backup/git/Synergy/pid_synthetic_tuning/maintuned_valacc_nlrwddr.jsonl
[LOAD] file does not exist -> returning empty
==============================================================================================================
[DEFAULT CONFIG]
  dims: dim0=32 dim1=32
  blocks0: unique=6 red=6 syn=6 noise=14 | random_pos=False
  blocks1: unique=6 red=6 syn=6 noise=14 | random_pos=False
  SNR: unique_strength=3 red_strength=3 syn_strength=3 noise_std=1
  train: n_train=2000 n_test=4000 batch=64 epochs=30 lr=3.0e-04
  loss: lambda_uni=1 lambda_kl=10 lambda_shortcut_inv=0
  probs: u1=0.3, u2=0.3, red=0.3, syn=0.1
==============================================================================================================
[RUN] sweep non-overlap source probs (u1/u2/red/syn)
[LOG] append/dedupe json: pid_synthetic_tuning/maintuned_valacc_nlrwddr.jsonl
pu1 pu2 pred psyn | MainTot SynIBTot | Main(u1,u2,red,syn) | SynIB(u1,u2,red,syn) | det | status
---------------------------------------------------------------------------------------------------
[TUNE main] lr=3.00e-04 wd=1.00e-05 dr=0.30 | val_acc=0.9983 val_syn_cc=0.9973 val_loss=0.0152 | test_acc=0.9838 test_syn_cc=0.9788| score=0.9983
0.35 0.00 0.10 0.55 | 0.998±0.003 | 0.997±0.005 | 0.984±0.004 | 0.979±0.006 | best lr=3.00e-04 wd=1.00e-05 dr=0.30 | ADD
[TUNE main] lr=3.00e-04 wd=1.00e-05 dr=0.30 | val_acc=1.0000 val_syn_cc=1.0000 val_loss=0.0114 | test_acc=0.9904 test_syn_cc=0.9788| score=1.0000
0.00 0.00 0.60 0.40 | 1.000±0.000 | 1.000±0.000 | 0.990±0.001 | 0.979±0.001 | best lr=3.00e-04 wd=1.00e-05 dr=0.30 | ADD
[TUNE main] lr=3.00e-04 wd=1.00e-05 dr=0.30 | val_acc=0.9767 val_syn_cc=0.9303 val_loss=0.1029 | test_acc=0.9706 test_syn_cc=0.9058| score=0.9767
0.55 0.00 0.20 0.25 | 0.977±0.008 | 0.930±0.038 | 0.971±0.005 | 0.906±0.015 | best lr=3.00e-04 wd=1.00e-05 dr=0.30 | ADD
[TUNE main] lr=3.00e-04 wd=1.00e-05 dr=0.30 | val_acc=0.9583 val_syn_cc=0.6358 val_loss=0.1589 | test_acc=0.9493 test_syn_cc=0.5623| score=0.9583
0.55 0.00 0.35 0.10 | 0.958±0.010 | 0.636±0.098 | 0.949±0.008 | 0.562±0.065 | best lr=3.00e-04 wd=1.00e-05 dr=0.30 | ADD
[TUNE main] lr=3.00e-04 wd=1.00e-05 dr=0.30 | val_acc=0.9683 val_syn_cc=0.9210 val_loss=0.0871 | test_acc=0.9724 test_syn_cc=0.9226| score=0.9683
0.10 0.00 0.60 0.30 | 0.968±0.015 | 0.921±0.041 | 0.972±0.007 | 0.923±0.024 | best lr=3.00e-04 wd=1.00e-05 dr=0.30 | ADD
[TUNE main] lr=3.00e-04 wd=1.00e-05 dr=0.30 | val_acc=0.9983 val_syn_cc=1.0000 val_loss=0.0150 | test_acc=0.9928 test_syn_cc=0.9937| score=0.9983
0.00 0.00 0.05 0.95 | 0.998±0.003 | 1.000±0.000 | 0.993±0.001 | 0.994±0.001 | best lr=3.00e-04 wd=1.00e-05 dr=0.30 | ADD
[TUNE main] lr=3.00e-04 wd=1.00e-05 dr=0.30 | val_acc=0.9833 val_syn_cc=0.9135 val_loss=0.0871 | test_acc=0.9702 test_syn_cc=0.8813| score=0.9833
0.45 0.00 0.35 0.20 | 0.983±0.008 | 0.913±0.037 | 0.970±0.009 | 0.881±0.052 | best lr=3.00e-04 wd=1.00e-05 dr=0.30 | ADD
[TUNE main] lr=3.00e-04 wd=1.00e-05 dr=0.30 | val_acc=0.9983 val_syn_cc=nan val_loss=0.0115 | test_acc=0.9958 test_syn_cc=nan| score=0.9983
0.20 0.00 0.80 0.00 | 0.998±0.003 | nan±nan | 0.996±0.002 | nan±nan | best lr=3.00e-04 wd=1.00e-05 dr=0.30 | ADD
[TUNE main] lr=3.00e-04 wd=1.00e-05 dr=0.30 | val_acc=0.9717 val_syn_cc=0.8780 val_loss=0.1511 | test_acc=0.9681 test_syn_cc=0.8611| score=0.9717
0.70 0.00 0.10 0.20 | 0.972±0.015 | 0.878±0.058 | 0.968±0.008 | 0.861±0.041 | best lr=3.00e-04 wd=1.00e-05 dr=0.30 | ADD
[TUNE main] lr=3.00e-04 wd=1.00e-05 dr=0.30 | val_acc=0.9633 val_syn_cc=0.7361 val_loss=0.1720 | test_acc=0.9431 test_syn_cc=0.5217| score=0.9633
0.40 0.00 0.50 0.10 | 0.963±0.024 | 0.736±0.180 | 0.943±0.005 | 0.522±0.030 | best lr=3.00e-04 wd=1.00e-05 dr=0.30 | ADD
[TUNE main] lr=3.00e-04 wd=1.00e-05 dr=0.30 | val_acc=0.9883 val_syn_cc=0.9867 val_loss=0.0327 | test_acc=0.9788 test_syn_cc=0.9423| score=0.9883
0.05 0.00 0.65 0.30 | 0.988±0.003 | 0.987±0.023 | 0.979±0.006 | 0.942±0.022 | best lr=3.00e-04 wd=1.00e-05 dr=0.30 | ADD
[TUNE main] lr=3.00e-04 wd=1.00e-05 dr=0.30 | val_acc=0.9967 val_syn_cc=1.0000 val_loss=0.0173 | test_acc=0.9901 test_syn_cc=0.9914| score=0.9967
0.15 0.00 0.15 0.70 | 0.997±0.006 | 1.000±0.000 | 0.990±0.002 | 0.991±0.003 | best lr=3.00e-04 wd=1.00e-05 dr=0.30 | ADD
[TUNE main] lr=3.00e-04 wd=1.00e-05 dr=0.30 | val_acc=0.9917 val_syn_cc=0.9979 val_loss=0.0495 | test_acc=0.9889 test_syn_cc=0.9902| score=0.9917
0.05 0.00 0.15 0.80 | 0.992±0.003 | 0.998±0.004 | 0.989±0.003 | 0.990±0.003 | best lr=3.00e-04 wd=1.00e-05 dr=0.30 | ADD
[TUNE main] lr=3.00e-04 wd=1.00e-05 dr=0.30 | val_acc=0.9883 val_syn_cc=0.7556 val_loss=0.0811 | test_acc=0.9745 test_syn_cc=0.4991| score=0.9883
0.00 0.00 0.95 0.05 | 0.988±0.008 | 0.756±0.077 | 0.974±0.001 | 0.499±0.008 | best lr=3.00e-04 wd=1.00e-05 dr=0.30 | ADD
[TUNE main] lr=3.00e-04 wd=1.00e-05 dr=0.30 | val_acc=0.9967 val_syn_cc=0.9977 val_loss=0.0220 | test_acc=0.9872 test_syn_cc=0.9902| score=0.9967
0.20 0.00 0.15 0.65 | 0.997±0.003 | 0.998±0.004 | 0.987±0.001 | 0.990±0.003 | best lr=3.00e-04 wd=1.00e-05 dr=0.30 | ADD
[TUNE main] lr=3.00e-04 wd=1.00e-05 dr=0.30 | val_acc=0.9950 val_syn_cc=1.0000 val_loss=0.0238 | test_acc=0.9917 test_syn_cc=0.9933| score=0.9950
0.10 0.00 0.10 0.80 | 0.995±0.005 | 1.000±0.000 | 0.992±0.002 | 0.993±0.002 | best lr=3.00e-04 wd=1.00e-05 dr=0.30 | ADD
[TUNE main] lr=3.00e-04 wd=1.00e-05 dr=0.30 | val_acc=0.9783 val_syn_cc=0.9395 val_loss=0.0960 | test_acc=0.9716 test_syn_cc=0.9194| score=0.9783
0.35 0.00 0.35 0.30 | 0.978±0.013 | 0.939±0.040 | 0.972±0.006 | 0.919±0.020 | best lr=3.00e-04 wd=1.00e-05 dr=0.30 | ADD
[TUNE main] lr=3.00e-04 wd=1.00e-05 dr=0.30 | val_acc=0.9983 val_syn_cc=nan val_loss=0.0130 | test_acc=0.9978 test_syn_cc=nan| score=0.9983
0.05 0.00 0.95 0.00 | 0.998±0.003 | nan±nan | 0.998±0.001 | nan±nan | best lr=3.00e-04 wd=1.00e-05 dr=0.30 | ADD
[TUNE main] lr=3.00e-04 wd=1.00e-05 dr=0.30 | val_acc=0.9983 val_syn_cc=0.9974 val_loss=0.0213 | test_acc=0.9913 test_syn_cc=0.9873| score=0.9983
0.00 0.00 0.40 0.60 | 0.998±0.003 | 0.997±0.005 | 0.991±0.002 | 0.987±0.002 | best lr=3.00e-04 wd=1.00e-05 dr=0.30 | ADD
[TUNE main] lr=3.00e-04 wd=1.00e-05 dr=0.30 | val_acc=0.9983 val_syn_cc=nan val_loss=0.0130 | test_acc=0.9979 test_syn_cc=nan| score=0.9983
0.10 0.00 0.90 0.00 | 0.998±0.003 | nan±nan | 0.998±0.000 | nan±nan | best lr=3.00e-04 wd=1.00e-05 dr=0.30 | ADD
[TUNE main] lr=3.00e-04 wd=1.00e-05 dr=0.30 | val_acc=0.9817 val_syn_cc=0.9410 val_loss=0.0655 | test_acc=0.9675 test_syn_cc=0.8649| score=0.9817
0.35 0.00 0.45 0.20 | 0.982±0.010 | 0.941±0.038 | 0.967±0.009 | 0.865±0.034 | best lr=3.00e-04 wd=1.00e-05 dr=0.30 | ADD
[TUNE main] lr=3.00e-04 wd=1.00e-05 dr=0.30 | val_acc=0.9533 val_syn_cc=0.5813 val_loss=0.2261 | test_acc=0.9424 test_syn_cc=0.4996| score=0.9533
0.45 0.00 0.45 0.10 | 0.953±0.006 | 0.581±0.161 | 0.942±0.002 | 0.500±0.014 | best lr=3.00e-04 wd=1.00e-05 dr=0.30 | ADD
[TUNE main] lr=3.00e-04 wd=1.00e-05 dr=0.30 | val_acc=0.9483 val_syn_cc=0.7395 val_loss=0.2178 | test_acc=0.9586 test_syn_cc=0.7559| score=0.9483
0.15 0.00 0.70 0.15 | 0.948±0.018 | 0.740±0.063 | 0.959±0.015 | 0.756±0.073 | best lr=3.00e-04 wd=1.00e-05 dr=0.30 | ADD
[TUNE main] lr=3.00e-04 wd=1.00e-05 dr=0.30 | val_acc=0.9800 val_syn_cc=0.9552 val_loss=0.0688 | test_acc=0.9725 test_syn_cc=0.9119| score=0.9800
0.35 0.00 0.40 0.25 | 0.980±0.015 | 0.955±0.041 | 0.973±0.013 | 0.912±0.045 | best lr=3.00e-04 wd=1.00e-05 dr=0.30 | ADD
[TUNE main] lr=3.00e-04 wd=1.00e-05 dr=0.30 | val_acc=0.9750 val_syn_cc=0.8704 val_loss=0.1112 | test_acc=0.9692 test_syn_cc=0.8627| score=0.9750
0.05 0.00 0.75 0.20 | 0.975±0.015 | 0.870±0.099 | 0.969±0.008 | 0.863±0.042 | best lr=3.00e-04 wd=1.00e-05 dr=0.30 | ADD
[TUNE main] lr=3.00e-04 wd=1.00e-05 dr=0.30 | val_acc=0.9967 val_syn_cc=1.0000 val_loss=0.0220 | test_acc=0.9908 test_syn_cc=0.9938| score=0.9967
0.15 0.00 0.05 0.80 | 0.997±0.006 | 1.000±0.000 | 0.991±0.001 | 0.994±0.001 | best lr=3.00e-04 wd=1.00e-05 dr=0.30 | ADD
[TUNE main] lr=3.00e-04 wd=1.00e-05 dr=0.30 | val_acc=0.9933 val_syn_cc=0.9886 val_loss=0.0319 | test_acc=0.9856 test_syn_cc=0.9775| score=0.9933
0.55 0.00 0.05 0.40 | 0.993±0.003 | 0.989±0.012 | 0.986±0.003 | 0.978±0.006 | best lr=3.00e-04 wd=1.00e-05 dr=0.30 | ADD
[TUNE main] lr=3.00e-04 wd=1.00e-05 dr=0.30 | val_acc=0.9683 val_syn_cc=0.8806 val_loss=0.1317 | test_acc=0.9656 test_syn_cc=0.8560| score=0.9683
0.25 0.00 0.55 0.20 | 0.968±0.013 | 0.881±0.055 | 0.966±0.011 | 0.856±0.049 | best lr=3.00e-04 wd=1.00e-05 dr=0.30 | ADD
[TUNE main] lr=3.00e-04 wd=1.00e-05 dr=0.30 | val_acc=0.9750 val_syn_cc=0.7444 val_loss=0.0861 | test_acc=0.9697 test_syn_cc=0.5134| score=0.9750
0.75 0.00 0.20 0.05 | 0.975±0.005 | 0.744±0.010 | 0.970±0.002 | 0.513±0.020 | best lr=3.00e-04 wd=1.00e-05 dr=0.30 | ADD
[TUNE main] lr=3.00e-04 wd=1.00e-05 dr=0.30 | val_acc=1.0000 val_syn_cc=1.0000 val_loss=0.0091 | test_acc=0.9889 test_syn_cc=0.9790| score=1.0000
0.00 0.00 0.55 0.45 | 1.000±0.000 | 1.000±0.000 | 0.989±0.001 | 0.979±0.003 | best lr=3.00e-04 wd=1.00e-05 dr=0.30 | ADD
[TUNE main] lr=3.00e-04 wd=1.00e-05 dr=0.30 | val_acc=0.9717 val_syn_cc=0.7200 val_loss=0.2086 | test_acc=0.9473 test_syn_cc=0.5322| score=0.9717
0.10 0.00 0.80 0.10 | 0.972±0.006 | 0.720±0.028 | 0.947±0.001 | 0.532±0.011 | best lr=3.00e-04 wd=1.00e-05 dr=0.30 | ADD
[TUNE main] lr=3.00e-04 wd=1.00e-05 dr=0.30 | val_acc=1.0000 val_syn_cc=1.0000 val_loss=0.0529 | test_acc=0.9959 test_syn_cc=0.9959| score=1.0000
0.00 0.00 0.00 1.00 | 1.000±0.000 | 1.000±0.000 | 0.996±0.003 | 0.996±0.003 | best lr=3.00e-04 wd=1.00e-05 dr=0.30 | ADD
[TUNE main] lr=3.00e-04 wd=1.00e-05 dr=0.30 | val_acc=0.9517 val_syn_cc=0.6318 val_loss=0.1744 | test_acc=0.9474 test_syn_cc=0.5428| score=0.9517
0.70 0.00 0.20 0.10 | 0.952±0.018 | 0.632±0.096 | 0.947±0.007 | 0.543±0.067 | best lr=3.00e-04 wd=1.00e-05 dr=0.30 | ADD
[TUNE main] lr=3.00e-04 wd=1.00e-05 dr=0.30 | val_acc=0.9917 val_syn_cc=0.9844 val_loss=0.0367 | test_acc=0.9806 test_syn_cc=0.9611| score=0.9917
0.50 0.00 0.10 0.40 | 0.992±0.008 | 0.984±0.018 | 0.981±0.006 | 0.961±0.014 | best lr=3.00e-04 wd=1.00e-05 dr=0.30 | ADD
[TUNE main] lr=3.00e-04 wd=1.00e-05 dr=0.30 | val_acc=0.9900 val_syn_cc=0.9764 val_loss=0.0566 | test_acc=0.9845 test_syn_cc=0.9609| score=0.9900
0.65 0.00 -0.00 0.35 | 0.990±0.009 | 0.976±0.015 | 0.985±0.001 | 0.961±0.004 | best lr=3.00e-04 wd=1.00e-05 dr=0.30 | ADD
[TUNE main] lr=3.00e-04 wd=1.00e-05 dr=0.30 | val_acc=1.0000 val_syn_cc=nan val_loss=0.0070 | test_acc=0.9962 test_syn_cc=nan| score=1.0000
0.55 0.00 0.45 0.00 | 1.000±0.000 | nan±nan | 0.996±0.001 | nan±nan | best lr=3.00e-04 wd=1.00e-05 dr=0.30 | ADD
[TUNE main] lr=3.00e-04 wd=1.00e-05 dr=0.30 | val_acc=0.9867 val_syn_cc=0.9703 val_loss=0.0354 | test_acc=0.9819 test_syn_cc=0.9613| score=0.9867
0.60 0.00 0.05 0.35 | 0.987±0.003 | 0.970±0.012 | 0.982±0.004 | 0.961±0.008 | best lr=3.00e-04 wd=1.00e-05 dr=0.30 | ADD
[TUNE main] lr=3.00e-04 wd=1.00e-05 dr=0.30 | val_acc=0.9967 val_syn_cc=0.9935 val_loss=0.0194 | test_acc=0.9882 test_syn_cc=0.9852| score=0.9967
0.45 0.00 0.05 0.50 | 0.997±0.006 | 0.994±0.011 | 0.988±0.001 | 0.985±0.004 | best lr=3.00e-04 wd=1.00e-05 dr=0.30 | ADD
[TUNE main] lr=3.00e-04 wd=1.00e-05 dr=0.30 | val_acc=0.9833 val_syn_cc=0.9794 val_loss=0.0677 | test_acc=0.9820 test_syn_cc=0.9640| score=0.9833
0.25 0.00 0.40 0.35 | 0.983±0.006 | 0.979±0.012 | 0.982±0.001 | 0.964±0.006 | best lr=3.00e-04 wd=1.00e-05 dr=0.30 | ADD
[TUNE main] lr=3.00e-04 wd=1.00e-05 dr=0.30 | val_acc=0.9700 val_syn_cc=0.7038 val_loss=0.1735 | test_acc=0.9449 test_syn_cc=0.5164| score=0.9700
0.20 0.00 0.70 0.10 | 0.970±0.015 | 0.704±0.022 | 0.945±0.004 | 0.516±0.029 | best lr=3.00e-04 wd=1.00e-05 dr=0.30 | ADD
[TUNE main] lr=3.00e-04 wd=1.00e-05 dr=0.30 | val_acc=0.9950 val_syn_cc=1.0000 val_loss=0.0191 | test_acc=0.9898 test_syn_cc=0.9910| score=0.9950
0.05 0.00 0.25 0.70 | 0.995±0.005 | 1.000±0.000 | 0.990±0.002 | 0.991±0.003 | best lr=3.00e-04 wd=1.00e-05 dr=0.30 | ADD
[TUNE main] lr=3.00e-04 wd=1.00e-05 dr=0.30 | val_acc=0.9933 val_syn_cc=0.9982 val_loss=0.0222 | test_acc=0.9931 test_syn_cc=0.9953| score=0.9933
0.05 0.00 0.05 0.90 | 0.993±0.003 | 0.998±0.003 | 0.993±0.004 | 0.995±0.002 | best lr=3.00e-04 wd=1.00e-05 dr=0.30 | ADD
[TUNE main] lr=3.00e-04 wd=1.00e-05 dr=0.30 | val_acc=0.9983 val_syn_cc=nan val_loss=0.0164 | test_acc=0.9961 test_syn_cc=nan| score=0.9983
0.35 0.00 0.65 0.00 | 0.998±0.003 | nan±nan | 0.996±0.001 | nan±nan | best lr=3.00e-04 wd=1.00e-05 dr=0.30 | ADD
[TUNE main] lr=3.00e-04 wd=1.00e-05 dr=0.30 | val_acc=0.9683 val_syn_cc=0.8324 val_loss=0.1728 | test_acc=0.9542 test_syn_cc=0.7323| score=0.9683
0.10 0.00 0.75 0.15 | 0.968±0.013 | 0.832±0.028 | 0.954±0.011 | 0.732±0.084 | best lr=3.00e-04 wd=1.00e-05 dr=0.30 | ADD
[TUNE main] lr=3.00e-04 wd=1.00e-05 dr=0.30 | val_acc=0.9917 val_syn_cc=0.9950 val_loss=0.0475 | test_acc=0.9853 test_syn_cc=0.9850| score=0.9917
0.10 0.00 0.25 0.65 | 0.992±0.010 | 0.995±0.009 | 0.985±0.004 | 0.985±0.006 | best lr=3.00e-04 wd=1.00e-05 dr=0.30 | ADD
[TUNE main] lr=3.00e-04 wd=1.00e-05 dr=0.30 | val_acc=0.9983 val_syn_cc=nan val_loss=0.0178 | test_acc=0.9952 test_syn_cc=nan| score=0.9983
0.25 0.00 0.75 0.00 | 0.998±0.003 | nan±nan | 0.995±0.003 | nan±nan | best lr=3.00e-04 wd=1.00e-05 dr=0.30 | ADD
[TUNE main] lr=3.00e-04 wd=1.00e-05 dr=0.30 | val_acc=0.9967 val_syn_cc=1.0000 val_loss=0.0314 | test_acc=0.9899 test_syn_cc=0.9906| score=0.9967
0.20 0.00 0.10 0.70 | 0.997±0.006 | 1.000±0.000 | 0.990±0.003 | 0.991±0.004 | best lr=3.00e-04 wd=1.00e-05 dr=0.30 | ADD
[TUNE main] lr=3.00e-04 wd=1.00e-05 dr=0.30 | val_acc=0.9917 val_syn_cc=0.9969 val_loss=0.0278 | test_acc=0.9853 test_syn_cc=0.9792| score=0.9917
0.40 0.00 0.10 0.50 | 0.992±0.006 | 0.997±0.005 | 0.985±0.000 | 0.979±0.000 | best lr=3.00e-04 wd=1.00e-05 dr=0.30 | ADD
[TUNE main] lr=3.00e-04 wd=1.00e-05 dr=0.30 | val_acc=0.9567 val_syn_cc=0.7504 val_loss=0.1979 | test_acc=0.9546 test_syn_cc=0.7327| score=0.9567
0.40 0.00 0.45 0.15 | 0.957±0.010 | 0.750±0.093 | 0.955±0.009 | 0.733±0.052 | best lr=3.00e-04 wd=1.00e-05 dr=0.30 | ADD
[TUNE main] lr=3.00e-04 wd=1.00e-05 dr=0.30 | val_acc=0.9983 val_syn_cc=nan val_loss=0.0168 | test_acc=0.9961 test_syn_cc=nan| score=0.9983
0.30 0.00 0.70 0.00 | 0.998±0.003 | nan±nan | 0.996±0.001 | nan±nan | best lr=3.00e-04 wd=1.00e-05 dr=0.30 | ADD
[TUNE main] lr=3.00e-04 wd=1.00e-05 dr=0.30 | val_acc=0.9900 val_syn_cc=0.9972 val_loss=0.0379 | test_acc=0.9868 test_syn_cc=0.9851| score=0.9900
0.10 0.00 0.30 0.60 | 0.990±0.000 | 0.997±0.005 | 0.987±0.005 | 0.985±0.007 | best lr=3.00e-04 wd=1.00e-05 dr=0.30 | ADD
[TUNE main] lr=3.00e-04 wd=1.00e-05 dr=0.30 | val_acc=0.9933 val_syn_cc=0.9977 val_loss=0.0230 | test_acc=0.9911 test_syn_cc=0.9921| score=0.9933
0.10 0.00 0.20 0.70 | 0.993±0.003 | 0.998±0.004 | 0.991±0.001 | 0.992±0.002 | best lr=3.00e-04 wd=1.00e-05 dr=0.30 | ADD
[TUNE main] lr=3.00e-04 wd=1.00e-05 dr=0.30 | val_acc=0.9700 val_syn_cc=0.7771 val_loss=0.1211 | test_acc=0.9556 test_syn_cc=0.6060| score=0.9700
0.60 0.00 0.30 0.10 | 0.970±0.005 | 0.777±0.044 | 0.956±0.008 | 0.606±0.073 | best lr=3.00e-04 wd=1.00e-05 dr=0.30 | ADD
[TUNE main] lr=3.00e-04 wd=1.00e-05 dr=0.30 | val_acc=0.9917 val_syn_cc=0.9940 val_loss=0.0340 | test_acc=0.9882 test_syn_cc=0.9845| score=0.9917
0.15 0.00 0.35 0.50 | 0.992±0.003 | 0.994±0.010 | 0.988±0.003 | 0.984±0.002 | best lr=3.00e-04 wd=1.00e-05 dr=0.30 | ADD
[TUNE main] lr=3.00e-04 wd=1.00e-05 dr=0.30 | val_acc=0.9600 val_syn_cc=0.7735 val_loss=0.1794 | test_acc=0.9543 test_syn_cc=0.7267| score=0.9600
0.60 0.00 0.25 0.15 | 0.960±0.022 | 0.774±0.120 | 0.954±0.011 | 0.727±0.062 | best lr=3.00e-04 wd=1.00e-05 dr=0.30 | ADD
[TUNE main] lr=3.00e-04 wd=1.00e-05 dr=0.30 | val_acc=1.0000 val_syn_cc=nan val_loss=0.0041 | test_acc=0.9998 test_syn_cc=nan| score=1.0000
0.00 0.00 1.00 0.00 | 1.000±0.000 | nan±nan | 1.000±0.000 | nan±nan | best lr=3.00e-04 wd=1.00e-05 dr=0.30 | ADD
[TUNE main] lr=3.00e-04 wd=1.00e-05 dr=0.30 | val_acc=0.9950 val_syn_cc=0.9943 val_loss=0.0517 | test_acc=0.9769 test_syn_cc=0.9666| score=0.9950
0.25 0.00 0.20 0.55 | 0.995±0.005 | 0.994±0.010 | 0.977±0.003 | 0.967±0.004 | best lr=3.00e-04 wd=1.00e-05 dr=0.30 | ADD
[TUNE main] lr=3.00e-04 wd=1.00e-05 dr=0.30 | val_acc=0.9867 val_syn_cc=0.9644 val_loss=0.0523 | test_acc=0.9810 test_syn_cc=0.9520| score=0.9867
0.00 0.00 0.65 0.35 | 0.987±0.013 | 0.964±0.032 | 0.981±0.006 | 0.952±0.016 | best lr=3.00e-04 wd=1.00e-05 dr=0.30 | ADD
[TUNE main] lr=3.00e-04 wd=1.00e-05 dr=0.30 | val_acc=0.9950 val_syn_cc=0.9956 val_loss=0.0151 | test_acc=0.9908 test_syn_cc=0.9935| score=0.9950
0.05 0.00 0.20 0.75 | 0.995±0.005 | 0.996±0.004 | 0.991±0.001 | 0.994±0.003 | best lr=3.00e-04 wd=1.00e-05 dr=0.30 | ADD
[TUNE main] lr=3.00e-04 wd=1.00e-05 dr=0.30 | val_acc=0.9883 val_syn_cc=0.9895 val_loss=0.0318 | test_acc=0.9841 test_syn_cc=0.9745| score=0.9883
0.35 0.00 0.20 0.45 | 0.988±0.006 | 0.990±0.010 | 0.984±0.002 | 0.975±0.001 | best lr=3.00e-04 wd=1.00e-05 dr=0.30 | ADD
[TUNE main] lr=3.00e-04 wd=1.00e-05 dr=0.30 | val_acc=0.9650 val_syn_cc=0.8169 val_loss=0.1659 | test_acc=0.9476 test_syn_cc=0.7046| score=0.9650
0.25 0.00 0.60 0.15 | 0.965±0.009 | 0.817±0.036 | 0.948±0.026 | 0.705±0.148 | best lr=3.00e-04 wd=1.00e-05 dr=0.30 | ADD
[TUNE main] lr=3.00e-04 wd=1.00e-05 dr=0.30 | val_acc=0.9733 val_syn_cc=0.6667 val_loss=0.1043 | test_acc=0.9586 test_syn_cc=0.5232| score=0.9733
0.55 0.00 0.40 0.05 | 0.973±0.015 | 0.667±0.072 | 0.959±0.013 | 0.523±0.029 | best lr=3.00e-04 wd=1.00e-05 dr=0.30 | ADD
[TUNE main] lr=3.00e-04 wd=1.00e-05 dr=0.30 | val_acc=0.9933 val_syn_cc=0.9974 val_loss=0.0290 | test_acc=0.9878 test_syn_cc=0.9886| score=0.9933
0.30 0.00 -0.00 0.70 | 0.993±0.012 | 0.997±0.005 | 0.988±0.001 | 0.989±0.000 | best lr=3.00e-04 wd=1.00e-05 dr=0.30 | ADD
[TUNE main] lr=3.00e-04 wd=1.00e-05 dr=0.30 | val_acc=0.9933 val_syn_cc=1.0000 val_loss=0.0262 | test_acc=0.9888 test_syn_cc=0.9919| score=0.9933
0.30 0.00 0.10 0.60 | 0.993±0.003 | 1.000±0.000 | 0.989±0.002 | 0.992±0.002 | best lr=3.00e-04 wd=1.00e-05 dr=0.30 | ADD
[TUNE main] lr=3.00e-04 wd=1.00e-05 dr=0.30 | val_acc=0.9900 val_syn_cc=0.9920 val_loss=0.0383 | test_acc=0.9816 test_syn_cc=0.9647| score=0.9900
0.05 0.00 0.55 0.40 | 0.990±0.009 | 0.992±0.007 | 0.982±0.002 | 0.965±0.007 | best lr=3.00e-04 wd=1.00e-05 dr=0.30 | ADD
[TUNE main] lr=3.00e-04 wd=1.00e-05 dr=0.30 | val_acc=0.9833 val_syn_cc=0.9826 val_loss=0.0581 | test_acc=0.9822 test_syn_cc=0.9716| score=0.9833
0.10 0.00 0.45 0.45 | 0.983±0.003 | 0.983±0.016 | 0.982±0.003 | 0.972±0.006 | best lr=3.00e-04 wd=1.00e-05 dr=0.30 | ADD
[TUNE main] lr=3.00e-04 wd=1.00e-05 dr=0.30 | val_acc=0.9933 val_syn_cc=0.9898 val_loss=0.0335 | test_acc=0.9780 test_syn_cc=0.9607| score=0.9933
0.50 0.00 0.05 0.45 | 0.993±0.006 | 0.990±0.010 | 0.978±0.007 | 0.961±0.019 | best lr=3.00e-04 wd=1.00e-05 dr=0.30 | ADD
[TUNE main] lr=3.00e-04 wd=1.00e-05 dr=0.30 | val_acc=0.9483 val_syn_cc=0.6880 val_loss=0.1783 | test_acc=0.9468 test_syn_cc=0.6773| score=0.9483
0.45 0.00 0.40 0.15 | 0.948±0.010 | 0.688±0.087 | 0.947±0.025 | 0.677±0.172 | best lr=3.00e-04 wd=1.00e-05 dr=0.30 | ADD
[TUNE main] lr=3.00e-04 wd=1.00e-05 dr=0.30 | val_acc=0.9950 val_syn_cc=0.9980 val_loss=0.0166 | test_acc=0.9942 test_syn_cc=0.9946| score=0.9950
0.00 0.00 0.20 0.80 | 0.995±0.000 | 0.998±0.004 | 0.994±0.003 | 0.995±0.003 | best lr=3.00e-04 wd=1.00e-05 dr=0.30 | ADD
[TUNE main] lr=3.00e-04 wd=1.00e-05 dr=0.30 | val_acc=0.9983 val_syn_cc=nan val_loss=0.0104 | test_acc=0.9968 test_syn_cc=nan| score=0.9983
0.15 0.00 0.85 0.00 | 0.998±0.003 | nan±nan | 0.997±0.001 | nan±nan | best lr=3.00e-04 wd=1.00e-05 dr=0.30 | ADD
[TUNE main] lr=3.00e-04 wd=1.00e-05 dr=0.30 | val_acc=0.9883 val_syn_cc=0.9712 val_loss=0.0556 | test_acc=0.9732 test_syn_cc=0.9241| score=0.9883
0.40 0.00 0.30 0.30 | 0.988±0.003 | 0.971±0.011 | 0.973±0.010 | 0.924±0.031 | best lr=3.00e-04 wd=1.00e-05 dr=0.30 | ADD
[TUNE main] lr=3.00e-04 wd=1.00e-05 dr=0.30 | val_acc=0.9883 val_syn_cc=0.9713 val_loss=0.0457 | test_acc=0.9803 test_syn_cc=0.9600| score=0.9883
0.30 0.00 0.35 0.35 | 0.988±0.003 | 0.971±0.014 | 0.980±0.003 | 0.960±0.007 | best lr=3.00e-04 wd=1.00e-05 dr=0.30 | ADD
[TUNE main] lr=3.00e-04 wd=1.00e-05 dr=0.30 | val_acc=0.9817 val_syn_cc=0.9763 val_loss=0.0789 | test_acc=0.9822 test_syn_cc=0.9606| score=0.9817
0.55 0.00 0.10 0.35 | 0.982±0.014 | 0.976±0.030 | 0.982±0.004 | 0.961±0.014 | best lr=3.00e-04 wd=1.00e-05 dr=0.30 | ADD
[TUNE main] lr=3.00e-04 wd=1.00e-05 dr=0.30 | val_acc=0.9600 val_syn_cc=0.5239 val_loss=0.1503 | test_acc=0.9700 test_syn_cc=0.5162| score=0.9600
0.70 0.00 0.25 0.05 | 0.960±0.000 | 0.524±0.021 | 0.970±0.000 | 0.516±0.032 | best lr=3.00e-04 wd=1.00e-05 dr=0.30 | ADD
[TUNE main] lr=3.00e-04 wd=1.00e-05 dr=0.30 | val_acc=0.9800 val_syn_cc=0.9466 val_loss=0.0882 | test_acc=0.9706 test_syn_cc=0.8998| score=0.9800
0.10 0.00 0.65 0.25 | 0.980±0.013 | 0.947±0.037 | 0.971±0.006 | 0.900±0.023 | best lr=3.00e-04 wd=1.00e-05 dr=0.30 | ADD
[TUNE main] lr=3.00e-04 wd=1.00e-05 dr=0.30 | val_acc=0.9983 val_syn_cc=0.9965 val_loss=0.0214 | test_acc=0.9880 test_syn_cc=0.9814| score=0.9983
0.00 0.00 0.50 0.50 | 0.998±0.003 | 0.997±0.006 | 0.988±0.003 | 0.981±0.007 | best lr=3.00e-04 wd=1.00e-05 dr=0.30 | ADD
[TUNE main] lr=3.00e-04 wd=1.00e-05 dr=0.30 | val_acc=0.9983 val_syn_cc=0.9981 val_loss=0.0136 | test_acc=0.9938 test_syn_cc=0.9953| score=0.9983
0.10 0.00 0.00 0.90 | 0.998±0.003 | 0.998±0.003 | 0.994±0.001 | 0.995±0.002 | best lr=3.00e-04 wd=1.00e-05 dr=0.30 | ADD
[TUNE main] lr=3.00e-04 wd=1.00e-05 dr=0.30 | val_acc=0.9967 val_syn_cc=nan val_loss=0.0148 | test_acc=0.9950 test_syn_cc=nan| score=0.9967
0.40 0.00 0.60 0.00 | 0.997±0.006 | nan±nan | 0.995±0.001 | nan±nan | best lr=3.00e-04 wd=1.00e-05 dr=0.30 | ADD
[TUNE main] lr=3.00e-04 wd=1.00e-05 dr=0.30 | val_acc=0.9933 val_syn_cc=0.9915 val_loss=0.0293 | test_acc=0.9788 test_syn_cc=0.9606| score=0.9933
0.40 0.00 0.20 0.40 | 0.993±0.006 | 0.991±0.008 | 0.979±0.006 | 0.961±0.017 | best lr=3.00e-04 wd=1.00e-05 dr=0.30 | ADD
[TUNE main] lr=3.00e-04 wd=1.00e-05 dr=0.30 | val_acc=0.9600 val_syn_cc=0.6867 val_loss=0.1883 | test_acc=0.9495 test_syn_cc=0.5749| score=0.9600
0.15 0.00 0.75 0.10 | 0.960±0.009 | 0.687±0.064 | 0.950±0.007 | 0.575±0.039 | best lr=3.00e-04 wd=1.00e-05 dr=0.30 | ADD
[TUNE main] lr=3.00e-04 wd=1.00e-05 dr=0.30 | val_acc=0.9750 val_syn_cc=0.8566 val_loss=0.0937 | test_acc=0.9563 test_syn_cc=0.7523| score=0.9750
0.65 0.00 0.20 0.15 | 0.975±0.010 | 0.857±0.073 | 0.956±0.012 | 0.752±0.087 | best lr=3.00e-04 wd=1.00e-05 dr=0.30 | ADD
[TUNE main] lr=3.00e-04 wd=1.00e-05 dr=0.30 | val_acc=0.9917 val_syn_cc=0.9933 val_loss=0.0313 | test_acc=0.9870 test_syn_cc=0.9823| score=0.9917
0.35 0.00 0.15 0.50 | 0.992±0.003 | 0.993±0.012 | 0.987±0.001 | 0.982±0.003 | best lr=3.00e-04 wd=1.00e-05 dr=0.30 | ADD
[TUNE main] lr=3.00e-04 wd=1.00e-05 dr=0.30 | val_acc=0.9767 val_syn_cc=0.8822 val_loss=0.1039 | test_acc=0.9635 test_syn_cc=0.8249| score=0.9767
0.80 0.00 -0.00 0.20 | 0.977±0.010 | 0.882±0.056 | 0.964±0.007 | 0.825±0.038 | best lr=3.00e-04 wd=1.00e-05 dr=0.30 | ADD
[TUNE main] lr=3.00e-04 wd=1.00e-05 dr=0.30 | val_acc=0.9967 val_syn_cc=0.9913 val_loss=0.0225 | test_acc=0.9805 test_syn_cc=0.9609| score=0.9967
0.10 0.00 0.55 0.35 | 0.997±0.003 | 0.991±0.008 | 0.981±0.003 | 0.961±0.001 | best lr=3.00e-04 wd=1.00e-05 dr=0.30 | ADD
[TUNE main] lr=3.00e-04 wd=1.00e-05 dr=0.30 | val_acc=0.9967 val_syn_cc=0.9968 val_loss=0.0227 | test_acc=0.9885 test_syn_cc=0.9849| score=0.9967
0.45 0.00 0.00 0.55 | 0.997±0.003 | 0.997±0.006 | 0.989±0.003 | 0.985±0.005 | best lr=3.00e-04 wd=1.00e-05 dr=0.30 | ADD
[TUNE main] lr=3.00e-04 wd=1.00e-05 dr=0.30 | val_acc=0.9967 val_syn_cc=0.9947 val_loss=0.0163 | test_acc=0.9928 test_syn_cc=0.9925| score=0.9967
0.35 0.00 -0.00 0.65 | 0.997±0.006 | 0.995±0.009 | 0.993±0.000 | 0.992±0.000 | best lr=3.00e-04 wd=1.00e-05 dr=0.30 | ADD
[TUNE main] lr=3.00e-04 wd=1.00e-05 dr=0.30 | val_acc=0.9667 val_syn_cc=0.7026 val_loss=0.1956 | test_acc=0.9442 test_syn_cc=0.4867| score=0.9667
0.00 0.00 0.90 0.10 | 0.967±0.016 | 0.703±0.162 | 0.944±0.002 | 0.487±0.009 | best lr=3.00e-04 wd=1.00e-05 dr=0.30 | ADD
[TUNE main] lr=3.00e-04 wd=1.00e-05 dr=0.30 | val_acc=0.9717 val_syn_cc=0.8588 val_loss=0.1291 | test_acc=0.9662 test_syn_cc=0.8607| score=0.9717
0.60 0.00 0.20 0.20 | 0.972±0.010 | 0.859±0.065 | 0.966±0.005 | 0.861±0.030 | best lr=3.00e-04 wd=1.00e-05 dr=0.30 | ADD
[TUNE main] lr=3.00e-04 wd=1.00e-05 dr=0.30 | val_acc=1.0000 val_syn_cc=1.0000 val_loss=0.0141 | test_acc=0.9886 test_syn_cc=0.9841| score=1.0000
0.40 0.00 -0.00 0.60 | 1.000±0.000 | 1.000±0.000 | 0.989±0.004 | 0.984±0.009 | best lr=3.00e-04 wd=1.00e-05 dr=0.30 | ADD
[TUNE main] lr=3.00e-04 wd=1.00e-05 dr=0.30 | val_acc=0.9867 val_syn_cc=0.9707 val_loss=0.0663 | test_acc=0.9801 test_syn_cc=0.9573| score=0.9867
0.35 0.00 0.30 0.35 | 0.987±0.008 | 0.971±0.016 | 0.980±0.007 | 0.957±0.016 | best lr=3.00e-04 wd=1.00e-05 dr=0.30 | ADD
[TUNE main] lr=3.00e-04 wd=1.00e-05 dr=0.30 | val_acc=0.9650 val_syn_cc=0.7937 val_loss=0.1978 | test_acc=0.9600 test_syn_cc=0.7738| score=0.9650
0.30 0.00 0.55 0.15 | 0.965±0.009 | 0.794±0.053 | 0.960±0.019 | 0.774±0.111 | best lr=3.00e-04 wd=1.00e-05 dr=0.30 | ADD
[TUNE main] lr=3.00e-04 wd=1.00e-05 dr=0.30 | val_acc=0.9767 val_syn_cc=0.6355 val_loss=0.0836 | test_acc=0.9650 test_syn_cc=0.4648| score=0.9767
0.20 0.00 0.75 0.05 | 0.977±0.013 | 0.636±0.118 | 0.965±0.001 | 0.465±0.019 | best lr=3.00e-04 wd=1.00e-05 dr=0.30 | ADD
[TUNE main] lr=3.00e-04 wd=1.00e-05 dr=0.30 | val_acc=0.9950 val_syn_cc=0.9967 val_loss=0.0182 | test_acc=0.9828 test_syn_cc=0.9769| score=0.9950
0.30 0.00 0.20 0.50 | 0.995±0.005 | 0.997±0.006 | 0.983±0.006 | 0.977±0.008 | best lr=3.00e-04 wd=1.00e-05 dr=0.30 | ADD
[TUNE main] lr=3.00e-04 wd=1.00e-05 dr=0.30 | val_acc=0.9883 val_syn_cc=0.7731 val_loss=0.0537 | test_acc=0.9680 test_syn_cc=0.5061| score=0.9883
0.35 0.00 0.60 0.05 | 0.988±0.008 | 0.773±0.104 | 0.968±0.005 | 0.506±0.028 | best lr=3.00e-04 wd=1.00e-05 dr=0.30 | ADD
[TUNE main] lr=3.00e-04 wd=1.00e-05 dr=0.30 | val_acc=0.9533 val_syn_cc=0.8034 val_loss=0.1915 | test_acc=0.9495 test_syn_cc=0.7713| score=0.9533
0.15 0.00 0.65 0.20 | 0.953±0.003 | 0.803±0.069 | 0.950±0.017 | 0.771±0.071 | best lr=3.00e-04 wd=1.00e-05 dr=0.30 | ADD
[TUNE main] lr=3.00e-04 wd=1.00e-05 dr=0.30 | val_acc=0.9633 val_syn_cc=0.7458 val_loss=0.1716 | test_acc=0.9467 test_syn_cc=0.6574| score=0.9633
0.00 0.00 0.85 0.15 | 0.963±0.012 | 0.746±0.069 | 0.947±0.016 | 0.657±0.090 | best lr=3.00e-04 wd=1.00e-05 dr=0.30 | ADD
[TUNE main] lr=3.00e-04 wd=1.00e-05 dr=0.30 | val_acc=0.9833 val_syn_cc=0.9891 val_loss=0.0412 | test_acc=0.9841 test_syn_cc=0.9752| score=0.9833
0.30 0.00 0.25 0.45 | 0.983±0.010 | 0.989±0.001 | 0.984±0.005 | 0.975±0.009 | best lr=3.00e-04 wd=1.00e-05 dr=0.30 | ADD
[TUNE main] lr=3.00e-04 wd=1.00e-05 dr=0.30 | val_acc=0.9867 val_syn_cc=0.9749 val_loss=0.0610 | test_acc=0.9783 test_syn_cc=0.9529| score=0.9867
0.40 0.00 0.25 0.35 | 0.987±0.012 | 0.975±0.024 | 0.978±0.006 | 0.953±0.015 | best lr=3.00e-04 wd=1.00e-05 dr=0.30 | ADD
[TUNE main] lr=3.00e-04 wd=1.00e-05 dr=0.30 | val_acc=0.9617 val_syn_cc=0.7873 val_loss=0.1621 | test_acc=0.9437 test_syn_cc=0.6546| score=0.9617
0.05 0.00 0.80 0.15 | 0.962±0.013 | 0.787±0.076 | 0.944±0.023 | 0.655±0.129 | best lr=3.00e-04 wd=1.00e-05 dr=0.30 | ADD
[TUNE main] lr=3.00e-04 wd=1.00e-05 dr=0.30 | val_acc=0.9950 val_syn_cc=1.0000 val_loss=0.0179 | test_acc=0.9885 test_syn_cc=0.9874| score=0.9950
0.05 0.00 0.35 0.60 | 0.995±0.005 | 1.000±0.000 | 0.989±0.004 | 0.987±0.005 | best lr=3.00e-04 wd=1.00e-05 dr=0.30 | ADD
[TUNE main] lr=3.00e-04 wd=1.00e-05 dr=0.30 | val_acc=0.9967 val_syn_cc=1.0000 val_loss=0.0167 | test_acc=0.9857 test_syn_cc=0.9770| score=0.9967
0.05 0.00 0.50 0.45 | 0.997±0.003 | 1.000±0.000 | 0.986±0.006 | 0.977±0.008 | best lr=3.00e-04 wd=1.00e-05 dr=0.30 | ADD
[TUNE main] lr=3.00e-04 wd=1.00e-05 dr=0.30 | val_acc=0.9783 val_syn_cc=0.5840 val_loss=0.1045 | test_acc=0.9592 test_syn_cc=0.5118| score=0.9783
0.50 0.00 0.45 0.05 | 0.978±0.008 | 0.584±0.036 | 0.959±0.007 | 0.512±0.056 | best lr=3.00e-04 wd=1.00e-05 dr=0.30 | ADD
[TUNE main] lr=3.00e-04 wd=1.00e-05 dr=0.30 | val_acc=0.9983 val_syn_cc=0.9975 val_loss=0.0199 | test_acc=0.9918 test_syn_cc=0.9894| score=0.9983
0.00 0.00 0.35 0.65 | 0.998±0.003 | 0.998±0.004 | 0.992±0.005 | 0.989±0.007 | best lr=3.00e-04 wd=1.00e-05 dr=0.30 | ADD
[TUNE main] lr=3.00e-04 wd=1.00e-05 dr=0.30 | val_acc=0.9900 val_syn_cc=0.9791 val_loss=0.0604 | test_acc=0.9825 test_syn_cc=0.9497| score=0.9900
0.15 0.00 0.60 0.25 | 0.990±0.010 | 0.979±0.022 | 0.982±0.007 | 0.950±0.023 | best lr=3.00e-04 wd=1.00e-05 dr=0.30 | ADD
[TUNE main] lr=3.00e-04 wd=1.00e-05 dr=0.30 | val_acc=1.0000 val_syn_cc=nan val_loss=0.0081 | test_acc=0.9971 test_syn_cc=nan| score=1.0000
0.85 0.00 0.15 0.00 | 1.000±0.000 | nan±nan | 0.997±0.000 | nan±nan | best lr=3.00e-04 wd=1.00e-05 dr=0.30 | ADD
[TUNE main] lr=3.00e-04 wd=1.00e-05 dr=0.30 | val_acc=0.9550 val_syn_cc=0.7593 val_loss=0.1796 | test_acc=0.9583 test_syn_cc=0.7601| score=0.9550
0.50 0.00 0.35 0.15 | 0.955±0.036 | 0.759±0.218 | 0.958±0.016 | 0.760±0.099 | best lr=3.00e-04 wd=1.00e-05 dr=0.30 | ADD
[TUNE main] lr=3.00e-04 wd=1.00e-05 dr=0.30 | val_acc=0.9667 val_syn_cc=0.7915 val_loss=0.1020 | test_acc=0.9487 test_syn_cc=0.6746| score=0.9667
0.85 0.00 -0.00 0.15 | 0.967±0.028 | 0.792±0.196 | 0.949±0.028 | 0.675±0.177 | best lr=3.00e-04 wd=1.00e-05 dr=0.30 | ADD
[TUNE main] lr=3.00e-04 wd=1.00e-05 dr=0.30 | val_acc=0.9983 val_syn_cc=1.0000 val_loss=0.0196 | test_acc=0.9896 test_syn_cc=0.9829| score=0.9983
0.00 0.00 0.45 0.55 | 0.998±0.003 | 1.000±0.000 | 0.990±0.002 | 0.983±0.003 | best lr=3.00e-04 wd=1.00e-05 dr=0.30 | ADD
[TUNE main] lr=3.00e-04 wd=1.00e-05 dr=0.30 | val_acc=0.9967 val_syn_cc=nan val_loss=0.0170 | test_acc=0.9951 test_syn_cc=nan| score=0.9967
0.45 0.00 0.55 0.00 | 0.997±0.006 | nan±nan | 0.995±0.002 | nan±nan | best lr=3.00e-04 wd=1.00e-05 dr=0.30 | ADD
[TUNE main] lr=3.00e-04 wd=1.00e-05 dr=0.30 | val_acc=1.0000 val_syn_cc=nan val_loss=0.0078 | test_acc=0.9968 test_syn_cc=nan| score=1.0000
0.60 0.00 0.40 0.00 | 1.000±0.000 | nan±nan | 0.997±0.001 | nan±nan | best lr=3.00e-04 wd=1.00e-05 dr=0.30 | ADD
[TUNE main] lr=3.00e-04 wd=1.00e-05 dr=0.30 | val_acc=0.9633 val_syn_cc=0.8015 val_loss=0.1905 | test_acc=0.9398 test_syn_cc=0.6433| score=0.9633
0.35 0.00 0.50 0.15 | 0.963±0.019 | 0.801±0.064 | 0.940±0.006 | 0.643±0.039 | best lr=3.00e-04 wd=1.00e-05 dr=0.30 | ADD
[TUNE main] lr=3.00e-04 wd=1.00e-05 dr=0.30 | val_acc=0.9833 val_syn_cc=0.9534 val_loss=0.0608 | test_acc=0.9772 test_syn_cc=0.9273| score=0.9833
0.40 0.00 0.35 0.25 | 0.983±0.015 | 0.953±0.040 | 0.977±0.006 | 0.927±0.022 | best lr=3.00e-04 wd=1.00e-05 dr=0.30 | ADD
[TUNE main] lr=3.00e-04 wd=1.00e-05 dr=0.30 | val_acc=0.9650 val_syn_cc=0.6745 val_loss=0.1428 | test_acc=0.9486 test_syn_cc=0.5360| score=0.9650
0.85 0.00 0.05 0.10 | 0.965±0.009 | 0.674±0.045 | 0.949±0.003 | 0.536±0.041 | best lr=3.00e-04 wd=1.00e-05 dr=0.30 | ADD
[TUNE main] lr=3.00e-04 wd=1.00e-05 dr=0.30 | val_acc=0.9933 val_syn_cc=1.0000 val_loss=0.0247 | test_acc=0.9862 test_syn_cc=0.9841| score=0.9933
0.30 0.00 0.15 0.55 | 0.993±0.008 | 1.000±0.000 | 0.986±0.001 | 0.984±0.004 | best lr=3.00e-04 wd=1.00e-05 dr=0.30 | ADD
[TUNE main] lr=3.00e-04 wd=1.00e-05 dr=0.30 | val_acc=0.9783 val_syn_cc=0.9324 val_loss=0.0751 | test_acc=0.9689 test_syn_cc=0.8988| score=0.9783
0.60 0.00 0.15 0.25 | 0.978±0.018 | 0.932±0.044 | 0.969±0.013 | 0.899±0.047 | best lr=3.00e-04 wd=1.00e-05 dr=0.30 | ADD
[TUNE main] lr=3.00e-04 wd=1.00e-05 dr=0.30 | val_acc=0.9983 val_syn_cc=nan val_loss=0.0088 | test_acc=0.9961 test_syn_cc=nan| score=0.9983
0.80 0.00 0.20 0.00 | 0.998±0.003 | nan±nan | 0.996±0.001 | nan±nan | best lr=3.00e-04 wd=1.00e-05 dr=0.30 | ADD
[TUNE main] lr=3.00e-04 wd=1.00e-05 dr=0.30 | val_acc=0.9867 val_syn_cc=0.9939 val_loss=0.0421 | test_acc=0.9834 test_syn_cc=0.9794| score=0.9867
0.15 0.00 0.30 0.55 | 0.987±0.008 | 0.994±0.005 | 0.983±0.003 | 0.979±0.003 | best lr=3.00e-04 wd=1.00e-05 dr=0.30 | ADD
[TUNE main] lr=3.00e-04 wd=1.00e-05 dr=0.30 | val_acc=0.9750 val_syn_cc=0.6011 val_loss=0.1021 | test_acc=0.9671 test_syn_cc=0.4772| score=0.9750
0.65 0.00 0.30 0.05 | 0.975±0.009 | 0.601±0.143 | 0.967±0.005 | 0.477±0.056 | best lr=3.00e-04 wd=1.00e-05 dr=0.30 | ADD
[TUNE main] lr=3.00e-04 wd=1.00e-05 dr=0.30 | val_acc=0.9600 val_syn_cc=0.6774 val_loss=0.1294 | test_acc=0.9458 test_syn_cc=0.5269| score=0.9600
0.30 0.00 0.60 0.10 | 0.960±0.020 | 0.677±0.033 | 0.946±0.005 | 0.527±0.037 | best lr=3.00e-04 wd=1.00e-05 dr=0.30 | ADD
[TUNE main] lr=3.00e-04 wd=1.00e-05 dr=0.30 | val_acc=0.9867 val_syn_cc=0.9625 val_loss=0.0540 | test_acc=0.9725 test_syn_cc=0.9264| score=0.9867
0.25 0.00 0.45 0.30 | 0.987±0.003 | 0.963±0.005 | 0.973±0.005 | 0.926±0.015 | best lr=3.00e-04 wd=1.00e-05 dr=0.30 | ADD
[TUNE main] lr=3.00e-04 wd=1.00e-05 dr=0.30 | val_acc=0.9983 val_syn_cc=0.9970 val_loss=0.0128 | test_acc=0.9881 test_syn_cc=0.9800| score=0.9983
0.55 0.00 -0.00 0.45 | 0.998±0.003 | 0.997±0.005 | 0.988±0.005 | 0.980±0.014 | best lr=3.00e-04 wd=1.00e-05 dr=0.30 | ADD
[TUNE main] lr=3.00e-04 wd=1.00e-05 dr=0.30 | val_acc=0.9650 val_syn_cc=0.6618 val_loss=0.1311 | test_acc=0.9674 test_syn_cc=0.4727| score=0.9650
0.85 0.00 0.10 0.05 | 0.965±0.022 | 0.662±0.166 | 0.967±0.003 | 0.473±0.013 | best lr=3.00e-04 wd=1.00e-05 dr=0.30 | ADD
[TUNE main] lr=3.00e-04 wd=1.00e-05 dr=0.30 | val_acc=1.0000 val_syn_cc=nan val_loss=0.0085 | test_acc=0.9978 test_syn_cc=nan| score=1.0000
0.90 0.00 0.10 0.00 | 1.000±0.000 | nan±nan | 0.998±0.000 | nan±nan | best lr=3.00e-04 wd=1.00e-05 dr=0.30 | ADD
[TUNE main] lr=3.00e-04 wd=1.00e-05 dr=0.30 | val_acc=0.9733 val_syn_cc=0.9054 val_loss=0.1104 | test_acc=0.9722 test_syn_cc=0.9069| score=0.9733
0.30 0.00 0.45 0.25 | 0.973±0.010 | 0.905±0.041 | 0.972±0.010 | 0.907±0.029 | best lr=3.00e-04 wd=1.00e-05 dr=0.30 | ADD
[TUNE main] lr=3.00e-04 wd=1.00e-05 dr=0.30 | val_acc=0.9950 val_syn_cc=0.9973 val_loss=0.0214 | test_acc=0.9887 test_syn_cc=0.9898| score=0.9950
0.20 0.00 0.20 0.60 | 0.995±0.000 | 0.997±0.005 | 0.989±0.002 | 0.990±0.000 | best lr=3.00e-04 wd=1.00e-05 dr=0.30 | ADD
[TUNE main] lr=3.00e-04 wd=1.00e-05 dr=0.30 | val_acc=0.9650 val_syn_cc=0.8229 val_loss=0.1647 | test_acc=0.9574 test_syn_cc=0.8093| score=0.9650
0.10 0.00 0.70 0.20 | 0.965±0.010 | 0.823±0.010 | 0.957±0.010 | 0.809±0.038 | best lr=3.00e-04 wd=1.00e-05 dr=0.30 | ADD
[TUNE main] lr=3.00e-04 wd=1.00e-05 dr=0.30 | val_acc=0.9850 val_syn_cc=0.9764 val_loss=0.0682 | test_acc=0.9840 test_syn_cc=0.9653| score=0.9850
0.05 0.00 0.60 0.35 | 0.985±0.010 | 0.976±0.014 | 0.984±0.002 | 0.965±0.008 | best lr=3.00e-04 wd=1.00e-05 dr=0.30 | ADD
[TUNE main] lr=3.00e-04 wd=1.00e-05 dr=0.30 | val_acc=0.9933 val_syn_cc=0.9935 val_loss=0.0248 | test_acc=0.9841 test_syn_cc=0.9751| score=0.9933
0.45 0.00 0.10 0.45 | 0.993±0.008 | 0.993±0.011 | 0.984±0.006 | 0.975±0.014 | best lr=3.00e-04 wd=1.00e-05 dr=0.30 | ADD
[TUNE main] lr=3.00e-04 wd=1.00e-05 dr=0.30 | val_acc=0.9850 val_syn_cc=0.9741 val_loss=0.0363 | test_acc=0.9739 test_syn_cc=0.9184| score=0.9850
0.20 0.00 0.55 0.25 | 0.985±0.013 | 0.974±0.029 | 0.974±0.010 | 0.918±0.033 | best lr=3.00e-04 wd=1.00e-05 dr=0.30 | ADD
[TUNE main] lr=3.00e-04 wd=1.00e-05 dr=0.30 | val_acc=0.9917 val_syn_cc=0.9701 val_loss=0.0302 | test_acc=0.9823 test_syn_cc=0.9571| score=0.9917
0.65 0.00 0.05 0.30 | 0.992±0.003 | 0.970±0.011 | 0.982±0.002 | 0.957±0.011 | best lr=3.00e-04 wd=1.00e-05 dr=0.30 | ADD
[TUNE main] lr=3.00e-04 wd=1.00e-05 dr=0.30 | val_acc=0.9950 val_syn_cc=1.0000 val_loss=0.0168 | test_acc=0.9951 test_syn_cc=0.9956| score=0.9950
0.00 0.00 0.10 0.90 | 0.995±0.009 | 1.000±0.000 | 0.995±0.001 | 0.996±0.002 | best lr=3.00e-04 wd=1.00e-05 dr=0.30 | ADD
[TUNE main] lr=3.00e-04 wd=1.00e-05 dr=0.30 | val_acc=0.9733 val_syn_cc=0.9378 val_loss=0.1059 | test_acc=0.9734 test_syn_cc=0.9303| score=0.9733
0.30 0.00 0.40 0.30 | 0.973±0.003 | 0.938±0.026 | 0.973±0.005 | 0.930±0.013 | best lr=3.00e-04 wd=1.00e-05 dr=0.30 | ADD
[TUNE main] lr=3.00e-04 wd=1.00e-05 dr=0.30 | val_acc=0.9733 val_syn_cc=0.8230 val_loss=0.1049 | test_acc=0.9507 test_syn_cc=0.5907| score=0.9733
0.65 0.00 0.25 0.10 | 0.973±0.016 | 0.823±0.083 | 0.951±0.013 | 0.591±0.102 | best lr=3.00e-04 wd=1.00e-05 dr=0.30 | ADD
[TUNE main] lr=3.00e-04 wd=1.00e-05 dr=0.30 | val_acc=0.9917 val_syn_cc=0.9931 val_loss=0.0354 | test_acc=0.9898 test_syn_cc=0.9822| score=0.9917
0.50 0.00 0.00 0.50 | 0.992±0.008 | 0.993±0.012 | 0.990±0.003 | 0.982±0.006 | best lr=3.00e-04 wd=1.00e-05 dr=0.30 | ADD
[TUNE main] lr=3.00e-04 wd=1.00e-05 dr=0.30 | val_acc=0.9983 val_syn_cc=1.0000 val_loss=0.0334 | test_acc=0.9893 test_syn_cc=0.9891| score=0.9983
0.25 0.00 0.05 0.70 | 0.998±0.003 | 1.000±0.000 | 0.989±0.002 | 0.989±0.003 | best lr=3.00e-04 wd=1.00e-05 dr=0.30 | ADD
[TUNE main] lr=3.00e-04 wd=1.00e-05 dr=0.30 | val_acc=0.9650 val_syn_cc=0.6474 val_loss=0.2020 | test_acc=0.9517 test_syn_cc=0.5440| score=0.9650
0.90 0.00 -0.00 0.10 | 0.965±0.018 | 0.647±0.176 | 0.952±0.003 | 0.544±0.041 | best lr=3.00e-04 wd=1.00e-05 dr=0.30 | ADD
[TUNE main] lr=3.00e-04 wd=1.00e-05 dr=0.30 | val_acc=0.9633 val_syn_cc=0.7278 val_loss=0.1671 | test_acc=0.9417 test_syn_cc=0.5156| score=0.9633
0.25 0.00 0.65 0.10 | 0.963±0.021 | 0.728±0.075 | 0.942±0.010 | 0.516±0.064 | best lr=3.00e-04 wd=1.00e-05 dr=0.30 | ADD
[TUNE main] lr=3.00e-04 wd=1.00e-05 dr=0.30 | val_acc=0.9833 val_syn_cc=0.9585 val_loss=0.0603 | test_acc=0.9813 test_syn_cc=0.9442| score=0.9833
0.00 0.00 0.70 0.30 | 0.983±0.006 | 0.959±0.014 | 0.981±0.003 | 0.944±0.006 | best lr=3.00e-04 wd=1.00e-05 dr=0.30 | ADD
[TUNE main] lr=3.00e-04 wd=1.00e-05 dr=0.30 | val_acc=0.9983 val_syn_cc=1.0000 val_loss=0.0169 | test_acc=0.9875 test_syn_cc=0.9851| score=0.9983
0.20 0.00 0.30 0.50 | 0.998±0.003 | 1.000±0.000 | 0.987±0.002 | 0.985±0.003 | best lr=3.00e-04 wd=1.00e-05 dr=0.30 | ADD
[TUNE main] lr=3.00e-04 wd=1.00e-05 dr=0.30 | val_acc=0.9867 val_syn_cc=0.9787 val_loss=0.0615 | test_acc=0.9818 test_syn_cc=0.9675| score=0.9867
0.45 0.00 0.15 0.40 | 0.987±0.008 | 0.979±0.013 | 0.982±0.003 | 0.967±0.004 | best lr=3.00e-04 wd=1.00e-05 dr=0.30 | ADD
[TUNE main] lr=3.00e-04 wd=1.00e-05 dr=0.30 | val_acc=0.9783 val_syn_cc=0.9313 val_loss=0.0888 | test_acc=0.9686 test_syn_cc=0.8929| score=0.9783
0.50 0.00 0.25 0.25 | 0.978±0.006 | 0.931±0.020 | 0.969±0.006 | 0.893±0.024 | best lr=3.00e-04 wd=1.00e-05 dr=0.30 | ADD
[TUNE main] lr=3.00e-04 wd=1.00e-05 dr=0.30 | val_acc=0.9767 val_syn_cc=0.9321 val_loss=0.0899 | test_acc=0.9716 test_syn_cc=0.9188| score=0.9767
0.60 0.00 0.10 0.30 | 0.977±0.008 | 0.932±0.034 | 0.972±0.012 | 0.919±0.033 | best lr=3.00e-04 wd=1.00e-05 dr=0.30 | ADD
[TUNE main] lr=3.00e-04 wd=1.00e-05 dr=0.30 | val_acc=0.9950 val_syn_cc=0.9952 val_loss=0.0271 | test_acc=0.9933 test_syn_cc=0.9919| score=0.9950
0.00 0.00 0.30 0.70 | 0.995±0.005 | 0.995±0.004 | 0.993±0.002 | 0.992±0.001 | best lr=3.00e-04 wd=1.00e-05 dr=0.30 | ADD
[TUNE main] lr=3.00e-04 wd=1.00e-05 dr=0.30 | val_acc=0.9983 val_syn_cc=1.0000 val_loss=0.0358 | test_acc=0.9884 test_syn_cc=0.9911| score=0.9983
0.10 0.00 0.05 0.85 | 0.998±0.003 | 1.000±0.000 | 0.988±0.006 | 0.991±0.006 | best lr=3.00e-04 wd=1.00e-05 dr=0.30 | ADD
[TUNE main] lr=3.00e-04 wd=1.00e-05 dr=0.30 | val_acc=0.9917 val_syn_cc=0.9942 val_loss=0.0235 | test_acc=0.9888 test_syn_cc=0.9900| score=0.9917
0.15 0.00 0.25 0.60 | 0.992±0.003 | 0.994±0.010 | 0.989±0.002 | 0.990±0.004 | best lr=3.00e-04 wd=1.00e-05 dr=0.30 | ADD
[TUNE main] lr=3.00e-04 wd=1.00e-05 dr=0.30 | val_acc=0.9733 val_syn_cc=0.8647 val_loss=0.1296 | test_acc=0.9569 test_syn_cc=0.7431| score=0.9733
0.75 0.00 0.10 0.15 | 0.973±0.010 | 0.865±0.009 | 0.957±0.006 | 0.743±0.044 | best lr=3.00e-04 wd=1.00e-05 dr=0.30 | ADD
[TUNE main] lr=3.00e-04 wd=1.00e-05 dr=0.30 | val_acc=1.0000 val_syn_cc=nan val_loss=0.0094 | test_acc=0.9975 test_syn_cc=nan| score=1.0000
0.95 0.00 0.05 0.00 | 1.000±0.000 | nan±nan | 0.998±0.001 | nan±nan | best lr=3.00e-04 wd=1.00e-05 dr=0.30 | ADD
[TUNE main] lr=3.00e-04 wd=1.00e-05 dr=0.30 | val_acc=0.9917 val_syn_cc=0.9940 val_loss=0.0425 | test_acc=0.9773 test_syn_cc=0.9476| score=0.9917
0.45 0.00 0.25 0.30 | 0.992±0.008 | 0.994±0.010 | 0.977±0.002 | 0.948±0.004 | best lr=3.00e-04 wd=1.00e-05 dr=0.30 | ADD
[TUNE main] lr=3.00e-04 wd=1.00e-05 dr=0.30 | val_acc=0.9967 val_syn_cc=1.0000 val_loss=0.0287 | test_acc=0.9860 test_syn_cc=0.9833| score=0.9967
0.05 0.00 0.30 0.65 | 0.997±0.003 | 1.000±0.000 | 0.986±0.006 | 0.983±0.008 | best lr=3.00e-04 wd=1.00e-05 dr=0.30 | ADD
[TUNE main] lr=3.00e-04 wd=1.00e-05 dr=0.30 | val_acc=0.9833 val_syn_cc=0.5794 val_loss=0.0632 | test_acc=0.9625 test_syn_cc=0.5169| score=0.9833
0.45 0.00 0.50 0.05 | 0.983±0.008 | 0.579±0.084 | 0.963±0.011 | 0.517±0.071 | best lr=3.00e-04 wd=1.00e-05 dr=0.30 | ADD
[TUNE main] lr=3.00e-04 wd=1.00e-05 dr=0.30 | val_acc=0.9967 val_syn_cc=1.0000 val_loss=0.0431 | test_acc=0.9938 test_syn_cc=0.9954| score=0.9967
0.05 0.00 -0.00 0.95 | 0.997±0.003 | 1.000±0.000 | 0.994±0.002 | 0.995±0.002 | best lr=3.00e-04 wd=1.00e-05 dr=0.30 | ADD
[TUNE main] lr=3.00e-04 wd=1.00e-05 dr=0.30 | val_acc=0.9917 val_syn_cc=0.9798 val_loss=0.0466 | test_acc=0.9791 test_syn_cc=0.9550| score=0.9917
0.50 0.00 0.15 0.35 | 0.992±0.003 | 0.980±0.008 | 0.979±0.008 | 0.955±0.020 | best lr=3.00e-04 wd=1.00e-05 dr=0.30 | ADD
[TUNE main] lr=3.00e-04 wd=1.00e-05 dr=0.30 | val_acc=0.9850 val_syn_cc=0.9808 val_loss=0.0470 | test_acc=0.9850 test_syn_cc=0.9734| score=0.9850
0.10 0.00 0.50 0.40 | 0.985±0.005 | 0.981±0.012 | 0.985±0.003 | 0.973±0.007 | best lr=3.00e-04 wd=1.00e-05 dr=0.30 | ADD
[TUNE main] lr=3.00e-04 wd=1.00e-05 dr=0.30 | val_acc=0.9600 val_syn_cc=0.7807 val_loss=0.1991 | test_acc=0.9543 test_syn_cc=0.7339| score=0.9600
0.70 0.00 0.15 0.15 | 0.960±0.009 | 0.781±0.058 | 0.954±0.008 | 0.734±0.062 | best lr=3.00e-04 wd=1.00e-05 dr=0.30 | ADD
[TUNE main] lr=3.00e-04 wd=1.00e-05 dr=0.30 | val_acc=0.9650 val_syn_cc=0.7389 val_loss=0.1615 | test_acc=0.9521 test_syn_cc=0.5744| score=0.9650
0.80 0.00 0.10 0.10 | 0.965±0.009 | 0.739±0.067 | 0.952±0.005 | 0.574±0.082 | best lr=3.00e-04 wd=1.00e-05 dr=0.30 | ADD
[TUNE main] lr=3.00e-04 wd=1.00e-05 dr=0.30 | val_acc=0.9950 val_syn_cc=1.0000 val_loss=0.0228 | test_acc=0.9897 test_syn_cc=0.9929| score=0.9950
0.05 0.00 0.10 0.85 | 0.995±0.005 | 1.000±0.000 | 0.990±0.004 | 0.993±0.004 | best lr=3.00e-04 wd=1.00e-05 dr=0.30 | ADD
[TUNE main] lr=3.00e-04 wd=1.00e-05 dr=0.30 | val_acc=0.9983 val_syn_cc=0.9978 val_loss=0.0159 | test_acc=0.9892 test_syn_cc=0.9910| score=0.9983
0.15 0.00 0.10 0.75 | 0.998±0.003 | 0.998±0.004 | 0.989±0.004 | 0.991±0.004 | best lr=3.00e-04 wd=1.00e-05 dr=0.30 | ADD
[TUNE main] lr=3.00e-04 wd=1.00e-05 dr=0.30 | val_acc=0.9783 val_syn_cc=0.9052 val_loss=0.1146 | test_acc=0.9667 test_syn_cc=0.8613| score=0.9783
0.50 0.00 0.30 0.20 | 0.978±0.013 | 0.905±0.053 | 0.967±0.010 | 0.861±0.056 | best lr=3.00e-04 wd=1.00e-05 dr=0.30 | ADD
[TUNE main] lr=3.00e-04 wd=1.00e-05 dr=0.30 | val_acc=0.9833 val_syn_cc=0.9739 val_loss=0.0569 | test_acc=0.9860 test_syn_cc=0.9713| score=0.9833
0.15 0.00 0.50 0.35 | 0.983±0.006 | 0.974±0.026 | 0.986±0.004 | 0.971±0.012 | best lr=3.00e-04 wd=1.00e-05 dr=0.30 | ADD
[TUNE main] lr=3.00e-04 wd=1.00e-05 dr=0.30 | val_acc=0.9917 val_syn_cc=0.9860 val_loss=0.0490 | test_acc=0.9792 test_syn_cc=0.9589| score=0.9917
0.25 0.00 0.35 0.40 | 0.992±0.008 | 0.986±0.014 | 0.979±0.005 | 0.959±0.014 | best lr=3.00e-04 wd=1.00e-05 dr=0.30 | ADD
[TUNE main] lr=3.00e-04 wd=1.00e-05 dr=0.30 | val_acc=0.9933 val_syn_cc=0.9972 val_loss=0.0237 | test_acc=0.9846 test_syn_cc=0.9832| score=0.9933
0.35 0.00 0.05 0.60 | 0.993±0.008 | 0.997±0.005 | 0.985±0.007 | 0.983±0.010 | best lr=3.00e-04 wd=1.00e-05 dr=0.30 | ADD
[TUNE main] lr=3.00e-04 wd=1.00e-05 dr=0.30 | val_acc=0.9983 val_syn_cc=1.0000 val_loss=0.0253 | test_acc=0.9873 test_syn_cc=0.9877| score=0.9983
0.25 0.00 0.10 0.65 | 0.998±0.003 | 1.000±0.000 | 0.987±0.002 | 0.988±0.005 | best lr=3.00e-04 wd=1.00e-05 dr=0.30 | ADD
[TUNE main] lr=3.00e-04 wd=1.00e-05 dr=0.30 | val_acc=0.9900 val_syn_cc=0.9888 val_loss=0.0327 | test_acc=0.9833 test_syn_cc=0.9729| score=0.9900
0.20 0.00 0.35 0.45 | 0.990±0.005 | 0.989±0.011 | 0.983±0.005 | 0.973±0.010 | best lr=3.00e-04 wd=1.00e-05 dr=0.30 | ADD
[TUNE main] lr=3.00e-04 wd=1.00e-05 dr=0.30 | val_acc=0.9717 val_syn_cc=0.9000 val_loss=0.1169 | test_acc=0.9630 test_syn_cc=0.8438| score=0.9717
0.30 0.00 0.50 0.20 | 0.972±0.006 | 0.900±0.075 | 0.963±0.015 | 0.844±0.076 | best lr=3.00e-04 wd=1.00e-05 dr=0.30 | ADD
[TUNE main] lr=3.00e-04 wd=1.00e-05 dr=0.30 | val_acc=0.9683 val_syn_cc=0.8903 val_loss=0.1064 | test_acc=0.9631 test_syn_cc=0.8796| score=0.9683
0.25 0.00 0.50 0.25 | 0.968±0.010 | 0.890±0.050 | 0.963±0.012 | 0.880±0.037 | best lr=3.00e-04 wd=1.00e-05 dr=0.30 | ADD
[TUNE main] lr=3.00e-04 wd=1.00e-05 dr=0.30 | val_acc=0.9783 val_syn_cc=0.5694 val_loss=0.0853 | test_acc=0.9657 test_syn_cc=0.5167| score=0.9783
0.40 0.00 0.55 0.05 | 0.978±0.012 | 0.569±0.168 | 0.966±0.005 | 0.517±0.029 | best lr=3.00e-04 wd=1.00e-05 dr=0.30 | ADD
[TUNE main] lr=3.00e-04 wd=1.00e-05 dr=0.30 | val_acc=1.0000 val_syn_cc=nan val_loss=0.0060 | test_acc=0.9973 test_syn_cc=nan| score=1.0000
0.75 0.00 0.25 0.00 | 1.000±0.000 | nan±nan | 0.997±0.000 | nan±nan | best lr=3.00e-04 wd=1.00e-05 dr=0.30 | ADD
[TUNE main] lr=3.00e-04 wd=1.00e-05 dr=0.30 | val_acc=0.9650 val_syn_cc=0.8556 val_loss=0.1903 | test_acc=0.9652 test_syn_cc=0.8528| score=0.9650
0.65 0.00 0.15 0.20 | 0.965±0.023 | 0.856±0.093 | 0.965±0.012 | 0.853±0.061 | best lr=3.00e-04 wd=1.00e-05 dr=0.30 | ADD
[TUNE main] lr=3.00e-04 wd=1.00e-05 dr=0.30 | val_acc=0.9767 val_syn_cc=0.9211 val_loss=0.0728 | test_acc=0.9747 test_syn_cc=0.9170| score=0.9767
0.45 0.00 0.30 0.25 | 0.977±0.021 | 0.921±0.069 | 0.975±0.008 | 0.917±0.030 | best lr=3.00e-04 wd=1.00e-05 dr=0.30 | ADD
[TUNE main] lr=3.00e-04 wd=1.00e-05 dr=0.30 | val_acc=0.9700 val_syn_cc=0.5566 val_loss=0.1196 | test_acc=0.9683 test_syn_cc=0.4953| score=0.9700
0.30 0.00 0.65 0.05 | 0.970±0.010 | 0.557±0.071 | 0.968±0.002 | 0.495±0.013 | best lr=3.00e-04 wd=1.00e-05 dr=0.30 | ADD
[TUNE main] lr=3.00e-04 wd=1.00e-05 dr=0.30 | val_acc=0.9750 val_syn_cc=0.5905 val_loss=0.1085 | test_acc=0.9719 test_syn_cc=0.4887| score=0.9750
0.90 0.00 0.05 0.05 | 0.975±0.022 | 0.590±0.201 | 0.972±0.001 | 0.489±0.024 | best lr=3.00e-04 wd=1.00e-05 dr=0.30 | ADD
[TUNE main] lr=3.00e-04 wd=1.00e-05 dr=0.30 | val_acc=1.0000 val_syn_cc=nan val_loss=0.0085 | test_acc=0.9954 test_syn_cc=nan| score=1.0000
0.70 0.00 0.30 0.00 | 1.000±0.000 | nan±nan | 0.995±0.003 | nan±nan | best lr=3.00e-04 wd=1.00e-05 dr=0.30 | ADD
[TUNE main] lr=3.00e-04 wd=1.00e-05 dr=0.30 | val_acc=0.9933 val_syn_cc=0.9978 val_loss=0.0360 | test_acc=0.9901 test_syn_cc=0.9904| score=0.9933
0.10 0.00 0.15 0.75 | 0.993±0.006 | 0.998±0.004 | 0.990±0.004 | 0.990±0.006 | best lr=3.00e-04 wd=1.00e-05 dr=0.30 | ADD
[TUNE main] lr=3.00e-04 wd=1.00e-05 dr=0.30 | val_acc=0.9817 val_syn_cc=0.9310 val_loss=0.0884 | test_acc=0.9827 test_syn_cc=0.9376| score=0.9817
0.75 0.00 0.00 0.25 | 0.982±0.013 | 0.931±0.054 | 0.983±0.004 | 0.938±0.015 | best lr=3.00e-04 wd=1.00e-05 dr=0.30 | ADD
[TUNE main] lr=3.00e-04 wd=1.00e-05 dr=0.30 | val_acc=1.0000 val_syn_cc=1.0000 val_loss=0.0218 | test_acc=0.9867 test_syn_cc=0.9832| score=1.0000
0.40 0.00 0.05 0.55 | 1.000±0.000 | 1.000±0.000 | 0.987±0.000 | 0.983±0.003 | best lr=3.00e-04 wd=1.00e-05 dr=0.30 | ADD
[TUNE main] lr=3.00e-04 wd=1.00e-05 dr=0.30 | val_acc=0.9933 val_syn_cc=0.9882 val_loss=0.0385 | test_acc=0.9874 test_syn_cc=0.9724| score=0.9933
0.60 0.00 -0.00 0.40 | 0.993±0.003 | 0.988±0.012 | 0.987±0.005 | 0.972±0.013 | best lr=3.00e-04 wd=1.00e-05 dr=0.30 | ADD
[TUNE main] lr=3.00e-04 wd=1.00e-05 dr=0.30 | val_acc=0.9850 val_syn_cc=0.9476 val_loss=0.0771 | test_acc=0.9758 test_syn_cc=0.9145| score=0.9850
0.00 0.00 0.75 0.25 | 0.985±0.013 | 0.948±0.055 | 0.976±0.013 | 0.914±0.048 | best lr=3.00e-04 wd=1.00e-05 dr=0.30 | ADD
[TUNE main] lr=3.00e-04 wd=1.00e-05 dr=0.30 | val_acc=0.9883 val_syn_cc=0.9947 val_loss=0.0463 | test_acc=0.9873 test_syn_cc=0.9889| score=0.9883
0.15 0.00 0.20 0.65 | 0.988±0.010 | 0.995±0.005 | 0.987±0.003 | 0.989±0.003 | best lr=3.00e-04 wd=1.00e-05 dr=0.30 | ADD
[TUNE main] lr=3.00e-04 wd=1.00e-05 dr=0.30 | val_acc=0.9750 val_syn_cc=0.6121 val_loss=0.0840 | test_acc=0.9720 test_syn_cc=0.4908| score=0.9750
0.95 0.00 -0.00 0.05 | 0.975±0.005 | 0.612±0.201 | 0.972±0.005 | 0.491±0.035 | best lr=3.00e-04 wd=1.00e-05 dr=0.30 | ADD
[TUNE main] lr=3.00e-04 wd=1.00e-05 dr=0.30 | val_acc=0.9933 val_syn_cc=1.0000 val_loss=0.0317 | test_acc=0.9896 test_syn_cc=0.9877| score=0.9933
0.05 0.00 0.40 0.55 | 0.993±0.003 | 1.000±0.000 | 0.990±0.002 | 0.988±0.005 | best lr=3.00e-04 wd=1.00e-05 dr=0.30 | ADD
[TUNE main] lr=3.00e-04 wd=1.00e-05 dr=0.30 | val_acc=0.9733 val_syn_cc=0.7431 val_loss=0.1005 | test_acc=0.9483 test_syn_cc=0.5423| score=0.9733
0.50 0.00 0.40 0.10 | 0.973±0.012 | 0.743±0.073 | 0.948±0.005 | 0.542±0.028 | best lr=3.00e-04 wd=1.00e-05 dr=0.30 | ADD
[TUNE main] lr=3.00e-04 wd=1.00e-05 dr=0.30 | val_acc=0.9600 val_syn_cc=0.6667 val_loss=0.1449 | test_acc=0.9487 test_syn_cc=0.5649| score=0.9600
0.75 0.00 0.15 0.10 | 0.960±0.010 | 0.667±0.048 | 0.949±0.008 | 0.565±0.044 | best lr=3.00e-04 wd=1.00e-05 dr=0.30 | ADD
[TUNE main] lr=3.00e-04 wd=1.00e-05 dr=0.30 | val_acc=0.9817 val_syn_cc=0.9797 val_loss=0.0498 | test_acc=0.9844 test_syn_cc=0.9730| score=0.9817
0.15 0.00 0.45 0.40 | 0.982±0.014 | 0.980±0.014 | 0.984±0.003 | 0.973±0.003 | best lr=3.00e-04 wd=1.00e-05 dr=0.30 | ADD
[TUNE main] lr=3.00e-04 wd=1.00e-05 dr=0.30 | val_acc=0.9617 val_syn_cc=0.8107 val_loss=0.1769 | test_acc=0.9533 test_syn_cc=0.7558| score=0.9617
0.00 0.00 0.80 0.20 | 0.962±0.028 | 0.811±0.121 | 0.953±0.023 | 0.756±0.123 | best lr=3.00e-04 wd=1.00e-05 dr=0.30 | ADD
[TUNE main] lr=3.00e-04 wd=1.00e-05 dr=0.30 | val_acc=0.9667 val_syn_cc=0.7402 val_loss=0.1377 | test_acc=0.9424 test_syn_cc=0.5434| score=0.9667
0.35 0.00 0.55 0.10 | 0.967±0.013 | 0.740±0.031 | 0.942±0.012 | 0.543±0.050 | best lr=3.00e-04 wd=1.00e-05 dr=0.30 | ADD
[TUNE main] lr=3.00e-04 wd=1.00e-05 dr=0.30 | val_acc=0.9950 val_syn_cc=0.9980 val_loss=0.0227 | test_acc=0.9935 test_syn_cc=0.9940| score=0.9950
0.00 0.00 0.15 0.85 | 0.995±0.005 | 0.998±0.003 | 0.994±0.002 | 0.994±0.002 | best lr=3.00e-04 wd=1.00e-05 dr=0.30 | ADD
[TUNE main] lr=3.00e-04 wd=1.00e-05 dr=0.30 | val_acc=0.9667 val_syn_cc=0.7074 val_loss=0.1592 | test_acc=0.9417 test_syn_cc=0.4824| score=0.9667
0.05 0.00 0.85 0.10 | 0.967±0.010 | 0.707±0.101 | 0.942±0.007 | 0.482±0.033 | best lr=3.00e-04 wd=1.00e-05 dr=0.30 | ADD
[TUNE main] lr=3.00e-04 wd=1.00e-05 dr=0.30 | val_acc=0.9950 val_syn_cc=1.0000 val_loss=0.0294 | test_acc=0.9892 test_syn_cc=0.9895| score=0.9950
0.30 0.00 0.05 0.65 | 0.995±0.005 | 1.000±0.000 | 0.989±0.002 | 0.989±0.002 | best lr=3.00e-04 wd=1.00e-05 dr=0.30 | ADD
[TUNE main] lr=3.00e-04 wd=1.00e-05 dr=0.30 | val_acc=0.9983 val_syn_cc=nan val_loss=0.0091 | test_acc=0.9961 test_syn_cc=nan| score=0.9983
0.50 0.00 0.50 0.00 | 0.998±0.003 | nan±nan | 0.996±0.001 | nan±nan | best lr=3.00e-04 wd=1.00e-05 dr=0.30 | ADD
[TUNE main] lr=3.00e-04 wd=1.00e-05 dr=0.30 | val_acc=1.0000 val_syn_cc=1.0000 val_loss=0.0095 | test_acc=0.9838 test_syn_cc=0.9759| score=1.0000
0.40 0.00 0.15 0.45 | 1.000±0.000 | 1.000±0.000 | 0.984±0.007 | 0.976±0.013 | best lr=3.00e-04 wd=1.00e-05 dr=0.30 | ADD
[TUNE main] lr=3.00e-04 wd=1.00e-05 dr=0.30 | val_acc=0.9633 val_syn_cc=0.5429 val_loss=0.1072 | test_acc=0.9658 test_syn_cc=0.4749| score=0.9633
0.10 0.00 0.85 0.05 | 0.963±0.003 | 0.543±0.119 | 0.966±0.003 | 0.475±0.035 | best lr=3.00e-04 wd=1.00e-05 dr=0.30 | ADD
[TUNE main] lr=3.00e-04 wd=1.00e-05 dr=0.30 | val_acc=0.9500 val_syn_cc=0.7111 val_loss=0.2895 | test_acc=0.9379 test_syn_cc=0.6369| score=0.9500
0.55 0.00 0.30 0.15 | 0.950±0.010 | 0.711±0.051 | 0.938±0.013 | 0.637±0.091 | best lr=3.00e-04 wd=1.00e-05 dr=0.30 | ADD
[TUNE main] lr=3.00e-04 wd=1.00e-05 dr=0.30 | val_acc=0.9850 val_syn_cc=0.9491 val_loss=0.0683 | test_acc=0.9755 test_syn_cc=0.9027| score=0.9850
0.55 0.00 0.25 0.20 | 0.985±0.013 | 0.949±0.045 | 0.975±0.005 | 0.903±0.019 | best lr=3.00e-04 wd=1.00e-05 dr=0.30 | ADD
[TUNE main] lr=3.00e-04 wd=1.00e-05 dr=0.30 | val_acc=0.9900 val_syn_cc=0.9903 val_loss=0.0454 | test_acc=0.9834 test_syn_cc=0.9778| score=0.9900
0.25 0.00 0.25 0.50 | 0.990±0.005 | 0.990±0.010 | 0.983±0.002 | 0.978±0.005 | best lr=3.00e-04 wd=1.00e-05 dr=0.30 | ADD
[TUNE main] lr=3.00e-04 wd=1.00e-05 dr=0.30 | val_acc=0.9883 val_syn_cc=0.9947 val_loss=0.0479 | test_acc=0.9764 test_syn_cc=0.9419| score=0.9883
0.50 0.00 0.20 0.30 | 0.988±0.003 | 0.995±0.009 | 0.976±0.003 | 0.942±0.011 | best lr=3.00e-04 wd=1.00e-05 dr=0.30 | ADD
[TUNE main] lr=3.00e-04 wd=1.00e-05 dr=0.30 | val_acc=1.0000 val_syn_cc=1.0000 val_loss=0.0098 | test_acc=0.9867 test_syn_cc=0.9864| score=1.0000
0.25 0.00 0.15 0.60 | 1.000±0.000 | 1.000±0.000 | 0.987±0.001 | 0.986±0.002 | best lr=3.00e-04 wd=1.00e-05 dr=0.30 | ADD
[TUNE main] lr=3.00e-04 wd=1.00e-05 dr=0.30 | val_acc=0.9850 val_syn_cc=0.9835 val_loss=0.0451 | test_acc=0.9850 test_syn_cc=0.9698| score=0.9850
0.20 0.00 0.45 0.35 | 0.985±0.009 | 0.984±0.014 | 0.985±0.002 | 0.970±0.004 | best lr=3.00e-04 wd=1.00e-05 dr=0.30 | ADD
[TUNE main] lr=3.00e-04 wd=1.00e-05 dr=0.30 | val_acc=0.9967 val_syn_cc=1.0000 val_loss=0.0174 | test_acc=0.9933 test_syn_cc=0.9943| score=0.9967
0.20 0.00 0.00 0.80 | 0.997±0.003 | 1.000±0.000 | 0.993±0.002 | 0.994±0.002 | best lr=3.00e-04 wd=1.00e-05 dr=0.30 | ADD
[TUNE main] lr=3.00e-04 wd=1.00e-05 dr=0.30 | val_acc=0.9967 val_syn_cc=0.9959 val_loss=0.0221 | test_acc=0.9912 test_syn_cc=0.9918| score=0.9967
0.20 0.00 0.05 0.75 | 0.997±0.006 | 0.996±0.007 | 0.991±0.002 | 0.992±0.004 | best lr=3.00e-04 wd=1.00e-05 dr=0.30 | ADD
[TUNE main] lr=3.00e-04 wd=1.00e-05 dr=0.30 | val_acc=0.9883 val_syn_cc=0.9848 val_loss=0.0490 | test_acc=0.9872 test_syn_cc=0.9817| score=0.9883
0.25 0.00 0.30 0.45 | 0.988±0.010 | 0.985±0.013 | 0.987±0.002 | 0.982±0.002 | best lr=3.00e-04 wd=1.00e-05 dr=0.30 | ADD
[TUNE main] lr=3.00e-04 wd=1.00e-05 dr=0.30 | val_acc=0.9917 val_syn_cc=0.9815 val_loss=0.0426 | test_acc=0.9837 test_syn_cc=0.9492| score=0.9917
0.70 0.00 -0.00 0.30 | 0.992±0.006 | 0.981±0.003 | 0.984±0.006 | 0.949±0.020 | best lr=3.00e-04 wd=1.00e-05 dr=0.30 | ADD
[TUNE main] lr=3.00e-04 wd=1.00e-05 dr=0.30 | val_acc=0.9967 val_syn_cc=0.9961 val_loss=0.0218 | test_acc=0.9869 test_syn_cc=0.9780| score=0.9967
0.30 0.00 0.30 0.40 | 0.997±0.003 | 0.996±0.007 | 0.987±0.004 | 0.978±0.008 | best lr=3.00e-04 wd=1.00e-05 dr=0.30 | ADD
[TUNE main] lr=3.00e-04 wd=1.00e-05 dr=0.30 | val_acc=0.9933 val_syn_cc=0.9903 val_loss=0.0236 | test_acc=0.9897 test_syn_cc=0.9864| score=0.9933
0.05 0.00 0.45 0.50 | 0.993±0.008 | 0.990±0.010 | 0.990±0.003 | 0.986±0.005 | best lr=3.00e-04 wd=1.00e-05 dr=0.30 | ADD
[TUNE main] lr=3.00e-04 wd=1.00e-05 dr=0.30 | val_acc=1.0000 val_syn_cc=nan val_loss=0.0061 | test_acc=0.9962 test_syn_cc=nan| score=1.0000
0.65 0.00 0.35 0.00 | 1.000±0.000 | nan±nan | 0.996±0.001 | nan±nan | best lr=3.00e-04 wd=1.00e-05 dr=0.30 | ADD
[TUNE main] lr=3.00e-04 wd=1.00e-05 dr=0.30 | val_acc=0.9700 val_syn_cc=0.6271 val_loss=0.1187 | test_acc=0.9683 test_syn_cc=0.5161| score=0.9700
0.25 0.00 0.70 0.05 | 0.970±0.015 | 0.627±0.082 | 0.968±0.002 | 0.516±0.043 | best lr=3.00e-04 wd=1.00e-05 dr=0.30 | ADD
[TUNE main] lr=3.00e-04 wd=1.00e-05 dr=0.30 | val_acc=0.9717 val_syn_cc=0.8745 val_loss=0.1090 | test_acc=0.9644 test_syn_cc=0.8568| score=0.9717
0.20 0.00 0.60 0.20 | 0.972±0.014 | 0.874±0.059 | 0.964±0.015 | 0.857±0.069 | best lr=3.00e-04 wd=1.00e-05 dr=0.30 | ADD
[TUNE main] lr=3.00e-04 wd=1.00e-05 dr=0.30 | val_acc=0.9717 val_syn_cc=0.8758 val_loss=0.1247 | test_acc=0.9628 test_syn_cc=0.7781| score=0.9717
0.80 0.00 0.05 0.15 | 0.972±0.016 | 0.876±0.062 | 0.963±0.004 | 0.778±0.043 | best lr=3.00e-04 wd=1.00e-05 dr=0.30 | ADD
[TUNE main] lr=3.00e-04 wd=1.00e-05 dr=0.30 | val_acc=0.9983 val_syn_cc=0.9978 val_loss=0.0135 | test_acc=0.9942 test_syn_cc=0.9942| score=0.9983
0.00 0.00 0.25 0.75 | 0.998±0.003 | 0.998±0.004 | 0.994±0.002 | 0.994±0.002 | best lr=3.00e-04 wd=1.00e-05 dr=0.30 | ADD
[TUNE main] lr=3.00e-04 wd=1.00e-05 dr=0.30 | val_acc=0.9817 val_syn_cc=0.7056 val_loss=0.1173 | test_acc=0.9686 test_syn_cc=0.4812| score=0.9817
0.05 0.00 0.90 0.05 | 0.982±0.003 | 0.706±0.042 | 0.969±0.005 | 0.481±0.039 | best lr=3.00e-04 wd=1.00e-05 dr=0.30 | ADD
[TUNE main] lr=3.00e-04 wd=1.00e-05 dr=0.30 | val_acc=0.9533 val_syn_cc=0.7731 val_loss=0.2071 | test_acc=0.9482 test_syn_cc=0.6844| score=0.9533
0.20 0.00 0.65 0.15 | 0.953±0.028 | 0.773±0.111 | 0.948±0.028 | 0.684±0.201 | best lr=3.00e-04 wd=1.00e-05 dr=0.30 | ADD
[TUNE main] lr=3.00e-04 wd=1.00e-05 dr=0.30 | val_acc=0.9883 val_syn_cc=0.9838 val_loss=0.0390 | test_acc=0.9871 test_syn_cc=0.9790| score=0.9883
0.20 0.00 0.40 0.40 | 0.988±0.003 | 0.984±0.006 | 0.987±0.002 | 0.979±0.002 | best lr=3.00e-04 wd=1.00e-05 dr=0.30 | ADD
[TUNE main] lr=3.00e-04 wd=1.00e-05 dr=0.30 | val_acc=0.9683 val_syn_cc=0.7054 val_loss=0.1357 | test_acc=0.9669 test_syn_cc=0.5537| score=0.9683
0.80 0.00 0.15 0.05 | 0.968±0.008 | 0.705±0.015 | 0.967±0.001 | 0.554±0.020 | best lr=3.00e-04 wd=1.00e-05 dr=0.30 | ADD
[TUNE main] lr=3.00e-04 wd=1.00e-05 dr=0.30 | val_acc=0.9900 val_syn_cc=0.9839 val_loss=0.0482 | test_acc=0.9866 test_syn_cc=0.9787| score=0.9900
0.15 0.00 0.40 0.45 | 0.990±0.005 | 0.984±0.014 | 0.987±0.003 | 0.979±0.008 | best lr=3.00e-04 wd=1.00e-05 dr=0.30 | ADD
[TUNE main] lr=3.00e-04 wd=1.00e-05 dr=0.30 | val_acc=0.9817 val_syn_cc=0.9184 val_loss=0.0987 | test_acc=0.9613 test_syn_cc=0.8468| score=0.9817
0.40 0.00 0.40 0.20 | 0.982±0.015 | 0.918±0.069 | 0.961±0.009 | 0.847±0.036 | best lr=3.00e-04 wd=1.00e-05 dr=0.30 | ADD
[TUNE main] lr=3.00e-04 wd=1.00e-05 dr=0.30 | val_acc=0.9683 val_syn_cc=0.8469 val_loss=0.1576 | test_acc=0.9607 test_syn_cc=0.8190| score=0.9683
0.75 0.00 0.05 0.20 | 0.968±0.012 | 0.847±0.075 | 0.961±0.014 | 0.819±0.067 | best lr=3.00e-04 wd=1.00e-05 dr=0.30 | ADD
[TUNE main] lr=3.00e-04 wd=1.00e-05 dr=0.30 | val_acc=0.9917 val_syn_cc=0.9942 val_loss=0.0481 | test_acc=0.9878 test_syn_cc=0.9875| score=0.9917
0.10 0.00 0.35 0.55 | 0.992±0.006 | 0.994±0.005 | 0.988±0.002 | 0.987±0.003 | best lr=3.00e-04 wd=1.00e-05 dr=0.30 | ADD
[TUNE main] lr=3.00e-04 wd=1.00e-05 dr=0.30 | val_acc=1.0000 val_syn_cc=nan val_loss=0.0060 | test_acc=0.9998 test_syn_cc=nan| score=1.0000
1.00 0.00 0.00 0.00 | 1.000±0.000 | nan±nan | 1.000±0.000 | nan±nan | best lr=3.00e-04 wd=1.00e-05 dr=0.30 | ADD
[TUNE main] lr=3.00e-04 wd=1.00e-05 dr=0.30 | val_acc=0.9767 val_syn_cc=0.6474 val_loss=0.1352 | test_acc=0.9645 test_syn_cc=0.4864| score=0.9767
0.60 0.00 0.35 0.05 | 0.977±0.006 | 0.647±0.057 | 0.965±0.004 | 0.486±0.053 | best lr=3.00e-04 wd=1.00e-05 dr=0.30 | ADD
[TUNE main] lr=3.00e-04 wd=1.00e-05 dr=0.30 | val_acc=0.9850 val_syn_cc=0.9649 val_loss=0.0607 | test_acc=0.9813 test_syn_cc=0.9479| score=0.9850
0.20 0.00 0.50 0.30 | 0.985±0.010 | 0.965±0.016 | 0.981±0.004 | 0.948±0.013 | best lr=3.00e-04 wd=1.00e-05 dr=0.30 | ADD
[TUNE main] lr=3.00e-04 wd=1.00e-05 dr=0.30 | val_acc=0.9983 val_syn_cc=1.0000 val_loss=0.0155 | test_acc=0.9927 test_syn_cc=0.9937| score=0.9983
0.25 0.00 0.00 0.75 | 0.998±0.003 | 1.000±0.000 | 0.993±0.002 | 0.994±0.001 | best lr=3.00e-04 wd=1.00e-05 dr=0.30 | ADD
[TUNE main] lr=3.00e-04 wd=1.00e-05 dr=0.30 | val_acc=0.9967 val_syn_cc=0.9963 val_loss=0.0200 | test_acc=0.9823 test_syn_cc=0.9674| score=0.9967
0.35 0.00 0.25 0.40 | 0.997±0.003 | 0.996±0.006 | 0.982±0.004 | 0.967±0.010 | best lr=3.00e-04 wd=1.00e-05 dr=0.30 | ADD
[TUNE main] lr=3.00e-04 wd=1.00e-05 dr=0.30 | val_acc=0.9867 val_syn_cc=0.9671 val_loss=0.0462 | test_acc=0.9760 test_syn_cc=0.9348| score=0.9867
0.15 0.00 0.55 0.30 | 0.987±0.010 | 0.967±0.028 | 0.976±0.002 | 0.935±0.009 | best lr=3.00e-04 wd=1.00e-05 dr=0.30 | ADD
[TUNE main] lr=3.00e-04 wd=1.00e-05 dr=0.30 | val_acc=0.9733 val_syn_cc=0.9177 val_loss=0.0843 | test_acc=0.9674 test_syn_cc=0.8909| score=0.9733
0.05 0.00 0.70 0.25 | 0.973±0.008 | 0.918±0.018 | 0.967±0.012 | 0.891±0.050 | best lr=3.00e-04 wd=1.00e-05 dr=0.30 | ADD
[TUNE main] lr=3.00e-04 wd=1.00e-05 dr=0.30 | val_acc=0.9883 val_syn_cc=0.9861 val_loss=0.0523 | test_acc=0.9832 test_syn_cc=0.9637| score=0.9883
0.45 0.00 0.20 0.35 | 0.988±0.003 | 0.986±0.001 | 0.983±0.004 | 0.964±0.009 | best lr=3.00e-04 wd=1.00e-05 dr=0.30 | ADD
[TUNE main] lr=3.00e-04 wd=1.00e-05 dr=0.30 | val_acc=0.9783 val_syn_cc=0.9481 val_loss=0.0948 | test_acc=0.9791 test_syn_cc=0.9497| score=0.9783
0.55 0.00 0.15 0.30 | 0.978±0.010 | 0.948±0.014 | 0.979±0.004 | 0.950±0.014 | best lr=3.00e-04 wd=1.00e-05 dr=0.30 | ADD
[TUNE main] lr=3.00e-04 wd=1.00e-05 dr=0.30 | val_acc=0.9950 val_syn_cc=0.9936 val_loss=0.0412 | test_acc=0.9825 test_syn_cc=0.9723| score=0.9950
0.10 0.00 0.40 0.50 | 0.995±0.005 | 0.994±0.006 | 0.982±0.006 | 0.972±0.013 | best lr=3.00e-04 wd=1.00e-05 dr=0.30 | ADD
[TUNE main] lr=3.00e-04 wd=1.00e-05 dr=0.30 | val_acc=0.9867 val_syn_cc=0.9554 val_loss=0.0593 | test_acc=0.9763 test_syn_cc=0.9178| score=0.9867
0.70 0.00 0.05 0.25 | 0.987±0.010 | 0.955±0.043 | 0.976±0.004 | 0.918±0.020 | best lr=3.00e-04 wd=1.00e-05 dr=0.30 | ADD
[TUNE main] lr=3.00e-04 wd=1.00e-05 dr=0.30 | val_acc=0.9833 val_syn_cc=0.9437 val_loss=0.0658 | test_acc=0.9796 test_syn_cc=0.9336| score=0.9833
0.65 0.00 0.10 0.25 | 0.983±0.008 | 0.944±0.044 | 0.980±0.007 | 0.934±0.033 | best lr=3.00e-04 wd=1.00e-05 dr=0.30 | ADD
[TUNE main] lr=3.00e-04 wd=1.00e-05 dr=0.30 | val_acc=0.9950 val_syn_cc=0.9969 val_loss=0.0153 | test_acc=0.9875 test_syn_cc=0.9858| score=0.9950
0.20 0.00 0.25 0.55 | 0.995±0.005 | 0.997±0.005 | 0.987±0.002 | 0.986±0.003 | best lr=3.00e-04 wd=1.00e-05 dr=0.30 | ADD
[TUNE main] lr=3.00e-04 wd=1.00e-05 dr=0.30 | val_acc=1.0000 val_syn_cc=1.0000 val_loss=0.0062 | test_acc=0.9947 test_syn_cc=0.9958| score=1.0000
0.15 0.00 -0.00 0.85 | 1.000±0.000 | 1.000±0.000 | 0.995±0.002 | 0.996±0.001 | best lr=3.00e-04 wd=1.00e-05 dr=0.30 | ADD
[TUNE main] lr=3.00e-04 wd=1.00e-05 dr=0.30 | val_acc=0.9683 val_syn_cc=0.5848 val_loss=0.1332 | test_acc=0.9583 test_syn_cc=0.4958| score=0.9683
0.15 0.00 0.80 0.05 | 0.968±0.018 | 0.585±0.123 | 0.958±0.018 | 0.496±0.020 | best lr=3.00e-04 wd=1.00e-05 dr=0.30 | ADD
[LOG] saved: pid_synthetic_tuning/maintuned_valacc_nlrwddr.jsonl (total entries: 0)
[1;34mwandb[0m: 
[1;34mwandb[0m: 🚀 View run [33mconfused-universe-75[0m at: [34m[0m
[1;34mwandb[0m: Find logs at: [1;35mwandb/run-20260116_213937-bd7jaour/logs[0m
Job finished
