000 (007.009.000) 2026-01-16 21:39:18 Job submitted from host: <10.87.28.151:9618?addrs=10.87.28.151-9618&alias=brigand.esat.kuleuven.be&noUDP&sock=schedd_1447_19a1>
...
001 (007.009.000) 2026-01-16 21:39:26 Job executing on host: <10.87.24.4:9618?addrs=10.87.24.4-9618&alias=aristoteles.esat.kuleuven.be&noUDP&sock=startd_2572_c1ad>
	SlotName: slot1_5@aristoteles.esat.kuleuven.be
	AvailableGPUs = { GPUs_GPU_29b43285 }
	CondorScratchDir = "/usr/data/condor/execute/dir_1770033/scratch"
	Cpus = 8
	Disk = 1048576
	GPUs = 1
	GPUs_GPU_29b43285 = [ Id = "GPU-29b43285"; ClockMhz = 1410.0; Capability = 8.0; CoresPerCU = 64; DeviceName = "NVIDIA A100-SXM4-80GB"; DeviceUuid = "29b43285-fbe3-48d9-3c76-70102400512c"; ECCEnabled = true; ComputeUnits = 108; NvidiaDriver = "580.105.08"; DriverVersion = 13.0; DevicePciBusId = "0000:CA:00.0"; GlobalMemoryMb = 81153; MaxSupportedVersion = 13000 ]
	Memory = 20480
...
006 (007.009.000) 2026-01-16 21:39:35 Image size of job updated: 608728
	595  -  MemoryUsage of job (MB)
	608728  -  ResidentSetSize of job (KB)
...
006 (007.009.000) 2026-01-16 21:44:36 Image size of job updated: 883400
	857  -  MemoryUsage of job (MB)
	876748  -  ResidentSetSize of job (KB)
...
006 (007.009.000) 2026-01-16 21:49:36 Image size of job updated: 884516
	864  -  MemoryUsage of job (MB)
	884516  -  ResidentSetSize of job (KB)
...
006 (007.009.000) 2026-01-16 21:54:37 Image size of job updated: 900156
	864  -  MemoryUsage of job (MB)
	884516  -  ResidentSetSize of job (KB)
...
006 (007.009.000) 2026-01-16 22:04:38 Image size of job updated: 900156
	865  -  MemoryUsage of job (MB)
	885172  -  ResidentSetSize of job (KB)
...
006 (007.009.000) 2026-01-16 22:19:40 Image size of job updated: 900156
	865  -  MemoryUsage of job (MB)
	885280  -  ResidentSetSize of job (KB)
...
006 (007.009.000) 2026-01-16 22:59:43 Image size of job updated: 900156
	865  -  MemoryUsage of job (MB)
	885324  -  ResidentSetSize of job (KB)
...
005 (007.009.000) 2026-01-16 23:04:28 Job terminated.
	(1) Normal termination (return value 0)
		Usr 0 01:26:34, Sys 0 00:00:51  -  Run Remote Usage
		Usr 0 00:00:00, Sys 0 00:00:00  -  Run Local Usage
		Usr 0 01:26:34, Sys 0 00:00:51  -  Total Remote Usage
		Usr 0 00:00:00, Sys 0 00:00:00  -  Total Local Usage
	0  -  Run Bytes Sent By Job
	0  -  Run Bytes Received By Job
	0  -  Total Bytes Sent By Job
	0  -  Total Bytes Received By Job
	Partitionable Resources :    Usage  Request Allocated Assigned
	   Cpus                 :     1.03        8         8 
	   Disk (KB)            :     2     1048576   1048576 
	   GPUs                 :     0.16        1         1 "GPU-29b43285"
	   GpusMemory (MB)      :  1469                       
	   Memory (MB)          :   865       20480     20480 
	   TimeExecute (s)      :  5102                       
	   TimeSlotBusy (s)     :  5102                       
...
