000 (008.000.000) 2026-01-17 07:17:55 Job submitted from host: <10.87.28.151:9618?addrs=10.87.28.151-9618&alias=brigand.esat.kuleuven.be&noUDP&sock=schedd_1447_19a1>
...
001 (008.000.000) 2026-01-17 07:17:57 Job executing on host: <10.87.24.130:9618?addrs=10.87.24.130-9618&alias=hematite.esat.kuleuven.be&noUDP&sock=startd_1494_5694>
	SlotName: slot1_1@hematite.esat.kuleuven.be
	AvailableGPUs = { GPUs_GPU_787d0d0e }
	CondorScratchDir = "/usr/data/condor/execute/dir_225779/scratch"
	Cpus = 8
	Disk = 1048576
	GPUs = 1
	GPUs_GPU_787d0d0e = [ Id = "GPU-787d0d0e"; ClockMhz = 1770.0; Capability = 7.5; CoresPerCU = 64; DeviceName = "NVIDIA TITAN RTX"; DeviceUuid = "787d0d0e-3d6d-1bda-8204-741fb672d243"; ECCEnabled = false; ComputeUnits = 72; NvidiaDriver = "580.119.02"; DriverVersion = 13.0; DevicePciBusId = "0000:01:00.0"; GlobalMemoryMb = 24023; MaxSupportedVersion = 13000 ]
	Memory = 20480
...
006 (008.000.000) 2026-01-17 07:18:06 Image size of job updated: 26696
	27  -  MemoryUsage of job (MB)
	26696  -  ResidentSetSize of job (KB)
...
006 (008.000.000) 2026-01-17 07:19:14 Image size of job updated: 324036
	27  -  MemoryUsage of job (MB)
	26696  -  ResidentSetSize of job (KB)
...
005 (008.000.000) 2026-01-17 07:19:14 Job terminated.
	(1) Normal termination (return value 0)
		Usr 0 00:00:07, Sys 0 00:00:02  -  Run Remote Usage
		Usr 0 00:00:00, Sys 0 00:00:00  -  Run Local Usage
		Usr 0 00:00:07, Sys 0 00:00:02  -  Total Remote Usage
		Usr 0 00:00:00, Sys 0 00:00:00  -  Total Local Usage
	0  -  Run Bytes Sent By Job
	0  -  Run Bytes Received By Job
	0  -  Total Bytes Sent By Job
	0  -  Total Bytes Received By Job
	Partitionable Resources :    Usage  Request Allocated Assigned
	   Cpus                 :                 8         8 
	   Disk (KB)            :        2  1048576   1048576 
	   GPUs                 :                 1         1 "GPU-787d0d0e"
	   Memory (MB)          :       27    20480     20480 
	   TimeExecute (s)      :       77                    
	   TimeSlotBusy (s)     :       77                    
...
