000 (008.012.000) 2026-01-17 07:17:55 Job submitted from host: <10.87.28.151:9618?addrs=10.87.28.151-9618&alias=brigand.esat.kuleuven.be&noUDP&sock=schedd_1447_19a1>
...
001 (008.012.000) 2026-01-17 07:18:09 Job executing on host: <10.87.24.115:9618?addrs=10.87.24.115-9618&alias=ulexite.esat.kuleuven.be&noUDP&sock=startd_1621_731c>
	SlotName: slot1_1@ulexite.esat.kuleuven.be
	AvailableGPUs = { GPUs_GPU_0726d6f8 }
	CondorScratchDir = "/usr/data/condor/execute/dir_44451/scratch"
	Cpus = 8
	Disk = 1048576
	GPUs = 1
	GPUs_GPU_0726d6f8 = [ Id = "GPU-0726d6f8"; ClockMhz = 1545.0; Capability = 7.5; CoresPerCU = 64; DeviceName = "NVIDIA GeForce RTX 2080 Ti"; DeviceUuid = "0726d6f8-8cd0-affe-f41f-036e4e1a6711"; ECCEnabled = false; ComputeUnits = 68; NvidiaDriver = "580.119.02"; DriverVersion = 13.0; DevicePciBusId = "0000:01:00.0"; GlobalMemoryMb = 10819; MaxSupportedVersion = 13000 ]
	Memory = 20480
...
006 (008.012.000) 2026-01-17 07:18:18 Image size of job updated: 10248
	11  -  MemoryUsage of job (MB)
	10248  -  ResidentSetSize of job (KB)
...
006 (008.012.000) 2026-01-17 07:18:40 Image size of job updated: 332292
	11  -  MemoryUsage of job (MB)
	10248  -  ResidentSetSize of job (KB)
...
005 (008.012.000) 2026-01-17 07:18:40 Job terminated.
	(1) Normal termination (return value 0)
		Usr 0 00:00:06, Sys 0 00:00:01  -  Run Remote Usage
		Usr 0 00:00:00, Sys 0 00:00:00  -  Run Local Usage
		Usr 0 00:00:06, Sys 0 00:00:01  -  Total Remote Usage
		Usr 0 00:00:00, Sys 0 00:00:00  -  Total Local Usage
	0  -  Run Bytes Sent By Job
	0  -  Run Bytes Received By Job
	0  -  Total Bytes Sent By Job
	0  -  Total Bytes Received By Job
	Partitionable Resources :    Usage  Request Allocated Assigned
	   Cpus                 :        0        8         8 
	   Disk (KB)            :        2  1048576   1048576 
	   GPUs                 :                 1         1 "GPU-0726d6f8"
	   Memory (MB)          :       11    20480     20480 
	   TimeExecute (s)      :       31                    
	   TimeSlotBusy (s)     :       31                    
...
