000 (008.013.000) 2026-01-17 07:17:55 Job submitted from host: <10.87.28.151:9618?addrs=10.87.28.151-9618&alias=brigand.esat.kuleuven.be&noUDP&sock=schedd_1447_19a1>
...
001 (008.013.000) 2026-01-17 07:18:12 Job executing on host: <10.87.24.117:9618?addrs=10.87.24.117-9618&alias=pyrite.esat.kuleuven.be&noUDP&sock=startd_1676_2cd1>
	SlotName: slot1_1@pyrite.esat.kuleuven.be
	AvailableGPUs = { GPUs_GPU_ebe8a4fd }
	CondorScratchDir = "/usr/data/condor/execute/dir_46476/scratch"
	Cpus = 8
	Disk = 1048576
	GPUs = 1
	GPUs_GPU_ebe8a4fd = [ Id = "GPU-ebe8a4fd"; ClockMhz = 1545.0; Capability = 7.5; CoresPerCU = 64; DeviceName = "NVIDIA GeForce RTX 2080 Ti"; DeviceUuid = "ebe8a4fd-f875-2528-4ec3-792027cc02ae"; ECCEnabled = false; ComputeUnits = 68; NvidiaDriver = "580.119.02"; DriverVersion = 13.0; DevicePciBusId = "0000:01:00.0"; GlobalMemoryMb = 10818; MaxSupportedVersion = 13000 ]
	Memory = 20480
...
006 (008.013.000) 2026-01-17 07:18:20 Image size of job updated: 2724
	3  -  MemoryUsage of job (MB)
	2724  -  ResidentSetSize of job (KB)
...
006 (008.013.000) 2026-01-17 07:18:44 Image size of job updated: 327580
	3  -  MemoryUsage of job (MB)
	2724  -  ResidentSetSize of job (KB)
...
005 (008.013.000) 2026-01-17 07:18:44 Job terminated.
	(1) Normal termination (return value 0)
		Usr 0 00:00:06, Sys 0 00:00:01  -  Run Remote Usage
		Usr 0 00:00:00, Sys 0 00:00:00  -  Run Local Usage
		Usr 0 00:00:06, Sys 0 00:00:01  -  Total Remote Usage
		Usr 0 00:00:00, Sys 0 00:00:00  -  Total Local Usage
	0  -  Run Bytes Sent By Job
	0  -  Run Bytes Received By Job
	0  -  Total Bytes Sent By Job
	0  -  Total Bytes Received By Job
	Partitionable Resources :    Usage  Request Allocated Assigned
	   Cpus                 :        0        8         8 
	   Disk (KB)            :        2  1048576   1048576 
	   GPUs                 :                 1         1 "GPU-ebe8a4fd"
	   Memory (MB)          :        3    20480     20480 
	   TimeExecute (s)      :       32                    
	   TimeSlotBusy (s)     :       33                    
...
