000 (008.015.000) 2026-01-17 07:17:55 Job submitted from host: <10.87.28.151:9618?addrs=10.87.28.151-9618&alias=brigand.esat.kuleuven.be&noUDP&sock=schedd_1447_19a1>
...
001 (008.015.000) 2026-01-17 07:18:10 Job executing on host: <10.87.24.26:9618?addrs=10.87.24.26-9618&alias=topaz.esat.kuleuven.be&noUDP&sock=startd_1583_6282>
	SlotName: slot1_1@topaz.esat.kuleuven.be
	AvailableGPUs = { GPUs_GPU_08518bd6 }
	CondorScratchDir = "/usr/data/condor/execute/dir_1527740/scratch"
	Cpus = 8
	Disk = 1048576
	GPUs = 1
	GPUs_GPU_08518bd6 = [ Id = "GPU-08518bd6"; ClockMhz = 1455.0; Capability = 7.0; CoresPerCU = 64; DeviceName = "NVIDIA TITAN V"; DeviceUuid = "08518bd6-262a-d129-1cb1-87856879b83f"; ECCEnabled = false; ComputeUnits = 80; NvidiaDriver = "580.119.02"; DriverVersion = 13.0; DevicePciBusId = "0000:01:00.0"; GlobalMemoryMb = 12048; MaxSupportedVersion = 13000 ]
	Memory = 20480
...
006 (008.015.000) 2026-01-17 07:18:19 Image size of job updated: 35592
	35  -  MemoryUsage of job (MB)
	35592  -  ResidentSetSize of job (KB)
...
006 (008.015.000) 2026-01-17 07:18:50 Image size of job updated: 324864
	35  -  MemoryUsage of job (MB)
	35592  -  ResidentSetSize of job (KB)
...
005 (008.015.000) 2026-01-17 07:18:50 Job terminated.
	(1) Normal termination (return value 0)
		Usr 0 00:00:06, Sys 0 00:00:01  -  Run Remote Usage
		Usr 0 00:00:00, Sys 0 00:00:00  -  Run Local Usage
		Usr 0 00:00:06, Sys 0 00:00:01  -  Total Remote Usage
		Usr 0 00:00:00, Sys 0 00:00:00  -  Total Local Usage
	0  -  Run Bytes Sent By Job
	0  -  Run Bytes Received By Job
	0  -  Total Bytes Sent By Job
	0  -  Total Bytes Received By Job
	Partitionable Resources :    Usage  Request Allocated Assigned
	   Cpus                 :        0        8         8 
	   Disk (KB)            :        2  1048576   1048576 
	   GPUs                 :                 1         1 "GPU-08518bd6"
	   Memory (MB)          :       35    20480     20480 
	   TimeExecute (s)      :       40                    
	   TimeSlotBusy (s)     :       40                    
...
