000 (008.002.000) 2026-01-17 07:17:55 Job submitted from host: <10.87.28.151:9618?addrs=10.87.28.151-9618&alias=brigand.esat.kuleuven.be&noUDP&sock=schedd_1447_19a1>
...
001 (008.002.000) 2026-01-17 07:17:58 Job executing on host: <10.87.24.162:9618?addrs=10.87.24.162-9618&alias=citrine.esat.kuleuven.be&noUDP&sock=startd_1502_d356>
	SlotName: slot1_1@citrine.esat.kuleuven.be
	AvailableGPUs = { GPUs_GPU_a61293c7 }
	CondorScratchDir = "/usr/data/condor/execute/dir_1305875/scratch"
	Cpus = 8
	Disk = 1048576
	GPUs = 1
	GPUs_GPU_a61293c7 = [ Id = "GPU-a61293c7"; ClockMhz = 1545.0; Capability = 7.5; CoresPerCU = 64; DeviceName = "NVIDIA GeForce RTX 2080 Ti"; DeviceUuid = "a61293c7-2d11-0d82-97e0-da03d876fdfd"; ECCEnabled = false; ComputeUnits = 68; NvidiaDriver = "580.119.02"; DriverVersion = 13.0; DevicePciBusId = "0000:01:00.0"; GlobalMemoryMb = 10821; MaxSupportedVersion = 13000 ]
	Memory = 20480
...
006 (008.002.000) 2026-01-17 07:18:07 Image size of job updated: 39516
	39  -  MemoryUsage of job (MB)
	39516  -  ResidentSetSize of job (KB)
...
006 (008.002.000) 2026-01-17 07:18:27 Image size of job updated: 325868
	39  -  MemoryUsage of job (MB)
	39516  -  ResidentSetSize of job (KB)
...
005 (008.002.000) 2026-01-17 07:18:27 Job terminated.
	(1) Normal termination (return value 0)
		Usr 0 00:00:05, Sys 0 00:00:01  -  Run Remote Usage
		Usr 0 00:00:00, Sys 0 00:00:00  -  Run Local Usage
		Usr 0 00:00:05, Sys 0 00:00:01  -  Total Remote Usage
		Usr 0 00:00:00, Sys 0 00:00:00  -  Total Local Usage
	0  -  Run Bytes Sent By Job
	0  -  Run Bytes Received By Job
	0  -  Total Bytes Sent By Job
	0  -  Total Bytes Received By Job
	Partitionable Resources :    Usage  Request Allocated Assigned
	   Cpus                 :        0        8         8 
	   Disk (KB)            :        2  1048576   1048576 
	   GPUs                 :                 1         1 "GPU-a61293c7"
	   Memory (MB)          :       39    20480     20480 
	   TimeExecute (s)      :       29                    
	   TimeSlotBusy (s)     :       29                    
...
