000 (008.022.000) 2026-01-17 07:17:55 Job submitted from host: <10.87.28.151:9618?addrs=10.87.28.151-9618&alias=brigand.esat.kuleuven.be&noUDP&sock=schedd_1447_19a1>
...
001 (008.022.000) 2026-01-17 07:18:24 Job executing on host: <10.87.24.116:9618?addrs=10.87.24.116-9618&alias=opal.esat.kuleuven.be&noUDP&sock=startd_1618_6453>
	SlotName: slot1_1@opal.esat.kuleuven.be
	AvailableGPUs = { GPUs_GPU_1ffe17c3 }
	CondorScratchDir = "/usr/data/condor/execute/dir_46012/scratch"
	Cpus = 8
	Disk = 1048576
	GPUs = 1
	GPUs_GPU_1ffe17c3 = [ Id = "GPU-1ffe17c3"; ClockMhz = 1830.0; Capability = 7.5; CoresPerCU = 64; DeviceName = "NVIDIA GeForce RTX 2080 SUPER"; DeviceUuid = "1ffe17c3-ccfe-d885-43ab-eb217e5925a3"; ECCEnabled = false; ComputeUnits = 48; NvidiaDriver = "580.119.02"; DriverVersion = 13.0; DevicePciBusId = "0000:01:00.0"; GlobalMemoryMb = 7778; MaxSupportedVersion = 13000 ]
	Memory = 20480
...
006 (008.022.000) 2026-01-17 07:18:29 Image size of job updated: 324868
	0  -  MemoryUsage of job (MB)
	0  -  ResidentSetSize of job (KB)
...
005 (008.022.000) 2026-01-17 07:18:30 Job terminated.
	(1) Normal termination (return value 0)
		Usr 0 00:00:04, Sys 0 00:00:00  -  Run Remote Usage
		Usr 0 00:00:00, Sys 0 00:00:00  -  Run Local Usage
		Usr 0 00:00:04, Sys 0 00:00:00  -  Total Remote Usage
		Usr 0 00:00:00, Sys 0 00:00:00  -  Total Local Usage
	0  -  Run Bytes Sent By Job
	0  -  Run Bytes Received By Job
	0  -  Total Bytes Sent By Job
	0  -  Total Bytes Received By Job
	Partitionable Resources :    Usage  Request Allocated Assigned
	   Cpus                 :        0        8         8 
	   Disk (KB)            :        2  1048576   1048576 
	   GPUs                 :        0        1         1 "GPU-1ffe17c3"
	   Memory (MB)          :        0    20480     20480 
	   TimeExecute (s)      :        5                    
	   TimeSlotBusy (s)     :        5                    
...
