000 (008.005.000) 2026-01-17 07:17:55 Job submitted from host: <10.87.28.151:9618?addrs=10.87.28.151-9618&alias=brigand.esat.kuleuven.be&noUDP&sock=schedd_1447_19a1>
...
001 (008.005.000) 2026-01-17 07:18:03 Job executing on host: <10.87.24.2:9618?addrs=10.87.24.2-9618&alias=amethyst.esat.kuleuven.be&noUDP&sock=startd_2066_aec1>
	SlotName: slot1_1@amethyst.esat.kuleuven.be
	AvailableGPUs = { GPUs_GPU_2e781e70 }
	CondorScratchDir = "/usr/data/condor/execute/dir_617951/scratch"
	Cpus = 8
	Disk = 1048576
	GPUs = 1
	GPUs_GPU_2e781e70 = [ Id = "GPU-2e781e70"; ClockMhz = 1807.0; Capability = 8.6; CoresPerCU = 128; DeviceName = "NVIDIA GeForce RTX 3060"; DeviceUuid = "2e781e70-9b88-ebde-3296-adca0cdf7bfe"; ECCEnabled = false; ComputeUnits = 28; NvidiaDriver = "580.119.02"; DriverVersion = 13.0; DevicePciBusId = "0000:01:00.0"; GlobalMemoryMb = 11910; MaxSupportedVersion = 13000 ]
	Memory = 20480
...
006 (008.005.000) 2026-01-17 07:18:11 Image size of job updated: 127676
	125  -  MemoryUsage of job (MB)
	127676  -  ResidentSetSize of job (KB)
...
006 (008.005.000) 2026-01-17 07:18:25 Image size of job updated: 324040
	125  -  MemoryUsage of job (MB)
	127676  -  ResidentSetSize of job (KB)
...
005 (008.005.000) 2026-01-17 07:18:26 Job terminated.
	(1) Normal termination (return value 0)
		Usr 0 00:00:06, Sys 0 00:00:01  -  Run Remote Usage
		Usr 0 00:00:00, Sys 0 00:00:00  -  Run Local Usage
		Usr 0 00:00:06, Sys 0 00:00:01  -  Total Remote Usage
		Usr 0 00:00:00, Sys 0 00:00:00  -  Total Local Usage
	0  -  Run Bytes Sent By Job
	0  -  Run Bytes Received By Job
	0  -  Total Bytes Sent By Job
	0  -  Total Bytes Received By Job
	Partitionable Resources :    Usage  Request Allocated Assigned
	   Cpus                 :        0        8         8 
	   Disk (KB)            :        2  1048576   1048576 
	   GPUs                 :                 1         1 "GPU-2e781e70"
	   Memory (MB)          :      125    20480     20480 
	   TimeExecute (s)      :       22                    
	   TimeSlotBusy (s)     :       22                    
...
