/esat/smcdata/users/kkontras/Image_Dataset/no_backup/envs/synergy_new/lib/python3.10/site-packages/torch/cuda/__init__.py:283: UserWarning: 
    Found GPU0 NVIDIA TITAN X (Pascal) which is of cuda capability 6.1.
    Minimum and Maximum cuda capability supported by this version of PyTorch is
    (7.0) - (12.0)
    
  warnings.warn(
/esat/smcdata/users/kkontras/Image_Dataset/no_backup/envs/synergy_new/lib/python3.10/site-packages/torch/cuda/__init__.py:304: UserWarning: 
    Please install PyTorch with a following CUDA
    configurations:  12.6 following instructions at
    https://pytorch.org/get-started/locally/
    
  warnings.warn(matched_cuda_warn.format(matched_arches))
/esat/smcdata/users/kkontras/Image_Dataset/no_backup/envs/synergy_new/lib/python3.10/site-packages/torch/cuda/__init__.py:326: UserWarning: 
NVIDIA TITAN X (Pascal) with CUDA capability sm_61 is not compatible with the current PyTorch installation.
The current PyTorch install supports CUDA capabilities sm_70 sm_75 sm_80 sm_86 sm_90 sm_100 sm_120.
If you want to use the NVIDIA TITAN X (Pascal) GPU with PyTorch, please check the instructions at https://pytorch.org/get-started/locally/

  warnings.warn(
Traceback (most recent call last):
  File "/esat/smcdata/users/kkontras/Image_Dataset/no_backup/git/Synergy/mydatasets/Xor/Xor_PID3Main_MaskSynIB_Search.py", line 2219, in <module>
    sweep_nonoverlap(cfg, seeds=[0,1,2], lr_vals=lr_vals, wd_vals=wd_vals, dropout_vals=dropout_vals, step=0.05, targets_psyn=[0.05, 0.1, 0.15, 0.2], select_by="val_acc", save_path=save_path)
  File "/esat/smcdata/users/kkontras/Image_Dataset/no_backup/git/Synergy/mydatasets/Xor/Xor_PID3Main_MaskSynIB_Search.py", line 1845, in sweep_nonoverlap
    this_best = select_best_lr_wd_dropout(
  File "/esat/smcdata/users/kkontras/Image_Dataset/no_backup/git/Synergy/mydatasets/Xor/Xor_PID3Main_MaskSynIB_Search.py", line 1975, in select_best_lr_wd_dropout
    rep = run_main(cfg, train_loader, val_loader, test_loader, device, verbose=False)
  File "/esat/smcdata/users/kkontras/Image_Dataset/no_backup/git/Synergy/mydatasets/Xor/Xor_PID3Main_MaskSynIB_Search.py", line 1099, in run_main
    model, hist = train_synib_mstar(cfg, train_loader, device, val_loader=val_loader)
  File "/esat/smcdata/users/kkontras/Image_Dataset/no_backup/git/Synergy/mydatasets/Xor/Xor_PID3Main_MaskSynIB_Search.py", line 906, in train_synib_mstar
    lsp_vals = cfg.lsp_vals
AttributeError: 'Config' object has no attribute 'lsp_vals'. Did you mean: 'kl_vals'?
