000 (008.006.000) 2026-01-17 07:17:55 Job submitted from host: <10.87.28.151:9618?addrs=10.87.28.151-9618&alias=brigand.esat.kuleuven.be&noUDP&sock=schedd_1447_19a1>
...
001 (008.006.000) 2026-01-17 07:18:07 Job executing on host: <10.87.24.128:9618?addrs=10.87.24.128-9618&alias=garnet.esat.kuleuven.be&noUDP&sock=startd_1420_9492>
	SlotName: slot1_1@garnet.esat.kuleuven.be
	AvailableGPUs = { GPUs_GPU_6dce38a8 }
	CondorScratchDir = "/usr/data/condor/execute/dir_426245/scratch"
	Cpus = 8
	Disk = 1048576
	GPUs = 1
	GPUs_GPU_6dce38a8 = [ Id = "GPU-6dce38a8"; ClockMhz = 1531.0; Capability = 6.1; CoresPerCU = 128; DeviceName = "NVIDIA TITAN X (Pascal)"; DeviceUuid = "6dce38a8-28d1-1d5d-0359-471b625b459f"; ECCEnabled = false; ComputeUnits = 28; NvidiaDriver = "580.119.02"; DriverVersion = 13.0; DevicePciBusId = "0000:01:00.0"; GlobalMemoryMb = 12183; MaxSupportedVersion = 13000 ]
	Memory = 20480
...
006 (008.006.000) 2026-01-17 07:18:15 Image size of job updated: 35652
	35  -  MemoryUsage of job (MB)
	35652  -  ResidentSetSize of job (KB)
...
006 (008.006.000) 2026-01-17 07:18:37 Image size of job updated: 325844
	35  -  MemoryUsage of job (MB)
	35652  -  ResidentSetSize of job (KB)
...
005 (008.006.000) 2026-01-17 07:18:37 Job terminated.
	(1) Normal termination (return value 0)
		Usr 0 00:00:06, Sys 0 00:00:01  -  Run Remote Usage
		Usr 0 00:00:00, Sys 0 00:00:00  -  Run Local Usage
		Usr 0 00:00:06, Sys 0 00:00:01  -  Total Remote Usage
		Usr 0 00:00:00, Sys 0 00:00:00  -  Total Local Usage
	0  -  Run Bytes Sent By Job
	0  -  Run Bytes Received By Job
	0  -  Total Bytes Sent By Job
	0  -  Total Bytes Received By Job
	Partitionable Resources :    Usage  Request Allocated Assigned
	   Cpus                 :        0        8         8 
	   Disk (KB)            :        2  1048576   1048576 
	   GPUs                 :                 1         1 "GPU-6dce38a8"
	   Memory (MB)          :       35    20480     20480 
	   TimeExecute (s)      :       30                    
	   TimeSlotBusy (s)     :       31                    
...
