000 (008.009.000) 2026-01-17 07:17:55 Job submitted from host: <10.87.28.151:9618?addrs=10.87.28.151-9618&alias=brigand.esat.kuleuven.be&noUDP&sock=schedd_1447_19a1>
...
001 (008.009.000) 2026-01-17 07:18:02 Job executing on host: <10.87.24.46:9618?addrs=10.87.24.46-9618&alias=molder.esat.kuleuven.be&noUDP&sock=startd_1335_4706>
	SlotName: slot1_1@molder.esat.kuleuven.be
	AvailableGPUs = { GPUs_GPU_fd9ec5df }
	CondorScratchDir = "/volume1/condor/execute/dir_2843399/scratch"
	Cpus = 8
	Disk = 1048576
	GPUs = 1
	GPUs_GPU_fd9ec5df = [ Id = "GPU-fd9ec5df"; ClockMhz = 1807.0; Capability = 8.6; CoresPerCU = 128; DeviceName = "NVIDIA GeForce RTX 3060"; DeviceUuid = "fd9ec5df-3910-8a45-7600-335143d149cf"; ECCEnabled = false; ComputeUnits = 28; NvidiaDriver = "570.153.02"; DriverVersion = 12.8; DevicePciBusId = "0000:01:00.0"; GlobalMemoryMb = 11921; MaxSupportedVersion = 12080 ]
	Memory = 20480
...
006 (008.009.000) 2026-01-17 07:18:10 Image size of job updated: 319128
	312  -  MemoryUsage of job (MB)
	319128  -  ResidentSetSize of job (KB)
...
006 (008.009.000) 2026-01-17 07:18:14 Image size of job updated: 348856
	312  -  MemoryUsage of job (MB)
	319140  -  ResidentSetSize of job (KB)
...
005 (008.009.000) 2026-01-17 07:18:14 Job terminated.
	(1) Normal termination (return value 0)
		Usr 0 00:00:04, Sys 0 00:00:00  -  Run Remote Usage
		Usr 0 00:00:00, Sys 0 00:00:00  -  Run Local Usage
		Usr 0 00:00:04, Sys 0 00:00:00  -  Total Remote Usage
		Usr 0 00:00:00, Sys 0 00:00:00  -  Total Local Usage
	0  -  Run Bytes Sent By Job
	0  -  Run Bytes Received By Job
	0  -  Total Bytes Sent By Job
	0  -  Total Bytes Received By Job
	Partitionable Resources :    Usage  Request Allocated Assigned
	   Cpus                 :        0        8         8 
	   Disk (KB)            :        2  1048576   1048576 
	   GPUs                 :                 1         1 "GPU-fd9ec5df"
	   Memory (MB)          :      312    20480     20480 
	   TimeExecute (s)      :       12                    
	   TimeSlotBusy (s)     :       12                    
...
