000 (009.012.000) 2026-01-17 07:20:35 Job submitted from host: <10.87.28.151:9618?addrs=10.87.28.151-9618&alias=brigand.esat.kuleuven.be&noUDP&sock=schedd_1447_19a1>
...
001 (009.012.000) 2026-01-17 07:20:48 Job executing on host: <10.87.24.108:9618?addrs=10.87.24.108-9618&alias=daisen.esat.kuleuven.be&noUDP&sock=startd_1725_c8f5>
	SlotName: slot1_1@daisen.esat.kuleuven.be
	AvailableGPUs = { GPUs_GPU_6219dbd6 }
	CondorScratchDir = "/usr/data/condor/execute/dir_92791/scratch"
	Cpus = 8
	Disk = 1048576
	GPUs = 1
	GPUs_GPU_6219dbd6 = [ Id = "GPU-6219dbd6"; ClockMhz = 1582.0; Capability = 6.1; CoresPerCU = 128; DeviceName = "NVIDIA GeForce GTX 1080 Ti"; DeviceUuid = "6219dbd6-17be-d4d9-4642-2d8aa5cf3ec0"; ECCEnabled = false; ComputeUnits = 28; NvidiaDriver = "580.119.02"; DriverVersion = 13.0; DevicePciBusId = "0000:17:00.0"; GlobalMemoryMb = 11165; MaxSupportedVersion = 13000 ]
	Memory = 20480
...
006 (009.012.000) 2026-01-17 07:20:57 Image size of job updated: 332388
	325  -  MemoryUsage of job (MB)
	332388  -  ResidentSetSize of job (KB)
...
005 (009.012.000) 2026-01-17 07:20:59 Job terminated.
	(1) Normal termination (return value 0)
		Usr 0 00:00:05, Sys 0 00:00:01  -  Run Remote Usage
		Usr 0 00:00:00, Sys 0 00:00:00  -  Run Local Usage
		Usr 0 00:00:05, Sys 0 00:00:01  -  Total Remote Usage
		Usr 0 00:00:00, Sys 0 00:00:00  -  Total Local Usage
	0  -  Run Bytes Sent By Job
	0  -  Run Bytes Received By Job
	0  -  Total Bytes Sent By Job
	0  -  Total Bytes Received By Job
	Partitionable Resources :    Usage  Request Allocated Assigned
	   Cpus                 :     0           8         8 
	   Disk (KB)            :     2     1048576   1048576 
	   GPUs                 :     0.00        1         1 "GPU-6219dbd6"
	   GpusMemory (MB)      :   622                       
	   Memory (MB)          :   325       20480     20480 
	   TimeExecute (s)      :    11                       
	   TimeSlotBusy (s)     :    11                       
...
