000 (009.017.000) 2026-01-17 07:20:35 Job submitted from host: <10.87.28.151:9618?addrs=10.87.28.151-9618&alias=brigand.esat.kuleuven.be&noUDP&sock=schedd_1447_19a1>
...
001 (009.017.000) 2026-01-17 07:20:53 Job executing on host: <10.87.24.6:9618?addrs=10.87.24.6-9618&alias=fuji.esat.kuleuven.be&noUDP&sock=startd_1737_0418>
	SlotName: slot1_2@fuji.esat.kuleuven.be
	AvailableGPUs = { GPUs_GPU_de138008 }
	CondorScratchDir = "/usr/data/condor/execute/dir_90206/scratch"
	Cpus = 8
	Disk = 1048576
	GPUs = 1
	GPUs_GPU_de138008 = [ Id = "GPU-de138008"; ClockMhz = 1582.0; Capability = 6.1; CoresPerCU = 128; DeviceName = "NVIDIA GeForce GTX 1080 Ti"; DeviceUuid = "de138008-80f1-c20e-3f35-8450e22013a1"; ECCEnabled = false; ComputeUnits = 28; NvidiaDriver = "580.119.02"; DriverVersion = 13.0; DevicePciBusId = "0000:65:00.0"; GlobalMemoryMb = 11165; MaxSupportedVersion = 13000 ]
	Memory = 20480
...
006 (009.017.000) 2026-01-17 07:21:02 Image size of job updated: 251436
	246  -  MemoryUsage of job (MB)
	251436  -  ResidentSetSize of job (KB)
...
006 (009.017.000) 2026-01-17 07:21:09 Image size of job updated: 324968
	246  -  MemoryUsage of job (MB)
	251436  -  ResidentSetSize of job (KB)
...
005 (009.017.000) 2026-01-17 07:21:09 Job terminated.
	(1) Normal termination (return value 0)
		Usr 0 00:00:05, Sys 0 00:00:00  -  Run Remote Usage
		Usr 0 00:00:00, Sys 0 00:00:00  -  Run Local Usage
		Usr 0 00:00:05, Sys 0 00:00:00  -  Total Remote Usage
		Usr 0 00:00:00, Sys 0 00:00:00  -  Total Local Usage
	0  -  Run Bytes Sent By Job
	0  -  Run Bytes Received By Job
	0  -  Total Bytes Sent By Job
	0  -  Total Bytes Received By Job
	Partitionable Resources :    Usage  Request Allocated Assigned
	   Cpus                 :        0        8         8 
	   Disk (KB)            :        2  1048576   1048576 
	   GPUs                 :                 1         1 "GPU-de138008"
	   Memory (MB)          :      246    20480     20480 
	   TimeExecute (s)      :       16                    
	   TimeSlotBusy (s)     :       16                    
...
