000 (009.019.000) 2026-01-17 07:20:35 Job submitted from host: <10.87.28.151:9618?addrs=10.87.28.151-9618&alias=brigand.esat.kuleuven.be&noUDP&sock=schedd_1447_19a1>
...
001 (009.019.000) 2026-01-17 07:20:46 Job executing on host: <10.87.24.126:9618?addrs=10.87.24.126-9618&alias=emerald.esat.kuleuven.be&noUDP&sock=startd_1492_f764>
	SlotName: slot1_1@emerald.esat.kuleuven.be
	AvailableGPUs = { GPUs_GPU_31e2eece }
	CondorScratchDir = "/usr/data/condor/execute/dir_1841583/scratch"
	Cpus = 8
	Disk = 1048576
	GPUs = 1
	GPUs_GPU_31e2eece = [ Id = "GPU-31e2eece"; ClockMhz = 1545.0; Capability = 7.5; CoresPerCU = 64; DeviceName = "NVIDIA GeForce RTX 2080 Ti"; DeviceUuid = "31e2eece-d5ec-116c-9438-b729831cecbf"; ECCEnabled = false; ComputeUnits = 68; NvidiaDriver = "580.119.02"; DriverVersion = 13.0; DevicePciBusId = "0000:01:00.0"; GlobalMemoryMb = 10821; MaxSupportedVersion = 13000 ]
	Memory = 20480
...
006 (009.019.000) 2026-01-17 07:20:55 Image size of job updated: 816680
	798  -  MemoryUsage of job (MB)
	816680  -  ResidentSetSize of job (KB)
...
006 (009.019.000) 2026-01-17 07:25:56 Image size of job updated: 915372
	894  -  MemoryUsage of job (MB)
	915372  -  ResidentSetSize of job (KB)
...
006 (009.019.000) 2026-01-17 07:30:56 Image size of job updated: 916088
	895  -  MemoryUsage of job (MB)
	916088  -  ResidentSetSize of job (KB)
...
006 (009.019.000) 2026-01-17 07:34:32 Image size of job updated: 916548
	895  -  MemoryUsage of job (MB)
	916088  -  ResidentSetSize of job (KB)
...
004 (009.019.000) 2026-01-17 07:34:32 Job was evicted. Code 1023 Subcode 0
	(0) CPU times
		Usr 0 00:13:27, Sys 0 00:00:09  -  Run Remote Usage
		Usr 0 00:00:00, Sys 0 00:00:00  -  Run Local Usage
	0  -  Run Bytes Sent By Job
	0  -  Run Bytes Received By Job
	Reason: via condor_rm (by user kkontras)
	Partitionable Resources :    Usage  Request Allocated Assigned
	   Cpus                 :     0.99        8         8 
	   Disk (KB)            :     2     1048576   1048576 
	   GPUs                 :     0.23        1         1 "GPU-31e2eece"
	   GpusMemory (MB)      :   823                       
	   Memory (MB)          :   895       20480     20480 
	   TimeExecute (s)      :   826                       
	   TimeSlotBusy (s)     :   826                       
...
009 (009.019.000) 2026-01-17 07:34:32 Job was aborted.
	via condor_rm (by user kkontras)
...
