000 (009.002.000) 2026-01-17 07:20:35 Job submitted from host: <10.87.28.151:9618?addrs=10.87.28.151-9618&alias=brigand.esat.kuleuven.be&noUDP&sock=schedd_1447_19a1>
...
001 (009.002.000) 2026-01-17 07:20:40 Job executing on host: <10.87.24.126:9618?addrs=10.87.24.126-9618&alias=emerald.esat.kuleuven.be&noUDP&sock=startd_1492_f764>
	SlotName: slot1_1@emerald.esat.kuleuven.be
	AvailableGPUs = { GPUs_GPU_31e2eece }
	CondorScratchDir = "/usr/data/condor/execute/dir_1841552/scratch"
	Cpus = 8
	Disk = 1048576
	GPUs = 1
	GPUs_GPU_31e2eece = [ Id = "GPU-31e2eece"; ClockMhz = 1545.0; Capability = 7.5; CoresPerCU = 64; DeviceName = "NVIDIA GeForce RTX 2080 Ti"; DeviceUuid = "31e2eece-d5ec-116c-9438-b729831cecbf"; ECCEnabled = false; ComputeUnits = 68; NvidiaDriver = "580.119.02"; DriverVersion = 13.0; DevicePciBusId = "0000:01:00.0"; GlobalMemoryMb = 10821; MaxSupportedVersion = 13000 ]
	Memory = 20480
...
006 (009.002.000) 2026-01-17 07:20:46 Image size of job updated: 326556
	0  -  MemoryUsage of job (MB)
	0  -  ResidentSetSize of job (KB)
...
005 (009.002.000) 2026-01-17 07:20:46 Job terminated.
	(1) Normal termination (return value 0)
		Usr 0 00:00:04, Sys 0 00:00:00  -  Run Remote Usage
		Usr 0 00:00:00, Sys 0 00:00:00  -  Run Local Usage
		Usr 0 00:00:04, Sys 0 00:00:00  -  Total Remote Usage
		Usr 0 00:00:00, Sys 0 00:00:00  -  Total Local Usage
	0  -  Run Bytes Sent By Job
	0  -  Run Bytes Received By Job
	0  -  Total Bytes Sent By Job
	0  -  Total Bytes Received By Job
	Partitionable Resources :    Usage  Request Allocated Assigned
	   Cpus                 :        0        8         8 
	   Disk (KB)            :        2  1048576   1048576 
	   GPUs                 :                 1         1 "GPU-31e2eece"
	   Memory (MB)          :        0    20480     20480 
	   TimeExecute (s)      :        6                    
	   TimeSlotBusy (s)     :        6                    
...
