000 (009.023.000) 2026-01-17 07:20:35 Job submitted from host: <10.87.28.151:9618?addrs=10.87.28.151-9618&alias=brigand.esat.kuleuven.be&noUDP&sock=schedd_1447_19a1>
...
001 (009.023.000) 2026-01-17 07:20:50 Job executing on host: <10.87.24.115:9618?addrs=10.87.24.115-9618&alias=ulexite.esat.kuleuven.be&noUDP&sock=startd_1621_731c>
	SlotName: slot1_1@ulexite.esat.kuleuven.be
	AvailableGPUs = { GPUs_GPU_0726d6f8 }
	CondorScratchDir = "/usr/data/condor/execute/dir_44655/scratch"
	Cpus = 8
	Disk = 1048576
	GPUs = 1
	GPUs_GPU_0726d6f8 = [ Id = "GPU-0726d6f8"; ClockMhz = 1545.0; Capability = 7.5; CoresPerCU = 64; DeviceName = "NVIDIA GeForce RTX 2080 Ti"; DeviceUuid = "0726d6f8-8cd0-affe-f41f-036e4e1a6711"; ECCEnabled = false; ComputeUnits = 68; NvidiaDriver = "580.119.02"; DriverVersion = 13.0; DevicePciBusId = "0000:01:00.0"; GlobalMemoryMb = 10819; MaxSupportedVersion = 13000 ]
	Memory = 20480
...
006 (009.023.000) 2026-01-17 07:20:59 Image size of job updated: 402720
	394  -  MemoryUsage of job (MB)
	402720  -  ResidentSetSize of job (KB)
...
006 (009.023.000) 2026-01-17 07:26:00 Image size of job updated: 905220
	885  -  MemoryUsage of job (MB)
	905220  -  ResidentSetSize of job (KB)
...
006 (009.023.000) 2026-01-17 07:31:00 Image size of job updated: 905500
	885  -  MemoryUsage of job (MB)
	905500  -  ResidentSetSize of job (KB)
...
006 (009.023.000) 2026-01-17 07:34:32 Image size of job updated: 905756
	885  -  MemoryUsage of job (MB)
	905500  -  ResidentSetSize of job (KB)
...
004 (009.023.000) 2026-01-17 07:34:32 Job was evicted. Code 1023 Subcode 0
	(0) CPU times
		Usr 0 00:13:19, Sys 0 00:00:06  -  Run Remote Usage
		Usr 0 00:00:00, Sys 0 00:00:00  -  Run Local Usage
	0  -  Run Bytes Sent By Job
	0  -  Run Bytes Received By Job
	Reason: via condor_rm (by user kkontras)
	Partitionable Resources :    Usage  Request Allocated Assigned
	   Cpus                 :     0.99        8         8 
	   Disk (KB)            :     2     1048576   1048576 
	   GPUs                 :     0.11        1         1 "GPU-0726d6f8"
	   GpusMemory (MB)      :   832                       
	   Memory (MB)          :   885       20480     20480 
	   TimeExecute (s)      :   822                       
	   TimeSlotBusy (s)     :   822                       
...
009 (009.023.000) 2026-01-17 07:34:32 Job was aborted.
	via condor_rm (by user kkontras)
...
