000 (009.003.000) 2026-01-17 07:20:35 Job submitted from host: <10.87.28.151:9618?addrs=10.87.28.151-9618&alias=brigand.esat.kuleuven.be&noUDP&sock=schedd_1447_19a1>
...
021 (009.003.000) 2026-01-17 07:20:39 Error from starter on slot1_1@kunzite.esat.kuleuven.be:
	Failed to create scratch dir
	Code 1024 Subcode 0
...
004 (009.003.000) 2026-01-17 07:20:39 Job was evicted. Code 1024 Subcode 0
	(0) CPU times
		Usr 0 00:00:00, Sys 0 00:00:00  -  Run Remote Usage
		Usr 0 00:00:00, Sys 0 00:00:00  -  Run Local Usage
	0  -  Run Bytes Sent By Job
	0  -  Run Bytes Received By Job
	Reason: Error from slot1_1@kunzite.esat.kuleuven.be: Failed to create scratch dir
	Partitionable Resources :    Usage  Request Allocated 
	   Cpus                 :                 8         8 
	   Disk (KB)            :        2  1048576   1048576 
	   GPUs                 :                 1         1 
	   Memory (MB)          :             20480     20480 
...
001 (009.003.000) 2026-01-17 07:20:42 Job executing on host: <10.87.24.131:9618?addrs=10.87.24.131-9618&alias=iolite.esat.kuleuven.be&noUDP&sock=startd_1448_c939>
	SlotName: slot1_1@iolite.esat.kuleuven.be
	AvailableGPUs = { GPUs_GPU_80609ff0 }
	CondorScratchDir = "/usr/data/condor/execute/dir_1562541/scratch"
	Cpus = 8
	Disk = 1048576
	GPUs = 1
	GPUs_GPU_80609ff0 = [ Id = "GPU-80609ff0"; ClockMhz = 1545.0; Capability = 7.5; CoresPerCU = 64; DeviceName = "NVIDIA GeForce RTX 2080 Ti"; DeviceUuid = "80609ff0-d905-c2d8-7c85-30e2d01a3cb8"; ECCEnabled = false; ComputeUnits = 68; NvidiaDriver = "580.119.02"; DriverVersion = 13.0; DevicePciBusId = "0000:01:00.0"; GlobalMemoryMb = 10821; MaxSupportedVersion = 13000 ]
	Memory = 20480
...
006 (009.003.000) 2026-01-17 07:20:47 Image size of job updated: 2
	0  -  MemoryUsage of job (MB)
	0  -  ResidentSetSize of job (KB)
...
005 (009.003.000) 2026-01-17 07:20:47 Job terminated.
	(1) Normal termination (return value 0)
		Usr 0 00:00:04, Sys 0 00:00:00  -  Run Remote Usage
		Usr 0 00:00:00, Sys 0 00:00:00  -  Run Local Usage
		Usr 0 00:00:04, Sys 0 00:00:00  -  Total Remote Usage
		Usr 0 00:00:00, Sys 0 00:00:00  -  Total Local Usage
	0  -  Run Bytes Sent By Job
	0  -  Run Bytes Received By Job
	0  -  Total Bytes Sent By Job
	0  -  Total Bytes Received By Job
	Partitionable Resources :    Usage  Request Allocated Assigned
	   Cpus                 :        0        8         8 
	   Disk (KB)            :        2  1048576   1048576 
	   GPUs                 :        0        1         1 "GPU-80609ff0"
	   Memory (MB)          :        0    20480     20480 
	   TimeExecute (s)      :        5                    
	   TimeSlotBusy (s)     :        5                    
...
