000 (009.006.000) 2026-01-17 07:20:35 Job submitted from host: <10.87.28.151:9618?addrs=10.87.28.151-9618&alias=brigand.esat.kuleuven.be&noUDP&sock=schedd_1447_19a1>
...
001 (009.006.000) 2026-01-17 07:20:43 Job executing on host: <10.87.24.4:9618?addrs=10.87.24.4-9618&alias=aristoteles.esat.kuleuven.be&noUDP&sock=startd_2572_c1ad>
	SlotName: slot1_5@aristoteles.esat.kuleuven.be
	AvailableGPUs = { GPUs_GPU_29b43285 }
	CondorScratchDir = "/usr/data/condor/execute/dir_1865096/scratch"
	Cpus = 8
	Disk = 1048576
	GPUs = 1
	GPUs_GPU_29b43285 = [ Id = "GPU-29b43285"; ClockMhz = 1410.0; Capability = 8.0; CoresPerCU = 64; DeviceName = "NVIDIA A100-SXM4-80GB"; DeviceUuid = "29b43285-fbe3-48d9-3c76-70102400512c"; ECCEnabled = true; ComputeUnits = 108; NvidiaDriver = "580.105.08"; DriverVersion = 13.0; DevicePciBusId = "0000:CA:00.0"; GlobalMemoryMb = 81153; MaxSupportedVersion = 13000 ]
	Memory = 20480
...
006 (009.006.000) 2026-01-17 07:20:52 Image size of job updated: 807844
	789  -  MemoryUsage of job (MB)
	807844  -  ResidentSetSize of job (KB)
...
006 (009.006.000) 2026-01-17 07:25:52 Image size of job updated: 953904
	932  -  MemoryUsage of job (MB)
	953904  -  ResidentSetSize of job (KB)
...
006 (009.006.000) 2026-01-17 07:30:52 Image size of job updated: 954628
	933  -  MemoryUsage of job (MB)
	954628  -  ResidentSetSize of job (KB)
...
006 (009.006.000) 2026-01-17 07:34:33 Image size of job updated: 954844
	933  -  MemoryUsage of job (MB)
	954628  -  ResidentSetSize of job (KB)
...
004 (009.006.000) 2026-01-17 07:34:33 Job was evicted. Code 1023 Subcode 0
	(0) CPU times
		Usr 0 00:13:24, Sys 0 00:00:11  -  Run Remote Usage
		Usr 0 00:00:00, Sys 0 00:00:00  -  Run Local Usage
	0  -  Run Bytes Sent By Job
	0  -  Run Bytes Received By Job
	Reason: via condor_rm (by user kkontras)
	Partitionable Resources :    Usage  Request Allocated Assigned
	   Cpus                 :     0.99        8         8 
	   Disk (KB)            :     2     1048576   1048576 
	   GPUs                 :     0.25        1         1 "GPU-29b43285"
	   GpusMemory (MB)      :  1469                       
	   Memory (MB)          :   933       20480     20480 
	   TimeExecute (s)      :   830                       
	   TimeSlotBusy (s)     :   830                       
...
009 (009.006.000) 2026-01-17 07:34:33 Job was aborted.
	via condor_rm (by user kkontras)
...
