000 (009.008.000) 2026-01-17 07:20:35 Job submitted from host: <10.87.28.151:9618?addrs=10.87.28.151-9618&alias=brigand.esat.kuleuven.be&noUDP&sock=schedd_1447_19a1>
...
001 (009.008.000) 2026-01-17 07:20:45 Job executing on host: <10.87.24.113:9618?addrs=10.87.24.113-9618&alias=realgar.esat.kuleuven.be&noUDP&sock=startd_1667_0077>
	SlotName: slot1_1@realgar.esat.kuleuven.be
	AvailableGPUs = { GPUs_GPU_0904e76e }
	CondorScratchDir = "/usr/data/condor/execute/dir_4157002/scratch"
	Cpus = 8
	Disk = 1048576
	GPUs = 1
	GPUs_GPU_0904e76e = [ Id = "GPU-0904e76e"; ClockMhz = 1455.0; Capability = 7.0; CoresPerCU = 64; DeviceName = "NVIDIA TITAN V"; DeviceUuid = "0904e76e-43a5-635c-20e9-b7419049b865"; ECCEnabled = false; ComputeUnits = 80; NvidiaDriver = "580.119.02"; DriverVersion = 13.0; DevicePciBusId = "0000:01:00.0"; GlobalMemoryMb = 12047; MaxSupportedVersion = 13000 ]
	Memory = 20480
...
006 (009.008.000) 2026-01-17 07:20:54 Image size of job updated: 298548
	292  -  MemoryUsage of job (MB)
	298548  -  ResidentSetSize of job (KB)
...
006 (009.008.000) 2026-01-17 07:25:55 Image size of job updated: 906196
	885  -  MemoryUsage of job (MB)
	906196  -  ResidentSetSize of job (KB)
...
006 (009.008.000) 2026-01-17 07:30:55 Image size of job updated: 906504
	886  -  MemoryUsage of job (MB)
	906504  -  ResidentSetSize of job (KB)
...
006 (009.008.000) 2026-01-17 07:34:32 Image size of job updated: 906588
	886  -  MemoryUsage of job (MB)
	906504  -  ResidentSetSize of job (KB)
...
004 (009.008.000) 2026-01-17 07:34:32 Job was evicted. Code 1023 Subcode 0
	(0) CPU times
		Usr 0 00:13:24, Sys 0 00:00:07  -  Run Remote Usage
		Usr 0 00:00:00, Sys 0 00:00:00  -  Run Local Usage
	0  -  Run Bytes Sent By Job
	0  -  Run Bytes Received By Job
	Reason: via condor_rm (by user kkontras)
	Partitionable Resources :    Usage  Request Allocated Assigned
	   Cpus                 :     0.99        8         8 
	   Disk (KB)            :     2     1048576   1048576 
	   GPUs                 :     0.21        1         1 "GPU-0904e76e"
	   GpusMemory (MB)      :  1128                       
	   Memory (MB)          :   886       20480     20480 
	   TimeExecute (s)      :   827                       
	   TimeSlotBusy (s)     :   827                       
...
009 (009.008.000) 2026-01-17 07:34:32 Job was aborted.
	via condor_rm (by user kkontras)
...
